 BoxObj

 Timestamp is 6920fefe (Fri Nov 21 19:08:30 2025)

 Preferred load address is 10000000

 Start         Length     Name                   Class
 0001:00000000 000099e4H .text$mn                CODE
 0002:00000000 00000104H .CRT$XCA                DATA
 0002:00000104 00000104H .CRT$XCZ                DATA
 0002:00000208 00000104H .CRT$XIA                DATA
 0002:0000030c 00000104H .CRT$XIZ                DATA
 0002:00000410 00000104H .CRT$XPA                DATA
 0002:00000514 00000104H .CRT$XPZ                DATA
 0002:00000618 00000104H .CRT$XTA                DATA
 0002:0000071c 00000104H .CRT$XTZ                DATA
 0002:00000820 00001120H .rdata                  DATA
 0002:00001940 00000180H .rdata$CastGuardVftablesA DATA
 0002:00001ac0 0000014cH .rdata$CastGuardVftablesC DATA
 0002:00001c0c 0000010cH .rdata$sxdata           DATA
 0002:00001d18 000001ccH .rdata$zzzdbg           DATA
 0002:00001ee4 00000104H .rtc$IAA                DATA
 0002:00001fe8 0000010cH .rtc$IMZ                DATA
 0002:000020f4 00000104H .rtc$IZZ                DATA
 0002:000021f8 00000104H .rtc$TAA                DATA
 0002:000022fc 0000010cH .rtc$TMZ                DATA
 0002:00002408 00000108H .rtc$TZZ                DATA
 0002:00002510 000001d0H .xdata$x                DATA
 0002:000026e0 00000160H .edata                  DATA
 0003:00000000 000002c0H .data                   DATA
 0003:000002c0 00000220H .bss                    DATA
 0004:00000000 00000258H .idata$5                DATA
 0004:00000258 00000064H .idata$2                DATA
 0004:000002bc 00000014H .idata$3                DATA
 0004:000002d0 00000258H .idata$4                DATA
 0004:00000528 000008dfH .idata$6                DATA
 0005:00000000 0000010eH .00cfg                  DATA
 0006:00000000 000001c0H .rsrc$01                DATA
 0006:000001c0 00000349H .rsrc$02                DATA

  Address         Publics by Value              Rva+Base       Lib:Object

 0000:00000000       ___AbsoluteZero            00000000     <absolute>
 0000:00000000       ___arm64x_extra_rfe_table  00000000     <absolute>
 0000:00000000       ___arm64x_extra_rfe_table_size 00000000     <absolute>
 0000:00000000       ___arm64x_native_entrypoint 00000000     <absolute>
 0000:00000000       ___arm64x_redirection_metadata 00000000     <absolute>
 0000:00000000       ___arm64x_redirection_metadata_count 00000000     <absolute>
 0000:00000000       ___dynamic_value_reloc_table 00000000     <absolute>
 0000:00000000       ___enclave_config          00000000     <absolute>
 0000:00000000       ___guard_check_icall_a64n_fptr 00000000     <absolute>
 0000:00000000       ___guard_eh_cont_count     00000000     <absolute>
 0000:00000000       ___guard_eh_cont_table     00000000     <absolute>
 0000:00000000       ___guard_fids_count        00000000     <absolute>
 0000:00000000       ___guard_fids_table        00000000     <absolute>
 0000:00000000       ___guard_iat_count         00000000     <absolute>
 0000:00000000       ___guard_iat_table         00000000     <absolute>
 0000:00000000       ___guard_longjmp_count     00000000     <absolute>
 0000:00000000       ___guard_longjmp_table     00000000     <absolute>
 0000:00000000       ___hybrid_auxiliary_delayload_iat 00000000     <absolute>
 0000:00000000       ___hybrid_auxiliary_delayload_iat_copy 00000000     <absolute>
 0000:00000000       ___hybrid_auxiliary_iat    00000000     <absolute>
 0000:00000000       ___hybrid_auxiliary_iat_copy 00000000     <absolute>
 0000:00000000       ___hybrid_code_map         00000000     <absolute>
 0000:00000000       ___hybrid_code_map_count   00000000     <absolute>
 0000:00000000       ___hybrid_image_info_bitfield 00000000     <absolute>
 0000:00000000       ___volatile_metadata       00000000     <absolute>
 0000:00000000       ___x64_code_ranges_to_entry_points 00000000     <absolute>
 0000:00000000       ___x64_code_ranges_to_entry_points_count 00000000     <absolute>
 0000:00000002       ___safe_se_handler_count   00000002     <absolute>
 0000:00000100       ___guard_flags             00000100     <absolute>
 0000:00000000       ___ImageBase               10000000     <linker-defined>
 0001:00000550       _AddChild@8                10001550 f   BoxObject.obj
 0001:00000570       _AttachEngine@8            10001570 f   BoxObject.obj
 0001:00000590       _AttachSoundSystem@8       10001590 f   BoxObject.obj
 0001:000005b0       _AttachWorld@8             100015b0 f   BoxObject.obj
 0001:000020b0       _ChangeBoxCollision@24     100030b0 f   BoxObject.obj
 0001:000020d0       _Collision@24              100030d0 f   BoxObject.obj
 0001:00002280       _CreateFromFile@8          10003280 f   BoxObject.obj
 0001:00002710       _CreateInstance@0          10003710 f   BoxObject.obj
 0001:00002850       _CreateRef@4               10003850 f   BoxObject.obj
 0001:000028f0       _Destroy@4                 100038f0 f   BoxObject.obj
 0001:00002a60       _DettachEngine@8           10003a60 f   BoxObject.obj
 0001:00002a80       _DettachSoundSystem@8      10003a80 f   BoxObject.obj
 0001:00002aa0       _DettachWorld@8            10003aa0 f   BoxObject.obj
 0001:00002b70       _DuplicateInstance@4       10003b70 f   BoxObject.obj
 0001:00002ce0       _EditDialog@8              10003ce0 f   BoxObject.obj
 0001:00002d00       _GetChildren@12            10003d00 f   BoxObject.obj
 0001:00002d20       _GetExtBox@8               10003d20 f   BoxObject.obj
 0001:00003060       _GetPropertyList@8         10004060 f   BoxObject.obj
 0001:00003130       _GetXForm@8                10004130 f   BoxObject.obj
 0001:000031d0       _GetXFormModFlags@4        100041d0 f   BoxObject.obj
 0001:000031f0       _Init_Class                100041f0 f   BoxObject.obj
 0001:00003320       _RemoveChild@8             10004320 f   BoxObject.obj
 0001:00003340       _Render@24                 10004340 f   BoxObject.obj
 0001:00003360       _SendMsg@12                10004360 f   BoxObject.obj
 0001:00003410       _SetProperty@16            10004410 f   BoxObject.obj
 0001:000034c0       _SetXForm@8                100044c0 f   BoxObject.obj
 0001:000049b0       _Util_GetAppPath           100059b0 f   BoxObject.obj
 0001:00004c10       _WriteToFile@12            10005c10 f   BoxObject.obj
 0001:00004e90       _DllMain@12                10005e90 f   ObjectDef.obj
 0001:00004f00       _Object_RegisterDef        10005f00 f   ObjectDef.obj
 0001:00004f85       _jeVec3d_Set@16            10005f85 f   jet3DClassic11d:Jet3DClassic11d.dll
 0001:00004f8b       _jeVec3d_Scale@12          10005f8b f   jet3DClassic11d:Jet3DClassic11d.dll
 0001:00004f91       _jeVec3d_Subtract@12       10005f91 f   jet3DClassic11d:Jet3DClassic11d.dll
 0001:00004f97       _jeVec3d_Add@12            10005f97 f   jet3DClassic11d:Jet3DClassic11d.dll
 0001:00004f9d       _jeVFile_Read@12           10005f9d f   jet3DClassic11d:Jet3DClassic11d.dll
 0001:00004fa3       _jeVFile_Write@12          10005fa3 f   jet3DClassic11d:Jet3DClassic11d.dll
 0001:00004fa9       _jeVFile_Seek@12           10005fa9 f   jet3DClassic11d:Jet3DClassic11d.dll
 0001:00004faf       _jeXForm3d_SetIdentity@4   10005faf f   jet3DClassic11d:Jet3DClassic11d.dll
 0001:00004fb5       _jeXForm3d_Scale@16        10005fb5 f   jet3DClassic11d:Jet3DClassic11d.dll
 0001:00004fbb       _jeXForm3d_Transform@12    10005fbb f   jet3DClassic11d:Jet3DClassic11d.dll
 0001:00004fc1       _jeExtBox_SetToPoint@8     10005fc1 f   jet3DClassic11d:Jet3DClassic11d.dll
 0001:00004fc7       _jeExtBox_ExtendToEnclose@8 10005fc7 f   jet3DClassic11d:Jet3DClassic11d.dll
 0001:00004fcd       _jeExtBox_RayCollision@20  10005fcd f   jet3DClassic11d:Jet3DClassic11d.dll
 0001:00004fd3       _jeProperty_ListCopy@4     10005fd3 f   jet3DClassic11d:Jet3DClassic11d.dll
 0001:00004fd9       _jeBrush_Create@4          10005fd9 f   jet3DClassic11d:Jet3DClassic11d.dll
 0001:00004fdf       _jeBrush_Destroy@4         10005fdf f   jet3DClassic11d:Jet3DClassic11d.dll
 0001:00004fe5       _jeBrush_SetXForm@12       10005fe5 f   jet3DClassic11d:Jet3DClassic11d.dll
 0001:00004feb       _jeBrush_CreateFace@8      10005feb f   jet3DClassic11d:Jet3DClassic11d.dll
 0001:00004ff1       _jeBrush_GetNextFace@8     10005ff1 f   jet3DClassic11d:Jet3DClassic11d.dll
 0001:00004ff7       _jeBrush_FaceSetVertByIndex@12 10005ff7 f   jet3DClassic11d:Jet3DClassic11d.dll
 0001:00004ffd       _jeUserPoly_CreateQuad@24  10005ffd f   jet3DClassic11d:Jet3DClassic11d.dll
 0001:00005003       _jeUserPoly_Destroy@4      10006003 f   jet3DClassic11d:Jet3DClassic11d.dll
 0001:00005009       _jeUserPoly_UpdateQuad@24  10006009 f   jet3DClassic11d:Jet3DClassic11d.dll
 0001:0000500f       _jeWorld_AddUserPoly@12    1000600f f   jet3DClassic11d:Jet3DClassic11d.dll
 0001:00005015       _jeWorld_RemoveUserPoly@8  10006015 f   jet3DClassic11d:Jet3DClassic11d.dll
 0001:0000501b       __jeRam_DebugAllocate@12   1000601b f   jet3DClassic11d:Jet3DClassic11d.dll
 0001:00005021       _jeRam_Free_@4             10006021 f   jet3DClassic11d:Jet3DClassic11d.dll
 0001:00005027       _jeErrorLog_AddExplicit@24 10006027 f   jet3DClassic11d:Jet3DClassic11d.dll
 0001:0000502d       _jeObject_RegisterGlobalObjectDef@4 1000602d f   jet3DClassic11d:Jet3DClassic11d.dll
 0001:00005033       _GetModuleFileNameA@12     10006033 f   kernel32:KERNEL32.dll
 0001:00005039       _LoadStringA@16            10006039 f   user32:USER32.dll
 0001:00005040       @_RTC_AllocaHelper@12      10006040 f   MSVCRTD:stack.obj
 0001:00005080       @_RTC_CheckStackVars2@12   10006080 f   MSVCRTD:stack.obj
 0001:00005180       @_RTC_CheckStackVars@8     10006180 f   MSVCRTD:stack.obj
 0001:000051e0       __RTC_CheckEsp             100061e0 f   MSVCRTD:stack.obj
 0001:00005210       @__security_check_cookie@4 10006210 f   MSVCRTD:secchk.obj
 0001:00005230       __CRT_RTC_INIT             10006230 f   MSVCRTD:init.obj
 0001:00005240       __CRT_RTC_INITW            10006240 f   MSVCRTD:init.obj
 0001:00005250       __RTC_InitBase             10006250 f   MSVCRTD:init.obj
 0001:00005290       __RTC_Shutdown             10006290 f   MSVCRTD:init.obj
 0001:000058b0       __CRT_INIT@12              100068b0 f   MSVCRTD:dll_dllmain.obj
 0001:000058d0       __DllMainCRTStartup@12     100068d0 f   MSVCRTD:dll_dllmain.obj
 0001:000059b0       ?_RTC_AllocaFailure@@YAXPAXPAU_RTC_ALLOCA_NODE@@H@Z 100069b0 f   MSVCRTD:error.obj
 0001:00005ad0       ?_RTC_Failure@@YAXPAXH@Z   10006ad0 f   MSVCRTD:error.obj
 0001:00005b40       ?_RTC_StackFailure@@YAXPAXPBD@Z 10006b40 f   MSVCRTD:error.obj
 0001:00006030       __RTC_UninitUse            10007030 f   MSVCRTD:error.obj
 0001:00006110       ___local_stdio_printf_options 10007110 f i MSVCRTD:error.obj
 0001:00006120       __vsprintf_s_l             10007120 f i MSVCRTD:error.obj
 0001:00006160       _sprintf_s                 10007160 f i MSVCRTD:error.obj
 0001:00006190       ___report_gsfailure        10007190 f   MSVCRTD:gs_report.obj
 0001:000061a0       ___report_rangecheckfailure 100071a0 f   MSVCRTD:gs_report.obj
 0001:000061b0       ___report_securityfailure  100071b0 f   MSVCRTD:gs_report.obj
 0001:000061c0       ___report_securityfailureEx 100071c0 f   MSVCRTD:gs_report.obj
 0001:000061d0       ?_RTC_GetErrorFunc@@YAP6AHHPBDH00ZZPBX@Z 100071d0 f   MSVCRTD:userapi.obj
 0001:000061e0       ?_RTC_GetErrorFuncW@@YAP6AHHPB_WH00ZZPBX@Z 100071e0 f   MSVCRTD:userapi.obj
 0001:000061f0       __RTC_GetErrDesc           100071f0 f   MSVCRTD:userapi.obj
 0001:00006210       __RTC_NumErrors            10007210 f   MSVCRTD:userapi.obj
 0001:00006220       __RTC_SetErrorFunc         10007220 f   MSVCRTD:userapi.obj
 0001:00006250       __RTC_SetErrorFuncW        10007250 f   MSVCRTD:userapi.obj
 0001:00006280       __RTC_SetErrorType         10007280 f   MSVCRTD:userapi.obj
 0001:00006340       ___security_init_cookie    10007340 f   MSVCRTD:gs_support.obj
 0001:000063e0       ?__scrt_initialize_type_info@@YAXXZ 100073e0 f   MSVCRTD:tncleanup.obj
 0001:00006400       ?__scrt_uninitialize_type_info@@YAXXZ 10007400 f   MSVCRTD:tncleanup.obj
 0001:00006420       ___local_stdio_scanf_options 10007420 f i MSVCRTD:default_local_stdio_options.obj
 0001:00006430       ___scrt_initialize_default_local_stdio_options 10007430 f   MSVCRTD:default_local_stdio_options.obj
 0001:00006480       ?configure_argv@__scrt_narrow_argv_policy@@SAHXZ 10007480 f i MSVCRTD:utility.obj
 0001:00006550       ?initialize_environment@__scrt_narrow_environment_policy@@SAHXZ 10007550 f i MSVCRTD:utility.obj
 0001:000065f0       _NtCurrentTeb              100075f0 f i MSVCRTD:utility.obj
 0001:00006600       ___scrt_acquire_startup_lock 10007600 f   MSVCRTD:utility.obj
 0001:00006660       ___scrt_dllmain_after_initialize_c 10007660 f   MSVCRTD:utility.obj
 0001:000066a0       ___scrt_dllmain_before_initialize_c 100076a0 f   MSVCRTD:utility.obj
 0001:000066d0       ___scrt_dllmain_crt_thread_attach 100076d0 f   MSVCRTD:utility.obj
 0001:00006710       ___scrt_dllmain_crt_thread_detach 10007710 f   MSVCRTD:utility.obj
 0001:00006730       ___scrt_dllmain_exception_filter 10007730 f   MSVCRTD:utility.obj
 0001:00006790       ___scrt_dllmain_uninitialize_c 10007790 f   MSVCRTD:utility.obj
 0001:000067d0       ___scrt_dllmain_uninitialize_critical 100077d0 f   MSVCRTD:utility.obj
 0001:000067f0       ___scrt_initialize_crt     100077f0 f   MSVCRTD:utility.obj
 0001:00006850       ___scrt_initialize_onexit_tables 10007850 f   MSVCRTD:utility.obj
 0001:00006960       ___scrt_is_nonwritable_in_current_image 10007960 f   MSVCRTD:utility.obj
 0001:00006ae0       ___scrt_release_startup_lock 10007ae0 f   MSVCRTD:utility.obj
 0001:00006b10       ___scrt_uninitialize_crt   10007b10 f   MSVCRTD:utility.obj
 0001:00006b60       __onexit                   10007b60 f   MSVCRTD:utility.obj
 0001:00006be0       _at_quick_exit             10007be0 f   MSVCRTD:utility.obj
 0001:00006c30       _atexit                    10007c30 f   MSVCRTD:utility.obj
 0001:00006c70       ___scrt_get_dyn_tls_init_callback 10007c70 f   MSVCRTD:dyn_tls_init.obj
 0001:00006c80       ___scrt_fastfail           10007c80 f   MSVCRTD:utility_desktop.obj
 0001:00006c90       ___scrt_get_show_window_mode 10007c90 f   MSVCRTD:utility_desktop.obj
 0001:00006ce0       ___scrt_initialize_mta     10007ce0 f   MSVCRTD:utility_desktop.obj
 0001:00006cf0       ___scrt_initialize_winrt   10007cf0 f   MSVCRTD:utility_desktop.obj
 0001:00006d00       ___scrt_is_managed_app     10007d00 f   MSVCRTD:utility_desktop.obj
 0001:00006db0       ___scrt_set_unhandled_exception_filter 10007db0 f   MSVCRTD:utility_desktop.obj
 0001:00006dd0       ___scrt_exe_initialize_mta 10007dd0 f   MSVCRTD:utility_desktop.obj
 0001:00006dd0       ___scrt_stub_for_initialize_mta 10007dd0 f   MSVCRTD:utility_desktop.obj
 0001:00006de0       ___scrt_unhandled_exception_filter@4 10007de0 f   MSVCRTD:utility_desktop.obj
 0001:00006e80       __crt_debugger_hook        10007e80 f   MSVCRTD:utility_desktop.obj
 0001:00006ea0       __RTC_Initialize           10007ea0 f   MSVCRTD:initsect.obj
 0001:00006ee0       __RTC_Terminate            10007ee0 f   MSVCRTD:initsect.obj
 0001:00006f20       __except_handler4          10007f20 f   MSVCRTD:chandler4gs.obj
 0001:00006f70       @_guard_check_icall_nop@4  10007f70 f i MSVCRTD:guard_support.obj
 0001:00006f80       _ReadNoFence               10007f80 f i MSVCRTD:guard_support.obj
 0001:00006fa0       _ReadPointerNoFence        10007fa0 f i MSVCRTD:guard_support.obj
 0001:00006fc0       __InlineInterlockedExchangePointer 10007fc0 f i MSVCRTD:guard_support.obj
 0001:00006fd0       ___castguard_check_failure_debugbreak 10007fd0 f i MSVCRTD:guard_support.obj
 0001:00006ff0       ___castguard_check_failure_fastfail 10007ff0 f i MSVCRTD:guard_support.obj
 0001:00007020       ___castguard_check_failure_nop 10008020 f i MSVCRTD:guard_support.obj
 0001:00007030       ___castguard_check_failure_os_handled 10008030 f i MSVCRTD:guard_support.obj
 0001:000070a0       ___castguard_check_failure_user_handled 100080a0 f i MSVCRTD:guard_support.obj
 0001:00007170       ___castguard_set_user_handler 10008170 f i MSVCRTD:guard_support.obj
 0001:000071a0       ___castguard_slow_path_check_debugbreak 100081a0 f i MSVCRTD:guard_support.obj
 0001:000071e0       ___castguard_slow_path_check_fastfail 100081e0 f i MSVCRTD:guard_support.obj
 0001:00007230       ___castguard_slow_path_check_nop 10008230 f i MSVCRTD:guard_support.obj
 0001:00007240       ___castguard_slow_path_check_os_handled 10008240 f i MSVCRTD:guard_support.obj
 0001:00007290       ___castguard_slow_path_check_user_handled 10008290 f i MSVCRTD:guard_support.obj
 0001:00007330       __guard_icall_checks_enforced 10008330 f i MSVCRTD:guard_support.obj
 0001:000078c0       ?_RTC_GetSrcLine@@YAHPAEPA_WKPAH1K@Z 100088c0 f   MSVCRTD:pdblkup.obj
 0001:00007d30       __except_handler4_noexcept 10008d30 f   MSVCRTD:chandler4_noexcept.obj
 0001:00007db0       ___isa_available_init      10008db0 f   MSVCRTD:cpu_disp.obj
 0001:00008370       __get_startup_argv_mode    10009370 f   MSVCRTD:argv_mode.obj
 0001:00008380       ___scrt_is_ucrt_dll_in_use 10009380 f   MSVCRTD:ucrt_detection.obj
 0001:000083ad       _memset                    100093ad f   vcruntimed:VCRUNTIME140D.dll
 0001:000083b3       ___std_type_info_destroy_list 100093b3 f   vcruntimed:VCRUNTIME140D.dll
 0001:000083b9       ___current_exception       100093b9 f   vcruntimed:VCRUNTIME140D.dll
 0001:000083bf       ___current_exception_context 100093bf f   vcruntimed:VCRUNTIME140D.dll
 0001:000083c5       __except_handler4_common   100093c5 f   vcruntimed:VCRUNTIME140D.dll
 0001:000083cb       ___vcrt_GetModuleFileNameW 100093cb f   vcruntimed:VCRUNTIME140D.dll
 0001:000083d1       ___vcrt_GetModuleHandleW   100093d1 f   vcruntimed:VCRUNTIME140D.dll
 0001:000083d7       ___vcrt_LoadLibraryExW     100093d7 f   vcruntimed:VCRUNTIME140D.dll
 0001:000083dd       _strcpy                    100093dd f   ucrtd:ucrtbased.dll
 0001:000083e3       __wassert                  100093e3 f   ucrtd:ucrtbased.dll
 0001:000083e9       __CrtDbgReport             100093e9 f   ucrtd:ucrtbased.dll
 0001:000083ef       __CrtDbgReportW            100093ef f   ucrtd:ucrtbased.dll
 0001:000083f5       __initterm                 100093f5 f   ucrtd:ucrtbased.dll
 0001:000083fb       __initterm_e               100093fb f   ucrtd:ucrtbased.dll
 0001:00008401       _strcpy_s                  10009401 f   ucrtd:ucrtbased.dll
 0001:00008407       _strcat_s                  10009407 f   ucrtd:ucrtbased.dll
 0001:0000840d       ___stdio_common_vsprintf_s 1000940d f   ucrtd:ucrtbased.dll
 0001:00008413       __seh_filter_dll           10009413 f   ucrtd:ucrtbased.dll
 0001:00008419       __configure_narrow_argv    10009419 f   ucrtd:ucrtbased.dll
 0001:0000841f       __initialize_narrow_environment 1000941f f   ucrtd:ucrtbased.dll
 0001:00008425       __initialize_onexit_table  10009425 f   ucrtd:ucrtbased.dll
 0001:0000842b       __register_onexit_function 1000942b f   ucrtd:ucrtbased.dll
 0001:00008431       __execute_onexit_table     10009431 f   ucrtd:ucrtbased.dll
 0001:00008437       __crt_atexit               10009437 f   ucrtd:ucrtbased.dll
 0001:0000843d       __crt_at_quick_exit        1000943d f   ucrtd:ucrtbased.dll
 0001:00008443       __cexit                    10009443 f   ucrtd:ucrtbased.dll
 0001:00008449       _terminate                 10009449 f   ucrtd:ucrtbased.dll
 0001:0000844f       __wmakepath_s              1000944f f   ucrtd:ucrtbased.dll
 0001:00008455       __wsplitpath_s             10009455 f   ucrtd:ucrtbased.dll
 0001:0000845b       _wcscpy_s                  1000945b f   ucrtd:ucrtbased.dll
 0001:00008461       _IsDebuggerPresent@0       10009461 f   kernel32:KERNEL32.dll
 0001:00008467       _RaiseException@16         10009467 f   kernel32:KERNEL32.dll
 0001:0000846d       _MultiByteToWideChar@24    1000946d f   kernel32:KERNEL32.dll
 0001:00008473       _WideCharToMultiByte@32    10009473 f   kernel32:KERNEL32.dll
 0001:00008479       _QueryPerformanceCounter@4 10009479 f   kernel32:KERNEL32.dll
 0001:0000847f       _GetCurrentProcessId@0     1000947f f   kernel32:KERNEL32.dll
 0001:00008485       _GetCurrentThreadId@0      10009485 f   kernel32:KERNEL32.dll
 0001:0000848b       _GetSystemTimeAsFileTime@4 1000948b f   kernel32:KERNEL32.dll
 0001:00008491       _InitializeSListHead@4     10009491 f   kernel32:KERNEL32.dll
 0001:00008497       _SetUnhandledExceptionFilter@4 10009497 f   kernel32:KERNEL32.dll
 0001:0000849d       _GetStartupInfoW@4         1000949d f   kernel32:KERNEL32.dll
 0001:000084a3       _GetModuleHandleW@4        100094a3 f   kernel32:KERNEL32.dll
 0001:000084a9       _GetLastError@0            100094a9 f   kernel32:KERNEL32.dll
 0001:000084af       _HeapAlloc@12              100094af f   kernel32:KERNEL32.dll
 0001:000084b5       _HeapFree@12               100094b5 f   kernel32:KERNEL32.dll
 0001:000084bb       _GetProcessHeap@0          100094bb f   kernel32:KERNEL32.dll
 0001:000084c1       _VirtualQuery@12           100094c1 f   kernel32:KERNEL32.dll
 0001:000084c7       _FreeLibrary@4             100094c7 f   kernel32:KERNEL32.dll
 0001:000084cd       _GetProcAddress@8          100094cd f   kernel32:KERNEL32.dll
 0001:000084d3       _IsProcessorFeaturePresent@4 100094d3 f   kernel32:KERNEL32.dll
 0001:000084e0       ___acrt_initialize         100094e0 f   MSVCRTD:ucrt_stubs.obj
 0001:000084e0       ___scrt_stub_for_acrt_initialize 100094e0 f   MSVCRTD:ucrt_stubs.obj
 0001:000084e0       ___vcrt_initialize         100094e0 f   MSVCRTD:ucrt_stubs.obj
 0001:000084f0       ___acrt_thread_attach      100094f0 f   MSVCRTD:ucrt_stubs.obj
 0001:000084f0       ___scrt_stub_for_acrt_thread_attach 100094f0 f   MSVCRTD:ucrt_stubs.obj
 0001:000084f0       ___vcrt_thread_attach      100094f0 f   MSVCRTD:ucrt_stubs.obj
 0001:00008500       ___acrt_thread_detach      10009500 f   MSVCRTD:ucrt_stubs.obj
 0001:00008500       ___scrt_stub_for_acrt_thread_detach 10009500 f   MSVCRTD:ucrt_stubs.obj
 0001:00008500       ___vcrt_thread_detach      10009500 f   MSVCRTD:ucrt_stubs.obj
 0001:00008510       ___acrt_uninitialize       10009510 f   MSVCRTD:ucrt_stubs.obj
 0001:00008510       ___scrt_stub_for_acrt_uninitialize 10009510 f   MSVCRTD:ucrt_stubs.obj
 0001:00008510       ___vcrt_uninitialize       10009510 f   MSVCRTD:ucrt_stubs.obj
 0001:00008520       ___acrt_uninitialize_critical 10009520 f   MSVCRTD:ucrt_stubs.obj
 0001:00008520       ___scrt_stub_for_acrt_uninitialize_critical 10009520 f   MSVCRTD:ucrt_stubs.obj
 0001:00008520       ___vcrt_uninitialize_critical 10009520 f   MSVCRTD:ucrt_stubs.obj
 0001:00008530       ___scrt_stub_for_is_c_termination_complete 10009530 f   MSVCRTD:ucrt_stubs.obj
 0001:00008530       __is_c_termination_complete 10009530 f   MSVCRTD:ucrt_stubs.obj
 0001:00008540       __filter_x86_sse2_floating_point_exception 10009540 f   MSVCRTD:x86_exception_filter.obj
 0001:00008540       __filter_x86_sse2_floating_point_exception_default 10009540 f   MSVCRTD:x86_exception_filter.obj
 0002:00000000       ___xc_a                    1000b000     MSVCRTD:initializers.obj
 0002:00000104       ___xc_z                    1000b104     MSVCRTD:initializers.obj
 0002:00000208       ___xi_a                    1000b208     MSVCRTD:initializers.obj
 0002:0000030c       ___xi_z                    1000b30c     MSVCRTD:initializers.obj
 0002:00000410       ___xp_a                    1000b410     MSVCRTD:initializers.obj
 0002:00000514       ___xp_z                    1000b514     MSVCRTD:initializers.obj
 0002:00000618       ___xt_a                    1000b618     MSVCRTD:initializers.obj
 0002:0000071c       ___xt_z                    1000b71c     MSVCRTD:initializers.obj
 0002:00000820       ??_C@_1OI@HPNGMHKD@?$AAC?$AA?3?$AA?2?$AAU?$AAs?$AAe?$AAr?$AAs?$AA?2?$AAJ?$AAa?$AAm?$AAe?$AAs?$AA?2@ 1000b820     BoxObject.obj
 0002:00000938       ??_C@_1CE@FBLKGNMA@?$AAh?$AAI?$AAn?$AAs?$AAt?$AAa?$AAn?$AAc?$AAe?$AA?5?$AA?$CB?$AA?$DN?$AA?5?$AAN?$AAU@ 1000b938     BoxObject.obj
 0002:00000964       ??_C@_1BA@DPBAOGCM@?$AAI?$AAD?$AA?5?$AA?$DO?$AA?$DN?$AA?5?$AA0@ 1000b964     BoxObject.obj
 0002:00000977       ??_C@_00CNPNBAHC@@         1000b977     BoxObject.obj
 0002:00000978       ??_C@_0HE@MGPLDBBP@C?3?2Users?2James?2Downloads?2JStudi@ 1000b978     BoxObject.obj
 0002:00000a04       ??_C@_0BJ@MPKGEGGM@JE_ERR_INTERNAL_RESOURCE@ 1000ba04     BoxObject.obj
 0002:00000a24       ??_C@_0BH@KIBLNGDK@JE_ERR_MEMORY_RESOURCE@ 1000ba24     BoxObject.obj
 0002:00000a40       ??_C@_1BA@DCLHGLIN@?$AAp?$AAB?$AAo?$AAx?$AAO?$AAb?$AAj@ 1000ba40     BoxObject.obj
 0002:00000a54       ??_C@_1CK@DPBBAHPL@?$AAp?$AAB?$AAo?$AAx?$AAO?$AAb?$AAj?$AA?9?$AA?$DO?$AAS?$AAi?$AAz?$AAe?$AA?5?$AA?$DO@ 1000ba54     BoxObject.obj
 0002:00000a88       ??_C@_1BA@IPAOEANF@?$AAp?$AAV?$AAe?$AAr?$AAt?$AAe?$AAx@ 1000ba88     BoxObject.obj
 0002:00000a9c       ??_C@_1O@OLJFFPGL@?$AAp?$AAX?$AAF?$AAo?$AAr?$AAm@ 1000ba9c     BoxObject.obj
 0002:00000aac       ??_C@_0P@PGGGILHJ@CreateInstance@ 1000baac     BoxObject.obj
 0002:00000ac0       ??_C@_0CB@MCEGMGLP@DuplicateInstance?3CreateInstanc@ 1000bac0     BoxObject.obj
 0002:00000ae8       ??_C@_0BJ@EGNAMMON@JE_ERR_SUBSYSTEM_FAILURE@ 1000bae8     BoxObject.obj
 0002:00000b08       ??_C@_0CI@CKPJLDOC@DuplicateInstance?3BoxObject_Upd@ 1000bb08     BoxObject.obj
 0002:00000b38       ??_C@_1BC@LDHKIAE@?$AAI?$AAn?$AAs?$AAt?$AAa?$AAn?$AAc?$AAe@ 1000bb38     BoxObject.obj
 0002:00000b50       ??_C@_1BE@KMDLKHPM@?$AAp?$AAI?$AAn?$AAs?$AAt?$AAa?$AAn?$AAc?$AAe@ 1000bb50     BoxObject.obj
 0002:00000b68       ??_C@_1CI@COFJOHEF@?$AAp?$AAB?$AAo?$AAx?$AAO?$AAb?$AAj?$AA?9?$AA?$DO?$AAR?$AAe?$AAf?$AAC?$AAn?$AAt@ 1000bb68     BoxObject.obj
 0002:00000b98       ??_C@_19LKKLLAHI@?$AAB?$AAB?$AAo?$AAx@ 1000bb98     BoxObject.obj
 0002:00000ba4       ??_C@_0BN@NPDMHFLD@BoxObject_CreateFromFile?3Tag@ 1000bba4     BoxObject.obj
 0002:00000bc8       ??_C@_0BD@ENGKCHBG@JE_ERR_FILEIO_READ@ 1000bbc8     BoxObject.obj
 0002:00000be0       ??_C@_0CB@JNLKKFJB@BoxObject_CreateFromFile?3Versio@ 1000bbe0     BoxObject.obj
 0002:00000c08       ??_C@_0BP@KJDGBFKA@BoxObject_CreateFromFile?3XForm@ 1000bc08     BoxObject.obj
 0002:00000c30       ??_C@_0BO@CJFHIFHN@BoxObject_CreateFromFile?3Size@ 1000bc30     BoxObject.obj
 0002:00000c54       ??_C@_0BK@DHADALI@BoxObject_WriteToFile?3Tag@ 1000bc54     BoxObject.obj
 0002:00000c74       ??_C@_0BE@CCAIDFII@JE_ERR_FILEIO_WRITE@ 1000bc74     BoxObject.obj
 0002:00000c8c       ??_C@_0BO@OPEDPDEN@BoxObject_WriteToFile?3Version@ 1000bc8c     BoxObject.obj
 0002:00000cb0       ??_C@_0BM@EMHEKFDI@BoxObject_WriteToFile?3XForm@ 1000bcb0     BoxObject.obj
 0002:00000cd4       ??_C@_0BL@LOFJBALA@BoxObject_WriteToFile?3Size@ 1000bcd4     BoxObject.obj
 0002:00000cf4       __real@00000000            1000bcf4     BoxObject.obj
 0002:00000cf8       __real@3f000000            1000bcf8     BoxObject.obj
 0002:00000cfc       __real@3f800000            1000bcfc     BoxObject.obj
 0002:00000d00       __real@41800000            1000bd00     BoxObject.obj
 0002:00000d04       __real@42800000            1000bd04     BoxObject.obj
 0002:00000d08       __real@437f0000            1000bd08     BoxObject.obj
 0002:00000d0c       __real@bf000000            1000bd0c     BoxObject.obj
 0002:00000d10       ??_C@_09FDJCIOND@BoxObject@ 1000bd10     ObjectDef.obj
 0002:00000d1c       __real@3f051eb8            1000bd1c     ObjectDef.obj
 0002:00000d20       __pDefaultRawDllMain       1000bd20     MSVCRTD:dll_dllmain.obj
 0002:00000d20       __pRawDllMain              1000bd20     MSVCRTD:dll_dllmain.obj
 0002:00000de0       ??_C@_0NN@JMPELKLB@The?5value?5of?5ESP?5was?5not?5proper@ 1000bde0     MSVCRTD:error.obj
 0002:00000ef0       ??_C@_0BBN@ELNNILBE@A?5cast?5to?5a?5smaller?5data?5type?5h@ 1000bef0     MSVCRTD:error.obj
 0002:00001048       ??_C@_0BN@BPOGFMJL@Stack?5memory?5was?5corrupted?$AN?6@ 1000c048     MSVCRTD:error.obj
 0002:0000106c       ??_C@_0DG@DAJCDLPN@A?5local?5variable?5was?5used?5befor@ 1000c06c     MSVCRTD:error.obj
 0002:000010ac       ??_C@_0CM@JMIDGKLA@Stack?5memory?5around?5_alloca?5was@ 1000c0ac     MSVCRTD:error.obj
 0002:000010e0       ??_C@_0BO@CHIONIOI@Unknown?5Runtime?5Check?5Error?$AN?6@ 1000c0e0     MSVCRTD:error.obj
 0002:00001108       ??_C@_1GM@CNOOJIHC@?$AAR?$AAu?$AAn?$AAt?$AAi?$AAm?$AAe?$AA?5?$AAC?$AAh?$AAe?$AAc?$AAk?$AA?5?$AAE@ 1000c108     MSVCRTD:error.obj
 0002:00001190       ??_C@_1EA@NFKNIFJP@?$AAR?$AAu?$AAn?$AA?9?$AAT?$AAi?$AAm?$AAe?$AA?5?$AAC?$AAh?$AAe?$AAc?$AAk?$AA?5@ 1000c190     MSVCRTD:error.obj
 0002:000011dc       ??_C@_0BB@PFFGGCJP@Unknown?5Filename@ 1000c1dc     MSVCRTD:error.obj
 0002:000011f0       ??_C@_0BE@GNBOBNCK@Unknown?5Module?5Name@ 1000c1f0     MSVCRTD:error.obj
 0002:00001208       ??_C@_0CA@IODNCDPG@Run?9Time?5Check?5Failure?5?$CD?$CFd?5?9?5?$CFs@ 1000c208     MSVCRTD:error.obj
 0002:00001230       ??_C@_0CG@IAFNJNEE@Stack?5corrupted?5near?5unknown?5va@ 1000c230     MSVCRTD:error.obj
 0002:00001260       ??_C@_05MKKEDADM@?$CF?42X?5@ 1000c260     MSVCRTD:error.obj
 0002:00001268       ??_C@_0EJ@LJKNEOLN@Stack?5area?5around?5_alloca?5memor@ 1000c268     MSVCRTD:error.obj
 0002:000012c0       ??_C@_01EEMJAFIK@?6@       1000c2c0     MSVCRTD:error.obj
 0002:000012c4       ??_C@_02LLMPMKNF@?$DO?5@   1000c2c4     MSVCRTD:error.obj
 0002:000012c8       ??_C@_08OMAHNMHJ@?6Data?3?5?$DM@ 1000c2c8     MSVCRTD:error.obj
 0002:000012d4       ??_C@_0CK@DKGBICFE@?6Allocation?5number?5within?5this?5@ 1000c2d4     MSVCRTD:error.obj
 0002:00001308       ??_C@_07DFDJCKFN@?6Size?3?5@ 1000c308     MSVCRTD:error.obj
 0002:00001314       ??_C@_0N@MHFFIMFG@?6Address?3?50x@ 1000c314     MSVCRTD:error.obj
 0002:00001328       ??_C@_0EI@CLEPFNGI@Stack?5area?5around?5_alloca?5memor@ 1000c328     MSVCRTD:error.obj
 0002:00001380       ??_C@_0BK@ODNDAGKB@?$CFs?$CFs?$CFp?$CFs?$CFzd?$CFs?$CFd?$CFs?$CFs?$CFs?$CFs?$CFs@ 1000c380     MSVCRTD:error.obj
 0002:000013a0       ??_C@_0DE@OHJBPMBP@A?5variable?5is?5being?5used?5withou@ 1000c3a0     MSVCRTD:error.obj
 0002:000013f8       ??_C@_0BJ@HEGAHDFO@Stack?5pointer?5corruption@ 1000c3f8     MSVCRTD:userapi.obj
 0002:00001418       ??_C@_0CK@FEGOIOPB@Cast?5to?5smaller?5type?5causing?5lo@ 1000c418     MSVCRTD:userapi.obj
 0002:0000144c       ??_C@_0BI@CIGMDCBH@Stack?5memory?5corruption@ 1000c44c     MSVCRTD:userapi.obj
 0002:00001468       ??_C@_0CK@CNLNOEPB@Local?5variable?5used?5before?5init@ 1000c468     MSVCRTD:userapi.obj
 0002:0000149c       ??_C@_0BP@OGBCLIBO@Stack?5around?5_alloca?5corrupted@ 1000c49c     MSVCRTD:userapi.obj
 0002:00001520       ??_C@_1EI@MLPKHBGE@?$AAa?$AAp?$AAi?$AA?9?$AAm?$AAs?$AA?9?$AAw?$AAi?$AAn?$AA?9?$AAc?$AAo?$AAr?$AAe@ 1000c520     MSVCRTD:pdblkup.obj
 0002:00001578       ??_C@_1BK@JHLNAEJL@?$AAa?$AAd?$AAv?$AAa?$AAp?$AAi?$AA3?$AA2?$AA?4?$AAd?$AAl?$AAl@ 1000c578     MSVCRTD:pdblkup.obj
 0002:00001598       ??_C@_0O@COHOBMLB@RegOpenKeyExW@ 1000c598     MSVCRTD:pdblkup.obj
 0002:000015a8       ??_C@_0BB@GLNAEDBD@RegQueryValueExW@ 1000c5a8     MSVCRTD:pdblkup.obj
 0002:000015bc       ??_C@_0M@HLOHPNFA@RegCloseKey@ 1000c5bc     MSVCRTD:pdblkup.obj
 0002:000015d0       ??_C@_1HE@EBEAGLFB@?$AAS?$AAO?$AAF?$AAT?$AAW?$AAA?$AAR?$AAE?$AA?2?$AAW?$AAo?$AAw?$AA6?$AA4?$AA3@ 1000c5d0     MSVCRTD:pdblkup.obj
 0002:0000165c       ??_C@_1BG@EABPBLLF@?$AAP?$AAr?$AAo?$AAd?$AAu?$AAc?$AAt?$AAD?$AAi?$AAr@ 1000c65c     MSVCRTD:pdblkup.obj
 0002:0000169c       ??_C@_1BC@JINFINNJ@?$AAM?$AAS?$AAP?$AAD?$AAB?$AA1?$AA4?$AA0@ 1000c69c     MSVCRTD:pdblkup.obj
 0002:000016b4       ??_C@_0BB@KCIACLNC@PDBOpenValidate5@ 1000c6b4     MSVCRTD:pdblkup.obj
 0002:000016c8       ??_C@_01KDCPPGHE@r@        1000c6c8     MSVCRTD:pdblkup.obj
 0002:000016d0       __load_config_used         1000c6d0     MSVCRTD:loadcfg.obj
 0002:00001940       ___CastGuardVftablesStart  1000c940     MSVCRTD:guard_support.obj
 0002:00001ac0       ___CastGuardVftablesEnd    1000cac0     MSVCRTD:guard_support.obj
 0002:00001c0c       ___safe_se_handler_table   1000cc0c     <linker-defined>
 0002:00001ee4       ___rtc_iaa                 1000cee4     MSVCRTD:initsect.obj
 0002:000020f4       ___rtc_izz                 1000d0f4     MSVCRTD:initsect.obj
 0002:000021f8       ___rtc_taa                 1000d1f8     MSVCRTD:initsect.obj
 0002:00002408       ___rtc_tzz                 1000d408     MSVCRTD:initsect.obj
 0003:00000000       _BoxPropertyList           1000e000     BoxObject.obj
 0003:00000010       ?__LINE__Var@?0??Util_LoadLibraryString@@9@9 1000e010     BoxObject.obj
 0003:00000014       ?__LINE__Var@?0??BoxObject_InitBox@@9@9 1000e014     BoxObject.obj
 0003:00000018       ?__LINE__Var@?0??BoxObject_TransformVert@@9@9 1000e018     BoxObject.obj
 0003:0000001c       ?__LINE__Var@?0??CreateInstance@@9@9 1000e01c     BoxObject.obj
 0003:00000020       ?__LINE__Var@?0??DuplicateInstance@@9@9 1000e020     BoxObject.obj
 0003:00000024       ?__LINE__Var@?0??CreateRef@@9@9 1000e024     BoxObject.obj
 0003:00000028       ?__LINE__Var@?0??Destroy@@9@9 1000e028     BoxObject.obj
 0003:0000002c       ?__LINE__Var@?0??AttachWorld@@9@9 1000e02c     BoxObject.obj
 0003:00000030       ?__LINE__Var@?0??DettachWorld@@9@9 1000e030     BoxObject.obj
 0003:00000034       ?__LINE__Var@?0??GetExtBox@@9@9 1000e034     BoxObject.obj
 0003:00000038       ?__LINE__Var@?0??CreateFromFile@@9@9 1000e038     BoxObject.obj
 0003:0000003c       ?__LINE__Var@?0??WriteToFile@@9@9 1000e03c     BoxObject.obj
 0003:00000040       ?__LINE__Var@?0??GetPropertyList@@9@9 1000e040     BoxObject.obj
 0003:00000044       ?__LINE__Var@?0??SetProperty@@9@9 1000e044     BoxObject.obj
 0003:00000048       ?__LINE__Var@?0??SetXForm@@9@9 1000e048     BoxObject.obj
 0003:0000004c       ?__LINE__Var@?0??GetXForm@@9@9 1000e04c     BoxObject.obj
 0003:00000050       _ObjectDef                 1000e050     ObjectDef.obj
 0003:00000100       ___security_cookie         1000e100     MSVCRTD:gs_cookie.obj
 0003:00000140       ___security_cookie_complement 1000e140     MSVCRTD:gs_cookie.obj
 0003:00000154       __fltused                  1000e154     MSVCRTD:fltused.obj
 0003:00000158       ?_RTC_ErrorLevels@@3PAHA   1000e158     MSVCRTD:error.obj
 0003:00000170       ___scrt_native_dllmain_reason 1000e170     MSVCRTD:utility.obj
 0003:00000178       ___isa_enabled             1000e178     MSVCRTD:cpu_disp.obj
 0003:00000180       ___isa_inverted            1000e180     MSVCRTD:cpu_disp.obj
 0003:0000018c       ___scrt_ucrt_dll_is_in_use 1000e18c     MSVCRTD:ucrt_stubs.obj
 0003:000003f8       ?_OptionsStorage@?1??__local_stdio_printf_options@@9@4_KA 1000e3f8     MSVCRTD:error.obj
 0003:00000410       ?__type_info_root_node@@3U__type_info_node@@A 1000e410     MSVCRTD:tncleanup.obj
 0003:00000420       ?_OptionsStorage@?1??__local_stdio_scanf_options@@9@4_KA 1000e420     MSVCRTD:default_local_stdio_options.obj
 0003:0000042c       ___scrt_current_native_startup_state 1000e42c     MSVCRTD:utility.obj
 0003:00000430       ___scrt_native_startup_lock 1000e430     MSVCRTD:utility.obj
 0003:00000458       ___scrt_debugger_hook_flag 1000e458     MSVCRTD:utility_desktop.obj
 0003:0000045c       ___castguard_check_failure_user_handled_fptr 1000e45c     MSVCRTD:guard_support.obj
 0003:00000468       ___isa_available           1000e468     MSVCRTD:cpu_disp.obj
 0003:0000046c       ___favor                   1000e46c     MSVCRTD:cpu_disp.obj
 0003:00000470       ___avx10_version           1000e470     MSVCRTD:cpu_disp.obj
 0003:00000480       _NameList                  1000e480     <common>
 0003:000004a0       _BoxProperties             1000e4a0     <common>
 0003:000004d0       _pBrush                    1000e4d0     <common>
 0003:000004d4       ___dyn_tls_init_callback   1000e4d4     <common>
 0004:00000000       __imp__jeVec3d_Set@16      1000f000     jet3DClassic11d:Jet3DClassic11d.dll
 0004:00000004       __imp__jeVec3d_Scale@12    1000f004     jet3DClassic11d:Jet3DClassic11d.dll
 0004:00000008       __imp__jeVec3d_Subtract@12 1000f008     jet3DClassic11d:Jet3DClassic11d.dll
 0004:0000000c       __imp__jeVec3d_Add@12      1000f00c     jet3DClassic11d:Jet3DClassic11d.dll
 0004:00000010       __imp__jeVFile_Read@12     1000f010     jet3DClassic11d:Jet3DClassic11d.dll
 0004:00000014       __imp__jeVFile_Write@12    1000f014     jet3DClassic11d:Jet3DClassic11d.dll
 0004:00000018       __imp__jeVFile_Seek@12     1000f018     jet3DClassic11d:Jet3DClassic11d.dll
 0004:0000001c       __imp__jeXForm3d_SetIdentity@4 1000f01c     jet3DClassic11d:Jet3DClassic11d.dll
 0004:00000020       __imp__jeXForm3d_Scale@16  1000f020     jet3DClassic11d:Jet3DClassic11d.dll
 0004:00000024       __imp__jeXForm3d_Transform@12 1000f024     jet3DClassic11d:Jet3DClassic11d.dll
 0004:00000028       __imp__jeExtBox_SetToPoint@8 1000f028     jet3DClassic11d:Jet3DClassic11d.dll
 0004:0000002c       __imp__jeExtBox_ExtendToEnclose@8 1000f02c     jet3DClassic11d:Jet3DClassic11d.dll
 0004:00000030       __imp__jeExtBox_RayCollision@20 1000f030     jet3DClassic11d:Jet3DClassic11d.dll
 0004:00000034       __imp__jeProperty_ListCopy@4 1000f034     jet3DClassic11d:Jet3DClassic11d.dll
 0004:00000038       __imp__jeBrush_Create@4    1000f038     jet3DClassic11d:Jet3DClassic11d.dll
 0004:0000003c       __imp__jeBrush_Destroy@4   1000f03c     jet3DClassic11d:Jet3DClassic11d.dll
 0004:00000040       __imp__jeBrush_SetXForm@12 1000f040     jet3DClassic11d:Jet3DClassic11d.dll
 0004:00000044       __imp__jeBrush_CreateFace@8 1000f044     jet3DClassic11d:Jet3DClassic11d.dll
 0004:00000048       __imp__jeBrush_GetNextFace@8 1000f048     jet3DClassic11d:Jet3DClassic11d.dll
 0004:0000004c       __imp__jeBrush_FaceSetVertByIndex@12 1000f04c     jet3DClassic11d:Jet3DClassic11d.dll
 0004:00000050       __imp__jeUserPoly_CreateQuad@24 1000f050     jet3DClassic11d:Jet3DClassic11d.dll
 0004:00000054       __imp__jeUserPoly_Destroy@4 1000f054     jet3DClassic11d:Jet3DClassic11d.dll
 0004:00000058       __imp__jeUserPoly_UpdateQuad@24 1000f058     jet3DClassic11d:Jet3DClassic11d.dll
 0004:0000005c       __imp__jeWorld_AddUserPoly@12 1000f05c     jet3DClassic11d:Jet3DClassic11d.dll
 0004:00000060       __imp__jeWorld_RemoveUserPoly@8 1000f060     jet3DClassic11d:Jet3DClassic11d.dll
 0004:00000064       __imp___jeRam_DebugAllocate@12 1000f064     jet3DClassic11d:Jet3DClassic11d.dll
 0004:00000068       __imp__jeRam_Free_@4       1000f068     jet3DClassic11d:Jet3DClassic11d.dll
 0004:0000006c       __imp__jeErrorLog_AddExplicit@24 1000f06c     jet3DClassic11d:Jet3DClassic11d.dll
 0004:00000070       __imp__jeObject_RegisterGlobalObjectDef@4 1000f070     jet3DClassic11d:Jet3DClassic11d.dll
 0004:00000074       \177Jet3DClassic11d_NULL_THUNK_DATA 1000f074     jet3DClassic11d:Jet3DClassic11d.dll
 0004:000000b4       __imp__GetModuleFileNameA@12 1000f0b4     kernel32:KERNEL32.dll
 0004:000000b8       __imp__GetProcAddress@8    1000f0b8     kernel32:KERNEL32.dll
 0004:000000bc       __imp__FreeLibrary@4       1000f0bc     kernel32:KERNEL32.dll
 0004:000000c0       __imp__VirtualQuery@12     1000f0c0     kernel32:KERNEL32.dll
 0004:000000c4       __imp__GetProcessHeap@0    1000f0c4     kernel32:KERNEL32.dll
 0004:000000c8       __imp__HeapFree@12         1000f0c8     kernel32:KERNEL32.dll
 0004:000000cc       __imp__HeapAlloc@12        1000f0cc     kernel32:KERNEL32.dll
 0004:000000d0       __imp__GetLastError@0      1000f0d0     kernel32:KERNEL32.dll
 0004:000000d4       __imp__GetModuleHandleW@4  1000f0d4     kernel32:KERNEL32.dll
 0004:000000d8       __imp__GetStartupInfoW@4   1000f0d8     kernel32:KERNEL32.dll
 0004:000000dc       __imp__SetUnhandledExceptionFilter@4 1000f0dc     kernel32:KERNEL32.dll
 0004:000000e0       __imp__InitializeSListHead@4 1000f0e0     kernel32:KERNEL32.dll
 0004:000000e4       __imp__GetSystemTimeAsFileTime@4 1000f0e4     kernel32:KERNEL32.dll
 0004:000000e8       __imp__IsProcessorFeaturePresent@4 1000f0e8     kernel32:KERNEL32.dll
 0004:000000ec       __imp__GetCurrentThreadId@0 1000f0ec     kernel32:KERNEL32.dll
 0004:000000f0       __imp__GetCurrentProcessId@0 1000f0f0     kernel32:KERNEL32.dll
 0004:000000f4       __imp__QueryPerformanceCounter@4 1000f0f4     kernel32:KERNEL32.dll
 0004:000000f8       __imp__WideCharToMultiByte@32 1000f0f8     kernel32:KERNEL32.dll
 0004:000000fc       __imp__MultiByteToWideChar@24 1000f0fc     kernel32:KERNEL32.dll
 0004:00000100       __imp__RaiseException@16   1000f100     kernel32:KERNEL32.dll
 0004:00000104       __imp__IsDebuggerPresent@0 1000f104     kernel32:KERNEL32.dll
 0004:00000108       \177KERNEL32_NULL_THUNK_DATA 1000f108     kernel32:KERNEL32.dll
 0004:00000144       __imp__LoadStringA@16      1000f144     user32:USER32.dll
 0004:00000148       \177USER32_NULL_THUNK_DATA 1000f148     user32:USER32.dll
 0004:00000174       __imp__memset              1000f174     vcruntimed:VCRUNTIME140D.dll
 0004:00000178       __imp____current_exception 1000f178     vcruntimed:VCRUNTIME140D.dll
 0004:0000017c       __imp____current_exception_context 1000f17c     vcruntimed:VCRUNTIME140D.dll
 0004:00000180       __imp___except_handler4_common 1000f180     vcruntimed:VCRUNTIME140D.dll
 0004:00000184       __imp____vcrt_GetModuleFileNameW 1000f184     vcruntimed:VCRUNTIME140D.dll
 0004:00000188       __imp____vcrt_GetModuleHandleW 1000f188     vcruntimed:VCRUNTIME140D.dll
 0004:0000018c       __imp____vcrt_LoadLibraryExW 1000f18c     vcruntimed:VCRUNTIME140D.dll
 0004:00000190       __imp____std_type_info_destroy_list 1000f190     vcruntimed:VCRUNTIME140D.dll
 0004:00000194       \177VCRUNTIME140D_NULL_THUNK_DATA 1000f194     vcruntimed:VCRUNTIME140D.dll
 0004:000001c4       __imp___wsplitpath_s       1000f1c4     ucrtd:ucrtbased.dll
 0004:000001c8       __imp__wcscpy_s            1000f1c8     ucrtd:ucrtbased.dll
 0004:000001cc       __imp___configure_narrow_argv 1000f1cc     ucrtd:ucrtbased.dll
 0004:000001d0       __imp__strcat_s            1000f1d0     ucrtd:ucrtbased.dll
 0004:000001d4       __imp__terminate           1000f1d4     ucrtd:ucrtbased.dll
 0004:000001d8       __imp___initterm_e         1000f1d8     ucrtd:ucrtbased.dll
 0004:000001dc       __imp___initterm           1000f1dc     ucrtd:ucrtbased.dll
 0004:000001e0       __imp___CrtDbgReportW      1000f1e0     ucrtd:ucrtbased.dll
 0004:000001e4       __imp___CrtDbgReport       1000f1e4     ucrtd:ucrtbased.dll
 0004:000001e8       __imp___wassert            1000f1e8     ucrtd:ucrtbased.dll
 0004:000001ec       __imp___wmakepath_s        1000f1ec     ucrtd:ucrtbased.dll
 0004:000001f0       __imp___cexit              1000f1f0     ucrtd:ucrtbased.dll
 0004:000001f4       __imp___crt_at_quick_exit  1000f1f4     ucrtd:ucrtbased.dll
 0004:000001f8       __imp___crt_atexit         1000f1f8     ucrtd:ucrtbased.dll
 0004:000001fc       __imp___execute_onexit_table 1000f1fc     ucrtd:ucrtbased.dll
 0004:00000200       __imp___register_onexit_function 1000f200     ucrtd:ucrtbased.dll
 0004:00000204       __imp___initialize_onexit_table 1000f204     ucrtd:ucrtbased.dll
 0004:00000208       __imp___seh_filter_dll     1000f208     ucrtd:ucrtbased.dll
 0004:0000020c       __imp___initialize_narrow_environment 1000f20c     ucrtd:ucrtbased.dll
 0004:00000210       __imp__strcpy_s            1000f210     ucrtd:ucrtbased.dll
 0004:00000214       __imp____stdio_common_vsprintf_s 1000f214     ucrtd:ucrtbased.dll
 0004:00000218       __imp__strcpy              1000f218     ucrtd:ucrtbased.dll
 0004:0000021c       \177ucrtbased_NULL_THUNK_DATA 1000f21c     ucrtd:ucrtbased.dll
 0004:00000258       __IMPORT_DESCRIPTOR_Jet3DClassic11d 1000f258     jet3DClassic11d:Jet3DClassic11d.dll
 0004:0000026c       __IMPORT_DESCRIPTOR_KERNEL32 1000f26c     kernel32:KERNEL32.dll
 0004:00000280       __IMPORT_DESCRIPTOR_USER32 1000f280     user32:USER32.dll
 0004:00000294       __IMPORT_DESCRIPTOR_VCRUNTIME140D 1000f294     vcruntimed:VCRUNTIME140D.dll
 0004:000002a8       __IMPORT_DESCRIPTOR_ucrtbased 1000f2a8     ucrtd:ucrtbased.dll
 0004:000002bc       __NULL_IMPORT_DESCRIPTOR   1000f2bc     jet3DClassic11d:Jet3DClassic11d.dll
 0005:00000000       ___guard_check_icall_fptr  10010000     MSVCRTD:guard_support.obj
 0005:00000004       ___guard_xfg_check_icall_fptr 10010004     MSVCRTD:guard_support.obj
 0005:00000008       ___castguard_check_failure_os_handled_fptr 10010008     MSVCRTD:guard_support.obj

 entry point at        0001:000000dc

 Static symbols

 0000:fffed000       .debug$S                   10000000     BoxObj.exp
 0000:00000000       _volmd                     10000000     BoxObject.obj
 0000:00000000       _volmd                     10000000     BoxObject.obj
 0000:00000000       _volmd                     10000000     BoxObject.obj
 0000:00000000       _volmd                     10000000     BoxObject.obj
 0000:00000000       _volmd                     10000000     BoxObject.obj
 0000:fffed000       .debug$S                   10000000     jet3DClassic11d:Jet3DClassic11d.dll
 0000:fffed000       .debug$S                   10000000     jet3DClassic11d:Jet3DClassic11d.dll
 0000:fffed000       .debug$S                   10000000     jet3DClassic11d:Jet3DClassic11d.dll
 0000:fffed000       .debug$S                   10000000     jet3DClassic11d:Jet3DClassic11d.dll
 0000:fffed000       .debug$S                   10000000     jet3DClassic11d:Jet3DClassic11d.dll
 0000:fffed000       .debug$S                   10000000     jet3DClassic11d:Jet3DClassic11d.dll
 0000:fffed000       .debug$S                   10000000     jet3DClassic11d:Jet3DClassic11d.dll
 0000:fffed000       .debug$S                   10000000     jet3DClassic11d:Jet3DClassic11d.dll
 0000:fffed000       .debug$S                   10000000     jet3DClassic11d:Jet3DClassic11d.dll
 0000:fffed000       .debug$S                   10000000     jet3DClassic11d:Jet3DClassic11d.dll
 0000:fffed000       .debug$S                   10000000     jet3DClassic11d:Jet3DClassic11d.dll
 0000:fffed000       .debug$S                   10000000     jet3DClassic11d:Jet3DClassic11d.dll
 0000:fffed000       .debug$S                   10000000     jet3DClassic11d:Jet3DClassic11d.dll
 0000:fffed000       .debug$S                   10000000     jet3DClassic11d:Jet3DClassic11d.dll
 0000:fffed000       .debug$S                   10000000     jet3DClassic11d:Jet3DClassic11d.dll
 0000:fffed000       .debug$S                   10000000     jet3DClassic11d:Jet3DClassic11d.dll
 0000:fffed000       .debug$S                   10000000     jet3DClassic11d:Jet3DClassic11d.dll
 0000:fffed000       .debug$S                   10000000     jet3DClassic11d:Jet3DClassic11d.dll
 0000:fffed000       .debug$S                   10000000     jet3DClassic11d:Jet3DClassic11d.dll
 0000:fffed000       .debug$S                   10000000     jet3DClassic11d:Jet3DClassic11d.dll
 0000:fffed000       .debug$S                   10000000     jet3DClassic11d:Jet3DClassic11d.dll
 0000:fffed000       .debug$S                   10000000     jet3DClassic11d:Jet3DClassic11d.dll
 0000:fffed000       .debug$S                   10000000     jet3DClassic11d:Jet3DClassic11d.dll
 0000:fffed000       .debug$S                   10000000     jet3DClassic11d:Jet3DClassic11d.dll
 0000:fffed000       .debug$S                   10000000     jet3DClassic11d:Jet3DClassic11d.dll
 0000:fffed000       .debug$S                   10000000     jet3DClassic11d:Jet3DClassic11d.dll
 0000:fffed000       .debug$S                   10000000     jet3DClassic11d:Jet3DClassic11d.dll
 0000:fffed000       .debug$S                   10000000     jet3DClassic11d:Jet3DClassic11d.dll
 0000:fffed000       .debug$S                   10000000     jet3DClassic11d:Jet3DClassic11d.dll
 0000:fffed000       .debug$S                   10000000     ucrtd:ucrtbased.dll
 0000:fffed000       .debug$S                   10000000     ucrtd:ucrtbased.dll
 0000:fffed000       .debug$S                   10000000     ucrtd:ucrtbased.dll
 0000:fffed000       .debug$S                   10000000     ucrtd:ucrtbased.dll
 0000:fffed000       .debug$S                   10000000     ucrtd:ucrtbased.dll
 0000:fffed000       .debug$S                   10000000     ucrtd:ucrtbased.dll
 0000:fffed000       .debug$S                   10000000     ucrtd:ucrtbased.dll
 0000:fffed000       .debug$S                   10000000     ucrtd:ucrtbased.dll
 0000:fffed000       .debug$S                   10000000     ucrtd:ucrtbased.dll
 0000:fffed000       .debug$S                   10000000     ucrtd:ucrtbased.dll
 0000:fffed000       .debug$S                   10000000     ucrtd:ucrtbased.dll
 0000:fffed000       .debug$S                   10000000     ucrtd:ucrtbased.dll
 0000:fffed000       .debug$S                   10000000     ucrtd:ucrtbased.dll
 0000:fffed000       .debug$S                   10000000     ucrtd:ucrtbased.dll
 0000:fffed000       .debug$S                   10000000     ucrtd:ucrtbased.dll
 0000:fffed000       .debug$S                   10000000     ucrtd:ucrtbased.dll
 0000:fffed000       .debug$S                   10000000     ucrtd:ucrtbased.dll
 0000:fffed000       .debug$S                   10000000     ucrtd:ucrtbased.dll
 0000:fffed000       .debug$S                   10000000     ucrtd:ucrtbased.dll
 0000:fffed000       .debug$S                   10000000     ucrtd:ucrtbased.dll
 0000:fffed000       .debug$S                   10000000     ucrtd:ucrtbased.dll
 0000:fffed000       .debug$S                   10000000     ucrtd:ucrtbased.dll
 0000:fffed000       .debug$S                   10000000     kernel32:KERNEL32.dll
 0000:fffed000       .debug$S                   10000000     kernel32:KERNEL32.dll
 0000:fffed000       .debug$S                   10000000     kernel32:KERNEL32.dll
 0000:fffed000       .debug$S                   10000000     kernel32:KERNEL32.dll
 0000:fffed000       .debug$S                   10000000     kernel32:KERNEL32.dll
 0000:fffed000       .debug$S                   10000000     kernel32:KERNEL32.dll
 0000:fffed000       .debug$S                   10000000     kernel32:KERNEL32.dll
 0000:fffed000       .debug$S                   10000000     kernel32:KERNEL32.dll
 0000:fffed000       .debug$S                   10000000     kernel32:KERNEL32.dll
 0000:fffed000       .debug$S                   10000000     kernel32:KERNEL32.dll
 0000:fffed000       .debug$S                   10000000     kernel32:KERNEL32.dll
 0000:fffed000       .debug$S                   10000000     kernel32:KERNEL32.dll
 0000:fffed000       .debug$S                   10000000     kernel32:KERNEL32.dll
 0000:fffed000       .debug$S                   10000000     kernel32:KERNEL32.dll
 0000:fffed000       .debug$S                   10000000     kernel32:KERNEL32.dll
 0000:fffed000       .debug$S                   10000000     kernel32:KERNEL32.dll
 0000:fffed000       .debug$S                   10000000     kernel32:KERNEL32.dll
 0000:fffed000       .debug$S                   10000000     kernel32:KERNEL32.dll
 0000:fffed000       .debug$S                   10000000     kernel32:KERNEL32.dll
 0000:fffed000       .debug$S                   10000000     kernel32:KERNEL32.dll
 0000:fffed000       .debug$S                   10000000     kernel32:KERNEL32.dll
 0000:fffed000       .debug$S                   10000000     user32:USER32.dll
 0000:ffff0000       __guard_fids___except_handler4 10000000     MSVCRTD:chandler4gs.obj
 0000:00000000       _volmd                     10000000     MSVCRTD:cpu_disp.obj
 0000:ffff0000       __guard_fids_?dllmain_dispatch@@YAHQAUHINSTANCE__@@KQAX@Z 10000000     MSVCRTD:dll_dllmain.obj
 0000:ffff0000       __guard_fids__             10000000     MSVCRTD:guard_support.obj
 0000:ffff0000       __guard_fids__             10000000     MSVCRTD:guard_support.obj
 0000:ffff0000       __guard_fids___guard_icall_checks_enforced 10000000     MSVCRTD:guard_support.obj
 0000:00000000       _volmd                     10000000     MSVCRTD:guard_support.obj
 0000:ffff0000       __guard_fids___CRT_RTC_INIT 10000000     MSVCRTD:init.obj
 0000:ffff0000       __guard_fids___CRT_RTC_INITW 10000000     MSVCRTD:init.obj
 0000:ffff0000       __guard_fids____scrt_set_unhandled_exception_filter 10000000     MSVCRTD:utility_desktop.obj
 0000:fffed000       .debug$S                   10000000     vcruntimed:VCRUNTIME140D.dll
 0000:fffed000       .debug$S                   10000000     vcruntimed:VCRUNTIME140D.dll
 0000:fffed000       .debug$S                   10000000     vcruntimed:VCRUNTIME140D.dll
 0000:fffed000       .debug$S                   10000000     vcruntimed:VCRUNTIME140D.dll
 0000:fffed000       .debug$S                   10000000     vcruntimed:VCRUNTIME140D.dll
 0000:fffed000       .debug$S                   10000000     vcruntimed:VCRUNTIME140D.dll
 0000:fffed000       .debug$S                   10000000     vcruntimed:VCRUNTIME140D.dll
 0000:fffed000       .debug$S                   10000000     vcruntimed:VCRUNTIME140D.dll
 0001:00000690       _BoxObject_InitBox         10001690 f   BoxObject.obj
 0001:00000f30       _BoxObject_TransformVert   10001f30 f   BoxObject.obj
 0001:00001044       $LN7                       10002044     BoxObject.obj
 0001:0000104c       $LN6                       1000204c     BoxObject.obj
 0001:00001058       $LN5                       10002058     BoxObject.obj
 0001:000010b0       _BoxObject_UpdateFaces     100020b0 f   BoxObject.obj
 0001:00001d48       $LN12                      10002d48     BoxObject.obj
 0001:00001d50       $LN11                      10002d50     BoxObject.obj
 0001:00001d68       $LN10                      10002d68     BoxObject.obj
 0001:00001d73       $LN9                       10002d73     BoxObject.obj
 0001:000021ec       $LN10                      100031ec     BoxObject.obj
 0001:000021f4       $LN9                       100031f4     BoxObject.obj
 0001:00002218       $LN8                       10003218     BoxObject.obj
 0001:0000221a       $LN7                       1000321a     BoxObject.obj
 0001:00002221       $LN6                       10003221     BoxObject.obj
 0001:000024c8       $LN16                      100034c8     BoxObject.obj
 0001:000024d0       $LN15                      100034d0     BoxObject.obj
 0001:000024e8       $LN14                      100034e8     BoxObject.obj
 0001:000024ec       $LN13                      100034ec     BoxObject.obj
 0001:000025a0       _CreateGlobalBrush         100035a0 f   BoxObject.obj
 0001:00002c70       $LN7                       10003c70     BoxObject.obj
 0001:00002c78       $LN6                       10003c78     BoxObject.obj
 0001:00002c84       $LN5                       10003c84     BoxObject.obj
 0001:00002f80       $LN11                      10003f80     BoxObject.obj
 0001:00002f88       $LN10                      10003f88     BoxObject.obj
 0001:00002fa0       $LN9                       10003fa0     BoxObject.obj
 0001:00002fab       $LN8                       10003fab     BoxObject.obj
 0001:00003580       _UpdateGlobalBrush         10004580 f   BoxObject.obj
 0001:0000458c       $LN11                      1000558c     BoxObject.obj
 0001:00004594       $LN10                      10005594     BoxObject.obj
 0001:000045a0       $LN9                       100055a0     BoxObject.obj
 0001:00004a60       _Util_LoadLibraryString    10005a60 f   BoxObject.obj
 0001:00004de4       $LN11                      10005de4     BoxObject.obj
 0001:00004dec       $LN10                      10005dec     BoxObject.obj
 0001:00004e04       $LN9                       10005e04     BoxObject.obj
 0001:00004e08       $LN8                       10005e08     BoxObject.obj
 0001:000052b0       ?dllmain_crt_dispatch@@YGHQAUHINSTANCE__@@KQAX@Z 100062b0 f   MSVCRTD:dll_dllmain.obj
 0001:0000531c       $LN11                      1000631c     MSVCRTD:dll_dllmain.obj
 0001:00005350       ?dllmain_crt_process_attach@@YAHQAUHINSTANCE__@@QAX@Z 10006350 f   MSVCRTD:dll_dllmain.obj
 0001:00005520       ?dllmain_crt_process_detach@@YAH_N@Z 10006520 f   MSVCRTD:dll_dllmain.obj
 0001:00005660       ?dllmain_dispatch@@YAHQAUHINSTANCE__@@KQAX@Z 10006660 f   MSVCRTD:dll_dllmain.obj
 0001:00005850       ?dllmain_raw@@YGHQAUHINSTANCE__@@KQAX@Z 10006850 f   MSVCRTD:dll_dllmain.obj
 0001:00005900       ?DebuggerProbe@@YA_NK@Z    10006900 f   MSVCRTD:error.obj
 0001:00005950       ?DebuggerRuntime@@YA_NKHPAXPB_W@Z 10006950 f   MSVCRTD:error.obj
 0001:00005c20       ?_getMemBlockDataString@@YAXPAD0PBDI@Z 10006c20 f   MSVCRTD:error.obj
 0001:00005cc0       ?_strlen_priv@@YAIPBD@Z    10006cc0 f   MSVCRTD:error.obj
 0001:00005ce0       ?failwithmessage@@YAXPAXHHPBD@Z 10006ce0 f   MSVCRTD:error.obj
 0001:00005f90       ?notify_debugger@@YAXABUtagEXCEPTION_VISUALCPP_DEBUG_INFO@@@Z 10006f90 f   MSVCRTD:error.obj
 0001:000062b0       ___get_entropy             100072b0 f   MSVCRTD:gs_support.obj
 0001:000064a0       ?find_pe_section@@YAPAU_IMAGE_SECTION_HEADER@@QAEI@Z 100074a0 f   MSVCRTD:utility.obj
 0001:00006560       ?is_potentially_valid_image_base@@YA_NQAX@Z 10007560 f   MSVCRTD:utility.obj
 0001:00007060       ___castguard_check_failure_os_handled_wrapper 10008060 f   MSVCRTD:guard_support.obj
 0001:000070d0       ___castguard_check_failure_user_handled_wrapper 100080d0 f   MSVCRTD:guard_support.obj
 0001:00007120       ___castguard_compat_check  10008120 f   MSVCRTD:guard_support.obj
 0001:000072e0       ___castguard_slow_path_compat_check 100082e0 f   MSVCRTD:guard_support.obj
 0001:00007370       ?GetPdbDll@@YAPAUHINSTANCE__@@XZ 10008370 f   MSVCRTD:pdblkup.obj
 0001:00007510       ?GetPdbDllFromInstallPath@@YAPAUHINSTANCE__@@XZ 10008510 f   MSVCRTD:pdblkup.obj
 0001:000077b0       ?GetPdbDllPathFromFilePath@@YAHPB_WPA_WI@Z 100087b0 f   MSVCRTD:pdblkup.obj
 0002:00000d24       ?_RTC_ErrorMessages@@3QBQBDB 1000bd24     MSVCRTD:error.obj
 0002:00000d3c       ?_RTC_NoFalsePositives@@3QBHB 1000bd3c     MSVCRTD:error.obj
 0002:00000d54       ?stack_premsg@@3QBDB       1000bd54     MSVCRTD:error.obj
 0002:00000d70       ?stack_postmsg@@3QBDB      1000bd70     MSVCRTD:error.obj
 0002:00000d84       ?uninit_premsg@@3QBDB      1000bd84     MSVCRTD:error.obj
 0002:00000d94       ?uninit_postmsg@@3QBDB     1000bd94     MSVCRTD:error.obj
 0002:000013e0       ?_RTC_errlist@@3QBQBDB     1000c3e0     MSVCRTD:userapi.obj
 0002:000014c4       ?mspdbName@@3QB_WB         1000c4c4     MSVCRTD:pdblkup.obj
 0002:000014e8       ?debugCrtFileName@@3QB_WB  1000c4e8     MSVCRTD:pdblkup.obj
 0002:00001678       ?dllExt@?1??GetPdbDllPathFromFilePath@@YAHPB_WPA_WI@Z@4QB_WB 1000c678     MSVCRTD:pdblkup.obj
 0002:00001684       ?mspdbFilename@?1??GetPdbDllPathFromFilePath@@YAHPB_WPA_WI@Z@4QB_WB 1000c684     MSVCRTD:pdblkup.obj
 0002:00001fe8       __RTC_InitBase.rtc$IMZ     1000cfe8     BoxObject.obj
 0002:00001fec       __RTC_InitBase.rtc$IMZ     1000cfec     ObjectDef.obj
 0002:000022fc       __RTC_Shutdown.rtc$TMZ     1000d2fc     BoxObject.obj
 0002:00002300       __RTC_Shutdown.rtc$TMZ     1000d300     ObjectDef.obj
 0002:00002510       __sehtable$?dllmain_crt_process_attach@@YAHQAUHINSTANCE__@@QAX@Z 1000d510     MSVCRTD:dll_dllmain.obj
 0002:00002530       __sehtable$?dllmain_crt_process_detach@@YAH_N@Z 1000d530     MSVCRTD:dll_dllmain.obj
 0002:00002560       __sehtable$?dllmain_dispatch@@YAHQAUHINSTANCE__@@KQAX@Z 1000d560     MSVCRTD:dll_dllmain.obj
 0002:00002580       __sehtable$?notify_debugger@@YAXABUtagEXCEPTION_VISUALCPP_DEBUG_INFO@@@Z 1000d580     MSVCRTD:error.obj
 0002:000025a0       __sehtable$___scrt_is_nonwritable_in_current_image 1000d5a0     MSVCRTD:utility.obj
 0002:000026e0       .edata                     1000d6e0     BoxObj.exp
 0002:00002708       rgpv                       1000d708     BoxObj.exp
 0002:0000270c       rgszName                   1000d70c     BoxObj.exp
 0002:00002710       rgwOrd                     1000d710     BoxObj.exp
 0002:00002712       szName                     1000d712     BoxObj.exp
 0002:0000271d       $N00001                    1000d71d     BoxObj.exp
 0003:000002c0       ?StringBuf@?1??Util_LoadLibraryString@@9@9 1000e2c0     BoxObject.obj
 0003:000003f2       ?init@?1??_RTC_InitBase@@9@4_NA 1000e3f2     MSVCRTD:init.obj
 0003:000003f4       ?__proc_attached@@3HA      1000e3f4     MSVCRTD:dll_dllmain.obj
 0003:00000404       ?_RTC_ErrorReportFunc@@3P6AHHPBDH00ZZA 1000e404     MSVCRTD:userapi.obj
 0003:00000408       ?_RTC_ErrorReportFuncW@@3P6AHHPB_WH00ZZA 1000e408     MSVCRTD:userapi.obj
 0003:00000434       ?is_initialized_as_dll@@3_NA 1000e434     MSVCRTD:utility.obj
 0003:00000435       ?module_local_atexit_table_initialized@@3_NA 1000e435     MSVCRTD:utility.obj
 0003:00000438       ?module_local_atexit_table@@3U_onexit_table_t@@A 1000e438     MSVCRTD:utility.obj
 0003:00000444       ?module_local_at_quick_exit_table@@3U_onexit_table_t@@A 1000e444     MSVCRTD:utility.obj
 0003:00000460       ?mspdb@@3PAUHINSTANCE__@@A 1000e460     MSVCRTD:pdblkup.obj
 0003:00000464       ?alreadyTried@?1??GetPdbDll@@YAPAUHINSTANCE__@@XZ@4_NA 1000e464     MSVCRTD:pdblkup.obj
 0003:00000465       ?PDBOK@?1??_RTC_GetSrcLine@@YAHPAEPA_WKPAH1K@Z@4_NA 1000e465     MSVCRTD:pdblkup.obj
 0004:000007fc       .idata$6                   1000f7fc     jet3DClassic11d:Jet3DClassic11d.dll
 0004:00000826       .idata$6                   1000f826     kernel32:KERNEL32.dll
 0004:00000842       .idata$6                   1000f842     user32:USER32.dll
 0004:00000914       .idata$6                   1000f914     vcruntimed:VCRUNTIME140D.dll
 0004:00000ab0       .idata$6                   1000fab0     ucrtd:ucrtbased.dll
 0006:000001c0       $R000000                   100111c0     BoxObject.res
 0006:00000228       $R000068                   10011228     BoxObject.res
