c:\users\james\downloads\jstudio_classic_11_2023_source\jstudio_classic11_2023\source\objects\boxobject\debug\boxobj.bsc
c:\users\james\downloads\jstudio_classic_11_2023_source\jstudio_classic11_2023\source\objects\boxobject\debug\vc145.pdb
c:\users\james\downloads\jstudio_classic_11_2023_source\jstudio_classic11_2023\source\objects\boxobject\debug\vc145.idb
c:\users\james\downloads\jstudio_classic_11_2023_source\jstudio_classic11_2023\source\objects\boxobject\debug\boxobject.sbr
c:\users\james\downloads\jstudio_classic_11_2023_source\jstudio_classic11_2023\source\objects\boxobject\debug\objectdef.sbr
c:\users\james\downloads\jstudio_classic_11_2023_source\jstudio_classic11_2023\source\objects\boxobject\debug\objectdef.obj
c:\users\james\downloads\jstudio_classic_11_2023_source\jstudio_classic11_2023\source\objects\boxobject\debug\boxobject.obj
c:\users\james\downloads\jstudio_classic_11_2023_source\jstudio_classic11_2023\bin\objects\boxobj.ddl
c:\users\james\downloads\jstudio_classic_11_2023_source\jstudio_classic11_2023\source\objects\boxobject\debug\boxobj.map
c:\users\james\downloads\jstudio_classic_11_2023_source\jstudio_classic11_2023\source\objects\boxobject\debug\boxobj.pdb
c:\users\james\downloads\jstudio_classic_11_2023_source\jstudio_classic11_2023\source\objects\boxobject\debug\boxobject.res
c:\users\james\downloads\jstudio_classic_11_2023_source\jstudio_classic11_2023\source\objects\boxobject\debug\boxobj.lib
c:\users\james\downloads\jstudio_classic_11_2023_source\jstudio_classic11_2023\source\objects\boxobject\debug\boxobj.exp
c:\users\james\downloads\jstudio_classic_11_2023_source\jstudio_classic11_2023\source\objects\boxobject\debug\boxobj.ilk
c:\users\james\downloads\jstudio_classic_11_2023_source\jstudio_classic11_2023\source\objects\boxobject\debug\boxobj.tlog\bscmake.command.1.tlog
c:\users\james\downloads\jstudio_classic_11_2023_source\jstudio_classic11_2023\source\objects\boxobject\debug\boxobj.tlog\bscmake.read.1.tlog
c:\users\james\downloads\jstudio_classic_11_2023_source\jstudio_classic11_2023\source\objects\boxobject\debug\boxobj.tlog\bscmake.write.1.tlog
c:\users\james\downloads\jstudio_classic_11_2023_source\jstudio_classic11_2023\source\objects\boxobject\debug\boxobj.tlog\cl.command.1.tlog
c:\users\james\downloads\jstudio_classic_11_2023_source\jstudio_classic11_2023\source\objects\boxobject\debug\boxobj.tlog\cl.items.tlog
c:\users\james\downloads\jstudio_classic_11_2023_source\jstudio_classic11_2023\source\objects\boxobject\debug\boxobj.tlog\cl.read.1.tlog
c:\users\james\downloads\jstudio_classic_11_2023_source\jstudio_classic11_2023\source\objects\boxobject\debug\boxobj.tlog\cl.write.1.tlog
c:\users\james\downloads\jstudio_classic_11_2023_source\jstudio_classic11_2023\source\objects\boxobject\debug\boxobj.tlog\link.command.1.tlog
c:\users\james\downloads\jstudio_classic_11_2023_source\jstudio_classic11_2023\source\objects\boxobject\debug\boxobj.tlog\link.read.1.tlog
c:\users\james\downloads\jstudio_classic_11_2023_source\jstudio_classic11_2023\source\objects\boxobject\debug\boxobj.tlog\link.secondary.1.tlog
c:\users\james\downloads\jstudio_classic_11_2023_source\jstudio_classic11_2023\source\objects\boxobject\debug\boxobj.tlog\link.write.1.tlog
c:\users\james\downloads\jstudio_classic_11_2023_source\jstudio_classic11_2023\source\objects\boxobject\debug\boxobj.tlog\rc.command.1.tlog
c:\users\james\downloads\jstudio_classic_11_2023_source\jstudio_classic11_2023\source\objects\boxobject\debug\boxobj.tlog\rc.read.1.tlog
c:\users\james\downloads\jstudio_classic_11_2023_source\jstudio_classic11_2023\source\objects\boxobject\debug\boxobj.tlog\rc.write.1.tlog
