  ObjectDef.c
D:\Genesis and Jet3d\JSTUDIO_CLASSIC11_2023\source\Objects\StaticMesh\ObjectDef.c(28,25): warning C4113: 'void *(__stdcall *)()' differs in parameter lists from 'void *(__stdcall *)(void)'
D:\Genesis and Jet3d\JSTUDIO_CLASSIC11_2023\source\Objects\StaticMesh\ObjectDef.c(101,1): warning C4276: 'CreateInstance': no prototype provided; assumed no parameters
  StaticMeshObj.c
D:\Genesis and Jet3d\JSTUDIO_CLASSIC11_2023\source\Objects\StaticMesh\StaticMeshObj.c(389,36): warning C4133: 'function': incompatible types - from 'StaticMeshObject *' to 'jeStaticMesh *'
  Generating Code...
C:\Program Files\Microsoft Visual Studio\2022\Community\MSBuild\Microsoft\VC\v170\Microsoft.CppBuild.targets(1374,5): warning MSB8012: TargetPath(D:\Genesis and Jet3d\JSTUDIO_CLASSIC11_2023\source\Objects\StaticMesh\Release\StaticMeshObj.dll) does not match the Linker's OutputFile property value (D:\Genesis and Jet3d\JSTUDIO_CLASSIC11_2023\bin\objects\StaticMeshObj.dll). This may cause your project to build incorrectly. To correct this, please make sure that $(OutDir), $(TargetName) and $(TargetExt) property values match the value specified in %(Link.OutputFile).
     Creating library Release\StaticMeshObj.lib and object Release\StaticMeshObj.exp
ObjectDef.obj : error LNK2001: unresolved external symbol _WriteToFile@12
ObjectDef.obj : error LNK2001: unresolved external symbol _GetPropertyList@8
ObjectDef.obj : error LNK2001: unresolved external symbol _SetProperty@16
ObjectDef.obj : error LNK2001: unresolved external symbol _SetXForm@8
ObjectDef.obj : error LNK2001: unresolved external symbol _GetXForm@8
ObjectDef.obj : error LNK2001: unresolved external symbol _GetXFormModFlags@4
ObjectDef.obj : error LNK2001: unresolved external symbol _GetChildren@12
ObjectDef.obj : error LNK2001: unresolved external symbol _AddChild@8
ObjectDef.obj : error LNK2001: unresolved external symbol _RemoveChild@8
ObjectDef.obj : error LNK2001: unresolved external symbol _EditDialog@8
ObjectDef.obj : error LNK2001: unresolved external symbol _Frame@8
ObjectDef.obj : error LNK2001: unresolved external symbol _SendAMessage@12
ObjectDef.obj : error LNK2001: unresolved external symbol _ChangeBoxCollision@24
..\..\..\bin\objects\StaticMeshObj.dll : fatal error LNK1120: 13 unresolved externals
