C:\Program Files\Microsoft Visual Studio\18\Community\MSBuild\Microsoft\VC\v180\Microsoft.CppBuild.targets(548,5): warning MSB8028: The intermediate directory (Debug\) contains files shared from another project (jActBuildClassic10.vcxproj, jActBuildClassic11.vcxproj, jAStudioClassic10.vcxproj).  This can lead to incorrect clean and rebuild behavior.
  AOptions.c
C:\Users\James\Downloads\JStudio_Classic_11_2023_Source\JSTUDIO_CLASSIC11_2023\source\Tools\ActorTools\AStudio\AOptions.c(49,3): warning C4996: 'strcpy': This function or variable may be unsafe. Consider using strcpy_s instead. To disable deprecation, use _CRT_SECURE_NO_WARNINGS. See online help for details.
C:\Users\James\Downloads\JStudio_Classic_11_2023_Source\JSTUDIO_CLASSIC11_2023\source\Tools\ActorTools\AStudio\AOptions.c(50,3): warning C4996: 'strcpy': This function or variable may be unsafe. Consider using strcpy_s instead. To disable deprecation, use _CRT_SECURE_NO_WARNINGS. See online help for details.
C:\Users\James\Downloads\JStudio_Classic_11_2023_Source\JSTUDIO_CLASSIC11_2023\source\Tools\ActorTools\AStudio\AOptions.c(107,2): warning C4996: 'strcpy': This function or variable may be unsafe. Consider using strcpy_s instead. To disable deprecation, use _CRT_SECURE_NO_WARNINGS. See online help for details.
C:\Users\James\Downloads\JStudio_Classic_11_2023_Source\JSTUDIO_CLASSIC11_2023\source\Tools\ActorTools\AStudio\AOptions.c(118,2): warning C4996: 'strcpy': This function or variable may be unsafe. Consider using strcpy_s instead. To disable deprecation, use _CRT_SECURE_NO_WARNINGS. See online help for details.
  AProject.c
C:\Users\James\Downloads\JStudio_Classic_11_2023_Source\JSTUDIO_CLASSIC11_2023\source\Tools\ActorTools\AStudio\AProject.c(129,8): warning C4996: 'stricmp': The POSIX name for this item is deprecated. Instead, use the ISO C and C++ conformant name: _stricmp. See online help for details.
C:\Users\James\Downloads\JStudio_Classic_11_2023_Source\JSTUDIO_CLASSIC11_2023\source\Tools\ActorTools\AStudio\AProject.c(149,8): warning C4996: 'stricmp': The POSIX name for this item is deprecated. Instead, use the ISO C and C++ conformant name: _stricmp. See online help for details.
C:\Users\James\Downloads\JStudio_Classic_11_2023_Source\JSTUDIO_CLASSIC11_2023\source\Tools\ActorTools\AStudio\AProject.c(315,9): warning C4996: 'sscanf': This function or variable may be unsafe. Consider using sscanf_s instead. To disable deprecation, use _CRT_SECURE_NO_WARNINGS. See online help for details.
C:\Users\James\Downloads\JStudio_Classic_11_2023_Source\JSTUDIO_CLASSIC11_2023\source\Tools\ActorTools\AStudio\AProject.c(581,2): warning C4996: 'strcpy': This function or variable may be unsafe. Consider using strcpy_s instead. To disable deprecation, use _CRT_SECURE_NO_WARNINGS. See online help for details.
C:\Users\James\Downloads\JStudio_Classic_11_2023_Source\JSTUDIO_CLASSIC11_2023\source\Tools\ActorTools\AStudio\AProject.c(598,17): warning C4996: 'strtok': This function or variable may be unsafe. Consider using strtok_s instead. To disable deprecation, use _CRT_SECURE_NO_WARNINGS. See online help for details.
C:\Users\James\Downloads\JStudio_Classic_11_2023_Source\JSTUDIO_CLASSIC11_2023\source\Tools\ActorTools\AStudio\AProject.c(599,17): warning C4996: 'strtok': This function or variable may be unsafe. Consider using strtok_s instead. To disable deprecation, use _CRT_SECURE_NO_WARNINGS. See online help for details.
C:\Users\James\Downloads\JStudio_Classic_11_2023_Source\JSTUDIO_CLASSIC11_2023\source\Tools\ActorTools\AStudio\AProject.c(600,20): warning C4996: 'strtok': This function or variable may be unsafe. Consider using strtok_s instead. To disable deprecation, use _CRT_SECURE_NO_WARNINGS. See online help for details.
C:\Users\James\Downloads\JStudio_Classic_11_2023_Source\JSTUDIO_CLASSIC11_2023\source\Tools\ActorTools\AStudio\AProject.c(601,15): warning C4996: 'strtok': This function or variable may be unsafe. Consider using strtok_s instead. To disable deprecation, use _CRT_SECURE_NO_WARNINGS. See online help for details.
C:\Users\James\Downloads\JStudio_Classic_11_2023_Source\JSTUDIO_CLASSIC11_2023\source\Tools\ActorTools\AStudio\AProject.c(602,15): warning C4996: 'strtok': This function or variable may be unsafe. Consider using strtok_s instead. To disable deprecation, use _CRT_SECURE_NO_WARNINGS. See online help for details.
C:\Users\James\Downloads\JStudio_Classic_11_2023_Source\JSTUDIO_CLASSIC11_2023\source\Tools\ActorTools\AStudio\AProject.c(603,15): warning C4996: 'strtok': This function or variable may be unsafe. Consider using strtok_s instead. To disable deprecation, use _CRT_SECURE_NO_WARNINGS. See online help for details.
C:\Users\James\Downloads\JStudio_Classic_11_2023_Source\JSTUDIO_CLASSIC11_2023\source\Tools\ActorTools\AStudio\AProject.c(604,15): warning C4996: 'strtok': This function or variable may be unsafe. Consider using strtok_s instead. To disable deprecation, use _CRT_SECURE_NO_WARNINGS. See online help for details.
C:\Users\James\Downloads\JStudio_Classic_11_2023_Source\JSTUDIO_CLASSIC11_2023\source\Tools\ActorTools\AStudio\AProject.c(612,2): warning C4996: 'strcpy': This function or variable may be unsafe. Consider using strcpy_s instead. To disable deprecation, use _CRT_SECURE_NO_WARNINGS. See online help for details.
C:\Users\James\Downloads\JStudio_Classic_11_2023_Source\JSTUDIO_CLASSIC11_2023\source\Tools\ActorTools\AStudio\AProject.c(613,2): warning C4996: 'strcpy': This function or variable may be unsafe. Consider using strcpy_s instead. To disable deprecation, use _CRT_SECURE_NO_WARNINGS. See online help for details.
C:\Users\James\Downloads\JStudio_Classic_11_2023_Source\JSTUDIO_CLASSIC11_2023\source\Tools\ActorTools\AStudio\AProject.c(710,3): warning C4996: 'sprintf': This function or variable may be unsafe. Consider using sprintf_s instead. To disable deprecation, use _CRT_SECURE_NO_WARNINGS. See online help for details.
C:\Users\James\Downloads\JStudio_Classic_11_2023_Source\JSTUDIO_CLASSIC11_2023\source\Tools\ActorTools\AStudio\AProject.c(745,18): warning C4996: 'strtok': This function or variable may be unsafe. Consider using strtok_s instead. To disable deprecation, use _CRT_SECURE_NO_WARNINGS. See online help for details.
C:\Users\James\Downloads\JStudio_Classic_11_2023_Source\JSTUDIO_CLASSIC11_2023\source\Tools\ActorTools\AStudio\AProject.c(746,18): warning C4996: 'strtok': This function or variable may be unsafe. Consider using strtok_s instead. To disable deprecation, use _CRT_SECURE_NO_WARNINGS. See online help for details.
C:\Users\James\Downloads\JStudio_Classic_11_2023_Source\JSTUDIO_CLASSIC11_2023\source\Tools\ActorTools\AStudio\AProject.c(747,21): warning C4996: 'strtok': This function or variable may be unsafe. Consider using strtok_s instead. To disable deprecation, use _CRT_SECURE_NO_WARNINGS. See online help for details.
C:\Users\James\Downloads\JStudio_Classic_11_2023_Source\JSTUDIO_CLASSIC11_2023\source\Tools\ActorTools\AStudio\AProject.c(748,21): warning C4996: 'strtok': This function or variable may be unsafe. Consider using strtok_s instead. To disable deprecation, use _CRT_SECURE_NO_WARNINGS. See online help for details.
C:\Users\James\Downloads\JStudio_Classic_11_2023_Source\JSTUDIO_CLASSIC11_2023\source\Tools\ActorTools\AStudio\AProject.c(749,21): warning C4996: 'strtok': This function or variable may be unsafe. Consider using strtok_s instead. To disable deprecation, use _CRT_SECURE_NO_WARNINGS. See online help for details.
C:\Users\James\Downloads\JStudio_Classic_11_2023_Source\JSTUDIO_CLASSIC11_2023\source\Tools\ActorTools\AStudio\AProject.c(750,21): warning C4996: 'strtok': This function or variable may be unsafe. Consider using strtok_s instead. To disable deprecation, use _CRT_SECURE_NO_WARNINGS. See online help for details.
C:\Users\James\Downloads\JStudio_Classic_11_2023_Source\JSTUDIO_CLASSIC11_2023\source\Tools\ActorTools\AStudio\AProject.c(753,2): warning C4996: 'strcpy': This function or variable may be unsafe. Consider using strcpy_s instead. To disable deprecation, use _CRT_SECURE_NO_WARNINGS. See online help for details.
C:\Users\James\Downloads\JStudio_Classic_11_2023_Source\JSTUDIO_CLASSIC11_2023\source\Tools\ActorTools\AStudio\AProject.c(775,2): warning C4996: 'strcpy': This function or variable may be unsafe. Consider using strcpy_s instead. To disable deprecation, use _CRT_SECURE_NO_WARNINGS. See online help for details.
C:\Users\James\Downloads\JStudio_Classic_11_2023_Source\JSTUDIO_CLASSIC11_2023\source\Tools\ActorTools\AStudio\AProject.c(776,2): warning C4996: 'strcpy': This function or variable may be unsafe. Consider using strcpy_s instead. To disable deprecation, use _CRT_SECURE_NO_WARNINGS. See online help for details.
C:\Users\James\Downloads\JStudio_Classic_11_2023_Source\JSTUDIO_CLASSIC11_2023\source\Tools\ActorTools\AStudio\AProject.c(777,2): warning C4996: 'strcpy': This function or variable may be unsafe. Consider using strcpy_s instead. To disable deprecation, use _CRT_SECURE_NO_WARNINGS. See online help for details.
C:\Users\James\Downloads\JStudio_Classic_11_2023_Source\JSTUDIO_CLASSIC11_2023\source\Tools\ActorTools\AStudio\AProject.c(875,3): warning C4996: 'sprintf': This function or variable may be unsafe. Consider using sprintf_s instead. To disable deprecation, use _CRT_SECURE_NO_WARNINGS. See online help for details.
C:\Users\James\Downloads\JStudio_Classic_11_2023_Source\JSTUDIO_CLASSIC11_2023\source\Tools\ActorTools\AStudio\AProject.c(1242,7): warning C4996: 'stricmp': The POSIX name for this item is deprecated. Instead, use the ISO C and C++ conformant name: _stricmp. See online help for details.
  Array.c
  FilePath.c
C:\Users\James\Downloads\JStudio_Classic_11_2023_Source\JSTUDIO_CLASSIC11_2023\source\Tools\ActorTools\AStudio\Util\FilePath.c(42,2): warning C4996: '_splitpath': This function or variable may be unsafe. Consider using _splitpath_s instead. To disable deprecation, use _CRT_SECURE_NO_WARNINGS. See online help for details.
C:\Users\James\Downloads\JStudio_Classic_11_2023_Source\JSTUDIO_CLASSIC11_2023\source\Tools\ActorTools\AStudio\Util\FilePath.c(55,2): warning C4996: '_splitpath': This function or variable may be unsafe. Consider using _splitpath_s instead. To disable deprecation, use _CRT_SECURE_NO_WARNINGS. See online help for details.
C:\Users\James\Downloads\JStudio_Classic_11_2023_Source\JSTUDIO_CLASSIC11_2023\source\Tools\ActorTools\AStudio\Util\FilePath.c(69,2): warning C4996: '_splitpath': This function or variable may be unsafe. Consider using _splitpath_s instead. To disable deprecation, use _CRT_SECURE_NO_WARNINGS. See online help for details.
C:\Users\James\Downloads\JStudio_Classic_11_2023_Source\JSTUDIO_CLASSIC11_2023\source\Tools\ActorTools\AStudio\Util\FilePath.c(82,2): warning C4996: '_splitpath': This function or variable may be unsafe. Consider using _splitpath_s instead. To disable deprecation, use _CRT_SECURE_NO_WARNINGS. See online help for details.
C:\Users\James\Downloads\JStudio_Classic_11_2023_Source\JSTUDIO_CLASSIC11_2023\source\Tools\ActorTools\AStudio\Util\FilePath.c(99,2): warning C4996: '_splitpath': This function or variable may be unsafe. Consider using _splitpath_s instead. To disable deprecation, use _CRT_SECURE_NO_WARNINGS. See online help for details.
C:\Users\James\Downloads\JStudio_Classic_11_2023_Source\JSTUDIO_CLASSIC11_2023\source\Tools\ActorTools\AStudio\Util\FilePath.c(100,2): warning C4996: '_makepath': This function or variable may be unsafe. Consider using _makepath_s instead. To disable deprecation, use _CRT_SECURE_NO_WARNINGS. See online help for details.
C:\Users\James\Downloads\JStudio_Classic_11_2023_Source\JSTUDIO_CLASSIC11_2023\source\Tools\ActorTools\AStudio\Util\FilePath.c(116,2): warning C4996: '_splitpath': This function or variable may be unsafe. Consider using _splitpath_s instead. To disable deprecation, use _CRT_SECURE_NO_WARNINGS. See online help for details.
C:\Users\James\Downloads\JStudio_Classic_11_2023_Source\JSTUDIO_CLASSIC11_2023\source\Tools\ActorTools\AStudio\Util\FilePath.c(117,2): warning C4996: '_makepath': This function or variable may be unsafe. Consider using _makepath_s instead. To disable deprecation, use _CRT_SECURE_NO_WARNINGS. See online help for details.
C:\Users\James\Downloads\JStudio_Classic_11_2023_Source\JSTUDIO_CLASSIC11_2023\source\Tools\ActorTools\AStudio\Util\FilePath.c(137,2): warning C4996: '_splitpath': This function or variable may be unsafe. Consider using _splitpath_s instead. To disable deprecation, use _CRT_SECURE_NO_WARNINGS. See online help for details.
C:\Users\James\Downloads\JStudio_Classic_11_2023_Source\JSTUDIO_CLASSIC11_2023\source\Tools\ActorTools\AStudio\Util\FilePath.c(138,2): warning C4996: '_makepath': This function or variable may be unsafe. Consider using _makepath_s instead. To disable deprecation, use _CRT_SECURE_NO_WARNINGS. See online help for details.
C:\Users\James\Downloads\JStudio_Classic_11_2023_Source\JSTUDIO_CLASSIC11_2023\source\Tools\ActorTools\AStudio\Util\FilePath.c(156,3): warning C4996: 'strcpy': This function or variable may be unsafe. Consider using strcpy_s instead. To disable deprecation, use _CRT_SECURE_NO_WARNINGS. See online help for details.
C:\Users\James\Downloads\JStudio_Classic_11_2023_Source\JSTUDIO_CLASSIC11_2023\source\Tools\ActorTools\AStudio\Util\FilePath.c(182,3): warning C4996: 'strcpy': This function or variable may be unsafe. Consider using strcpy_s instead. To disable deprecation, use _CRT_SECURE_NO_WARNINGS. See online help for details.
C:\Users\James\Downloads\JStudio_Classic_11_2023_Source\JSTUDIO_CLASSIC11_2023\source\Tools\ActorTools\AStudio\Util\FilePath.c(187,3): warning C4996: 'strcat': This function or variable may be unsafe. Consider using strcat_s instead. To disable deprecation, use _CRT_SECURE_NO_WARNINGS. See online help for details.
C:\Users\James\Downloads\JStudio_Classic_11_2023_Source\JSTUDIO_CLASSIC11_2023\source\Tools\ActorTools\AStudio\Util\FilePath.c(209,4): warning C4996: 'strcpy': This function or variable may be unsafe. Consider using strcpy_s instead. To disable deprecation, use _CRT_SECURE_NO_WARNINGS. See online help for details.
C:\Users\James\Downloads\JStudio_Classic_11_2023_Source\JSTUDIO_CLASSIC11_2023\source\Tools\ActorTools\AStudio\Util\FilePath.c(213,4): warning C4996: 'strncpy': This function or variable may be unsafe. Consider using strncpy_s instead. To disable deprecation, use _CRT_SECURE_NO_WARNINGS. See online help for details.
C:\Users\James\Downloads\JStudio_Classic_11_2023_Source\JSTUDIO_CLASSIC11_2023\source\Tools\ActorTools\AStudio\Util\FilePath.c(222,4): warning C4996: 'strcpy': This function or variable may be unsafe. Consider using strcpy_s instead. To disable deprecation, use _CRT_SECURE_NO_WARNINGS. See online help for details.
C:\Users\James\Downloads\JStudio_Classic_11_2023_Source\JSTUDIO_CLASSIC11_2023\source\Tools\ActorTools\AStudio\Util\FilePath.c(236,4): warning C4996: 'strcat': This function or variable may be unsafe. Consider using strcat_s instead. To disable deprecation, use _CRT_SECURE_NO_WARNINGS. See online help for details.
C:\Users\James\Downloads\JStudio_Classic_11_2023_Source\JSTUDIO_CLASSIC11_2023\source\Tools\ActorTools\AStudio\Util\FilePath.c(238,3): warning C4996: 'strcat': This function or variable may be unsafe. Consider using strcat_s instead. To disable deprecation, use _CRT_SECURE_NO_WARNINGS. See online help for details.
  make.c
  Need a force-build flag for each target
C:\Users\James\Downloads\JStudio_Classic_11_2023_Source\JSTUDIO_CLASSIC11_2023\source\Tools\ActorTools\AStudio\make.c(184,2): warning C4996: '_splitpath': This function or variable may be unsafe. Consider using _splitpath_s instead. To disable deprecation, use _CRT_SECURE_NO_WARNINGS. See online help for details.
C:\Users\James\Downloads\JStudio_Classic_11_2023_Source\JSTUDIO_CLASSIC11_2023\source\Tools\ActorTools\AStudio\make.c(185,2): warning C4996: '_makepath': This function or variable may be unsafe. Consider using _makepath_s instead. To disable deprecation, use _CRT_SECURE_NO_WARNINGS. See online help for details.
C:\Users\James\Downloads\JStudio_Classic_11_2023_Source\JSTUDIO_CLASSIC11_2023\source\Tools\ActorTools\AStudio\make.c(804,2): warning C4996: 'strcpy': This function or variable may be unsafe. Consider using strcpy_s instead. To disable deprecation, use _CRT_SECURE_NO_WARNINGS. See online help for details.
C:\Users\James\Downloads\JStudio_Classic_11_2023_Source\JSTUDIO_CLASSIC11_2023\source\Tools\ActorTools\AStudio\make.c(831,6): warning C4996: 'sprintf': This function or variable may be unsafe. Consider using sprintf_s instead. To disable deprecation, use _CRT_SECURE_NO_WARNINGS. See online help for details.
C:\Users\James\Downloads\JStudio_Classic_11_2023_Source\JSTUDIO_CLASSIC11_2023\source\Tools\ActorTools\AStudio\make.c(841,6): warning C4996: 'sprintf': This function or variable may be unsafe. Consider using sprintf_s instead. To disable deprecation, use _CRT_SECURE_NO_WARNINGS. See online help for details.
C:\Users\James\Downloads\JStudio_Classic_11_2023_Source\JSTUDIO_CLASSIC11_2023\source\Tools\ActorTools\AStudio\make.c(850,6): warning C4996: 'sprintf': This function or variable may be unsafe. Consider using sprintf_s instead. To disable deprecation, use _CRT_SECURE_NO_WARNINGS. See online help for details.
C:\Users\James\Downloads\JStudio_Classic_11_2023_Source\JSTUDIO_CLASSIC11_2023\source\Tools\ActorTools\AStudio\make.c(860,6): warning C4996: 'sprintf': This function or variable may be unsafe. Consider using sprintf_s instead. To disable deprecation, use _CRT_SECURE_NO_WARNINGS. See online help for details.
C:\Users\James\Downloads\JStudio_Classic_11_2023_Source\JSTUDIO_CLASSIC11_2023\source\Tools\ActorTools\AStudio\make.c(883,8): warning C4996: 'sprintf': This function or variable may be unsafe. Consider using sprintf_s instead. To disable deprecation, use _CRT_SECURE_NO_WARNINGS. See online help for details.
C:\Users\James\Downloads\JStudio_Classic_11_2023_Source\JSTUDIO_CLASSIC11_2023\source\Tools\ActorTools\AStudio\make.c(927,12): warning C4996: 'sprintf': This function or variable may be unsafe. Consider using sprintf_s instead. To disable deprecation, use _CRT_SECURE_NO_WARNINGS. See online help for details.
C:\Users\James\Downloads\JStudio_Classic_11_2023_Source\JSTUDIO_CLASSIC11_2023\source\Tools\ActorTools\AStudio\make.c(944,12): warning C4996: 'sprintf': This function or variable may be unsafe. Consider using sprintf_s instead. To disable deprecation, use _CRT_SECURE_NO_WARNINGS. See online help for details.
C:\Users\James\Downloads\JStudio_Classic_11_2023_Source\JSTUDIO_CLASSIC11_2023\source\Tools\ActorTools\AStudio\make.c(1026,3): warning C4996: 'sprintf': This function or variable may be unsafe. Consider using sprintf_s instead. To disable deprecation, use _CRT_SECURE_NO_WARNINGS. See online help for details.
C:\Users\James\Downloads\JStudio_Classic_11_2023_Source\JSTUDIO_CLASSIC11_2023\source\Tools\ActorTools\AStudio\make.c(1036,3): warning C4996: 'sprintf': This function or variable may be unsafe. Consider using sprintf_s instead. To disable deprecation, use _CRT_SECURE_NO_WARNINGS. See online help for details.
C:\Users\James\Downloads\JStudio_Classic_11_2023_Source\JSTUDIO_CLASSIC11_2023\source\Tools\ActorTools\AStudio\make.c(1046,3): warning C4996: 'sprintf': This function or variable may be unsafe. Consider using sprintf_s instead. To disable deprecation, use _CRT_SECURE_NO_WARNINGS. See online help for details.
C:\Users\James\Downloads\JStudio_Classic_11_2023_Source\JSTUDIO_CLASSIC11_2023\source\Tools\ActorTools\AStudio\make.c(1055,3): warning C4996: 'sprintf': This function or variable may be unsafe. Consider using sprintf_s instead. To disable deprecation, use _CRT_SECURE_NO_WARNINGS. See online help for details.
C:\Users\James\Downloads\JStudio_Classic_11_2023_Source\JSTUDIO_CLASSIC11_2023\source\Tools\ActorTools\AStudio\make.c(1146,2): warning C4996: 'strcpy': This function or variable may be unsafe. Consider using strcpy_s instead. To disable deprecation, use _CRT_SECURE_NO_WARNINGS. See online help for details.
C:\Users\James\Downloads\JStudio_Classic_11_2023_Source\JSTUDIO_CLASSIC11_2023\source\Tools\ActorTools\AStudio\make.c(1184,6): warning C4996: 'sprintf': This function or variable may be unsafe. Consider using sprintf_s instead. To disable deprecation, use _CRT_SECURE_NO_WARNINGS. See online help for details.
C:\Users\James\Downloads\JStudio_Classic_11_2023_Source\JSTUDIO_CLASSIC11_2023\source\Tools\ActorTools\AStudio\make.c(1194,6): warning C4996: 'sprintf': This function or variable may be unsafe. Consider using sprintf_s instead. To disable deprecation, use _CRT_SECURE_NO_WARNINGS. See online help for details.
C:\Users\James\Downloads\JStudio_Classic_11_2023_Source\JSTUDIO_CLASSIC11_2023\source\Tools\ActorTools\AStudio\make.c(1204,6): warning C4996: 'sprintf': This function or variable may be unsafe. Consider using sprintf_s instead. To disable deprecation, use _CRT_SECURE_NO_WARNINGS. See online help for details.
C:\Users\James\Downloads\JStudio_Classic_11_2023_Source\JSTUDIO_CLASSIC11_2023\source\Tools\ActorTools\AStudio\make.c(1214,6): warning C4996: 'sprintf': This function or variable may be unsafe. Consider using sprintf_s instead. To disable deprecation, use _CRT_SECURE_NO_WARNINGS. See online help for details.
C:\Users\James\Downloads\JStudio_Classic_11_2023_Source\JSTUDIO_CLASSIC11_2023\source\Tools\ActorTools\AStudio\make.c(1223,6): warning C4996: 'sprintf': This function or variable may be unsafe. Consider using sprintf_s instead. To disable deprecation, use _CRT_SECURE_NO_WARNINGS. See online help for details.
C:\Users\James\Downloads\JStudio_Classic_11_2023_Source\JSTUDIO_CLASSIC11_2023\source\Tools\ActorTools\AStudio\make.c(1234,8): warning C4996: 'sprintf': This function or variable may be unsafe. Consider using sprintf_s instead. To disable deprecation, use _CRT_SECURE_NO_WARNINGS. See online help for details.
C:\Users\James\Downloads\JStudio_Classic_11_2023_Source\JSTUDIO_CLASSIC11_2023\source\Tools\ActorTools\AStudio\make.c(1249,7): warning C4996: 'strcpy': This function or variable may be unsafe. Consider using strcpy_s instead. To disable deprecation, use _CRT_SECURE_NO_WARNINGS. See online help for details.
C:\Users\James\Downloads\JStudio_Classic_11_2023_Source\JSTUDIO_CLASSIC11_2023\source\Tools\ActorTools\AStudio\make.c(1264,12): warning C4996: 'sprintf': This function or variable may be unsafe. Consider using sprintf_s instead. To disable deprecation, use _CRT_SECURE_NO_WARNINGS. See online help for details.
  would like to test against date of apj file
C:\Users\James\Downloads\JStudio_Classic_11_2023_Source\JSTUDIO_CLASSIC11_2023\source\Tools\ActorTools\AStudio\make.c(1502,4): warning C4996: 'sprintf': This function or variable may be unsafe. Consider using sprintf_s instead. To disable deprecation, use _CRT_SECURE_NO_WARNINGS. See online help for details.
C:\Users\James\Downloads\JStudio_Classic_11_2023_Source\JSTUDIO_CLASSIC11_2023\source\Tools\ActorTools\AStudio\make.c(1503,6): warning C4996: 'fopen': This function or variable may be unsafe. Consider using fopen_s instead. To disable deprecation, use _CRT_SECURE_NO_WARNINGS. See online help for details.
C:\Users\James\Downloads\JStudio_Classic_11_2023_Source\JSTUDIO_CLASSIC11_2023\source\Tools\ActorTools\AStudio\make.c(1594,3): warning C4996: 'sprintf': This function or variable may be unsafe. Consider using sprintf_s instead. To disable deprecation, use _CRT_SECURE_NO_WARNINGS. See online help for details.
C:\Users\James\Downloads\JStudio_Classic_11_2023_Source\JSTUDIO_CLASSIC11_2023\source\Tools\ActorTools\AStudio\make.c(1604,3): warning C4996: 'sprintf': This function or variable may be unsafe. Consider using sprintf_s instead. To disable deprecation, use _CRT_SECURE_NO_WARNINGS. See online help for details.
C:\Users\James\Downloads\JStudio_Classic_11_2023_Source\JSTUDIO_CLASSIC11_2023\source\Tools\ActorTools\AStudio\make.c(1626,5): warning C4996: 'sprintf': This function or variable may be unsafe. Consider using sprintf_s instead. To disable deprecation, use _CRT_SECURE_NO_WARNINGS. See online help for details.
C:\Users\James\Downloads\JStudio_Classic_11_2023_Source\JSTUDIO_CLASSIC11_2023\source\Tools\ActorTools\AStudio\make.c(1637,3): warning C4996: 'unlink': The POSIX name for this item is deprecated. Instead, use the ISO C and C++ conformant name: _unlink. See online help for details.
C:\Users\James\Downloads\JStudio_Classic_11_2023_Source\JSTUDIO_CLASSIC11_2023\source\Tools\ActorTools\AStudio\make.c(1689,8): warning C4996: 'unlink': The POSIX name for this item is deprecated. Instead, use the ISO C and C++ conformant name: _unlink. See online help for details.
C:\Users\James\Downloads\JStudio_Classic_11_2023_Source\JSTUDIO_CLASSIC11_2023\source\Tools\ActorTools\AStudio\make.c(1721,9): warning C4996: 'unlink': The POSIX name for this item is deprecated. Instead, use the ISO C and C++ conformant name: _unlink. See online help for details.
  mxscript.c
C:\Users\James\Downloads\JStudio_Classic_11_2023_Source\JSTUDIO_CLASSIC11_2023\source\Tools\ActorTools\AStudio\mxscript.c(110,12): warning C4996: 'fopen': This function or variable may be unsafe. Consider using fopen_s instead. To disable deprecation, use _CRT_SECURE_NO_WARNINGS. See online help for details.
C:\Users\James\Downloads\JStudio_Classic_11_2023_Source\JSTUDIO_CLASSIC11_2023\source\Tools\ActorTools\AStudio\mxscript.c(225,2): warning C4996: '_splitpath': This function or variable may be unsafe. Consider using _splitpath_s instead. To disable deprecation, use _CRT_SECURE_NO_WARNINGS. See online help for details.
C:\Users\James\Downloads\JStudio_Classic_11_2023_Source\JSTUDIO_CLASSIC11_2023\source\Tools\ActorTools\AStudio\mxscript.c(226,2): warning C4996: 'strcat': This function or variable may be unsafe. Consider using strcat_s instead. To disable deprecation, use _CRT_SECURE_NO_WARNINGS. See online help for details.
C:\Users\James\Downloads\JStudio_Classic_11_2023_Source\JSTUDIO_CLASSIC11_2023\source\Tools\ActorTools\AStudio\mxscript.c(227,2): warning C4996: '_makepath': This function or variable may be unsafe. Consider using _makepath_s instead. To disable deprecation, use _CRT_SECURE_NO_WARNINGS. See online help for details.
C:\Users\James\Downloads\JStudio_Classic_11_2023_Source\JSTUDIO_CLASSIC11_2023\source\Tools\ActorTools\AStudio\mxscript.c(240,2): warning C4996: '_makepath': This function or variable may be unsafe. Consider using _makepath_s instead. To disable deprecation, use _CRT_SECURE_NO_WARNINGS. See online help for details.
C:\Users\James\Downloads\JStudio_Classic_11_2023_Source\JSTUDIO_CLASSIC11_2023\source\Tools\ActorTools\AStudio\mxscript.c(265,2): warning C4996: 'sprintf': This function or variable may be unsafe. Consider using sprintf_s instead. To disable deprecation, use _CRT_SECURE_NO_WARNINGS. See online help for details.
C:\Users\James\Downloads\JStudio_Classic_11_2023_Source\JSTUDIO_CLASSIC11_2023\source\Tools\ActorTools\AStudio\mxscript.c(282,6): warning C4996: 'fopen': This function or variable may be unsafe. Consider using fopen_s instead. To disable deprecation, use _CRT_SECURE_NO_WARNINGS. See online help for details.
  Rcstring.c
  Util.c
C:\Users\James\Downloads\JStudio_Classic_11_2023_Source\JSTUDIO_CLASSIC11_2023\source\Tools\ActorTools\AStudio\Util\Util.c(38,3): warning C4996: 'strcpy': This function or variable may be unsafe. Consider using strcpy_s instead. To disable deprecation, use _CRT_SECURE_NO_WARNINGS. See online help for details.
  Log.c
C:\Users\James\Downloads\JStudio_Classic_11_2023_Source\JSTUDIO_CLASSIC11_2023\source\Tools\ActorTools\mop\Log.c(52,8): warning C4996: 'fopen': This function or variable may be unsafe. Consider using fopen_s instead. To disable deprecation, use _CRT_SECURE_NO_WARNINGS. See online help for details.
C:\Users\James\Downloads\JStudio_Classic_11_2023_Source\JSTUDIO_CLASSIC11_2023\source\Tools\ActorTools\mop\Log.c(67,6): warning C4996: 'fopen': This function or variable may be unsafe. Consider using fopen_s instead. To disable deprecation, use _CRT_SECURE_NO_WARNINGS. See online help for details.
C:\Users\James\Downloads\JStudio_Classic_11_2023_Source\JSTUDIO_CLASSIC11_2023\source\Tools\ActorTools\mop\Log.c(87,2): warning C4996: 'sprintf': This function or variable may be unsafe. Consider using sprintf_s instead. To disable deprecation, use _CRT_SECURE_NO_WARNINGS. See online help for details.
C:\Users\James\Downloads\JStudio_Classic_11_2023_Source\JSTUDIO_CLASSIC11_2023\source\Tools\ActorTools\mop\Log.c(111,10): warning C4996: 'fopen': This function or variable may be unsafe. Consider using fopen_s instead. To disable deprecation, use _CRT_SECURE_NO_WARNINGS. See online help for details.
C:\Users\James\Downloads\JStudio_Classic_11_2023_Source\JSTUDIO_CLASSIC11_2023\source\Tools\ActorTools\mop\Log.c(114,6): warning C4996: 'sprintf': This function or variable may be unsafe. Consider using sprintf_s instead. To disable deprecation, use _CRT_SECURE_NO_WARNINGS. See online help for details.
C:\Users\James\Downloads\JStudio_Classic_11_2023_Source\JSTUDIO_CLASSIC11_2023\source\Tools\ActorTools\mop\Log.c(156,2): warning C4996: 'strcpy': This function or variable may be unsafe. Consider using strcpy_s instead. To disable deprecation, use _CRT_SECURE_NO_WARNINGS. See online help for details.
C:\Users\James\Downloads\JStudio_Classic_11_2023_Source\JSTUDIO_CLASSIC11_2023\source\Tools\ActorTools\mop\Log.c(187,2): warning C4996: 'vsprintf': This function or variable may be unsafe. Consider using vsprintf_s instead. To disable deprecation, use _CRT_SECURE_NO_WARNINGS. See online help for details.
  maxmath.c
  mkactor.c
C:\Users\James\Downloads\JStudio_Classic_11_2023_Source\JSTUDIO_CLASSIC11_2023\source\Tools\ActorTools\mkactor\mkactor.c(174,3): warning C4996: 'strcpy': This function or variable may be unsafe. Consider using strcpy_s instead. To disable deprecation, use _CRT_SECURE_NO_WARNINGS. See online help for details.
C:\Users\James\Downloads\JStudio_Classic_11_2023_Source\JSTUDIO_CLASSIC11_2023\source\Tools\ActorTools\mkactor\mkactor.c(175,3): warning C4996: 'strcat': This function or variable may be unsafe. Consider using strcat_s instead. To disable deprecation, use _CRT_SECURE_NO_WARNINGS. See online help for details.
C:\Users\James\Downloads\JStudio_Classic_11_2023_Source\JSTUDIO_CLASSIC11_2023\source\Tools\ActorTools\mkactor\mkactor.c(185,3): warning C4996: 'unlink': The POSIX name for this item is deprecated. Instead, use the ISO C and C++ conformant name: _unlink. See online help for details.
C:\Users\James\Downloads\JStudio_Classic_11_2023_Source\JSTUDIO_CLASSIC11_2023\source\Tools\ActorTools\mkactor\mkactor.c(193,4): warning C4996: 'unlink': The POSIX name for this item is deprecated. Instead, use the ISO C and C++ conformant name: _unlink. See online help for details.
C:\Users\James\Downloads\JStudio_Classic_11_2023_Source\JSTUDIO_CLASSIC11_2023\source\Tools\ActorTools\mkactor\mkactor.c(201,6): warning C4996: 'unlink': The POSIX name for this item is deprecated. Instead, use the ISO C and C++ conformant name: _unlink. See online help for details.
C:\Users\James\Downloads\JStudio_Classic_11_2023_Source\JSTUDIO_CLASSIC11_2023\source\Tools\ActorTools\mkactor\mkactor.c(303,6): warning C4996: 'strcpy': This function or variable may be unsafe. Consider using strcpy_s instead. To disable deprecation, use _CRT_SECURE_NO_WARNINGS. See online help for details.
C:\Users\James\Downloads\JStudio_Classic_11_2023_Source\JSTUDIO_CLASSIC11_2023\source\Tools\ActorTools\mkactor\mkactor.c(324,6): warning C4996: 'strcpy': This function or variable may be unsafe. Consider using strcpy_s instead. To disable deprecation, use _CRT_SECURE_NO_WARNINGS. See online help for details.
  mkmotion.c
  jeMotion_InsertEvent should take a const const*
C:\Users\James\Downloads\JStudio_Classic_11_2023_Source\JSTUDIO_CLASSIC11_2023\source\Tools\ActorTools\mkmotion\mkmotion.c(323,7): warning C4996: 'fopen': This function or variable may be unsafe. Consider using fopen_s instead. To disable deprecation, use _CRT_SECURE_NO_WARNINGS. See online help for details.
C:\Users\James\Downloads\JStudio_Classic_11_2023_Source\JSTUDIO_CLASSIC11_2023\source\Tools\ActorTools\mkmotion\mkmotion.c(374,2): warning C4996: 'sscanf': This function or variable may be unsafe. Consider using sscanf_s instead. To disable deprecation, use _CRT_SECURE_NO_WARNINGS. See online help for details.
C:\Users\James\Downloads\JStudio_Classic_11_2023_Source\JSTUDIO_CLASSIC11_2023\source\Tools\ActorTools\mkmotion\mkmotion.c(387,2): warning C4996: 'sscanf': This function or variable may be unsafe. Consider using sscanf_s instead. To disable deprecation, use _CRT_SECURE_NO_WARNINGS. See online help for details.
C:\Users\James\Downloads\JStudio_Classic_11_2023_Source\JSTUDIO_CLASSIC11_2023\source\Tools\ActorTools\mkmotion\mkmotion.c(416,3): warning C4996: 'strcpy': This function or variable may be unsafe. Consider using strcpy_s instead. To disable deprecation, use _CRT_SECURE_NO_WARNINGS. See online help for details.
C:\Users\James\Downloads\JStudio_Classic_11_2023_Source\JSTUDIO_CLASSIC11_2023\source\Tools\ActorTools\mkmotion\mkmotion.c(421,4): warning C4996: 'strupr': The POSIX name for this item is deprecated. Instead, use the ISO C and C++ conformant name: _strupr. See online help for details.
C:\Users\James\Downloads\JStudio_Classic_11_2023_Source\JSTUDIO_CLASSIC11_2023\source\Tools\ActorTools\mkmotion\mkmotion.c(430,4): warning C4996: 'sscanf': This function or variable may be unsafe. Consider using sscanf_s instead. To disable deprecation, use _CRT_SECURE_NO_WARNINGS. See online help for details.
C:\Users\James\Downloads\JStudio_Classic_11_2023_Source\JSTUDIO_CLASSIC11_2023\source\Tools\ActorTools\mkmotion\mkmotion.c(453,4): warning C4996: 'sscanf': This function or variable may be unsafe. Consider using sscanf_s instead. To disable deprecation, use _CRT_SECURE_NO_WARNINGS. See online help for details.
C:\Users\James\Downloads\JStudio_Classic_11_2023_Source\JSTUDIO_CLASSIC11_2023\source\Tools\ActorTools\mkmotion\mkmotion.c(455,4): warning C4996: 'sscanf': This function or variable may be unsafe. Consider using sscanf_s instead. To disable deprecation, use _CRT_SECURE_NO_WARNINGS. See online help for details.
C:\Users\James\Downloads\JStudio_Classic_11_2023_Source\JSTUDIO_CLASSIC11_2023\source\Tools\ActorTools\mkmotion\mkmotion.c(457,4): warning C4996: 'sscanf': This function or variable may be unsafe. Consider using sscanf_s instead. To disable deprecation, use _CRT_SECURE_NO_WARNINGS. See online help for details.
C:\Users\James\Downloads\JStudio_Classic_11_2023_Source\JSTUDIO_CLASSIC11_2023\source\Tools\ActorTools\mkmotion\mkmotion.c(459,4): warning C4996: 'sscanf': This function or variable may be unsafe. Consider using sscanf_s instead. To disable deprecation, use _CRT_SECURE_NO_WARNINGS. See online help for details.
C:\Users\James\Downloads\JStudio_Classic_11_2023_Source\JSTUDIO_CLASSIC11_2023\source\Tools\ActorTools\mkmotion\mkmotion.c(606,3): warning C4996: 'strcpy': This function or variable may be unsafe. Consider using strcpy_s instead. To disable deprecation, use _CRT_SECURE_NO_WARNINGS. See online help for details.
C:\Users\James\Downloads\JStudio_Classic_11_2023_Source\JSTUDIO_CLASSIC11_2023\source\Tools\ActorTools\mkmotion\mkmotion.c(666,5): warning C4996: 'strcpy': This function or variable may be unsafe. Consider using strcpy_s instead. To disable deprecation, use _CRT_SECURE_NO_WARNINGS. See online help for details.
C:\Users\James\Downloads\JStudio_Classic_11_2023_Source\JSTUDIO_CLASSIC11_2023\source\Tools\ActorTools\mkmotion\mkmotion.c(693,6): warning C4996: 'strcat': This function or variable may be unsafe. Consider using strcat_s instead. To disable deprecation, use _CRT_SECURE_NO_WARNINGS. See online help for details.
C:\Users\James\Downloads\JStudio_Classic_11_2023_Source\JSTUDIO_CLASSIC11_2023\source\Tools\ActorTools\mkmotion\mkmotion.c(796,4): warning C4996: 'strcpy': This function or variable may be unsafe. Consider using strcpy_s instead. To disable deprecation, use _CRT_SECURE_NO_WARNINGS. See online help for details.
C:\Users\James\Downloads\JStudio_Classic_11_2023_Source\JSTUDIO_CLASSIC11_2023\source\Tools\ActorTools\mkmotion\mkmotion.c(802,4): warning C4996: 'strcpy': This function or variable may be unsafe. Consider using strcpy_s instead. To disable deprecation, use _CRT_SECURE_NO_WARNINGS. See online help for details.
C:\Users\James\Downloads\JStudio_Classic_11_2023_Source\JSTUDIO_CLASSIC11_2023\source\Tools\ActorTools\mkmotion\mkmotion.c(824,3): warning C4996: 'unlink': The POSIX name for this item is deprecated. Instead, use the ISO C and C++ conformant name: _unlink. See online help for details.
C:\Users\James\Downloads\JStudio_Classic_11_2023_Source\JSTUDIO_CLASSIC11_2023\source\Tools\ActorTools\mkmotion\mkmotion.c(834,4): warning C4996: 'unlink': The POSIX name for this item is deprecated. Instead, use the ISO C and C++ conformant name: _unlink. See online help for details.
C:\Users\James\Downloads\JStudio_Classic_11_2023_Source\JSTUDIO_CLASSIC11_2023\source\Tools\ActorTools\mkmotion\mkmotion.c(842,6): warning C4996: 'unlink': The POSIX name for this item is deprecated. Instead, use the ISO C and C++ conformant name: _unlink. See online help for details.
C:\Users\James\Downloads\JStudio_Classic_11_2023_Source\JSTUDIO_CLASSIC11_2023\source\Tools\ActorTools\mkmotion\mkmotion.c(1047,6): warning C4996: 'strcpy': This function or variable may be unsafe. Consider using strcpy_s instead. To disable deprecation, use _CRT_SECURE_NO_WARNINGS. See online help for details.
C:\Users\James\Downloads\JStudio_Classic_11_2023_Source\JSTUDIO_CLASSIC11_2023\source\Tools\ActorTools\mkmotion\mkmotion.c(1081,6): warning C4996: 'strcpy': This function or variable may be unsafe. Consider using strcpy_s instead. To disable deprecation, use _CRT_SECURE_NO_WARNINGS. See online help for details.
C:\Users\James\Downloads\JStudio_Classic_11_2023_Source\JSTUDIO_CLASSIC11_2023\source\Tools\ActorTools\mkmotion\mkmotion.c(1101,6): warning C4996: 'strcpy': This function or variable may be unsafe. Consider using strcpy_s instead. To disable deprecation, use _CRT_SECURE_NO_WARNINGS. See online help for details.
C:\Users\James\Downloads\JStudio_Classic_11_2023_Source\JSTUDIO_CLASSIC11_2023\source\Tools\ActorTools\mkmotion\mkmotion.c(1118,6): warning C4996: 'strcpy': This function or variable may be unsafe. Consider using strcpy_s instead. To disable deprecation, use _CRT_SECURE_NO_WARNINGS. See online help for details.
  mopshell.c
C:\Users\James\Downloads\JStudio_Classic_11_2023_Source\JSTUDIO_CLASSIC11_2023\source\Tools\ActorTools\mop\mopshell.c(316,4): warning C4996: 'unlink': The POSIX name for this item is deprecated. Instead, use the ISO C and C++ conformant name: _unlink. See online help for details.
C:\Users\James\Downloads\JStudio_Classic_11_2023_Source\JSTUDIO_CLASSIC11_2023\source\Tools\ActorTools\mop\mopshell.c(329,4): warning C4996: 'unlink': The POSIX name for this item is deprecated. Instead, use the ISO C and C++ conformant name: _unlink. See online help for details.
C:\Users\James\Downloads\JStudio_Classic_11_2023_Source\JSTUDIO_CLASSIC11_2023\source\Tools\ActorTools\mop\mopshell.c(420,6): warning C4996: 'strcpy': This function or variable may be unsafe. Consider using strcpy_s instead. To disable deprecation, use _CRT_SECURE_NO_WARNINGS. See online help for details.
C:\Users\James\Downloads\JStudio_Classic_11_2023_Source\JSTUDIO_CLASSIC11_2023\source\Tools\ActorTools\mop\mopshell.c(441,6): warning C4996: 'strcpy': This function or variable may be unsafe. Consider using strcpy_s instead. To disable deprecation, use _CRT_SECURE_NO_WARNINGS. See online help for details.
C:\Users\James\Downloads\JStudio_Classic_11_2023_Source\JSTUDIO_CLASSIC11_2023\source\Tools\ActorTools\mop\mopshell.c(463,6): warning C4996: 'strcpy': This function or variable may be unsafe. Consider using strcpy_s instead. To disable deprecation, use _CRT_SECURE_NO_WARNINGS. See online help for details.
  pop.c
  TDBody.c
  vph.c
C:\Users\James\Downloads\JStudio_Classic_11_2023_Source\JSTUDIO_CLASSIC11_2023\source\Tools\ActorTools\mkbody\vph.c(51,6): warning C4996: 'fopen': This function or variable may be unsafe. Consider using fopen_s instead. To disable deprecation, use _CRT_SECURE_NO_WARNINGS. See online help for details.
C:\Users\James\Downloads\JStudio_Classic_11_2023_Source\JSTUDIO_CLASSIC11_2023\source\Tools\ActorTools\mkbody\vph.c(61,2): warning C4996: 'strcpy': This function or variable may be unsafe. Consider using strcpy_s instead. To disable deprecation, use _CRT_SECURE_NO_WARNINGS. See online help for details.
C:\Users\James\Downloads\JStudio_Classic_11_2023_Source\JSTUDIO_CLASSIC11_2023\source\Tools\ActorTools\mkbody\vph.c(72,6): warning C4996: 'fopen': This function or variable may be unsafe. Consider using fopen_s instead. To disable deprecation, use _CRT_SECURE_NO_WARNINGS. See online help for details.
C:\Users\James\Downloads\JStudio_Classic_11_2023_Source\JSTUDIO_CLASSIC11_2023\source\Tools\ActorTools\mkbody\vph.c(89,2): warning C4996: 'vsprintf': This function or variable may be unsafe. Consider using vsprintf_s instead. To disable deprecation, use _CRT_SECURE_NO_WARNINGS. See online help for details.
C:\Users\James\Downloads\JStudio_Classic_11_2023_Source\JSTUDIO_CLASSIC11_2023\source\Tools\ActorTools\mkbody\vph.c(90,2): warning C4996: 'strcat': This function or variable may be unsafe. Consider using strcat_s instead. To disable deprecation, use _CRT_SECURE_NO_WARNINGS. See online help for details.
C:\Users\James\Downloads\JStudio_Classic_11_2023_Source\JSTUDIO_CLASSIC11_2023\source\Tools\ActorTools\mkbody\vph.c(179,4): warning C4996: 'strcat': This function or variable may be unsafe. Consider using strcat_s instead. To disable deprecation, use _CRT_SECURE_NO_WARNINGS. See online help for details.
C:\Users\James\Downloads\JStudio_Classic_11_2023_Source\JSTUDIO_CLASSIC11_2023\source\Tools\ActorTools\mkbody\vph.c(497,6): warning C4996: 'fopen': This function or variable may be unsafe. Consider using fopen_s instead. To disable deprecation, use _CRT_SECURE_NO_WARNINGS. See online help for details.
  Generating Code...
  AStudio.cpp
C:\Users\James\Downloads\JStudio_Classic_11_2023_Source\JSTUDIO_CLASSIC11_2023\source\Tools\ActorTools\AStudio\AStudio.cpp(120,2): warning C4996: 'mbstowcs': This function or variable may be unsafe. Consider using mbstowcs_s instead. To disable deprecation, use _CRT_SECURE_NO_WARNINGS. See online help for details.
C:\Users\James\Downloads\JStudio_Classic_11_2023_Source\JSTUDIO_CLASSIC11_2023\source\Tools\ActorTools\AStudio\AStudio.cpp(160,2): warning C4996: 'CWinApp::Enable3dControls': CWinApp::Enable3dControls is no longer needed. You should remove this call.
C:\Users\James\Downloads\JStudio_Classic_11_2023_Source\JSTUDIO_CLASSIC11_2023\source\Tools\ActorTools\AStudio\AStudio.cpp(210,4): warning C4996: 'strcpy': This function or variable may be unsafe. Consider using strcpy_s instead. To disable deprecation, use _CRT_SECURE_NO_WARNINGS. See online help for details.
  BodyDlg.cpp
C:\Users\James\Downloads\JStudio_Classic_11_2023_Source\JSTUDIO_CLASSIC11_2023\source\Tools\ActorTools\AStudio\BodyDlg.cpp(144,2): warning C4996: 'strcpy': This function or variable may be unsafe. Consider using strcpy_s instead. To disable deprecation, use _CRT_SECURE_NO_WARNINGS. See online help for details.
C:\Users\James\Downloads\JStudio_Classic_11_2023_Source\JSTUDIO_CLASSIC11_2023\source\Tools\ActorTools\AStudio\BodyDlg.cpp(219,4): warning C4996: 'strcpy': This function or variable may be unsafe. Consider using strcpy_s instead. To disable deprecation, use _CRT_SECURE_NO_WARNINGS. See online help for details.
C:\Users\James\Downloads\JStudio_Classic_11_2023_Source\JSTUDIO_CLASSIC11_2023\source\Tools\ActorTools\AStudio\BodyDlg.cpp(251,3): warning C4996: 'strcpy': This function or variable may be unsafe. Consider using strcpy_s instead. To disable deprecation, use _CRT_SECURE_NO_WARNINGS. See online help for details.
  LogoPage.cpp
  MakeHelp.cpp
C:\Users\James\Downloads\JStudio_Classic_11_2023_Source\JSTUDIO_CLASSIC11_2023\source\Tools\ActorTools\AStudio\MakeHelp.cpp(45,2): warning C4996: 'vsprintf': This function or variable may be unsafe. Consider using vsprintf_s instead. To disable deprecation, use _CRT_SECURE_NO_WARNINGS. See online help for details.
C:\Users\James\Downloads\JStudio_Classic_11_2023_Source\JSTUDIO_CLASSIC11_2023\source\Tools\ActorTools\AStudio\MakeHelp.cpp(115,6): warning C4996: 'strcpy': This function or variable may be unsafe. Consider using strcpy_s instead. To disable deprecation, use _CRT_SECURE_NO_WARNINGS. See online help for details.
C:\Users\James\Downloads\JStudio_Classic_11_2023_Source\JSTUDIO_CLASSIC11_2023\source\Tools\ActorTools\AStudio\MakeHelp.cpp(124,5): warning C4996: 'strcpy': This function or variable may be unsafe. Consider using strcpy_s instead. To disable deprecation, use _CRT_SECURE_NO_WARNINGS. See online help for details.
C:\Users\James\Downloads\JStudio_Classic_11_2023_Source\JSTUDIO_CLASSIC11_2023\source\Tools\ActorTools\AStudio\MakeHelp.cpp(128,6): warning C4996: 'strcpy': This function or variable may be unsafe. Consider using strcpy_s instead. To disable deprecation, use _CRT_SECURE_NO_WARNINGS. See online help for details.
C:\Users\James\Downloads\JStudio_Classic_11_2023_Source\JSTUDIO_CLASSIC11_2023\source\Tools\ActorTools\AStudio\MakeHelp.cpp(136,4): warning C4996: 'strcpy': This function or variable may be unsafe. Consider using strcpy_s instead. To disable deprecation, use _CRT_SECURE_NO_WARNINGS. See online help for details.
C:\Users\James\Downloads\JStudio_Classic_11_2023_Source\JSTUDIO_CLASSIC11_2023\source\Tools\ActorTools\AStudio\MakeHelp.cpp(143,3): warning C4996: 'strcpy': This function or variable may be unsafe. Consider using strcpy_s instead. To disable deprecation, use _CRT_SECURE_NO_WARNINGS. See online help for details.
  MaterialsDlg.cpp
C:\Users\James\Downloads\JStudio_Classic_11_2023_Source\JSTUDIO_CLASSIC11_2023\source\Tools\ActorTools\AStudio\MaterialsDlg.cpp(193,2): warning C4996: 'strcpy': This function or variable may be unsafe. Consider using strcpy_s instead. To disable deprecation, use _CRT_SECURE_NO_WARNINGS. See online help for details.
C:\Users\James\Downloads\JStudio_Classic_11_2023_Source\JSTUDIO_CLASSIC11_2023\source\Tools\ActorTools\AStudio\MaterialsDlg.cpp(241,2): warning C4996: 'strcpy': This function or variable may be unsafe. Consider using strcpy_s instead. To disable deprecation, use _CRT_SECURE_NO_WARNINGS. See online help for details.
C:\Users\James\Downloads\JStudio_Classic_11_2023_Source\JSTUDIO_CLASSIC11_2023\source\Tools\ActorTools\AStudio\MaterialsDlg.cpp(350,4): warning C4996: 'strcpy': This function or variable may be unsafe. Consider using strcpy_s instead. To disable deprecation, use _CRT_SECURE_NO_WARNINGS. See online help for details.
C:\Users\James\Downloads\JStudio_Classic_11_2023_Source\JSTUDIO_CLASSIC11_2023\source\Tools\ActorTools\AStudio\MaterialsDlg.cpp(557,3): warning C4996: 'strcpy': This function or variable may be unsafe. Consider using strcpy_s instead. To disable deprecation, use _CRT_SECURE_NO_WARNINGS. See online help for details.
C:\Users\James\Downloads\JStudio_Classic_11_2023_Source\JSTUDIO_CLASSIC11_2023\source\Tools\ActorTools\AStudio\MaterialsDlg.cpp(621,3): warning C4996: 'strcpy': This function or variable may be unsafe. Consider using strcpy_s instead. To disable deprecation, use _CRT_SECURE_NO_WARNINGS. See online help for details.
  MotionsDlg.cpp
  Motions from actors not yet supported
C:\Users\James\Downloads\JStudio_Classic_11_2023_Source\JSTUDIO_CLASSIC11_2023\source\Tools\ActorTools\AStudio\MotionsDlg.cpp(278,2): warning C4996: 'strcpy': This function or variable may be unsafe. Consider using strcpy_s instead. To disable deprecation, use _CRT_SECURE_NO_WARNINGS. See online help for details.
C:\Users\James\Downloads\JStudio_Classic_11_2023_Source\JSTUDIO_CLASSIC11_2023\source\Tools\ActorTools\AStudio\MotionsDlg.cpp(326,2): warning C4996: 'strcpy': This function or variable may be unsafe. Consider using strcpy_s instead. To disable deprecation, use _CRT_SECURE_NO_WARNINGS. See online help for details.
C:\Users\James\Downloads\JStudio_Classic_11_2023_Source\JSTUDIO_CLASSIC11_2023\source\Tools\ActorTools\AStudio\MotionsDlg.cpp(480,4): warning C4996: 'strcpy': This function or variable may be unsafe. Consider using strcpy_s instead. To disable deprecation, use _CRT_SECURE_NO_WARNINGS. See online help for details.
C:\Users\James\Downloads\JStudio_Classic_11_2023_Source\JSTUDIO_CLASSIC11_2023\source\Tools\ActorTools\AStudio\MotionsDlg.cpp(505,3): warning C4996: 'strcpy': This function or variable may be unsafe. Consider using strcpy_s instead. To disable deprecation, use _CRT_SECURE_NO_WARNINGS. See online help for details.
C:\Users\James\Downloads\JStudio_Classic_11_2023_Source\JSTUDIO_CLASSIC11_2023\source\Tools\ActorTools\AStudio\MotionsDlg.cpp(571,3): warning C4996: 'strcpy': This function or variable may be unsafe. Consider using strcpy_s instead. To disable deprecation, use _CRT_SECURE_NO_WARNINGS. See online help for details.
C:\Users\James\Downloads\JStudio_Classic_11_2023_Source\JSTUDIO_CLASSIC11_2023\source\Tools\ActorTools\AStudio\MotionsDlg.cpp(604,7): warning C4996: 'strcpy': This function or variable may be unsafe. Consider using strcpy_s instead. To disable deprecation, use _CRT_SECURE_NO_WARNINGS. See online help for details.
  MyFileDlg.cpp
  NewPrjDlg.cpp
  PathsDlg.cpp
  PropPage.cpp
  PropSheet.cpp
  Need to handle creation err here
C:\Users\James\Downloads\JStudio_Classic_11_2023_Source\JSTUDIO_CLASSIC11_2023\source\Tools\ActorTools\AStudio\PropSheet.cpp(669,3): warning C4996: 'strcpy': This function or variable may be unsafe. Consider using strcpy_s instead. To disable deprecation, use _CRT_SECURE_NO_WARNINGS. See online help for details.
  SettingsDlg.cpp
  StdAfx.cpp
  TargetDlg.cpp
C:\Users\James\Downloads\JStudio_Classic_11_2023_Source\JSTUDIO_CLASSIC11_2023\source\Tools\ActorTools\AStudio\TargetDlg.cpp(116,2): warning C4996: 'strcpy': This function or variable may be unsafe. Consider using strcpy_s instead. To disable deprecation, use _CRT_SECURE_NO_WARNINGS. See online help for details.
C:\Users\James\Downloads\JStudio_Classic_11_2023_Source\JSTUDIO_CLASSIC11_2023\source\Tools\ActorTools\AStudio\TargetDlg.cpp(176,3): warning C4996: 'strcpy': This function or variable may be unsafe. Consider using strcpy_s instead. To disable deprecation, use _CRT_SECURE_NO_WARNINGS. See online help for details.
  TextInputDlg.cpp
  mkbody.cpp
C:\Users\James\Downloads\JStudio_Classic_11_2023_Source\JSTUDIO_CLASSIC11_2023\source\Tools\ActorTools\mkbody\mkbody.cpp(190,2): warning C4996: 'strncpy': This function or variable may be unsafe. Consider using strncpy_s instead. To disable deprecation, use _CRT_SECURE_NO_WARNINGS. See online help for details.
  need to test for rigid connections by looking at deform_link
C:\Users\James\Downloads\JStudio_Classic_11_2023_Source\JSTUDIO_CLASSIC11_2023\source\Tools\ActorTools\mkbody\mkbody.cpp(240,6): warning C4996: 'sscanf': This function or variable may be unsafe. Consider using sscanf_s instead. To disable deprecation, use _CRT_SECURE_NO_WARNINGS. See online help for details.
C:\Users\James\Downloads\JStudio_Classic_11_2023_Source\JSTUDIO_CLASSIC11_2023\source\Tools\ActorTools\mkbody\mkbody.cpp(268,4): warning C4996: 'strupr': The POSIX name for this item is deprecated. Instead, use the ISO C and C++ conformant name: _strupr. See online help for details.
C:\Users\James\Downloads\JStudio_Classic_11_2023_Source\JSTUDIO_CLASSIC11_2023\source\Tools\ActorTools\mkbody\mkbody.cpp(277,7): warning C4996: 'fscanf': This function or variable may be unsafe. Consider using fscanf_s instead. To disable deprecation, use _CRT_SECURE_NO_WARNINGS. See online help for details.
C:\Users\James\Downloads\JStudio_Classic_11_2023_Source\JSTUDIO_CLASSIC11_2023\source\Tools\ActorTools\mkbody\mkbody.cpp(286,7): warning C4996: 'fscanf': This function or variable may be unsafe. Consider using fscanf_s instead. To disable deprecation, use _CRT_SECURE_NO_WARNINGS. See online help for details.
C:\Users\James\Downloads\JStudio_Classic_11_2023_Source\JSTUDIO_CLASSIC11_2023\source\Tools\ActorTools\mkbody\mkbody.cpp(295,7): warning C4996: 'fscanf': This function or variable may be unsafe. Consider using fscanf_s instead. To disable deprecation, use _CRT_SECURE_NO_WARNINGS. See online help for details.
C:\Users\James\Downloads\JStudio_Classic_11_2023_Source\JSTUDIO_CLASSIC11_2023\source\Tools\ActorTools\mkbody\mkbody.cpp(304,7): warning C4996: 'fscanf': This function or variable may be unsafe. Consider using fscanf_s instead. To disable deprecation, use _CRT_SECURE_NO_WARNINGS. See online help for details.
C:\Users\James\Downloads\JStudio_Classic_11_2023_Source\JSTUDIO_CLASSIC11_2023\source\Tools\ActorTools\mkbody\mkbody.cpp(330,5): warning C4996: 'sscanf': This function or variable may be unsafe. Consider using sscanf_s instead. To disable deprecation, use _CRT_SECURE_NO_WARNINGS. See online help for details.
C:\Users\James\Downloads\JStudio_Classic_11_2023_Source\JSTUDIO_CLASSIC11_2023\source\Tools\ActorTools\mkbody\mkbody.cpp(379,4): warning C4996: 'strupr': The POSIX name for this item is deprecated. Instead, use the ISO C and C++ conformant name: _strupr. See online help for details.
C:\Users\James\Downloads\JStudio_Classic_11_2023_Source\JSTUDIO_CLASSIC11_2023\source\Tools\ActorTools\mkbody\mkbody.cpp(394,6): warning C4996: 'sscanf': This function or variable may be unsafe. Consider using sscanf_s instead. To disable deprecation, use _CRT_SECURE_NO_WARNINGS. See online help for details.
C:\Users\James\Downloads\JStudio_Classic_11_2023_Source\JSTUDIO_CLASSIC11_2023\source\Tools\ActorTools\mkbody\mkbody.cpp(421,7): warning C4996: 'sscanf': This function or variable may be unsafe. Consider using sscanf_s instead. To disable deprecation, use _CRT_SECURE_NO_WARNINGS. See online help for details.
C:\Users\James\Downloads\JStudio_Classic_11_2023_Source\JSTUDIO_CLASSIC11_2023\source\Tools\ActorTools\mkbody\mkbody.cpp(450,7): warning C4996: 'sscanf': This function or variable may be unsafe. Consider using sscanf_s instead. To disable deprecation, use _CRT_SECURE_NO_WARNINGS. See online help for details.
  vertex offsets not used now, but when they are used, they need to be rotated
C:\Users\James\Downloads\JStudio_Classic_11_2023_Source\JSTUDIO_CLASSIC11_2023\source\Tools\ActorTools\mkbody\mkbody.cpp(751,7): warning C4996: 'sscanf': This function or variable may be unsafe. Consider using sscanf_s instead. To disable deprecation, use _CRT_SECURE_NO_WARNINGS. See online help for details.
C:\Users\James\Downloads\JStudio_Classic_11_2023_Source\JSTUDIO_CLASSIC11_2023\source\Tools\ActorTools\mkbody\mkbody.cpp(783,4): warning C4996: 'strupr': The POSIX name for this item is deprecated. Instead, use the ISO C and C++ conformant name: _strupr. See online help for details.
C:\Users\James\Downloads\JStudio_Classic_11_2023_Source\JSTUDIO_CLASSIC11_2023\source\Tools\ActorTools\mkbody\mkbody.cpp(830,4): warning C4996: 'strcpy': This function or variable may be unsafe. Consider using strcpy_s instead. To disable deprecation, use _CRT_SECURE_NO_WARNINGS. See online help for details.
  vertex offsets not used now, but when they are used, they need to be rotated
C:\Users\James\Downloads\JStudio_Classic_11_2023_Source\JSTUDIO_CLASSIC11_2023\source\Tools\ActorTools\mkbody\mkbody.cpp(908,7): warning C4996: 'sscanf': This function or variable may be unsafe. Consider using sscanf_s instead. To disable deprecation, use _CRT_SECURE_NO_WARNINGS. See online help for details.
C:\Users\James\Downloads\JStudio_Classic_11_2023_Source\JSTUDIO_CLASSIC11_2023\source\Tools\ActorTools\mkbody\mkbody.cpp(947,4): warning C4996: 'strupr': The POSIX name for this item is deprecated. Instead, use the ISO C and C++ conformant name: _strupr. See online help for details.
C:\Users\James\Downloads\JStudio_Classic_11_2023_Source\JSTUDIO_CLASSIC11_2023\source\Tools\ActorTools\mkbody\mkbody.cpp(994,4): warning C4996: 'strcpy': This function or variable may be unsafe. Consider using strcpy_s instead. To disable deprecation, use _CRT_SECURE_NO_WARNINGS. See online help for details.
C:\Users\James\Downloads\JStudio_Classic_11_2023_Source\JSTUDIO_CLASSIC11_2023\source\Tools\ActorTools\mkbody\mkbody.cpp(1053,7): warning C4996: 'sscanf': This function or variable may be unsafe. Consider using sscanf_s instead. To disable deprecation, use _CRT_SECURE_NO_WARNINGS. See online help for details.
C:\Users\James\Downloads\JStudio_Classic_11_2023_Source\JSTUDIO_CLASSIC11_2023\source\Tools\ActorTools\mkbody\mkbody.cpp(1103,6): warning C4996: 'sscanf': This function or variable may be unsafe. Consider using sscanf_s instead. To disable deprecation, use _CRT_SECURE_NO_WARNINGS. See online help for details.
C:\Users\James\Downloads\JStudio_Classic_11_2023_Source\JSTUDIO_CLASSIC11_2023\source\Tools\ActorTools\mkbody\mkbody.cpp(1110,6): warning C4996: 'fscanf': This function or variable may be unsafe. Consider using fscanf_s instead. To disable deprecation, use _CRT_SECURE_NO_WARNINGS. See online help for details.
C:\Users\James\Downloads\JStudio_Classic_11_2023_Source\JSTUDIO_CLASSIC11_2023\source\Tools\ActorTools\mkbody\mkbody.cpp(1116,6): warning C4996: 'fscanf': This function or variable may be unsafe. Consider using fscanf_s instead. To disable deprecation, use _CRT_SECURE_NO_WARNINGS. See online help for details.
C:\Users\James\Downloads\JStudio_Classic_11_2023_Source\JSTUDIO_CLASSIC11_2023\source\Tools\ActorTools\mkbody\mkbody.cpp(1124,7): warning C4996: 'fscanf': This function or variable may be unsafe. Consider using fscanf_s instead. To disable deprecation, use _CRT_SECURE_NO_WARNINGS. See online help for details.
C:\Users\James\Downloads\JStudio_Classic_11_2023_Source\JSTUDIO_CLASSIC11_2023\source\Tools\ActorTools\mkbody\mkbody.cpp(1202,2): warning C4996: 'strncpy': This function or variable may be unsafe. Consider using strncpy_s instead. To disable deprecation, use _CRT_SECURE_NO_WARNINGS. See online help for details.
C:\Users\James\Downloads\JStudio_Classic_11_2023_Source\JSTUDIO_CLASSIC11_2023\source\Tools\ActorTools\mkbody\mkbody.cpp(1215,5): warning C4996: 'sscanf': This function or variable may be unsafe. Consider using sscanf_s instead. To disable deprecation, use _CRT_SECURE_NO_WARNINGS. See online help for details.
C:\Users\James\Downloads\JStudio_Classic_11_2023_Source\JSTUDIO_CLASSIC11_2023\source\Tools\ActorTools\mkbody\mkbody.cpp(1285,5): warning C4996: 'sscanf': This function or variable may be unsafe. Consider using sscanf_s instead. To disable deprecation, use _CRT_SECURE_NO_WARNINGS. See online help for details.
C:\Users\James\Downloads\JStudio_Classic_11_2023_Source\JSTUDIO_CLASSIC11_2023\source\Tools\ActorTools\mkbody\mkbody.cpp(1319,5): warning C4996: 'sscanf': This function or variable may be unsafe. Consider using sscanf_s instead. To disable deprecation, use _CRT_SECURE_NO_WARNINGS. See online help for details.
C:\Users\James\Downloads\JStudio_Classic_11_2023_Source\JSTUDIO_CLASSIC11_2023\source\Tools\ActorTools\mkbody\mkbody.cpp(1774,2): warning C4996: '_splitpath': This function or variable may be unsafe. Consider using _splitpath_s instead. To disable deprecation, use _CRT_SECURE_NO_WARNINGS. See online help for details.
C:\Users\James\Downloads\JStudio_Classic_11_2023_Source\JSTUDIO_CLASSIC11_2023\source\Tools\ActorTools\mkbody\mkbody.cpp(1775,2): warning C4996: '_makepath': This function or variable may be unsafe. Consider using _makepath_s instead. To disable deprecation, use _CRT_SECURE_NO_WARNINGS. See online help for details.
  Take out message about using compressed bitmaps.
  change this so that we can 'treat warnings as errors'
  Krouer: change NULL to something better next time
C:\Users\James\Downloads\JStudio_Classic_11_2023_Source\JSTUDIO_CLASSIC11_2023\source\Tools\ActorTools\mkbody\mkbody.cpp(1811,3): warning C4996: 'strcpy': This function or variable may be unsafe. Consider using strcpy_s instead. To disable deprecation, use _CRT_SECURE_NO_WARNINGS. See online help for details.
C:\Users\James\Downloads\JStudio_Classic_11_2023_Source\JSTUDIO_CLASSIC11_2023\source\Tools\ActorTools\mkbody\mkbody.cpp(1812,3): warning C4996: 'strcat': This function or variable may be unsafe. Consider using strcat_s instead. To disable deprecation, use _CRT_SECURE_NO_WARNINGS. See online help for details.
C:\Users\James\Downloads\JStudio_Classic_11_2023_Source\JSTUDIO_CLASSIC11_2023\source\Tools\ActorTools\mkbody\mkbody.cpp(1820,8): warning C4996: 'stricmp': The POSIX name for this item is deprecated. Instead, use the ISO C and C++ conformant name: _stricmp. See online help for details.
C:\Users\James\Downloads\JStudio_Classic_11_2023_Source\JSTUDIO_CLASSIC11_2023\source\Tools\ActorTools\mkbody\mkbody.cpp(1885,4): warning C4996: 'strcpy': This function or variable may be unsafe. Consider using strcpy_s instead. To disable deprecation, use _CRT_SECURE_NO_WARNINGS. See online help for details.
C:\Users\James\Downloads\JStudio_Classic_11_2023_Source\JSTUDIO_CLASSIC11_2023\source\Tools\ActorTools\mkbody\mkbody.cpp(1909,8): warning C4996: 'sscanf': This function or variable may be unsafe. Consider using sscanf_s instead. To disable deprecation, use _CRT_SECURE_NO_WARNINGS. See online help for details.
C:\Users\James\Downloads\JStudio_Classic_11_2023_Source\JSTUDIO_CLASSIC11_2023\source\Tools\ActorTools\mkbody\mkbody.cpp(1919,3): warning C4996: 'strcpy': This function or variable may be unsafe. Consider using strcpy_s instead. To disable deprecation, use _CRT_SECURE_NO_WARNINGS. See online help for details.
C:\Users\James\Downloads\JStudio_Classic_11_2023_Source\JSTUDIO_CLASSIC11_2023\source\Tools\ActorTools\mkbody\mkbody.cpp(1985,3): warning C4996: 'strcpy': This function or variable may be unsafe. Consider using strcpy_s instead. To disable deprecation, use _CRT_SECURE_NO_WARNINGS. See online help for details.
C:\Users\James\Downloads\JStudio_Classic_11_2023_Source\JSTUDIO_CLASSIC11_2023\source\Tools\ActorTools\mkbody\mkbody.cpp(1986,3): warning C4996: 'strcat': This function or variable may be unsafe. Consider using strcat_s instead. To disable deprecation, use _CRT_SECURE_NO_WARNINGS. See online help for details.
C:\Users\James\Downloads\JStudio_Classic_11_2023_Source\JSTUDIO_CLASSIC11_2023\source\Tools\ActorTools\mkbody\mkbody.cpp(1990,4): warning C4996: 'strcpy': This function or variable may be unsafe. Consider using strcpy_s instead. To disable deprecation, use _CRT_SECURE_NO_WARNINGS. See online help for details.
C:\Users\James\Downloads\JStudio_Classic_11_2023_Source\JSTUDIO_CLASSIC11_2023\source\Tools\ActorTools\mkbody\mkbody.cpp(1994,4): warning C4996: 'strcat': This function or variable may be unsafe. Consider using strcat_s instead. To disable deprecation, use _CRT_SECURE_NO_WARNINGS. See online help for details.
C:\Users\James\Downloads\JStudio_Classic_11_2023_Source\JSTUDIO_CLASSIC11_2023\source\Tools\ActorTools\mkbody\mkbody.cpp(1998,4): warning C4996: 'strcpy': This function or variable may be unsafe. Consider using strcpy_s instead. To disable deprecation, use _CRT_SECURE_NO_WARNINGS. See online help for details.
C:\Users\James\Downloads\JStudio_Classic_11_2023_Source\JSTUDIO_CLASSIC11_2023\source\Tools\ActorTools\mkbody\mkbody.cpp(2003,4): warning C4996: 'strcpy': This function or variable may be unsafe. Consider using strcpy_s instead. To disable deprecation, use _CRT_SECURE_NO_WARNINGS. See online help for details.
C:\Users\James\Downloads\JStudio_Classic_11_2023_Source\JSTUDIO_CLASSIC11_2023\source\Tools\ActorTools\mkbody\mkbody.cpp(2031,9): warning C4996: 'fopen': This function or variable may be unsafe. Consider using fopen_s instead. To disable deprecation, use _CRT_SECURE_NO_WARNINGS. See online help for details.
C:\Users\James\Downloads\JStudio_Classic_11_2023_Source\JSTUDIO_CLASSIC11_2023\source\Tools\ActorTools\mkbody\mkbody.cpp(2064,8): warning C4996: 'fopen': This function or variable may be unsafe. Consider using fopen_s instead. To disable deprecation, use _CRT_SECURE_NO_WARNINGS. See online help for details.
C:\Users\James\Downloads\JStudio_Classic_11_2023_Source\JSTUDIO_CLASSIC11_2023\source\Tools\ActorTools\mkbody\mkbody.cpp(2128,6): warning C4996: 'sscanf': This function or variable may be unsafe. Consider using sscanf_s instead. To disable deprecation, use _CRT_SECURE_NO_WARNINGS. See online help for details.
C:\Users\James\Downloads\JStudio_Classic_11_2023_Source\JSTUDIO_CLASSIC11_2023\source\Tools\ActorTools\mkbody\mkbody.cpp(2178,6): warning C4996: 'sscanf': This function or variable may be unsafe. Consider using sscanf_s instead. To disable deprecation, use _CRT_SECURE_NO_WARNINGS. See online help for details.
C:\Users\James\Downloads\JStudio_Classic_11_2023_Source\JSTUDIO_CLASSIC11_2023\source\Tools\ActorTools\mkbody\mkbody.cpp(2226,4): warning C4996: 'strncpy': This function or variable may be unsafe. Consider using strncpy_s instead. To disable deprecation, use _CRT_SECURE_NO_WARNINGS. See online help for details.
C:\Users\James\Downloads\JStudio_Classic_11_2023_Source\JSTUDIO_CLASSIC11_2023\source\Tools\ActorTools\mkbody\mkbody.cpp(2228,5): warning C4996: 'strupr': The POSIX name for this item is deprecated. Instead, use the ISO C and C++ conformant name: _strupr. See online help for details.
C:\Users\James\Downloads\JStudio_Classic_11_2023_Source\JSTUDIO_CLASSIC11_2023\source\Tools\ActorTools\mkbody\mkbody.cpp(2244,7): warning C4996: 'sscanf': This function or variable may be unsafe. Consider using sscanf_s instead. To disable deprecation, use _CRT_SECURE_NO_WARNINGS. See online help for details.
C:\Users\James\Downloads\JStudio_Classic_11_2023_Source\JSTUDIO_CLASSIC11_2023\source\Tools\ActorTools\mkbody\mkbody.cpp(2265,6): warning C4996: 'sscanf': This function or variable may be unsafe. Consider using sscanf_s instead. To disable deprecation, use _CRT_SECURE_NO_WARNINGS. See online help for details.
C:\Users\James\Downloads\JStudio_Classic_11_2023_Source\JSTUDIO_CLASSIC11_2023\source\Tools\ActorTools\mkbody\mkbody.cpp(2316,4): warning C4996: 'strncpy': This function or variable may be unsafe. Consider using strncpy_s instead. To disable deprecation, use _CRT_SECURE_NO_WARNINGS. See online help for details.
C:\Users\James\Downloads\JStudio_Classic_11_2023_Source\JSTUDIO_CLASSIC11_2023\source\Tools\ActorTools\mkbody\mkbody.cpp(2318,5): warning C4996: 'strupr': The POSIX name for this item is deprecated. Instead, use the ISO C and C++ conformant name: _strupr. See online help for details.
C:\Users\James\Downloads\JStudio_Classic_11_2023_Source\JSTUDIO_CLASSIC11_2023\source\Tools\ActorTools\mkbody\mkbody.cpp(2321,8): warning C4996: 'fscanf': This function or variable may be unsafe. Consider using fscanf_s instead. To disable deprecation, use _CRT_SECURE_NO_WARNINGS. See online help for details.
C:\Users\James\Downloads\JStudio_Classic_11_2023_Source\JSTUDIO_CLASSIC11_2023\source\Tools\ActorTools\mkbody\mkbody.cpp(2329,8): warning C4996: 'fscanf': This function or variable may be unsafe. Consider using fscanf_s instead. To disable deprecation, use _CRT_SECURE_NO_WARNINGS. See online help for details.
C:\Users\James\Downloads\JStudio_Classic_11_2023_Source\JSTUDIO_CLASSIC11_2023\source\Tools\ActorTools\mkbody\mkbody.cpp(2337,8): warning C4996: 'fscanf': This function or variable may be unsafe. Consider using fscanf_s instead. To disable deprecation, use _CRT_SECURE_NO_WARNINGS. See online help for details.
C:\Users\James\Downloads\JStudio_Classic_11_2023_Source\JSTUDIO_CLASSIC11_2023\source\Tools\ActorTools\mkbody\mkbody.cpp(2345,8): warning C4996: 'fscanf': This function or variable may be unsafe. Consider using fscanf_s instead. To disable deprecation, use _CRT_SECURE_NO_WARNINGS. See online help for details.
C:\Users\James\Downloads\JStudio_Classic_11_2023_Source\JSTUDIO_CLASSIC11_2023\source\Tools\ActorTools\mkbody\mkbody.cpp(2355,8): warning C4996: 'fscanf': This function or variable may be unsafe. Consider using fscanf_s instead. To disable deprecation, use _CRT_SECURE_NO_WARNINGS. See online help for details.
C:\Users\James\Downloads\JStudio_Classic_11_2023_Source\JSTUDIO_CLASSIC11_2023\source\Tools\ActorTools\mkbody\mkbody.cpp(2367,8): warning C4996: 'fscanf': This function or variable may be unsafe. Consider using fscanf_s instead. To disable deprecation, use _CRT_SECURE_NO_WARNINGS. See online help for details.
C:\Users\James\Downloads\JStudio_Classic_11_2023_Source\JSTUDIO_CLASSIC11_2023\source\Tools\ActorTools\mkbody\mkbody.cpp(2377,8): warning C4996: 'fscanf': This function or variable may be unsafe. Consider using fscanf_s instead. To disable deprecation, use _CRT_SECURE_NO_WARNINGS. See online help for details.
C:\Users\James\Downloads\JStudio_Classic_11_2023_Source\JSTUDIO_CLASSIC11_2023\source\Tools\ActorTools\mkbody\mkbody.cpp(2438,5): warning C4996: 'strupr': The POSIX name for this item is deprecated. Instead, use the ISO C and C++ conformant name: _strupr. See online help for details.
C:\Users\James\Downloads\JStudio_Classic_11_2023_Source\JSTUDIO_CLASSIC11_2023\source\Tools\ActorTools\mkbody\mkbody.cpp(2465,8): warning C4996: 'fscanf': This function or variable may be unsafe. Consider using fscanf_s instead. To disable deprecation, use _CRT_SECURE_NO_WARNINGS. See online help for details.
C:\Users\James\Downloads\JStudio_Classic_11_2023_Source\JSTUDIO_CLASSIC11_2023\source\Tools\ActorTools\mkbody\mkbody.cpp(2475,8): warning C4996: 'fscanf': This function or variable may be unsafe. Consider using fscanf_s instead. To disable deprecation, use _CRT_SECURE_NO_WARNINGS. See online help for details.
C:\Users\James\Downloads\JStudio_Classic_11_2023_Source\JSTUDIO_CLASSIC11_2023\source\Tools\ActorTools\mkbody\mkbody.cpp(2514,8): warning C4996: 'fscanf': This function or variable may be unsafe. Consider using fscanf_s instead. To disable deprecation, use _CRT_SECURE_NO_WARNINGS. See online help for details.
C:\Users\James\Downloads\JStudio_Classic_11_2023_Source\JSTUDIO_CLASSIC11_2023\source\Tools\ActorTools\mkbody\mkbody.cpp(2528,8): warning C4996: 'fscanf': This function or variable may be unsafe. Consider using fscanf_s instead. To disable deprecation, use _CRT_SECURE_NO_WARNINGS. See online help for details.
C:\Users\James\Downloads\JStudio_Classic_11_2023_Source\JSTUDIO_CLASSIC11_2023\source\Tools\ActorTools\mkbody\mkbody.cpp(2588,6): warning C4996: 'sscanf': This function or variable may be unsafe. Consider using sscanf_s instead. To disable deprecation, use _CRT_SECURE_NO_WARNINGS. See online help for details.
C:\Users\James\Downloads\JStudio_Classic_11_2023_Source\JSTUDIO_CLASSIC11_2023\source\Tools\ActorTools\mkbody\mkbody.cpp(2633,5): warning C4996: 'strncpy': This function or variable may be unsafe. Consider using strncpy_s instead. To disable deprecation, use _CRT_SECURE_NO_WARNINGS. See online help for details.
C:\Users\James\Downloads\JStudio_Classic_11_2023_Source\JSTUDIO_CLASSIC11_2023\source\Tools\ActorTools\mkbody\mkbody.cpp(2644,8): warning C4996: 'sscanf': This function or variable may be unsafe. Consider using sscanf_s instead. To disable deprecation, use _CRT_SECURE_NO_WARNINGS. See online help for details.
C:\Users\James\Downloads\JStudio_Classic_11_2023_Source\JSTUDIO_CLASSIC11_2023\source\Tools\ActorTools\mkbody\mkbody.cpp(2656,9): warning C4996: 'fscanf': This function or variable may be unsafe. Consider using fscanf_s instead. To disable deprecation, use _CRT_SECURE_NO_WARNINGS. See online help for details.
C:\Users\James\Downloads\JStudio_Classic_11_2023_Source\JSTUDIO_CLASSIC11_2023\source\Tools\ActorTools\mkbody\mkbody.cpp(2665,11): warning C4996: 'fscanf': This function or variable may be unsafe. Consider using fscanf_s instead. To disable deprecation, use _CRT_SECURE_NO_WARNINGS. See online help for details.
C:\Users\James\Downloads\JStudio_Classic_11_2023_Source\JSTUDIO_CLASSIC11_2023\source\Tools\ActorTools\mkbody\mkbody.cpp(2790,4): warning C4996: 'strcpy': This function or variable may be unsafe. Consider using strcpy_s instead. To disable deprecation, use _CRT_SECURE_NO_WARNINGS. See online help for details.
C:\Users\James\Downloads\JStudio_Classic_11_2023_Source\JSTUDIO_CLASSIC11_2023\source\Tools\ActorTools\mkbody\mkbody.cpp(2791,4): warning C4996: 'strcat': This function or variable may be unsafe. Consider using strcat_s instead. To disable deprecation, use _CRT_SECURE_NO_WARNINGS. See online help for details.
C:\Users\James\Downloads\JStudio_Classic_11_2023_Source\JSTUDIO_CLASSIC11_2023\source\Tools\ActorTools\mkbody\mkbody.cpp(2801,4): warning C4996: 'unlink': The POSIX name for this item is deprecated. Instead, use the ISO C and C++ conformant name: _unlink. See online help for details.
C:\Users\James\Downloads\JStudio_Classic_11_2023_Source\JSTUDIO_CLASSIC11_2023\source\Tools\ActorTools\mkbody\mkbody.cpp(2809,5): warning C4996: 'unlink': The POSIX name for this item is deprecated. Instead, use the ISO C and C++ conformant name: _unlink. See online help for details.
C:\Users\James\Downloads\JStudio_Classic_11_2023_Source\JSTUDIO_CLASSIC11_2023\source\Tools\ActorTools\mkbody\mkbody.cpp(2817,7): warning C4996: 'unlink': The POSIX name for this item is deprecated. Instead, use the ISO C and C++ conformant name: _unlink. See online help for details.
C:\Users\James\Downloads\JStudio_Classic_11_2023_Source\JSTUDIO_CLASSIC11_2023\source\Tools\ActorTools\mkbody\mkbody.cpp(2973,6): warning C4996: 'strcpy': This function or variable may be unsafe. Consider using strcpy_s instead. To disable deprecation, use _CRT_SECURE_NO_WARNINGS. See online help for details.
C:\Users\James\Downloads\JStudio_Classic_11_2023_Source\JSTUDIO_CLASSIC11_2023\source\Tools\ActorTools\mkbody\mkbody.cpp(3005,6): warning C4996: 'strcpy': This function or variable may be unsafe. Consider using strcpy_s instead. To disable deprecation, use _CRT_SECURE_NO_WARNINGS. See online help for details.
C:\Users\James\Downloads\JStudio_Classic_11_2023_Source\JSTUDIO_CLASSIC11_2023\source\Tools\ActorTools\mkbody\mkbody.cpp(3033,6): warning C4996: 'strcpy': This function or variable may be unsafe. Consider using strcpy_s instead. To disable deprecation, use _CRT_SECURE_NO_WARNINGS. See online help for details.
C:\Users\James\Downloads\JStudio_Classic_11_2023_Source\JSTUDIO_CLASSIC11_2023\source\Tools\ActorTools\mkbody\mkbody.cpp(3038,7): warning C4996: 'strcat': This function or variable may be unsafe. Consider using strcat_s instead. To disable deprecation, use _CRT_SECURE_NO_WARNINGS. See online help for details.
C:\Users\James\Downloads\JStudio_Classic_11_2023_Source\JSTUDIO_CLASSIC11_2023\source\Tools\ActorTools\mkbody\mkbody.cpp(3078,6): warning C4996: 'strcpy': This function or variable may be unsafe. Consider using strcpy_s instead. To disable deprecation, use _CRT_SECURE_NO_WARNINGS. See online help for details.
  Generating Code...
AOptions.obj : warning LNK4075: ignoring '/EDITANDCONTINUE' due to '/SAFESEH' specification
  AStudio.vcxproj -> C:\Users\James\Downloads\JStudio_Classic_11_2023_Source\JSTUDIO_CLASSIC11_2023\bin\jAStudioClassic11d.exe
