c:\users\james\downloads\jstudio_classic_11_2023_source\jstudio_classic11_2023\source\tools\actortools\debug\aoptions.sbr
c:\users\james\downloads\jstudio_classic_11_2023_source\jstudio_classic11_2023\source\tools\actortools\debug\aproject.sbr
c:\users\james\downloads\jstudio_classic_11_2023_source\jstudio_classic11_2023\source\tools\actortools\debug\array.sbr
c:\users\james\downloads\jstudio_classic_11_2023_source\jstudio_classic11_2023\source\tools\actortools\debug\filepath.sbr
c:\users\james\downloads\jstudio_classic_11_2023_source\jstudio_classic11_2023\source\tools\actortools\debug\make.sbr
c:\users\james\downloads\jstudio_classic_11_2023_source\jstudio_classic11_2023\source\tools\actortools\debug\mxscript.sbr
c:\users\james\downloads\jstudio_classic_11_2023_source\jstudio_classic11_2023\source\tools\actortools\debug\rcstring.sbr
c:\users\james\downloads\jstudio_classic_11_2023_source\jstudio_classic11_2023\source\tools\actortools\debug\util.sbr
c:\users\james\downloads\jstudio_classic_11_2023_source\jstudio_classic11_2023\source\tools\actortools\debug\log.sbr
c:\users\james\downloads\jstudio_classic_11_2023_source\jstudio_classic11_2023\source\tools\actortools\debug\maxmath.sbr
c:\users\james\downloads\jstudio_classic_11_2023_source\jstudio_classic11_2023\source\tools\actortools\debug\mkactor.sbr
c:\users\james\downloads\jstudio_classic_11_2023_source\jstudio_classic11_2023\source\tools\actortools\debug\mkmotion.sbr
c:\users\james\downloads\jstudio_classic_11_2023_source\jstudio_classic11_2023\source\tools\actortools\debug\mopshell.sbr
c:\users\james\downloads\jstudio_classic_11_2023_source\jstudio_classic11_2023\source\tools\actortools\debug\pop.sbr
c:\users\james\downloads\jstudio_classic_11_2023_source\jstudio_classic11_2023\source\tools\actortools\debug\tdbody.sbr
c:\users\james\downloads\jstudio_classic_11_2023_source\jstudio_classic11_2023\source\tools\actortools\debug\vph.sbr
c:\users\james\downloads\jstudio_classic_11_2023_source\jstudio_classic11_2023\source\tools\actortools\debug\vph.obj
c:\users\james\downloads\jstudio_classic_11_2023_source\jstudio_classic11_2023\source\tools\actortools\debug\tdbody.obj
c:\users\james\downloads\jstudio_classic_11_2023_source\jstudio_classic11_2023\source\tools\actortools\debug\pop.obj
c:\users\james\downloads\jstudio_classic_11_2023_source\jstudio_classic11_2023\source\tools\actortools\debug\mopshell.obj
c:\users\james\downloads\jstudio_classic_11_2023_source\jstudio_classic11_2023\source\tools\actortools\debug\mkmotion.obj
c:\users\james\downloads\jstudio_classic_11_2023_source\jstudio_classic11_2023\source\tools\actortools\debug\mkactor.obj
c:\users\james\downloads\jstudio_classic_11_2023_source\jstudio_classic11_2023\source\tools\actortools\debug\maxmath.obj
c:\users\james\downloads\jstudio_classic_11_2023_source\jstudio_classic11_2023\source\tools\actortools\debug\log.obj
c:\users\james\downloads\jstudio_classic_11_2023_source\jstudio_classic11_2023\source\tools\actortools\debug\util.obj
c:\users\james\downloads\jstudio_classic_11_2023_source\jstudio_classic11_2023\source\tools\actortools\debug\rcstring.obj
c:\users\james\downloads\jstudio_classic_11_2023_source\jstudio_classic11_2023\source\tools\actortools\debug\mxscript.obj
c:\users\james\downloads\jstudio_classic_11_2023_source\jstudio_classic11_2023\source\tools\actortools\debug\make.obj
c:\users\james\downloads\jstudio_classic_11_2023_source\jstudio_classic11_2023\source\tools\actortools\debug\filepath.obj
c:\users\james\downloads\jstudio_classic_11_2023_source\jstudio_classic11_2023\source\tools\actortools\debug\array.obj
c:\users\james\downloads\jstudio_classic_11_2023_source\jstudio_classic11_2023\source\tools\actortools\debug\aproject.obj
c:\users\james\downloads\jstudio_classic_11_2023_source\jstudio_classic11_2023\source\tools\actortools\debug\aoptions.obj
c:\users\james\downloads\jstudio_classic_11_2023_source\jstudio_classic11_2023\source\tools\actortools\debug\vc145.pdb
c:\users\james\downloads\jstudio_classic_11_2023_source\jstudio_classic11_2023\source\tools\actortools\debug\actbuild.obj
c:\users\james\downloads\jstudio_classic_11_2023_source\jstudio_classic11_2023\source\tools\actortools\debug\mkbody.obj
c:\users\james\downloads\jstudio_classic_11_2023_source\jstudio_classic11_2023\source\tools\actortools\debug\mkutil.obj
c:\users\james\downloads\jstudio_classic_11_2023_source\jstudio_classic11_2023\source\tools\actortools\debug\jactbuildclassic11d.ilk
c:\users\james\downloads\jstudio_classic_11_2023_source\jstudio_classic11_2023\source\tools\actortools\debug\vc145.idb
c:\users\james\downloads\jstudio_classic_11_2023_source\jstudio_classic11_2023\source\tools\actortools\debug\jastudio.a284cc55.tlog\cl.command.1.tlog
c:\users\james\downloads\jstudio_classic_11_2023_source\jstudio_classic11_2023\source\tools\actortools\debug\jastudio.a284cc55.tlog\cl.read.1.tlog
c:\users\james\downloads\jstudio_classic_11_2023_source\jstudio_classic11_2023\source\tools\actortools\debug\jastudio.a284cc55.tlog\cl.write.1.tlog
