=======================================================
Date: 11/22/2025, Time: 0:09
Compiled : Nov 21 2025,19:07:56
---------- total:
Frames = 1; Cache Types = 0; slots created/destroyed = 0/0
tex misses = 0/0 , lmap misses = 0/0
---------- per frame:
update = 0.000013 secs, mip bias = 1.000000 avg/1.000000 max
mem = -1074756080.000000 card/0.000000 slots/0.000000 sought
=======================================================
Date: 11/22/2025, Time: 0:09
Compiled : Nov 21 2025,19:07:56
---------- total:
Frames = 1; Cache Types = 0; slots created/destroyed = 0/0
tex misses = 0/0 , lmap misses = 0/0
---------- per frame:
update = 0.000013 secs, mip bias = 1.000000 avg/1.000000 max
mem = -1074756080.000000 card/0.000000 slots/0.000000 sought
=======================================================
Date: 11/22/2025, Time: 0:09
Compiled : Nov 21 2025,19:07:56
---------- total:
Frames = 1; Cache Types = 0; slots created/destroyed = 0/0
tex misses = 0/0 , lmap misses = 0/0
---------- per frame:
update = 0.000013 secs, mip bias = 1.000000 avg/1.000000 max
mem = -1074756080.000000 card/0.000000 slots/0.000000 sought
=======================================================
Date: 11/22/2025, Time: 0:09
Compiled : Nov 21 2025,19:07:56
---------- total:
Frames = 1; Cache Types = 0; slots created/destroyed = 0/0
tex misses = 0/0 , lmap misses = 0/0
---------- per frame:
update = 0.000013 secs, mip bias = 1.000000 avg/1.000000 max
mem = -1074756080.000000 card/0.000000 slots/0.000000 sought
=======================================================
Date: 11/22/2025, Time: 0:11
Compiled : Nov 21 2025,19:07:56
---------- total:
Frames = 1; Cache Types = 0; slots created/destroyed = 0/0
tex misses = 0/0 , lmap misses = 0/0
---------- per frame:
update = 0.000007 secs, mip bias = 1.000000 avg/1.000000 max
mem = -1074756080.000000 card/0.000000 slots/0.000000 sought
=======================================================
Date: 11/22/2025, Time: 0:11
Compiled : Nov 21 2025,19:07:56
---------- total:
Frames = 1; Cache Types = 0; slots created/destroyed = 0/0
tex misses = 0/0 , lmap misses = 0/0
---------- per frame:
update = 0.000007 secs, mip bias = 1.000000 avg/1.000000 max
mem = -1074756080.000000 card/0.000000 slots/0.000000 sought
=======================================================
Date: 11/22/2025, Time: 0:11
Compiled : Nov 21 2025,19:07:56
---------- total:
Frames = 1; Cache Types = 0; slots created/destroyed = 0/0
tex misses = 0/0 , lmap misses = 0/0
---------- per frame:
update = 0.000007 secs, mip bias = 1.000000 avg/1.000000 max
mem = -1074756080.000000 card/0.000000 slots/0.000000 sought
=======================================================
Date: 11/22/2025, Time: 0:11
Compiled : Nov 21 2025,19:07:56
---------- total:
Frames = 1; Cache Types = 0; slots created/destroyed = 0/0
tex misses = 0/0 , lmap misses = 0/0
---------- per frame:
update = 0.000007 secs, mip bias = 1.000000 avg/1.000000 max
mem = -1074756080.000000 card/0.000000 slots/0.000000 sought
