--- D3DMain_RememberOldMode ---
--- D3DMain_CreateD3D ---
--- D3DMain_EnumDevices ---
--- D3DMain_EnumDisplayModes ---

--- D3DMain_ShutdownD3D ---
  Shutdown was successful...

=================================================================
 D3DInfo v200.4
19:07:51=================================================================

Current Time:  0:41:52
Current Date: 11-22-2025

 ** D3D Driver Initializing **

--- D3DMain_CreateDDFromName ---
  Name: (D3D)Primary Display Driver
   DDCAPS2_CANRENDERWINDOWED    : YES
   DDCAPS2_NO2DDURING3DSCENE    : NO
--- D3DMain_GetTextureMemory ---
  Ram free: -1082036224
--- D3DMain_RememberOldMode ---
--- D3DMain_EnumDisplayModes ---
--- D3DMain_CreateD3D ---
--- D3DMain_EnumDevices ---
--- D3DMain_SetDisplayMode ---
  W: 784, H: 561, Bpp: 32, FullScreen: NO
--- D3DMain_PickDevice ---
--- D3DMain_CreateBuffers ---
--- D3DMain_CreateZBuffer ---
--- D3DMain_CreateDevice ---
D3DDrv : Max Texture Dimensions = 16384 x 16384
--- D3DMain_GetSurfaceFormats ---
--- D3DMain_SetRenderState --- 
--- D3DMain_GetTextureMemory ---
  Ram free: -1076446304

 ** Initialization was successful **

