c:\users\james\downloads\jstudio_classic_11_2023_source\jstudio_classic11_2023\source\objects\modelobject\debug\vc145.pdb
c:\users\james\downloads\jstudio_classic_11_2023_source\jstudio_classic11_2023\source\objects\modelobject\debug\vc145.idb
c:\users\james\downloads\jstudio_classic_11_2023_source\jstudio_classic11_2023\source\objects\modelobject\debug\objectdef.obj
c:\users\james\downloads\jstudio_classic_11_2023_source\jstudio_classic11_2023\source\objects\modelobject\debug\modelobject.obj
c:\users\james\downloads\jstudio_classic_11_2023_source\jstudio_classic11_2023\bin\objects\modelobj.ddl
c:\users\james\downloads\jstudio_classic_11_2023_source\jstudio_classic11_2023\source\objects\modelobject\debug\modelobj.map
c:\users\james\downloads\jstudio_classic_11_2023_source\jstudio_classic11_2023\source\objects\modelobject\debug\modelobj.pdb
c:\users\james\downloads\jstudio_classic_11_2023_source\jstudio_classic11_2023\source\objects\modelobject\debug\modelobject.res
c:\users\james\downloads\jstudio_classic_11_2023_source\jstudio_classic11_2023\source\objects\modelobject\debug\modelobj.lib
c:\users\james\downloads\jstudio_classic_11_2023_source\jstudio_classic11_2023\source\objects\modelobject\debug\modelobj.exp
c:\users\james\downloads\jstudio_classic_11_2023_source\jstudio_classic11_2023\source\objects\modelobject\debug\modelobj.ilk
c:\users\james\downloads\jstudio_classic_11_2023_source\jstudio_classic11_2023\source\objects\modelobject\debug\modelobj.tlog\cl.command.1.tlog
c:\users\james\downloads\jstudio_classic_11_2023_source\jstudio_classic11_2023\source\objects\modelobject\debug\modelobj.tlog\cl.items.tlog
c:\users\james\downloads\jstudio_classic_11_2023_source\jstudio_classic11_2023\source\objects\modelobject\debug\modelobj.tlog\cl.read.1.tlog
c:\users\james\downloads\jstudio_classic_11_2023_source\jstudio_classic11_2023\source\objects\modelobject\debug\modelobj.tlog\cl.write.1.tlog
c:\users\james\downloads\jstudio_classic_11_2023_source\jstudio_classic11_2023\source\objects\modelobject\debug\modelobj.tlog\link.command.1.tlog
c:\users\james\downloads\jstudio_classic_11_2023_source\jstudio_classic11_2023\source\objects\modelobject\debug\modelobj.tlog\link.read.1.tlog
c:\users\james\downloads\jstudio_classic_11_2023_source\jstudio_classic11_2023\source\objects\modelobject\debug\modelobj.tlog\link.secondary.1.tlog
c:\users\james\downloads\jstudio_classic_11_2023_source\jstudio_classic11_2023\source\objects\modelobject\debug\modelobj.tlog\link.write.1.tlog
c:\users\james\downloads\jstudio_classic_11_2023_source\jstudio_classic11_2023\source\objects\modelobject\debug\modelobj.tlog\rc.command.1.tlog
c:\users\james\downloads\jstudio_classic_11_2023_source\jstudio_classic11_2023\source\objects\modelobject\debug\modelobj.tlog\rc.read.1.tlog
c:\users\james\downloads\jstudio_classic_11_2023_source\jstudio_classic11_2023\source\objects\modelobject\debug\modelobj.tlog\rc.write.1.tlog
