D:\Updates and Downloads\Jet3d\eosscript\vc\Debug\cl.command.1.tlog
D:\Updates and Downloads\Jet3d\eosscript\vc\Debug\CL.read.1.tlog
D:\Updates and Downloads\Jet3d\eosscript\vc\Debug\CL.write.1.tlog
D:\UPDATES AND DOWNLOADS\JET3D\EOSSCRIPT\VC\DEBUG\EOSANALYSE.OBJ
D:\UPDATES AND DOWNLOADS\JET3D\EOSSCRIPT\VC\DEBUG\EOSBASE.OBJ
D:\UPDATES AND DOWNLOADS\JET3D\EOSSCRIPT\VC\DEBUG\EOSFUNCTION.OBJ
D:\UPDATES AND DOWNLOADS\JET3D\EOSSCRIPT\VC\DEBUG\EOSINSTR.OBJ
D:\UPDATES AND DOWNLOADS\JET3D\EOSSCRIPT\VC\DEBUG\EOSLOG.OBJ
D:\UPDATES AND DOWNLOADS\JET3D\EOSSCRIPT\VC\DEBUG\EOSOBJECT.OBJ
D:\UPDATES AND DOWNLOADS\JET3D\EOSSCRIPT\VC\DEBUG\EOSPARSER.OBJ
D:\Updates and Downloads\Jet3d\eosscript\vc\Debug\eosscript.lib
D:\UPDATES AND DOWNLOADS\JET3D\EOSSCRIPT\VC\DEBUG\EOSSCRIPT_D.LIB
D:\UPDATES AND DOWNLOADS\JET3D\EOSSCRIPT\VC\DEBUG\EOSUTIL.OBJ
D:\UPDATES AND DOWNLOADS\JET3D\EOSSCRIPT\VC\DEBUG\EOSUTILLIB.OBJ
D:\UPDATES AND DOWNLOADS\JET3D\EOSSCRIPT\VC\DEBUG\EOSVALUE.OBJ
D:\UPDATES AND DOWNLOADS\JET3D\EOSSCRIPT\VC\DEBUG\EOSVARIABLE.OBJ
D:\UPDATES AND DOWNLOADS\JET3D\EOSSCRIPT\VC\DEBUG\EOSVM.OBJ
D:\Updates and Downloads\Jet3d\eosscript\vc\Debug\lib.command.1.tlog
D:\Updates and Downloads\Jet3d\eosscript\vc\Debug\Lib-link.read.1.tlog
D:\Updates and Downloads\Jet3d\eosscript\vc\Debug\Lib-link.write.1.tlog
D:\Updates and Downloads\Jet3d\eosscript\vc\Debug\vc100.idb
D:\UPDATES AND DOWNLOADS\JET3D\EOSSCRIPT\VC\DEBUG\VC100.PDB
