c:\users\james\downloads\jstudio_classic_11_2023_source\jstudio_classic11_2023\source\tools\gameshell\lib\eosscript_d.pdb
c:\users\james\downloads\jstudio_classic_11_2023_source\jstudio_classic11_2023\source\tools\gameshell\lib\eosscript_d.idb
c:\users\james\downloads\jstudio_classic_11_2023_source\jstudio_classic11_2023\source\tools\eosscript\vc\debug\eosanalyse.obj
c:\users\james\downloads\jstudio_classic_11_2023_source\jstudio_classic11_2023\source\tools\eosscript\vc\debug\eosbase.obj
c:\users\james\downloads\jstudio_classic_11_2023_source\jstudio_classic11_2023\source\tools\eosscript\vc\debug\eosfunction.obj
c:\users\james\downloads\jstudio_classic_11_2023_source\jstudio_classic11_2023\source\tools\eosscript\vc\debug\eosinstr.obj
c:\users\james\downloads\jstudio_classic_11_2023_source\jstudio_classic11_2023\source\tools\eosscript\vc\debug\eoslog.obj
c:\users\james\downloads\jstudio_classic_11_2023_source\jstudio_classic11_2023\source\tools\eosscript\vc\debug\eosobject.obj
c:\users\james\downloads\jstudio_classic_11_2023_source\jstudio_classic11_2023\source\tools\eosscript\vc\debug\eosparser.obj
c:\users\james\downloads\jstudio_classic_11_2023_source\jstudio_classic11_2023\source\tools\eosscript\vc\debug\eosutil.obj
c:\users\james\downloads\jstudio_classic_11_2023_source\jstudio_classic11_2023\source\tools\eosscript\vc\debug\eosutillib.obj
c:\users\james\downloads\jstudio_classic_11_2023_source\jstudio_classic11_2023\source\tools\eosscript\vc\debug\eosvalue.obj
c:\users\james\downloads\jstudio_classic_11_2023_source\jstudio_classic11_2023\source\tools\eosscript\vc\debug\eosvariable.obj
c:\users\james\downloads\jstudio_classic_11_2023_source\jstudio_classic11_2023\source\tools\eosscript\vc\debug\eosvm.obj
c:\users\james\downloads\jstudio_classic_11_2023_source\jstudio_classic11_2023\source\tools\gameshell\lib\eosscript_d.lib
c:\users\james\downloads\jstudio_classic_11_2023_source\jstudio_classic11_2023\source\tools\eosscript\vc\debug\eosscript.tlog\cl.command.1.tlog
c:\users\james\downloads\jstudio_classic_11_2023_source\jstudio_classic11_2023\source\tools\eosscript\vc\debug\eosscript.tlog\cl.items.tlog
c:\users\james\downloads\jstudio_classic_11_2023_source\jstudio_classic11_2023\source\tools\eosscript\vc\debug\eosscript.tlog\cl.read.1.tlog
c:\users\james\downloads\jstudio_classic_11_2023_source\jstudio_classic11_2023\source\tools\eosscript\vc\debug\eosscript.tlog\cl.write.1.tlog
c:\users\james\downloads\jstudio_classic_11_2023_source\jstudio_classic11_2023\source\tools\eosscript\vc\debug\eosscript.tlog\lib-link.write.1.tlog
c:\users\james\downloads\jstudio_classic_11_2023_source\jstudio_classic11_2023\source\tools\eosscript\vc\debug\eosscript.tlog\lib.command.1.tlog
c:\users\james\downloads\jstudio_classic_11_2023_source\jstudio_classic11_2023\source\tools\eosscript\vc\debug\eosscript.tlog\lib.read.1.tlog
