d:\genesis and jet3d\jstudio_classic11_2023\source\tools\actortools\release\aoptions.obj
d:\genesis and jet3d\jstudio_classic11_2023\source\tools\actortools\release\aproject.obj
d:\genesis and jet3d\jstudio_classic11_2023\source\tools\actortools\release\array.obj
d:\genesis and jet3d\jstudio_classic11_2023\source\tools\actortools\release\astudio.obj
d:\genesis and jet3d\jstudio_classic11_2023\source\tools\actortools\release\bodydlg.obj
d:\genesis and jet3d\jstudio_classic11_2023\source\tools\actortools\release\filepath.obj
d:\genesis and jet3d\jstudio_classic11_2023\source\tools\actortools\release\log.obj
d:\genesis and jet3d\jstudio_classic11_2023\source\tools\actortools\release\logopage.obj
d:\genesis and jet3d\jstudio_classic11_2023\source\tools\actortools\release\make.obj
d:\genesis and jet3d\jstudio_classic11_2023\source\tools\actortools\release\makehelp.obj
d:\genesis and jet3d\jstudio_classic11_2023\source\tools\actortools\release\materialsdlg.obj
d:\genesis and jet3d\jstudio_classic11_2023\source\tools\actortools\release\maxmath.obj
d:\genesis and jet3d\jstudio_classic11_2023\source\tools\actortools\release\mkactor.obj
d:\genesis and jet3d\jstudio_classic11_2023\source\tools\actortools\release\mkbody.obj
d:\genesis and jet3d\jstudio_classic11_2023\source\tools\actortools\release\mkmotion.obj
d:\genesis and jet3d\jstudio_classic11_2023\source\tools\actortools\release\mopshell.obj
d:\genesis and jet3d\jstudio_classic11_2023\source\tools\actortools\release\motionsdlg.obj
d:\genesis and jet3d\jstudio_classic11_2023\source\tools\actortools\release\mxscript.obj
d:\genesis and jet3d\jstudio_classic11_2023\source\tools\actortools\release\myfiledlg.obj
d:\genesis and jet3d\jstudio_classic11_2023\source\tools\actortools\release\newprjdlg.obj
d:\genesis and jet3d\jstudio_classic11_2023\source\tools\actortools\release\pathsdlg.obj
d:\genesis and jet3d\jstudio_classic11_2023\source\tools\actortools\release\pop.obj
d:\genesis and jet3d\jstudio_classic11_2023\source\tools\actortools\release\proppage.obj
d:\genesis and jet3d\jstudio_classic11_2023\source\tools\actortools\release\propsheet.obj
d:\genesis and jet3d\jstudio_classic11_2023\source\tools\actortools\release\rcstring.obj
d:\genesis and jet3d\jstudio_classic11_2023\source\tools\actortools\release\settingsdlg.obj
d:\genesis and jet3d\jstudio_classic11_2023\source\tools\actortools\release\stdafx.obj
d:\genesis and jet3d\jstudio_classic11_2023\source\tools\actortools\release\targetdlg.obj
d:\genesis and jet3d\jstudio_classic11_2023\source\tools\actortools\release\tdbody.obj
d:\genesis and jet3d\jstudio_classic11_2023\source\tools\actortools\release\textinputdlg.obj
d:\genesis and jet3d\jstudio_classic11_2023\source\tools\actortools\release\util.obj
d:\genesis and jet3d\jstudio_classic11_2023\source\tools\actortools\release\vph.obj
d:\genesis and jet3d\jstudio_classic11_2023\source\tools\actortools\release\astudio.res
d:\genesis and jet3d\jstudio_classic11_2023\source\tools\actortools\release\vc143.pdb
d:\genesis and jet3d\jstudio_classic11_2023\source\tools\actortools\release\jactbuil.cfceedd6.tlog\cl.command.1.tlog
