d:\genesis and jet3d\jstudio_classic11_2023\bin\jdesignerclassic11.bsc
d:\genesis and jet3d\jstudio_classic11_2023\source\tools\editor\release\vc143.pdb
d:\genesis and jet3d\jstudio_classic11_2023\source\tools\editor\release\brush.sbr
d:\genesis and jet3d\jstudio_classic11_2023\source\tools\editor\release\brushlist.sbr
d:\genesis and jet3d\jstudio_classic11_2023\source\tools\editor\release\brushtemplate.sbr
d:\genesis and jet3d\jstudio_classic11_2023\source\tools\editor\release\cameralist.sbr
d:\genesis and jet3d\jstudio_classic11_2023\source\tools\editor\release\camobj.sbr
d:\genesis and jet3d\jstudio_classic11_2023\source\tools\editor\release\class.sbr
d:\genesis and jet3d\jstudio_classic11_2023\source\tools\editor\release\descriptor.sbr
d:\genesis and jet3d\jstudio_classic11_2023\source\tools\editor\release\draw.sbr
d:\genesis and jet3d\jstudio_classic11_2023\source\tools\editor\release\draw3d.sbr
d:\genesis and jet3d\jstudio_classic11_2023\source\tools\editor\release\facelist.sbr
d:\genesis and jet3d\jstudio_classic11_2023\source\tools\editor\release\group.sbr
d:\genesis and jet3d\jstudio_classic11_2023\source\tools\editor\release\grouplist.sbr
d:\genesis and jet3d\jstudio_classic11_2023\source\tools\editor\release\light.sbr
d:\genesis and jet3d\jstudio_classic11_2023\source\tools\editor\release\lightlist.sbr
d:\genesis and jet3d\jstudio_classic11_2023\source\tools\editor\release\materialidentlist.sbr
d:\genesis and jet3d\jstudio_classic11_2023\source\tools\editor\release\materiallist.sbr
d:\genesis and jet3d\jstudio_classic11_2023\source\tools\editor\release\materiallist2.sbr
d:\genesis and jet3d\jstudio_classic11_2023\source\tools\editor\release\materials.sbr
d:\genesis and jet3d\jstudio_classic11_2023\source\tools\editor\release\matrarray.sbr
d:\genesis and jet3d\jstudio_classic11_2023\source\tools\editor\release\matridx.sbr
d:\genesis and jet3d\jstudio_classic11_2023\source\tools\editor\release\matridx.obj
d:\genesis and jet3d\jstudio_classic11_2023\source\tools\editor\release\matrarray.obj
d:\genesis and jet3d\jstudio_classic11_2023\source\tools\editor\release\materials.obj
d:\genesis and jet3d\jstudio_classic11_2023\source\tools\editor\release\materiallist2.obj
d:\genesis and jet3d\jstudio_classic11_2023\source\tools\editor\release\materiallist.obj
d:\genesis and jet3d\jstudio_classic11_2023\source\tools\editor\release\materialidentlist.obj
d:\genesis and jet3d\jstudio_classic11_2023\source\tools\editor\release\lightlist.obj
d:\genesis and jet3d\jstudio_classic11_2023\source\tools\editor\release\light.obj
d:\genesis and jet3d\jstudio_classic11_2023\source\tools\editor\release\grouplist.obj
d:\genesis and jet3d\jstudio_classic11_2023\source\tools\editor\release\group.obj
d:\genesis and jet3d\jstudio_classic11_2023\source\tools\editor\release\facelist.obj
d:\genesis and jet3d\jstudio_classic11_2023\source\tools\editor\release\draw3d.obj
d:\genesis and jet3d\jstudio_classic11_2023\source\tools\editor\release\draw.obj
d:\genesis and jet3d\jstudio_classic11_2023\source\tools\editor\release\descriptor.obj
d:\genesis and jet3d\jstudio_classic11_2023\source\tools\editor\release\class.obj
d:\genesis and jet3d\jstudio_classic11_2023\source\tools\editor\release\camobj.obj
d:\genesis and jet3d\jstudio_classic11_2023\source\tools\editor\release\cameralist.obj
d:\genesis and jet3d\jstudio_classic11_2023\source\tools\editor\release\brushtemplate.obj
d:\genesis and jet3d\jstudio_classic11_2023\source\tools\editor\release\brushlist.obj
d:\genesis and jet3d\jstudio_classic11_2023\source\tools\editor\release\brush.obj
d:\genesis and jet3d\jstudio_classic11_2023\source\tools\editor\release\model.sbr
d:\genesis and jet3d\jstudio_classic11_2023\source\tools\editor\release\modellist.sbr
d:\genesis and jet3d\jstudio_classic11_2023\source\tools\editor\release\object.sbr
d:\genesis and jet3d\jstudio_classic11_2023\source\tools\editor\release\objectlist.sbr
d:\genesis and jet3d\jstudio_classic11_2023\source\tools\editor\release\ortho.sbr
d:\genesis and jet3d\jstudio_classic11_2023\source\tools\editor\release\select.sbr
d:\genesis and jet3d\jstudio_classic11_2023\source\tools\editor\release\ternlist.sbr
d:\genesis and jet3d\jstudio_classic11_2023\source\tools\editor\release\terrnobj.sbr
d:\genesis and jet3d\jstudio_classic11_2023\source\tools\editor\release\transform.sbr
d:\genesis and jet3d\jstudio_classic11_2023\source\tools\editor\release\undo.sbr
d:\genesis and jet3d\jstudio_classic11_2023\source\tools\editor\release\userobj.sbr
d:\genesis and jet3d\jstudio_classic11_2023\source\tools\editor\release\vertlist.sbr
d:\genesis and jet3d\jstudio_classic11_2023\source\tools\editor\release\bmp.sbr
d:\genesis and jet3d\jstudio_classic11_2023\source\tools\editor\release\dlist.sbr
d:\genesis and jet3d\jstudio_classic11_2023\source\tools\editor\release\drawtool.sbr
d:\genesis and jet3d\jstudio_classic11_2023\source\tools\editor\release\drvlist.sbr
d:\genesis and jet3d\jstudio_classic11_2023\source\tools\editor\release\jelist.sbr
d:\genesis and jet3d\jstudio_classic11_2023\source\tools\editor\release\rect.sbr
d:\genesis and jet3d\jstudio_classic11_2023\source\tools\editor\release\spawn.sbr
d:\genesis and jet3d\jstudio_classic11_2023\source\tools\editor\release\util.sbr
d:\genesis and jet3d\jstudio_classic11_2023\source\tools\editor\release\util.obj
d:\genesis and jet3d\jstudio_classic11_2023\source\tools\editor\release\spawn.obj
d:\genesis and jet3d\jstudio_classic11_2023\source\tools\editor\release\rect.obj
d:\genesis and jet3d\jstudio_classic11_2023\source\tools\editor\release\jelist.obj
d:\genesis and jet3d\jstudio_classic11_2023\source\tools\editor\release\drvlist.obj
d:\genesis and jet3d\jstudio_classic11_2023\source\tools\editor\release\drawtool.obj
d:\genesis and jet3d\jstudio_classic11_2023\source\tools\editor\release\dlist.obj
d:\genesis and jet3d\jstudio_classic11_2023\source\tools\editor\release\bmp.obj
d:\genesis and jet3d\jstudio_classic11_2023\source\tools\editor\release\vertlist.obj
d:\genesis and jet3d\jstudio_classic11_2023\source\tools\editor\release\userobj.obj
d:\genesis and jet3d\jstudio_classic11_2023\source\tools\editor\release\undo.obj
d:\genesis and jet3d\jstudio_classic11_2023\source\tools\editor\release\transform.obj
d:\genesis and jet3d\jstudio_classic11_2023\source\tools\editor\release\terrnobj.obj
d:\genesis and jet3d\jstudio_classic11_2023\source\tools\editor\release\ternlist.obj
d:\genesis and jet3d\jstudio_classic11_2023\source\tools\editor\release\select.obj
d:\genesis and jet3d\jstudio_classic11_2023\source\tools\editor\release\ortho.obj
d:\genesis and jet3d\jstudio_classic11_2023\source\tools\editor\release\objectlist.obj
d:\genesis and jet3d\jstudio_classic11_2023\source\tools\editor\release\object.obj
d:\genesis and jet3d\jstudio_classic11_2023\source\tools\editor\release\modellist.obj
d:\genesis and jet3d\jstudio_classic11_2023\source\tools\editor\release\model.obj
d:\genesis and jet3d\jstudio_classic11_2023\source\tools\editor\release\level.sbr
d:\genesis and jet3d\jstudio_classic11_2023\source\tools\editor\release\j3dapp.sbr
d:\genesis and jet3d\jstudio_classic11_2023\source\tools\editor\release\j3ddoc.sbr
d:\genesis and jet3d\jstudio_classic11_2023\source\tools\editor\release\j3dmainfrm.sbr
d:\genesis and jet3d\jstudio_classic11_2023\source\tools\editor\release\j3dview.sbr
d:\genesis and jet3d\jstudio_classic11_2023\source\tools\editor\release\addmodel.sbr
d:\genesis and jet3d\jstudio_classic11_2023\source\tools\editor\release\builderbutton.sbr
d:\genesis and jet3d\jstudio_classic11_2023\source\tools\editor\release\buildercombo.sbr
d:\genesis and jet3d\jstudio_classic11_2023\source\tools\editor\release\builderedit.sbr
d:\genesis and jet3d\jstudio_classic11_2023\source\tools\editor\release\buildspin.sbr
d:\genesis and jet3d\jstudio_classic11_2023\source\tools\editor\release\dialogbuilderdlg.sbr
d:\genesis and jet3d\jstudio_classic11_2023\source\tools\editor\release\disclaimer.sbr
d:\genesis and jet3d\jstudio_classic11_2023\source\tools\editor\release\dlgautorecover.sbr
d:\genesis and jet3d\jstudio_classic11_2023\source\tools\editor\release\empty.sbr
d:\genesis and jet3d\jstudio_classic11_2023\source\tools\editor\release\globalmaterials.sbr
d:\genesis and jet3d\jstudio_classic11_2023\source\tools\editor\release\groups.sbr
d:\genesis and jet3d\jstudio_classic11_2023\source\tools\editor\release\jeterr.sbr
d:\genesis and jet3d\jstudio_classic11_2023\source\tools\editor\release\lists.sbr
d:\genesis and jet3d\jstudio_classic11_2023\source\tools\editor\release\materialstatic.sbr
d:\genesis and jet3d\jstudio_classic11_2023\source\tools\editor\release\models.sbr
d:\genesis and jet3d\jstudio_classic11_2023\source\tools\editor\release\models.obj
d:\genesis and jet3d\jstudio_classic11_2023\source\tools\editor\release\materialstatic.obj
d:\genesis and jet3d\jstudio_classic11_2023\source\tools\editor\release\lists.obj
d:\genesis and jet3d\jstudio_classic11_2023\source\tools\editor\release\jeterr.obj
d:\genesis and jet3d\jstudio_classic11_2023\source\tools\editor\release\groups.obj
d:\genesis and jet3d\jstudio_classic11_2023\source\tools\editor\release\globalmaterials.obj
d:\genesis and jet3d\jstudio_classic11_2023\source\tools\editor\release\empty.obj
d:\genesis and jet3d\jstudio_classic11_2023\source\tools\editor\release\dlgautorecover.obj
d:\genesis and jet3d\jstudio_classic11_2023\source\tools\editor\release\disclaimer.obj
d:\genesis and jet3d\jstudio_classic11_2023\source\tools\editor\release\dialogbuilderdlg.obj
d:\genesis and jet3d\jstudio_classic11_2023\source\tools\editor\release\buildspin.obj
d:\genesis and jet3d\jstudio_classic11_2023\source\tools\editor\release\builderedit.obj
d:\genesis and jet3d\jstudio_classic11_2023\source\tools\editor\release\buildercombo.obj
d:\genesis and jet3d\jstudio_classic11_2023\source\tools\editor\release\builderbutton.obj
d:\genesis and jet3d\jstudio_classic11_2023\source\tools\editor\release\addmodel.obj
d:\genesis and jet3d\jstudio_classic11_2023\source\tools\editor\release\j3dview.obj
d:\genesis and jet3d\jstudio_classic11_2023\source\tools\editor\release\j3dmainfrm.obj
d:\genesis and jet3d\jstudio_classic11_2023\source\tools\editor\release\j3ddoc.obj
d:\genesis and jet3d\jstudio_classic11_2023\source\tools\editor\release\j3dapp.obj
d:\genesis and jet3d\jstudio_classic11_2023\source\tools\editor\release\level.obj
d:\genesis and jet3d\jstudio_classic11_2023\source\tools\editor\release\paredit.sbr
d:\genesis and jet3d\jstudio_classic11_2023\source\tools\editor\release\preferences.sbr
d:\genesis and jet3d\jstudio_classic11_2023\source\tools\editor\release\presskey.sbr
d:\genesis and jet3d\jstudio_classic11_2023\source\tools\editor\release\properties.sbr
d:\genesis and jet3d\jstudio_classic11_2023\source\tools\editor\release\rebuild.sbr
d:\genesis and jet3d\jstudio_classic11_2023\source\tools\editor\release\render.sbr
d:\genesis and jet3d\jstudio_classic11_2023\source\tools\editor\release\stats.sbr
d:\genesis and jet3d\jstudio_classic11_2023\source\tools\editor\release\texturesdlg.sbr
d:\genesis and jet3d\jstudio_classic11_2023\source\tools\editor\release\timeline.sbr
d:\genesis and jet3d\jstudio_classic11_2023\source\tools\editor\release\bitmapresize.sbr
d:\genesis and jet3d\jstudio_classic11_2023\source\tools\editor\release\colorbutton.sbr
d:\genesis and jet3d\jstudio_classic11_2023\source\tools\editor\release\colorpopup.sbr
d:\genesis and jet3d\jstudio_classic11_2023\source\tools\editor\release\dropfilearray.sbr
d:\genesis and jet3d\jstudio_classic11_2023\source\tools\editor\release\mybar.sbr
d:\genesis and jet3d\jstudio_classic11_2023\source\tools\editor\release\mydroptarget.sbr
d:\genesis and jet3d\jstudio_classic11_2023\source\tools\editor\release\scbarcf.sbr
d:\genesis and jet3d\jstudio_classic11_2023\source\tools\editor\release\scbarg.sbr
d:\genesis and jet3d\jstudio_classic11_2023\source\tools\editor\release\sizecbar.sbr
d:\genesis and jet3d\jstudio_classic11_2023\source\tools\editor\release\texturelistcontrol.sbr
d:\genesis and jet3d\jstudio_classic11_2023\source\tools\editor\release\texturetreecontrol.sbr
d:\genesis and jet3d\jstudio_classic11_2023\source\tools\editor\release\texturetreecontrol.obj
d:\genesis and jet3d\jstudio_classic11_2023\source\tools\editor\release\texturelistcontrol.obj
d:\genesis and jet3d\jstudio_classic11_2023\source\tools\editor\release\sizecbar.obj
d:\genesis and jet3d\jstudio_classic11_2023\source\tools\editor\release\scbarg.obj
d:\genesis and jet3d\jstudio_classic11_2023\source\tools\editor\release\scbarcf.obj
d:\genesis and jet3d\jstudio_classic11_2023\source\tools\editor\release\mydroptarget.obj
d:\genesis and jet3d\jstudio_classic11_2023\source\tools\editor\release\mybar.obj
d:\genesis and jet3d\jstudio_classic11_2023\source\tools\editor\release\dropfilearray.obj
d:\genesis and jet3d\jstudio_classic11_2023\source\tools\editor\release\colorpopup.obj
d:\genesis and jet3d\jstudio_classic11_2023\source\tools\editor\release\colorbutton.obj
d:\genesis and jet3d\jstudio_classic11_2023\source\tools\editor\release\bitmapresize.obj
d:\genesis and jet3d\jstudio_classic11_2023\source\tools\editor\release\timeline.obj
d:\genesis and jet3d\jstudio_classic11_2023\source\tools\editor\release\texturesdlg.obj
d:\genesis and jet3d\jstudio_classic11_2023\source\tools\editor\release\stats.obj
d:\genesis and jet3d\jstudio_classic11_2023\source\tools\editor\release\render.obj
d:\genesis and jet3d\jstudio_classic11_2023\source\tools\editor\release\rebuild.obj
d:\genesis and jet3d\jstudio_classic11_2023\source\tools\editor\release\properties.obj
d:\genesis and jet3d\jstudio_classic11_2023\source\tools\editor\release\presskey.obj
d:\genesis and jet3d\jstudio_classic11_2023\source\tools\editor\release\preferences.obj
d:\genesis and jet3d\jstudio_classic11_2023\source\tools\editor\release\paredit.obj
d:\genesis and jet3d\jstudio_classic11_2023\source\tools\editor\release\thin3dsplitterwnd.sbr
d:\genesis and jet3d\jstudio_classic11_2023\source\tools\editor\release\mtl9937.sbr
d:\genesis and jet3d\jstudio_classic11_2023\source\tools\editor\release\noise.sbr
d:\genesis and jet3d\jstudio_classic11_2023\source\tools\editor\release\noise.obj
d:\genesis and jet3d\jstudio_classic11_2023\source\tools\editor\release\mtl9937.obj
d:\genesis and jet3d\jstudio_classic11_2023\source\tools\editor\release\thin3dsplitterwnd.obj
d:\genesis and jet3d\jstudio_classic11_2023\source\tools\editor\release\appdata.sbr
d:\genesis and jet3d\jstudio_classic11_2023\source\tools\editor\release\appdata1.obj
d:\genesis and jet3d\jstudio_classic11_2023\source\tools\editor\release\btnst.sbr
d:\genesis and jet3d\jstudio_classic11_2023\source\tools\editor\release\btnst1.obj
d:\genesis and jet3d\jstudio_classic11_2023\source\tools\editor\release\childfrm.sbr
d:\genesis and jet3d\jstudio_classic11_2023\source\tools\editor\release\childfrm1.obj
d:\genesis and jet3d\jstudio_classic11_2023\source\tools\editor\release\cicontabctrl.sbr
d:\genesis and jet3d\jstudio_classic11_2023\source\tools\editor\release\cicontabctrl1.obj
d:\genesis and jet3d\jstudio_classic11_2023\source\tools\editor\release\cmaterial.sbr
d:\genesis and jet3d\jstudio_classic11_2023\source\tools\editor\release\cmaterial1.obj
d:\genesis and jet3d\jstudio_classic11_2023\source\tools\editor\release\ctexttoolbar.sbr
d:\genesis and jet3d\jstudio_classic11_2023\source\tools\editor\release\ctexttoolbar1.obj
d:\genesis and jet3d\jstudio_classic11_2023\source\tools\editor\release\doc.sbr
d:\genesis and jet3d\jstudio_classic11_2023\source\tools\editor\release\doc1.obj
d:\genesis and jet3d\jstudio_classic11_2023\source\tools\editor\release\docbars.sbr
d:\genesis and jet3d\jstudio_classic11_2023\source\tools\editor\release\docbars1.obj
d:\genesis and jet3d\jstudio_classic11_2023\source\tools\editor\release\docmanagerex.sbr
d:\genesis and jet3d\jstudio_classic11_2023\source\tools\editor\release\docmanagerex1.obj
d:\genesis and jet3d\jstudio_classic11_2023\source\tools\editor\release\dragtree.sbr
d:\genesis and jet3d\jstudio_classic11_2023\source\tools\editor\release\dragtree1.obj
d:\genesis and jet3d\jstudio_classic11_2023\source\tools\editor\release\extfiledialog.sbr
d:\genesis and jet3d\jstudio_classic11_2023\source\tools\editor\release\extfiledialog1.obj
d:\genesis and jet3d\jstudio_classic11_2023\source\tools\editor\release\groupbar.sbr
d:\genesis and jet3d\jstudio_classic11_2023\source\tools\editor\release\groupbar1.obj
d:\genesis and jet3d\jstudio_classic11_2023\source\tools\editor\release\grouptreectrl.sbr
d:\genesis and jet3d\jstudio_classic11_2023\source\tools\editor\release\grouptreectrl1.obj
d:\genesis and jet3d\jstudio_classic11_2023\source\tools\editor\release\jetdialog.sbr
d:\genesis and jet3d\jstudio_classic11_2023\source\tools\editor\release\jetdialog1.obj
d:\genesis and jet3d\jstudio_classic11_2023\source\tools\editor\release\jetview.sbr
d:\genesis and jet3d\jstudio_classic11_2023\source\tools\editor\release\jetview1.obj
d:\genesis and jet3d\jstudio_classic11_2023\source\tools\editor\release\jwe.sbr
d:\genesis and jet3d\jstudio_classic11_2023\source\tools\editor\release\jwe1.obj
d:\genesis and jet3d\jstudio_classic11_2023\source\tools\editor\release\label.sbr
d:\genesis and jet3d\jstudio_classic11_2023\source\tools\editor\release\label1.obj
d:\genesis and jet3d\jstudio_classic11_2023\source\tools\editor\release\mainfrm.sbr
d:\genesis and jet3d\jstudio_classic11_2023\source\tools\editor\release\mainfrm1.obj
d:\genesis and jet3d\jstudio_classic11_2023\source\tools\editor\release\mfcutil.sbr
d:\genesis and jet3d\jstudio_classic11_2023\source\tools\editor\release\mfcutil1.obj
d:\genesis and jet3d\jstudio_classic11_2023\source\tools\editor\release\msglog.sbr
d:\genesis and jet3d\jstudio_classic11_2023\source\tools\editor\release\msglog1.obj
d:\genesis and jet3d\jstudio_classic11_2023\source\tools\editor\release\settings.sbr
d:\genesis and jet3d\jstudio_classic11_2023\source\tools\editor\release\settings1.obj
d:\genesis and jet3d\jstudio_classic11_2023\source\tools\editor\release\stdafx.sbr
d:\genesis and jet3d\jstudio_classic11_2023\source\tools\editor\release\stdafx1.obj
d:\genesis and jet3d\jstudio_classic11_2023\source\tools\editor\release\treectrlex.sbr
d:\genesis and jet3d\jstudio_classic11_2023\source\tools\editor\release\treectrlex1.obj
d:\genesis and jet3d\jstudio_classic11_2023\source\tools\editor\release\view.sbr
d:\genesis and jet3d\jstudio_classic11_2023\source\tools\editor\release\view1.obj
d:\genesis and jet3d\jstudio_classic11_2023\source\tools\editor\release\wndreg.sbr
d:\genesis and jet3d\jstudio_classic11_2023\source\tools\editor\release\wndreg1.obj
d:\genesis and jet3d\jstudio_classic11_2023\bin\jwe.cnt
d:\genesis and jet3d\jstudio_classic11_2023\bin\jdesignerclassic11.exe
d:\genesis and jet3d\jstudio_classic11_2023\bin\jdesignerclassic11.pdb
d:\genesis and jet3d\jstudio_classic11_2023\source\tools\editor\release\jwe.res
d:\genesis and jet3d\jstudio_classic11_2023\source\tools\editor\release\jdesigne.c9d22404.tlog\bscmake.command.1.tlog
d:\genesis and jet3d\jstudio_classic11_2023\source\tools\editor\release\jdesigne.c9d22404.tlog\bscmake.read.1.tlog
d:\genesis and jet3d\jstudio_classic11_2023\source\tools\editor\release\jdesigne.c9d22404.tlog\bscmake.write.1.tlog
d:\genesis and jet3d\jstudio_classic11_2023\source\tools\editor\release\jdesigne.c9d22404.tlog\cl.command.1.tlog
d:\genesis and jet3d\jstudio_classic11_2023\source\tools\editor\release\jdesigne.c9d22404.tlog\cl.read.1.tlog
d:\genesis and jet3d\jstudio_classic11_2023\source\tools\editor\release\jdesigne.c9d22404.tlog\cl.write.1.tlog
d:\genesis and jet3d\jstudio_classic11_2023\source\tools\editor\release\jdesigne.c9d22404.tlog\custombuild.command.1.tlog
d:\genesis and jet3d\jstudio_classic11_2023\source\tools\editor\release\jdesigne.c9d22404.tlog\custombuild.read.1.tlog
d:\genesis and jet3d\jstudio_classic11_2023\source\tools\editor\release\jdesigne.c9d22404.tlog\custombuild.write.1.tlog
d:\genesis and jet3d\jstudio_classic11_2023\source\tools\editor\release\jdesigne.c9d22404.tlog\link.command.1.tlog
d:\genesis and jet3d\jstudio_classic11_2023\source\tools\editor\release\jdesigne.c9d22404.tlog\link.read.1.tlog
d:\genesis and jet3d\jstudio_classic11_2023\source\tools\editor\release\jdesigne.c9d22404.tlog\link.write.1.tlog
d:\genesis and jet3d\jstudio_classic11_2023\source\tools\editor\release\jdesigne.c9d22404.tlog\rc.command.1.tlog
d:\genesis and jet3d\jstudio_classic11_2023\source\tools\editor\release\jdesigne.c9d22404.tlog\rc.read.1.tlog
d:\genesis and jet3d\jstudio_classic11_2023\source\tools\editor\release\jdesigne.c9d22404.tlog\rc.write.1.tlog
