d:\genesis and jet3d\jet3d\source\drivers\opengldriver\release\ogltextures.obj
d:\genesis and jet3d\jet3d\source\drivers\opengldriver\release\ogldrv.obj
d:\genesis and jet3d\jet3d\source\drivers\opengldriver\release\vc100.pdb
d:\genesis and jet3d\jet3d\bin\opengldriver.dll
d:\genesis and jet3d\jet3d\source\drivers\opengldriver\release\opengldriver.dll.intermediate.manifest
d:\genesis and jet3d\jet3d\bin\opengldriver.pdb
d:\genesis and jet3d\jet3d\bin\opengldriver.lib
d:\genesis and jet3d\jet3d\bin\opengldriver.exp
d:\genesis and jet3d\jstudio_classic10_2019\source\drivers\opengldriver\release\vc142.pdb
d:\genesis and jet3d\jstudio_classic10_2019\source\drivers\opengldriver\release\ogltextures.obj
d:\genesis and jet3d\jstudio_classic10_2019\source\drivers\opengldriver\release\ogldrv.obj
d:\genesis and jet3d\jstudio_classic10_2019\bin\opengldriver.dll
d:\genesis and jet3d\jstudio_classic10_2019\bin\opengldriver.pdb
d:\genesis and jet3d\jstudio_classic10_2019\lib\opengldriver.lib
d:\genesis and jet3d\jstudio_classic10_2019\lib\opengldriver.exp
d:\genesis and jet3d\jstudio_classic10_2019\source\drivers\opengldriver\release\cl.command.1.tlog
d:\genesis and jet3d\jstudio_classic10_2019\source\drivers\opengldriver\release\cl.read.1.tlog
d:\genesis and jet3d\jstudio_classic10_2019\source\drivers\opengldriver\release\cl.write.1.tlog
d:\genesis and jet3d\jstudio_classic10_2019\source\drivers\opengldriver\release\link.command.1.tlog
d:\genesis and jet3d\jstudio_classic10_2019\source\drivers\opengldriver\release\link.read.1.tlog
d:\genesis and jet3d\jstudio_classic10_2019\source\drivers\opengldriver\release\link.write.1.tlog
d:\genesis and jet3d\jstudio_classic10_2019\source\drivers\opengldriver\release\mt.command.1.tlog
d:\genesis and jet3d\jstudio_classic10_2019\source\drivers\opengldriver\release\mt.read.1.tlog
d:\genesis and jet3d\jstudio_classic10_2019\source\drivers\opengldriver\release\mt.write.1.tlog
d:\genesis and jet3d\jstudio_classic10_2019\source\drivers\opengldriver\release\opengldriver.write.1.tlog
d:\genesis and jet3d\jstudio_classic10_2019\source\drivers\opengldriver\release\opengldriver.dll.intermediate.manifest
d:\genesis and jet3d\jstudio_classic10_2019\source\drivers\opengldriver\release\vc100.pdb
d:\genesis and jet3d\jstudio_classic10_2019\source\drivers\opengldriver\release\opengldriver.tlog\cl.command.1.tlog
d:\genesis and jet3d\jstudio_classic10_2019\source\drivers\opengldriver\release\opengldriver.tlog\cl.read.1.tlog
d:\genesis and jet3d\jstudio_classic10_2019\source\drivers\opengldriver\release\opengldriver.tlog\cl.write.1.tlog
d:\genesis and jet3d\jstudio_classic10_2019\source\drivers\opengldriver\release\opengldriver.tlog\link.command.1.tlog
d:\genesis and jet3d\jstudio_classic10_2019\source\drivers\opengldriver\release\opengldriver.tlog\link.delete.1.tlog
d:\genesis and jet3d\jstudio_classic10_2019\source\drivers\opengldriver\release\opengldriver.tlog\link.read.1.tlog
d:\genesis and jet3d\jstudio_classic10_2019\source\drivers\opengldriver\release\opengldriver.tlog\link.write.1.tlog
d:\genesis and jet3d\jstudio_classic10_2019\source\drivers\opengldriver\release\opengldriver.tlog\opengldriver.write.1u.tlog
