  Corona.c
  Krouer: change NULL to something better next time
  ObjectDef.c
  ObjUtil.c
C:\Users\James\Downloads\JStudio_Classic_11_2023_Source\JSTUDIO_CLASSIC11_2023\source\Objects\Corona\Source\ObjUtil.c(52,3): warning C4996: 'strcpy': This function or variable may be unsafe. Consider using strcpy_s instead. To disable deprecation, use _CRT_SECURE_NO_WARNINGS. See online help for details.
C:\Users\James\Downloads\JStudio_Classic_11_2023_Source\JSTUDIO_CLASSIC11_2023\source\Objects\Corona\Source\ObjUtil.c(101,2): warning C4996: 'strcpy': This function or variable may be unsafe. Consider using strcpy_s instead. To disable deprecation, use _CRT_SECURE_NO_WARNINGS. See online help for details.
C:\Users\James\Downloads\JStudio_Classic_11_2023_Source\JSTUDIO_CLASSIC11_2023\source\Objects\Corona\Source\ObjUtil.c(665,4): warning C4996: 'itoa': The POSIX name for this item is deprecated. Instead, use the ISO C and C++ conformant name: _itoa. See online help for details.
C:\Users\James\Downloads\JStudio_Classic_11_2023_Source\JSTUDIO_CLASSIC11_2023\source\Objects\Corona\Source\ObjUtil.c(741,8): warning C4996: 'stricmp': The POSIX name for this item is deprecated. Instead, use the ISO C and C++ conformant name: _stricmp. See online help for details.
C:\Users\James\Downloads\JStudio_Classic_11_2023_Source\JSTUDIO_CLASSIC11_2023\source\Objects\Corona\Source\ObjUtil.c(787,8): warning C4996: 'stricmp': The POSIX name for this item is deprecated. Instead, use the ISO C and C++ conformant name: _stricmp. See online help for details.
C:\Users\James\Downloads\JStudio_Classic_11_2023_Source\JSTUDIO_CLASSIC11_2023\source\Objects\Corona\Source\ObjUtil.c(888,7): warning C4996: 'stricmp': The POSIX name for this item is deprecated. Instead, use the ISO C and C++ conformant name: _stricmp. See online help for details.
C:\Users\James\Downloads\JStudio_Classic_11_2023_Source\JSTUDIO_CLASSIC11_2023\source\Objects\Corona\Source\ObjUtil.c(901,8): warning C4996: 'stricmp': The POSIX name for this item is deprecated. Instead, use the ISO C and C++ conformant name: _stricmp. See online help for details.
C:\Users\James\Downloads\JStudio_Classic_11_2023_Source\JSTUDIO_CLASSIC11_2023\source\Objects\Corona\Source\ObjUtil.c(913,3): warning C4996: 'strcpy': This function or variable may be unsafe. Consider using strcpy_s instead. To disable deprecation, use _CRT_SECURE_NO_WARNINGS. See online help for details.
C:\Users\James\Downloads\JStudio_Classic_11_2023_Source\JSTUDIO_CLASSIC11_2023\source\Objects\Corona\Source\ObjUtil.c(914,8): warning C4996: 'stricmp': The POSIX name for this item is deprecated. Instead, use the ISO C and C++ conformant name: _stricmp. See online help for details.
C:\Users\James\Downloads\JStudio_Classic_11_2023_Source\JSTUDIO_CLASSIC11_2023\source\Objects\Corona\Source\ObjUtil.c(916,4): warning C4996: 'strcat': This function or variable may be unsafe. Consider using strcat_s instead. To disable deprecation, use _CRT_SECURE_NO_WARNINGS. See online help for details.
C:\Users\James\Downloads\JStudio_Classic_11_2023_Source\JSTUDIO_CLASSIC11_2023\source\Objects\Corona\Source\ObjUtil.c(939,8): warning C4996: 'stricmp': The POSIX name for this item is deprecated. Instead, use the ISO C and C++ conformant name: _stricmp. See online help for details.
  Generating Code...
C:\Program Files\Microsoft Visual Studio\18\Community\MSBuild\Microsoft\VC\v180\Microsoft.CppBuild.targets(1412,5): warning MSB8012: TargetPath(C:\Users\James\Downloads\JStudio_Classic_11_2023_Source\JSTUDIO_CLASSIC11_2023\source\Objects\Corona\Debug\CoronaObj.ddl) does not match the Linker's OutputFile property value (C:\Users\James\Downloads\JStudio_Classic_11_2023_Source\JSTUDIO_CLASSIC11_2023\bin\objects\CoronaObj.ddl). This may cause your project to build incorrectly. To correct this, please make sure that $(OutDir), $(TargetName) and $(TargetExt) property values match the value specified in %(Link.OutputFile).
Corona.obj : warning LNK4075: ignoring '/EDITANDCONTINUE' due to '/SAFESEH' specification
     Creating library Debug\CoronaObj.lib and object Debug\CoronaObj.exp
  Corona.vcxproj -> C:\Users\James\Downloads\JStudio_Classic_11_2023_Source\JSTUDIO_CLASSIC11_2023\source\Objects\Corona\Debug\CoronaObj.ddl
