d:\genesis and jet3d\jstudio_classic11_2023\bin\jet3dclassic11.bsc
d:\genesis and jet3d\jstudio_classic11_2023\source\engine\jetengine\release\vc143.pdb
d:\genesis and jet3d\jstudio_classic11_2023\source\engine\jetengine\release\camera.sbr
d:\genesis and jet3d\jstudio_classic11_2023\source\engine\jetengine\release\object.sbr
d:\genesis and jet3d\jstudio_classic11_2023\source\engine\jetengine\release\oggstream.sbr
d:\genesis and jet3d\jstudio_classic11_2023\source\engine\jetengine\release\report.sbr
d:\genesis and jet3d\jstudio_classic11_2023\source\engine\jetengine\release\sound.sbr
d:\genesis and jet3d\jstudio_classic11_2023\source\engine\jetengine\release\sound3d.sbr
d:\genesis and jet3d\jstudio_classic11_2023\source\engine\jetengine\release\tclip.sbr
d:\genesis and jet3d\jstudio_classic11_2023\source\engine\jetengine\release\timer.sbr
d:\genesis and jet3d\jstudio_classic11_2023\source\engine\jetengine\release\tsc.sbr
d:\genesis and jet3d\jstudio_classic11_2023\source\engine\jetengine\release\uvmap.sbr
d:\genesis and jet3d\jstudio_classic11_2023\source\engine\jetengine\release\actor.sbr
d:\genesis and jet3d\jstudio_classic11_2023\source\engine\jetengine\release\actorobj.sbr
d:\genesis and jet3d\jstudio_classic11_2023\source\engine\jetengine\release\body.sbr
d:\genesis and jet3d\jstudio_classic11_2023\source\engine\jetengine\release\bodyinst.sbr
d:\genesis and jet3d\jstudio_classic11_2023\source\engine\jetengine\release\motion.sbr
d:\genesis and jet3d\jstudio_classic11_2023\source\engine\jetengine\release\path.sbr
d:\genesis and jet3d\jstudio_classic11_2023\source\engine\jetengine\release\pose.sbr
d:\genesis and jet3d\jstudio_classic11_2023\source\engine\jetengine\release\puppet.sbr
d:\genesis and jet3d\jstudio_classic11_2023\source\engine\jetengine\release\qkframe.sbr
d:\genesis and jet3d\jstudio_classic11_2023\source\engine\jetengine\release\strblock.sbr
d:\genesis and jet3d\jstudio_classic11_2023\source\engine\jetengine\release\strblock.obj
d:\genesis and jet3d\jstudio_classic11_2023\source\engine\jetengine\release\qkframe.obj
d:\genesis and jet3d\jstudio_classic11_2023\source\engine\jetengine\release\puppet.obj
d:\genesis and jet3d\jstudio_classic11_2023\source\engine\jetengine\release\pose.obj
d:\genesis and jet3d\jstudio_classic11_2023\source\engine\jetengine\release\path.obj
d:\genesis and jet3d\jstudio_classic11_2023\source\engine\jetengine\release\motion.obj
d:\genesis and jet3d\jstudio_classic11_2023\source\engine\jetengine\release\bodyinst.obj
d:\genesis and jet3d\jstudio_classic11_2023\source\engine\jetengine\release\body.obj
d:\genesis and jet3d\jstudio_classic11_2023\source\engine\jetengine\release\actorobj.obj
d:\genesis and jet3d\jstudio_classic11_2023\source\engine\jetengine\release\actor.obj
d:\genesis and jet3d\jstudio_classic11_2023\source\engine\jetengine\release\uvmap.obj
d:\genesis and jet3d\jstudio_classic11_2023\source\engine\jetengine\release\tsc.obj
d:\genesis and jet3d\jstudio_classic11_2023\source\engine\jetengine\release\timer.obj
d:\genesis and jet3d\jstudio_classic11_2023\source\engine\jetengine\release\tclip.obj
d:\genesis and jet3d\jstudio_classic11_2023\source\engine\jetengine\release\sound3d.obj
d:\genesis and jet3d\jstudio_classic11_2023\source\engine\jetengine\release\sound.obj
d:\genesis and jet3d\jstudio_classic11_2023\source\engine\jetengine\release\report.obj
d:\genesis and jet3d\jstudio_classic11_2023\source\engine\jetengine\release\oggstream.obj
d:\genesis and jet3d\jstudio_classic11_2023\source\engine\jetengine\release\object.obj
d:\genesis and jet3d\jstudio_classic11_2023\source\engine\jetengine\release\camera.obj
d:\genesis and jet3d\jstudio_classic11_2023\source\engine\jetengine\release\tkarray.sbr
d:\genesis and jet3d\jstudio_classic11_2023\source\engine\jetengine\release\tkevents.sbr
d:\genesis and jet3d\jstudio_classic11_2023\source\engine\jetengine\release\vkframe.sbr
d:\genesis and jet3d\jstudio_classic11_2023\source\engine\jetengine\release\xfarray.sbr
d:\genesis and jet3d\jstudio_classic11_2023\source\engine\jetengine\release\jebsp.sbr
d:\genesis and jet3d\jstudio_classic11_2023\source\engine\jetengine\release\jebsp_brush.sbr
d:\genesis and jet3d\jstudio_classic11_2023\source\engine\jetengine\release\jebsp_topbrush.sbr
d:\genesis and jet3d\jstudio_classic11_2023\source\engine\jetengine\release\jebspnode.sbr
d:\genesis and jet3d\jstudio_classic11_2023\source\engine\jetengine\release\jebspnode_area.sbr
d:\genesis and jet3d\jstudio_classic11_2023\source\engine\jetengine\release\jebspnode_drawface.sbr
d:\genesis and jet3d\jstudio_classic11_2023\source\engine\jetengine\release\jebspnode_face.sbr
d:\genesis and jet3d\jstudio_classic11_2023\source\engine\jetengine\release\jebspnode_leaf.sbr
d:\genesis and jet3d\jstudio_classic11_2023\source\engine\jetengine\release\jebspnode_light.sbr
d:\genesis and jet3d\jstudio_classic11_2023\source\engine\jetengine\release\jebspnode_portal.sbr
d:\genesis and jet3d\jstudio_classic11_2023\source\engine\jetengine\release\bitmaplist.sbr
d:\genesis and jet3d\jstudio_classic11_2023\source\engine\jetengine\release\engine.sbr
d:\genesis and jet3d\jstudio_classic11_2023\source\engine\jetengine\release\fontbmp.sbr
d:\genesis and jet3d\jstudio_classic11_2023\source\engine\jetengine\release\jepolymgr.sbr
d:\genesis and jet3d\jstudio_classic11_2023\source\engine\jetengine\release\jetexture.sbr
d:\genesis and jet3d\jstudio_classic11_2023\source\engine\jetengine\release\splash_bmp.sbr
d:\genesis and jet3d\jstudio_classic11_2023\source\engine\jetengine\release\splash_bmp.obj
d:\genesis and jet3d\jstudio_classic11_2023\source\engine\jetengine\release\jetexture.obj
d:\genesis and jet3d\jstudio_classic11_2023\source\engine\jetengine\release\jepolymgr.obj
d:\genesis and jet3d\jstudio_classic11_2023\source\engine\jetengine\release\fontbmp.obj
d:\genesis and jet3d\jstudio_classic11_2023\source\engine\jetengine\release\engine.obj
d:\genesis and jet3d\jstudio_classic11_2023\source\engine\jetengine\release\bitmaplist.obj
d:\genesis and jet3d\jstudio_classic11_2023\source\engine\jetengine\release\jebspnode_portal.obj
d:\genesis and jet3d\jstudio_classic11_2023\source\engine\jetengine\release\jebspnode_light.obj
d:\genesis and jet3d\jstudio_classic11_2023\source\engine\jetengine\release\jebspnode_leaf.obj
d:\genesis and jet3d\jstudio_classic11_2023\source\engine\jetengine\release\jebspnode_face.obj
d:\genesis and jet3d\jstudio_classic11_2023\source\engine\jetengine\release\jebspnode_drawface.obj
d:\genesis and jet3d\jstudio_classic11_2023\source\engine\jetengine\release\jebspnode_area.obj
d:\genesis and jet3d\jstudio_classic11_2023\source\engine\jetengine\release\jebspnode.obj
d:\genesis and jet3d\jstudio_classic11_2023\source\engine\jetengine\release\jebsp_topbrush.obj
d:\genesis and jet3d\jstudio_classic11_2023\source\engine\jetengine\release\jebsp_brush.obj
d:\genesis and jet3d\jstudio_classic11_2023\source\engine\jetengine\release\jebsp.obj
d:\genesis and jet3d\jstudio_classic11_2023\source\engine\jetengine\release\xfarray.obj
d:\genesis and jet3d\jstudio_classic11_2023\source\engine\jetengine\release\vkframe.obj
d:\genesis and jet3d\jstudio_classic11_2023\source\engine\jetengine\release\tkevents.obj
d:\genesis and jet3d\jstudio_classic11_2023\source\engine\jetengine\release\tkarray.obj
d:\genesis and jet3d\jstudio_classic11_2023\source\engine\jetengine\release\d3d_ddmemmgr.sbr
d:\genesis and jet3d\jstudio_classic11_2023\source\engine\jetengine\release\d3d_err.sbr
d:\genesis and jet3d\jstudio_classic11_2023\source\engine\jetengine\release\d3d_fx.sbr
d:\genesis and jet3d\jstudio_classic11_2023\source\engine\jetengine\release\d3d_gspan.sbr
d:\genesis and jet3d\jstudio_classic11_2023\source\engine\jetengine\release\d3d_main.sbr
d:\genesis and jet3d\jstudio_classic11_2023\source\engine\jetengine\release\d3d_pcache.sbr
d:\genesis and jet3d\jstudio_classic11_2023\source\engine\jetengine\release\d3d_render.sbr
d:\genesis and jet3d\jstudio_classic11_2023\source\engine\jetengine\release\d3d_scene.sbr
d:\genesis and jet3d\jstudio_classic11_2023\source\engine\jetengine\release\d3d_thandle.sbr
d:\genesis and jet3d\jstudio_classic11_2023\source\engine\jetengine\release\d3d_tpage.sbr
d:\genesis and jet3d\jstudio_classic11_2023\source\engine\jetengine\release\d3dcache.sbr
d:\genesis and jet3d\jstudio_classic11_2023\source\engine\jetengine\release\d3ddrv.sbr
d:\genesis and jet3d\jstudio_classic11_2023\source\engine\jetengine\release\jebrush.sbr
d:\genesis and jet3d\jstudio_classic11_2023\source\engine\jetengine\release\jefaceinfo.sbr
d:\genesis and jet3d\jstudio_classic11_2023\source\engine\jetengine\release\jefrustum.sbr
d:\genesis and jet3d\jstudio_classic11_2023\source\engine\jetengine\release\jegarray.sbr
d:\genesis and jet3d\jstudio_classic11_2023\source\engine\jetengine\release\jeindexpoly.sbr
d:\genesis and jet3d\jstudio_classic11_2023\source\engine\jetengine\release\jelight.sbr
d:\genesis and jet3d\jstudio_classic11_2023\source\engine\jetengine\release\jematerial.sbr
d:\genesis and jet3d\jstudio_classic11_2023\source\engine\jetengine\release\jematerialspec.sbr
d:\genesis and jet3d\jstudio_classic11_2023\source\engine\jetengine\release\jematerialspec.obj
d:\genesis and jet3d\jstudio_classic11_2023\source\engine\jetengine\release\jematerial.obj
d:\genesis and jet3d\jstudio_classic11_2023\source\engine\jetengine\release\jelight.obj
d:\genesis and jet3d\jstudio_classic11_2023\source\engine\jetengine\release\jeindexpoly.obj
d:\genesis and jet3d\jstudio_classic11_2023\source\engine\jetengine\release\jegarray.obj
d:\genesis and jet3d\jstudio_classic11_2023\source\engine\jetengine\release\jefrustum.obj
d:\genesis and jet3d\jstudio_classic11_2023\source\engine\jetengine\release\jefaceinfo.obj
d:\genesis and jet3d\jstudio_classic11_2023\source\engine\jetengine\release\jebrush.obj
d:\genesis and jet3d\jstudio_classic11_2023\source\engine\jetengine\release\d3ddrv.obj
d:\genesis and jet3d\jstudio_classic11_2023\source\engine\jetengine\release\d3dcache.obj
d:\genesis and jet3d\jstudio_classic11_2023\source\engine\jetengine\release\d3d_tpage.obj
d:\genesis and jet3d\jstudio_classic11_2023\source\engine\jetengine\release\d3d_thandle.obj
d:\genesis and jet3d\jstudio_classic11_2023\source\engine\jetengine\release\d3d_scene.obj
d:\genesis and jet3d\jstudio_classic11_2023\source\engine\jetengine\release\d3d_render.obj
d:\genesis and jet3d\jstudio_classic11_2023\source\engine\jetengine\release\d3d_pcache.obj
d:\genesis and jet3d\jstudio_classic11_2023\source\engine\jetengine\release\d3d_main.obj
d:\genesis and jet3d\jstudio_classic11_2023\source\engine\jetengine\release\d3d_gspan.obj
d:\genesis and jet3d\jstudio_classic11_2023\source\engine\jetengine\release\d3d_fx.obj
d:\genesis and jet3d\jstudio_classic11_2023\source\engine\jetengine\release\d3d_err.obj
d:\genesis and jet3d\jstudio_classic11_2023\source\engine\jetengine\release\d3d_ddmemmgr.obj
d:\genesis and jet3d\jstudio_classic11_2023\source\engine\jetengine\release\jemodel.sbr
d:\genesis and jet3d\jstudio_classic11_2023\source\engine\jetengine\release\jeplane.sbr
d:\genesis and jet3d\jstudio_classic11_2023\source\engine\jetengine\release\jeplanearray.sbr
d:\genesis and jet3d\jstudio_classic11_2023\source\engine\jetengine\release\jepoly.sbr
d:\genesis and jet3d\jstudio_classic11_2023\source\engine\jetengine\release\jeportal.sbr
d:\genesis and jet3d\jstudio_classic11_2023\source\engine\jetengine\release\jestaticmesh.sbr
d:\genesis and jet3d\jstudio_classic11_2023\source\engine\jetengine\release\jetexvec.sbr
d:\genesis and jet3d\jstudio_classic11_2023\source\engine\jetengine\release\jeuserpoly.sbr
d:\genesis and jet3d\jstudio_classic11_2023\source\engine\jetengine\release\jevertarray.sbr
d:\genesis and jet3d\jstudio_classic11_2023\source\engine\jetengine\release\jeworld.sbr
d:\genesis and jet3d\jstudio_classic11_2023\source\engine\jetengine\release\visobject.sbr
d:\genesis and jet3d\jstudio_classic11_2023\source\engine\jetengine\release\asmxform3d.sbr
d:\genesis and jet3d\jstudio_classic11_2023\source\engine\jetengine\release\box.sbr
d:\genesis and jet3d\jstudio_classic11_2023\source\engine\jetengine\release\crc32.sbr
d:\genesis and jet3d\jstudio_classic11_2023\source\engine\jetengine\release\extbox.sbr
d:\genesis and jet3d\jstudio_classic11_2023\source\engine\jetengine\release\jeray.sbr
d:\genesis and jet3d\jstudio_classic11_2023\source\engine\jetengine\release\jevec3d_katmai.sbr
d:\genesis and jet3d\jstudio_classic11_2023\source\engine\jetengine\release\objectpos.sbr
d:\genesis and jet3d\jstudio_classic11_2023\source\engine\jetengine\release\quatern.sbr
d:\genesis and jet3d\jstudio_classic11_2023\source\engine\jetengine\release\vec2d.sbr
d:\genesis and jet3d\jstudio_classic11_2023\source\engine\jetengine\release\vec2d.obj
d:\genesis and jet3d\jstudio_classic11_2023\source\engine\jetengine\release\quatern.obj
d:\genesis and jet3d\jstudio_classic11_2023\source\engine\jetengine\release\objectpos.obj
d:\genesis and jet3d\jstudio_classic11_2023\source\engine\jetengine\release\jevec3d_katmai.obj
d:\genesis and jet3d\jstudio_classic11_2023\source\engine\jetengine\release\jeray.obj
d:\genesis and jet3d\jstudio_classic11_2023\source\engine\jetengine\release\extbox.obj
d:\genesis and jet3d\jstudio_classic11_2023\source\engine\jetengine\release\crc32.obj
d:\genesis and jet3d\jstudio_classic11_2023\source\engine\jetengine\release\box.obj
d:\genesis and jet3d\jstudio_classic11_2023\source\engine\jetengine\release\asmxform3d.obj
d:\genesis and jet3d\jstudio_classic11_2023\source\engine\jetengine\release\visobject.obj
d:\genesis and jet3d\jstudio_classic11_2023\source\engine\jetengine\release\jeworld.obj
d:\genesis and jet3d\jstudio_classic11_2023\source\engine\jetengine\release\jevertarray.obj
d:\genesis and jet3d\jstudio_classic11_2023\source\engine\jetengine\release\jeuserpoly.obj
d:\genesis and jet3d\jstudio_classic11_2023\source\engine\jetengine\release\jetexvec.obj
d:\genesis and jet3d\jstudio_classic11_2023\source\engine\jetengine\release\jestaticmesh.obj
d:\genesis and jet3d\jstudio_classic11_2023\source\engine\jetengine\release\jeportal.obj
d:\genesis and jet3d\jstudio_classic11_2023\source\engine\jetengine\release\jepoly.obj
d:\genesis and jet3d\jstudio_classic11_2023\source\engine\jetengine\release\jeplanearray.obj
d:\genesis and jet3d\jstudio_classic11_2023\source\engine\jetengine\release\jeplane.obj
d:\genesis and jet3d\jstudio_classic11_2023\source\engine\jetengine\release\jemodel.obj
d:\genesis and jet3d\jstudio_classic11_2023\source\engine\jetengine\release\vec3d.sbr
d:\genesis and jet3d\jstudio_classic11_2023\source\engine\jetengine\release\xform3d.sbr
d:\genesis and jet3d\jstudio_classic11_2023\source\engine\jetengine\release\part.sbr
d:\genesis and jet3d\jstudio_classic11_2023\source\engine\jetengine\release\spring.sbr
d:\genesis and jet3d\jstudio_classic11_2023\source\engine\jetengine\release\array.sbr
d:\genesis and jet3d\jstudio_classic11_2023\source\engine\jetengine\release\cpu.sbr
d:\genesis and jet3d\jstudio_classic11_2023\source\engine\jetengine\release\errorlog.sbr
d:\genesis and jet3d\jstudio_classic11_2023\source\engine\jetengine\release\jeassert.sbr
d:\genesis and jet3d\jstudio_classic11_2023\source\engine\jetengine\release\jechain.sbr
d:\genesis and jet3d\jstudio_classic11_2023\source\engine\jetengine\release\jememallocinfo.sbr
d:\genesis and jet3d\jstudio_classic11_2023\source\engine\jetengine\release\jenamemgr.sbr
d:\genesis and jet3d\jstudio_classic11_2023\source\engine\jetengine\release\jeproperty.sbr
d:\genesis and jet3d\jstudio_classic11_2023\source\engine\jetengine\release\jeptrmgr.sbr
d:\genesis and jet3d\jstudio_classic11_2023\source\engine\jetengine\release\jeresource.sbr
d:\genesis and jet3d\jstudio_classic11_2023\source\engine\jetengine\release\log.sbr
d:\genesis and jet3d\jstudio_classic11_2023\source\engine\jetengine\release\mempool.sbr
d:\genesis and jet3d\jstudio_classic11_2023\source\engine\jetengine\release\ram.sbr
d:\genesis and jet3d\jstudio_classic11_2023\source\engine\jetengine\release\threadlog.sbr
d:\genesis and jet3d\jstudio_classic11_2023\source\engine\jetengine\release\threadqueue.sbr
d:\genesis and jet3d\jstudio_classic11_2023\source\engine\jetengine\release\util.sbr
d:\genesis and jet3d\jstudio_classic11_2023\source\engine\jetengine\release\util.obj
d:\genesis and jet3d\jstudio_classic11_2023\source\engine\jetengine\release\threadqueue.obj
d:\genesis and jet3d\jstudio_classic11_2023\source\engine\jetengine\release\threadlog.obj
d:\genesis and jet3d\jstudio_classic11_2023\source\engine\jetengine\release\ram.obj
d:\genesis and jet3d\jstudio_classic11_2023\source\engine\jetengine\release\mempool.obj
d:\genesis and jet3d\jstudio_classic11_2023\source\engine\jetengine\release\log.obj
d:\genesis and jet3d\jstudio_classic11_2023\source\engine\jetengine\release\jeresource.obj
d:\genesis and jet3d\jstudio_classic11_2023\source\engine\jetengine\release\jeptrmgr.obj
d:\genesis and jet3d\jstudio_classic11_2023\source\engine\jetengine\release\jeproperty.obj
d:\genesis and jet3d\jstudio_classic11_2023\source\engine\jetengine\release\jenamemgr.obj
d:\genesis and jet3d\jstudio_classic11_2023\source\engine\jetengine\release\jememallocinfo.obj
d:\genesis and jet3d\jstudio_classic11_2023\source\engine\jetengine\release\jechain.obj
d:\genesis and jet3d\jstudio_classic11_2023\source\engine\jetengine\release\jeassert.obj
d:\genesis and jet3d\jstudio_classic11_2023\source\engine\jetengine\release\errorlog.obj
d:\genesis and jet3d\jstudio_classic11_2023\source\engine\jetengine\release\cpu.obj
d:\genesis and jet3d\jstudio_classic11_2023\source\engine\jetengine\release\array.obj
d:\genesis and jet3d\jstudio_classic11_2023\source\engine\jetengine\release\spring.obj
d:\genesis and jet3d\jstudio_classic11_2023\source\engine\jetengine\release\part.obj
d:\genesis and jet3d\jstudio_classic11_2023\source\engine\jetengine\release\xform3d.obj
d:\genesis and jet3d\jstudio_classic11_2023\source\engine\jetengine\release\vec3d.obj
d:\genesis and jet3d\jstudio_classic11_2023\source\engine\jetengine\release\fsinet.sbr
d:\genesis and jet3d\jstudio_classic11_2023\source\engine\jetengine\release\quad.sbr
d:\genesis and jet3d\jstudio_classic11_2023\source\engine\jetengine\release\terrain.sbr
d:\genesis and jet3d\jstudio_classic11_2023\source\engine\jetengine\release\jeparticle.sbr
d:\genesis and jet3d\jstudio_classic11_2023\source\engine\jetengine\release\mp3mgr.sbr
d:\genesis and jet3d\jstudio_classic11_2023\source\engine\jetengine\release\videomgr.sbr
d:\genesis and jet3d\jstudio_classic11_2023\source\engine\jetengine\release\videomgr.obj
d:\genesis and jet3d\jstudio_classic11_2023\source\engine\jetengine\release\mp3mgr.obj
d:\genesis and jet3d\jstudio_classic11_2023\source\engine\jetengine\release\jeparticle.obj
d:\genesis and jet3d\jstudio_classic11_2023\source\engine\jetengine\release\terrain.obj
d:\genesis and jet3d\jstudio_classic11_2023\source\engine\jetengine\release\quad.obj
d:\genesis and jet3d\jstudio_classic11_2023\source\engine\jetengine\release\fsinet.obj
d:\genesis and jet3d\jstudio_classic11_2023\source\engine\jetengine\release\list.sbr
d:\genesis and jet3d\jstudio_classic11_2023\source\engine\jetengine\release\bitmap.sbr
d:\genesis and jet3d\jstudio_classic11_2023\source\engine\jetengine\release\bitmap_blitdata.sbr
d:\genesis and jet3d\jstudio_classic11_2023\source\engine\jetengine\release\bitmap_gamma.sbr
d:\genesis and jet3d\jstudio_classic11_2023\source\engine\jetengine\release\pixelformat.sbr
d:\genesis and jet3d\jstudio_classic11_2023\source\engine\jetengine\release\arithc.sbr
d:\genesis and jet3d\jstudio_classic11_2023\source\engine\jetengine\release\codealphas.sbr
d:\genesis and jet3d\jstudio_classic11_2023\source\engine\jetengine\release\codeimage.sbr
d:\genesis and jet3d\jstudio_classic11_2023\source\engine\jetengine\release\codepal.sbr
d:\genesis and jet3d\jstudio_classic11_2023\source\engine\jetengine\release\coder.sbr
d:\genesis and jet3d\jstudio_classic11_2023\source\engine\jetengine\release\coder_bp.sbr
d:\genesis and jet3d\jstudio_classic11_2023\source\engine\jetengine\release\coder_bpb2.sbr
d:\genesis and jet3d\jstudio_classic11_2023\source\engine\jetengine\release\coder_bpbf.sbr
d:\genesis and jet3d\jstudio_classic11_2023\source\engine\jetengine\release\coder_bpbfr.sbr
d:\genesis and jet3d\jstudio_classic11_2023\source\engine\jetengine\release\coder_bpbfrl.sbr
d:\genesis and jet3d\jstudio_classic11_2023\source\engine\jetengine\release\coder_f.sbr
d:\genesis and jet3d\jstudio_classic11_2023\source\engine\jetengine\release\coder_f2.sbr
d:\genesis and jet3d\jstudio_classic11_2023\source\engine\jetengine\release\coder_f3.sbr
d:\genesis and jet3d\jstudio_classic11_2023\source\engine\jetengine\release\codeutil.sbr
d:\genesis and jet3d\jstudio_classic11_2023\source\engine\jetengine\release\colorconv.sbr
d:\genesis and jet3d\jstudio_classic11_2023\source\engine\jetengine\release\colorconv.obj
d:\genesis and jet3d\jstudio_classic11_2023\source\engine\jetengine\release\codeutil.obj
d:\genesis and jet3d\jstudio_classic11_2023\source\engine\jetengine\release\coder_f3.obj
d:\genesis and jet3d\jstudio_classic11_2023\source\engine\jetengine\release\coder_f2.obj
d:\genesis and jet3d\jstudio_classic11_2023\source\engine\jetengine\release\coder_f.obj
d:\genesis and jet3d\jstudio_classic11_2023\source\engine\jetengine\release\coder_bpbfrl.obj
d:\genesis and jet3d\jstudio_classic11_2023\source\engine\jetengine\release\coder_bpbfr.obj
d:\genesis and jet3d\jstudio_classic11_2023\source\engine\jetengine\release\coder_bpbf.obj
d:\genesis and jet3d\jstudio_classic11_2023\source\engine\jetengine\release\coder_bpb2.obj
d:\genesis and jet3d\jstudio_classic11_2023\source\engine\jetengine\release\coder_bp.obj
d:\genesis and jet3d\jstudio_classic11_2023\source\engine\jetengine\release\coder.obj
d:\genesis and jet3d\jstudio_classic11_2023\source\engine\jetengine\release\codepal.obj
d:\genesis and jet3d\jstudio_classic11_2023\source\engine\jetengine\release\codeimage.obj
d:\genesis and jet3d\jstudio_classic11_2023\source\engine\jetengine\release\codealphas.obj
d:\genesis and jet3d\jstudio_classic11_2023\source\engine\jetengine\release\arithc.obj
d:\genesis and jet3d\jstudio_classic11_2023\source\engine\jetengine\release\pixelformat.obj
d:\genesis and jet3d\jstudio_classic11_2023\source\engine\jetengine\release\bitmap_gamma.obj
d:\genesis and jet3d\jstudio_classic11_2023\source\engine\jetengine\release\bitmap_blitdata.obj
d:\genesis and jet3d\jstudio_classic11_2023\source\engine\jetengine\release\bitmap.obj
d:\genesis and jet3d\jstudio_classic11_2023\source\engine\jetengine\release\list.obj
d:\genesis and jet3d\jstudio_classic11_2023\source\engine\jetengine\release\context.sbr
d:\genesis and jet3d\jstudio_classic11_2023\source\engine\jetengine\release\huffa.sbr
d:\genesis and jet3d\jstudio_classic11_2023\source\engine\jetengine\release\huffman2.sbr
d:\genesis and jet3d\jstudio_classic11_2023\source\engine\jetengine\release\image.sbr
d:\genesis and jet3d\jstudio_classic11_2023\source\engine\jetengine\release\intmath.sbr
d:\genesis and jet3d\jstudio_classic11_2023\source\engine\jetengine\release\katcache.sbr
d:\genesis and jet3d\jstudio_classic11_2023\source\engine\jetengine\release\ladder.sbr
d:\genesis and jet3d\jstudio_classic11_2023\source\engine\jetengine\release\lbitio.sbr
d:\genesis and jet3d\jstudio_classic11_2023\source\engine\jetengine\release\lza.sbr
d:\genesis and jet3d\jstudio_classic11_2023\source\engine\jetengine\release\lzh.sbr
d:\genesis and jet3d\jstudio_classic11_2023\source\engine\jetengine\release\o0coder.sbr
d:\genesis and jet3d\jstudio_classic11_2023\source\engine\jetengine\release\o1coder.sbr
d:\genesis and jet3d\jstudio_classic11_2023\source\engine\jetengine\release\palcreate.sbr
d:\genesis and jet3d\jstudio_classic11_2023\source\engine\jetengine\release\palettize.sbr
d:\genesis and jet3d\jstudio_classic11_2023\source\engine\jetengine\release\paloptimize.sbr
d:\genesis and jet3d\jstudio_classic11_2023\source\engine\jetengine\release\rungae.sbr
d:\genesis and jet3d\jstudio_classic11_2023\source\engine\jetengine\release\rungo1.sbr
d:\genesis and jet3d\jstudio_classic11_2023\source\engine\jetengine\release\runtrans.sbr
d:\genesis and jet3d\jstudio_classic11_2023\source\engine\jetengine\release\scontext.sbr
d:\genesis and jet3d\jstudio_classic11_2023\source\engine\jetengine\release\sortpal.sbr
d:\genesis and jet3d\jstudio_classic11_2023\source\engine\jetengine\release\sortpal.obj
d:\genesis and jet3d\jstudio_classic11_2023\source\engine\jetengine\release\scontext.obj
d:\genesis and jet3d\jstudio_classic11_2023\source\engine\jetengine\release\runtrans.obj
d:\genesis and jet3d\jstudio_classic11_2023\source\engine\jetengine\release\rungo1.obj
d:\genesis and jet3d\jstudio_classic11_2023\source\engine\jetengine\release\rungae.obj
d:\genesis and jet3d\jstudio_classic11_2023\source\engine\jetengine\release\paloptimize.obj
d:\genesis and jet3d\jstudio_classic11_2023\source\engine\jetengine\release\palettize.obj
d:\genesis and jet3d\jstudio_classic11_2023\source\engine\jetengine\release\palcreate.obj
d:\genesis and jet3d\jstudio_classic11_2023\source\engine\jetengine\release\o1coder.obj
d:\genesis and jet3d\jstudio_classic11_2023\source\engine\jetengine\release\o0coder.obj
d:\genesis and jet3d\jstudio_classic11_2023\source\engine\jetengine\release\lzh.obj
d:\genesis and jet3d\jstudio_classic11_2023\source\engine\jetengine\release\lza.obj
d:\genesis and jet3d\jstudio_classic11_2023\source\engine\jetengine\release\lbitio.obj
d:\genesis and jet3d\jstudio_classic11_2023\source\engine\jetengine\release\ladder.obj
d:\genesis and jet3d\jstudio_classic11_2023\source\engine\jetengine\release\katcache.obj
d:\genesis and jet3d\jstudio_classic11_2023\source\engine\jetengine\release\intmath.obj
d:\genesis and jet3d\jstudio_classic11_2023\source\engine\jetengine\release\image.obj
d:\genesis and jet3d\jstudio_classic11_2023\source\engine\jetengine\release\huffman2.obj
d:\genesis and jet3d\jstudio_classic11_2023\source\engine\jetengine\release\huffa.obj
d:\genesis and jet3d\jstudio_classic11_2023\source\engine\jetengine\release\context.obj
d:\genesis and jet3d\jstudio_classic11_2023\source\engine\jetengine\release\sortpalx.sbr
d:\genesis and jet3d\jstudio_classic11_2023\source\engine\jetengine\release\soz.sbr
d:\genesis and jet3d\jstudio_classic11_2023\source\engine\jetengine\release\strutil.sbr
d:\genesis and jet3d\jstudio_classic11_2023\source\engine\jetengine\release\tblock.sbr
d:\genesis and jet3d\jstudio_classic11_2023\source\engine\jetengine\release\trans_bcw3.sbr
d:\genesis and jet3d\jstudio_classic11_2023\source\engine\jetengine\release\trans_cdf22.sbr
d:\genesis and jet3d\jstudio_classic11_2023\source\engine\jetengine\release\trans_cdf22q.sbr
d:\genesis and jet3d\jstudio_classic11_2023\source\engine\jetengine\release\trans_cdf24.sbr
d:\genesis and jet3d\jstudio_classic11_2023\source\engine\jetengine\release\trans_d4.sbr
d:\genesis and jet3d\jstudio_classic11_2023\source\engine\jetengine\release\trans_l97.sbr
d:\genesis and jet3d\jstudio_classic11_2023\source\engine\jetengine\release\trans_spt.sbr
d:\genesis and jet3d\jstudio_classic11_2023\source\engine\jetengine\release\transform.sbr
d:\genesis and jet3d\jstudio_classic11_2023\source\engine\jetengine\release\utility.sbr
d:\genesis and jet3d\jstudio_classic11_2023\source\engine\jetengine\release\wavelet.sbr
d:\genesis and jet3d\jstudio_classic11_2023\source\engine\jetengine\release\yuv.sbr
d:\genesis and jet3d\jstudio_classic11_2023\source\engine\jetengine\release\dirtree.sbr
d:\genesis and jet3d\jstudio_classic11_2023\source\engine\jetengine\release\fsdos.sbr
d:\genesis and jet3d\jstudio_classic11_2023\source\engine\jetengine\release\fsfakenet.sbr
d:\genesis and jet3d\jstudio_classic11_2023\source\engine\jetengine\release\fslz.sbr
d:\genesis and jet3d\jstudio_classic11_2023\source\engine\jetengine\release\fsmemory.sbr
d:\genesis and jet3d\jstudio_classic11_2023\source\engine\jetengine\release\fsmemory.obj
d:\genesis and jet3d\jstudio_classic11_2023\source\engine\jetengine\release\fslz.obj
d:\genesis and jet3d\jstudio_classic11_2023\source\engine\jetengine\release\fsfakenet.obj
d:\genesis and jet3d\jstudio_classic11_2023\source\engine\jetengine\release\fsdos.obj
d:\genesis and jet3d\jstudio_classic11_2023\source\engine\jetengine\release\dirtree.obj
d:\genesis and jet3d\jstudio_classic11_2023\source\engine\jetengine\release\yuv.obj
d:\genesis and jet3d\jstudio_classic11_2023\source\engine\jetengine\release\wavelet.obj
d:\genesis and jet3d\jstudio_classic11_2023\source\engine\jetengine\release\utility.obj
d:\genesis and jet3d\jstudio_classic11_2023\source\engine\jetengine\release\transform.obj
d:\genesis and jet3d\jstudio_classic11_2023\source\engine\jetengine\release\trans_spt.obj
d:\genesis and jet3d\jstudio_classic11_2023\source\engine\jetengine\release\trans_l97.obj
d:\genesis and jet3d\jstudio_classic11_2023\source\engine\jetengine\release\trans_d4.obj
d:\genesis and jet3d\jstudio_classic11_2023\source\engine\jetengine\release\trans_cdf24.obj
d:\genesis and jet3d\jstudio_classic11_2023\source\engine\jetengine\release\trans_cdf22q.obj
d:\genesis and jet3d\jstudio_classic11_2023\source\engine\jetengine\release\trans_cdf22.obj
d:\genesis and jet3d\jstudio_classic11_2023\source\engine\jetengine\release\trans_bcw3.obj
d:\genesis and jet3d\jstudio_classic11_2023\source\engine\jetengine\release\tblock.obj
d:\genesis and jet3d\jstudio_classic11_2023\source\engine\jetengine\release\strutil.obj
d:\genesis and jet3d\jstudio_classic11_2023\source\engine\jetengine\release\soz.obj
d:\genesis and jet3d\jstudio_classic11_2023\source\engine\jetengine\release\sortpalx.obj
d:\genesis and jet3d\jstudio_classic11_2023\source\engine\jetengine\release\fsvfs.sbr
d:\genesis and jet3d\jstudio_classic11_2023\source\engine\jetengine\release\vfile.sbr
d:\genesis and jet3d\jstudio_classic11_2023\source\engine\jetengine\release\vfile.obj
d:\genesis and jet3d\jstudio_classic11_2023\source\engine\jetengine\release\fsvfs.obj
d:\genesis and jet3d\jstudio_classic11_2023\source\engine\jetengine\release\cache3dn.obj
d:\genesis and jet3d\jstudio_classic11_2023\source\engine\jetengine\release\rungasm.obj
d:\genesis and jet3d\jstudio_classic11_2023\bin\jet3dclassic11.dll
d:\genesis and jet3d\jstudio_classic11_2023\bin\jet3dclassic11.map
d:\genesis and jet3d\jstudio_classic11_2023\bin\jet3dclassic11.pdb
d:\genesis and jet3d\jstudio_classic11_2023\lib\jet3dclassic11.lib
d:\genesis and jet3d\jstudio_classic11_2023\lib\jet3dclassic11.exp
d:\genesis and jet3d\jstudio_classic11_2023\source\engine\jetengine\release\jet.res
d:\genesis and jet3d\jstudio_classic11_2023\source\engine\jetengine\release\jet3dclassic11.tlog\bscmake.command.1.tlog
d:\genesis and jet3d\jstudio_classic11_2023\source\engine\jetengine\release\jet3dclassic11.tlog\bscmake.read.1.tlog
d:\genesis and jet3d\jstudio_classic11_2023\source\engine\jetengine\release\jet3dclassic11.tlog\bscmake.write.1.tlog
d:\genesis and jet3d\jstudio_classic11_2023\source\engine\jetengine\release\jet3dclassic11.tlog\cl.command.1.tlog
d:\genesis and jet3d\jstudio_classic11_2023\source\engine\jetengine\release\jet3dclassic11.tlog\cl.read.1.tlog
d:\genesis and jet3d\jstudio_classic11_2023\source\engine\jetengine\release\jet3dclassic11.tlog\cl.write.1.tlog
d:\genesis and jet3d\jstudio_classic11_2023\source\engine\jetengine\release\jet3dclassic11.tlog\custombuild.command.1.tlog
d:\genesis and jet3d\jstudio_classic11_2023\source\engine\jetengine\release\jet3dclassic11.tlog\custombuild.read.1.tlog
d:\genesis and jet3d\jstudio_classic11_2023\source\engine\jetengine\release\jet3dclassic11.tlog\custombuild.write.1.tlog
d:\genesis and jet3d\jstudio_classic11_2023\source\engine\jetengine\release\jet3dclassic11.tlog\link.command.1.tlog
d:\genesis and jet3d\jstudio_classic11_2023\source\engine\jetengine\release\jet3dclassic11.tlog\link.read.1.tlog
d:\genesis and jet3d\jstudio_classic11_2023\source\engine\jetengine\release\jet3dclassic11.tlog\link.write.1.tlog
d:\genesis and jet3d\jstudio_classic11_2023\source\engine\jetengine\release\jet3dclassic11.tlog\link.write.2u.tlog
d:\genesis and jet3d\jstudio_classic11_2023\source\engine\jetengine\release\jet3dclassic11.tlog\rc.command.1.tlog
d:\genesis and jet3d\jstudio_classic11_2023\source\engine\jetengine\release\jet3dclassic11.tlog\rc.read.1.tlog
d:\genesis and jet3d\jstudio_classic11_2023\source\engine\jetengine\release\jet3dclassic11.tlog\rc.write.1.tlog
