..\..\..\bin\JetEngine.bsc
D:\GENESIS AND JET3D\JET3D\BIN\JET3D.DLL
D:\GENESIS AND JET3D\JET3D\BIN\JETENGINE.BSC
D:\Genesis and Jet3d\Jet3D\lib\Jet3D.exp
D:\Genesis and Jet3d\Jet3D\lib\Jet3D.lib
D:\GENESIS AND JET3D\JET3D\SOURCE\ENGINE\JETENGINE\RELEASE\ACTOR.OBJ
D:\GENESIS AND JET3D\JET3D\SOURCE\ENGINE\JETENGINE\RELEASE\ACTOR.SBR
D:\GENESIS AND JET3D\JET3D\SOURCE\ENGINE\JETENGINE\RELEASE\ACTOROBJ.OBJ
D:\GENESIS AND JET3D\JET3D\SOURCE\ENGINE\JETENGINE\RELEASE\ACTOROBJ.SBR
D:\GENESIS AND JET3D\JET3D\SOURCE\ENGINE\JETENGINE\RELEASE\ARITHC.OBJ
D:\GENESIS AND JET3D\JET3D\SOURCE\ENGINE\JETENGINE\RELEASE\ARITHC.SBR
D:\GENESIS AND JET3D\JET3D\SOURCE\ENGINE\JETENGINE\RELEASE\ARRAY.OBJ
D:\GENESIS AND JET3D\JET3D\SOURCE\ENGINE\JETENGINE\RELEASE\ARRAY.SBR
D:\GENESIS AND JET3D\JET3D\SOURCE\ENGINE\JETENGINE\RELEASE\ASMXFORM3D.OBJ
D:\GENESIS AND JET3D\JET3D\SOURCE\ENGINE\JETENGINE\RELEASE\ASMXFORM3D.SBR
D:\GENESIS AND JET3D\JET3D\SOURCE\ENGINE\JETENGINE\RELEASE\BITMAP.OBJ
D:\GENESIS AND JET3D\JET3D\SOURCE\ENGINE\JETENGINE\RELEASE\BITMAP.SBR
D:\GENESIS AND JET3D\JET3D\SOURCE\ENGINE\JETENGINE\RELEASE\BITMAP_BLITDATA.OBJ
D:\GENESIS AND JET3D\JET3D\SOURCE\ENGINE\JETENGINE\RELEASE\BITMAP_BLITDATA.SBR
D:\GENESIS AND JET3D\JET3D\SOURCE\ENGINE\JETENGINE\RELEASE\BITMAP_GAMMA.OBJ
D:\GENESIS AND JET3D\JET3D\SOURCE\ENGINE\JETENGINE\RELEASE\BITMAP_GAMMA.SBR
D:\GENESIS AND JET3D\JET3D\SOURCE\ENGINE\JETENGINE\RELEASE\BITMAPLIST.OBJ
D:\GENESIS AND JET3D\JET3D\SOURCE\ENGINE\JETENGINE\RELEASE\BITMAPLIST.SBR
D:\GENESIS AND JET3D\JET3D\SOURCE\ENGINE\JETENGINE\RELEASE\BODY.OBJ
D:\GENESIS AND JET3D\JET3D\SOURCE\ENGINE\JETENGINE\RELEASE\BODY.SBR
D:\GENESIS AND JET3D\JET3D\SOURCE\ENGINE\JETENGINE\RELEASE\BODYINST.OBJ
D:\GENESIS AND JET3D\JET3D\SOURCE\ENGINE\JETENGINE\RELEASE\BODYINST.SBR
D:\GENESIS AND JET3D\JET3D\SOURCE\ENGINE\JETENGINE\RELEASE\BOX.OBJ
D:\GENESIS AND JET3D\JET3D\SOURCE\ENGINE\JETENGINE\RELEASE\BOX.SBR
D:\Genesis and Jet3d\Jet3D\source\Engine\JetEngine\Release\BscMake.command.1.tlog
D:\Genesis and Jet3d\Jet3D\source\Engine\JetEngine\Release\bscmake.read.1.tlog
D:\Genesis and Jet3d\Jet3D\source\Engine\JetEngine\Release\bscmake.write.1.tlog
D:\GENESIS AND JET3D\JET3D\SOURCE\ENGINE\JETENGINE\RELEASE\CACHE3DN.OBJ
D:\GENESIS AND JET3D\JET3D\SOURCE\ENGINE\JETENGINE\RELEASE\CAMERA.OBJ
D:\GENESIS AND JET3D\JET3D\SOURCE\ENGINE\JETENGINE\RELEASE\CAMERA.SBR
D:\Genesis and Jet3d\Jet3D\source\Engine\JetEngine\Release\cl.command.1.tlog
D:\Genesis and Jet3d\Jet3D\source\Engine\JetEngine\Release\CL.read.1.tlog
D:\Genesis and Jet3d\Jet3D\source\Engine\JetEngine\Release\CL.write.1.tlog
D:\GENESIS AND JET3D\JET3D\SOURCE\ENGINE\JETENGINE\RELEASE\CODEALPHAS.OBJ
D:\GENESIS AND JET3D\JET3D\SOURCE\ENGINE\JETENGINE\RELEASE\CODEALPHAS.SBR
D:\GENESIS AND JET3D\JET3D\SOURCE\ENGINE\JETENGINE\RELEASE\CODEIMAGE.OBJ
D:\GENESIS AND JET3D\JET3D\SOURCE\ENGINE\JETENGINE\RELEASE\CODEIMAGE.SBR
D:\GENESIS AND JET3D\JET3D\SOURCE\ENGINE\JETENGINE\RELEASE\CODEPAL.OBJ
D:\GENESIS AND JET3D\JET3D\SOURCE\ENGINE\JETENGINE\RELEASE\CODEPAL.SBR
D:\GENESIS AND JET3D\JET3D\SOURCE\ENGINE\JETENGINE\RELEASE\CODER.OBJ
D:\GENESIS AND JET3D\JET3D\SOURCE\ENGINE\JETENGINE\RELEASE\CODER.SBR
D:\GENESIS AND JET3D\JET3D\SOURCE\ENGINE\JETENGINE\RELEASE\CODER_BP.OBJ
D:\GENESIS AND JET3D\JET3D\SOURCE\ENGINE\JETENGINE\RELEASE\CODER_BP.SBR
D:\GENESIS AND JET3D\JET3D\SOURCE\ENGINE\JETENGINE\RELEASE\CODER_BPB2.OBJ
D:\GENESIS AND JET3D\JET3D\SOURCE\ENGINE\JETENGINE\RELEASE\CODER_BPB2.SBR
D:\GENESIS AND JET3D\JET3D\SOURCE\ENGINE\JETENGINE\RELEASE\CODER_BPBF.OBJ
D:\GENESIS AND JET3D\JET3D\SOURCE\ENGINE\JETENGINE\RELEASE\CODER_BPBF.SBR
D:\GENESIS AND JET3D\JET3D\SOURCE\ENGINE\JETENGINE\RELEASE\CODER_BPBFR.OBJ
D:\GENESIS AND JET3D\JET3D\SOURCE\ENGINE\JETENGINE\RELEASE\CODER_BPBFR.SBR
D:\GENESIS AND JET3D\JET3D\SOURCE\ENGINE\JETENGINE\RELEASE\CODER_BPBFRL.OBJ
D:\GENESIS AND JET3D\JET3D\SOURCE\ENGINE\JETENGINE\RELEASE\CODER_BPBFRL.SBR
D:\GENESIS AND JET3D\JET3D\SOURCE\ENGINE\JETENGINE\RELEASE\CODER_F.OBJ
D:\GENESIS AND JET3D\JET3D\SOURCE\ENGINE\JETENGINE\RELEASE\CODER_F.SBR
D:\GENESIS AND JET3D\JET3D\SOURCE\ENGINE\JETENGINE\RELEASE\CODER_F2.OBJ
D:\GENESIS AND JET3D\JET3D\SOURCE\ENGINE\JETENGINE\RELEASE\CODER_F2.SBR
D:\GENESIS AND JET3D\JET3D\SOURCE\ENGINE\JETENGINE\RELEASE\CODER_F3.OBJ
D:\GENESIS AND JET3D\JET3D\SOURCE\ENGINE\JETENGINE\RELEASE\CODER_F3.SBR
D:\GENESIS AND JET3D\JET3D\SOURCE\ENGINE\JETENGINE\RELEASE\CODEUTIL.OBJ
D:\GENESIS AND JET3D\JET3D\SOURCE\ENGINE\JETENGINE\RELEASE\CODEUTIL.SBR
D:\GENESIS AND JET3D\JET3D\SOURCE\ENGINE\JETENGINE\RELEASE\COLORCONV.OBJ
D:\GENESIS AND JET3D\JET3D\SOURCE\ENGINE\JETENGINE\RELEASE\COLORCONV.SBR
D:\GENESIS AND JET3D\JET3D\SOURCE\ENGINE\JETENGINE\RELEASE\CONTEXT.OBJ
D:\GENESIS AND JET3D\JET3D\SOURCE\ENGINE\JETENGINE\RELEASE\CONTEXT.SBR
D:\GENESIS AND JET3D\JET3D\SOURCE\ENGINE\JETENGINE\RELEASE\CPU.OBJ
D:\GENESIS AND JET3D\JET3D\SOURCE\ENGINE\JETENGINE\RELEASE\CPU.SBR
D:\GENESIS AND JET3D\JET3D\SOURCE\ENGINE\JETENGINE\RELEASE\CRC32.OBJ
D:\GENESIS AND JET3D\JET3D\SOURCE\ENGINE\JETENGINE\RELEASE\CRC32.SBR
D:\Genesis and Jet3d\Jet3D\source\Engine\JetEngine\Release\custombuild.command.1.tlog
D:\Genesis and Jet3d\Jet3D\source\Engine\JetEngine\Release\custombuild.read.1.tlog
D:\Genesis and Jet3d\Jet3D\source\Engine\JetEngine\Release\custombuild.write.1.tlog
D:\GENESIS AND JET3D\JET3D\SOURCE\ENGINE\JETENGINE\RELEASE\D3D_DDMEMMGR.OBJ
D:\GENESIS AND JET3D\JET3D\SOURCE\ENGINE\JETENGINE\RELEASE\D3D_DDMEMMGR.SBR
D:\GENESIS AND JET3D\JET3D\SOURCE\ENGINE\JETENGINE\RELEASE\D3D_ERR.OBJ
D:\GENESIS AND JET3D\JET3D\SOURCE\ENGINE\JETENGINE\RELEASE\D3D_ERR.SBR
D:\GENESIS AND JET3D\JET3D\SOURCE\ENGINE\JETENGINE\RELEASE\D3D_FX.OBJ
D:\GENESIS AND JET3D\JET3D\SOURCE\ENGINE\JETENGINE\RELEASE\D3D_FX.SBR
D:\GENESIS AND JET3D\JET3D\SOURCE\ENGINE\JETENGINE\RELEASE\D3D_GSPAN.OBJ
D:\GENESIS AND JET3D\JET3D\SOURCE\ENGINE\JETENGINE\RELEASE\D3D_GSPAN.SBR
D:\GENESIS AND JET3D\JET3D\SOURCE\ENGINE\JETENGINE\RELEASE\D3D_MAIN.OBJ
D:\GENESIS AND JET3D\JET3D\SOURCE\ENGINE\JETENGINE\RELEASE\D3D_MAIN.SBR
D:\GENESIS AND JET3D\JET3D\SOURCE\ENGINE\JETENGINE\RELEASE\D3D_PCACHE.OBJ
D:\GENESIS AND JET3D\JET3D\SOURCE\ENGINE\JETENGINE\RELEASE\D3D_PCACHE.SBR
D:\GENESIS AND JET3D\JET3D\SOURCE\ENGINE\JETENGINE\RELEASE\D3D_RENDER.OBJ
D:\GENESIS AND JET3D\JET3D\SOURCE\ENGINE\JETENGINE\RELEASE\D3D_RENDER.SBR
D:\GENESIS AND JET3D\JET3D\SOURCE\ENGINE\JETENGINE\RELEASE\D3D_SCENE.OBJ
D:\GENESIS AND JET3D\JET3D\SOURCE\ENGINE\JETENGINE\RELEASE\D3D_SCENE.SBR
D:\GENESIS AND JET3D\JET3D\SOURCE\ENGINE\JETENGINE\RELEASE\D3D_THANDLE.OBJ
D:\GENESIS AND JET3D\JET3D\SOURCE\ENGINE\JETENGINE\RELEASE\D3D_THANDLE.SBR
D:\GENESIS AND JET3D\JET3D\SOURCE\ENGINE\JETENGINE\RELEASE\D3D_TPAGE.OBJ
D:\GENESIS AND JET3D\JET3D\SOURCE\ENGINE\JETENGINE\RELEASE\D3D_TPAGE.SBR
D:\GENESIS AND JET3D\JET3D\SOURCE\ENGINE\JETENGINE\RELEASE\D3DCACHE.OBJ
D:\GENESIS AND JET3D\JET3D\SOURCE\ENGINE\JETENGINE\RELEASE\D3DCACHE.SBR
D:\GENESIS AND JET3D\JET3D\SOURCE\ENGINE\JETENGINE\RELEASE\D3DDRV.OBJ
D:\GENESIS AND JET3D\JET3D\SOURCE\ENGINE\JETENGINE\RELEASE\D3DDRV.SBR
D:\GENESIS AND JET3D\JET3D\SOURCE\ENGINE\JETENGINE\RELEASE\DIRTREE.OBJ
D:\GENESIS AND JET3D\JET3D\SOURCE\ENGINE\JETENGINE\RELEASE\DIRTREE.SBR
D:\GENESIS AND JET3D\JET3D\SOURCE\ENGINE\JETENGINE\RELEASE\ENGINE.OBJ
D:\GENESIS AND JET3D\JET3D\SOURCE\ENGINE\JETENGINE\RELEASE\ENGINE.SBR
D:\GENESIS AND JET3D\JET3D\SOURCE\ENGINE\JETENGINE\RELEASE\ERRORLOG.OBJ
D:\GENESIS AND JET3D\JET3D\SOURCE\ENGINE\JETENGINE\RELEASE\ERRORLOG.SBR
D:\GENESIS AND JET3D\JET3D\SOURCE\ENGINE\JETENGINE\RELEASE\EXTBOX.OBJ
D:\GENESIS AND JET3D\JET3D\SOURCE\ENGINE\JETENGINE\RELEASE\EXTBOX.SBR
D:\GENESIS AND JET3D\JET3D\SOURCE\ENGINE\JETENGINE\RELEASE\FONTBMP.OBJ
D:\GENESIS AND JET3D\JET3D\SOURCE\ENGINE\JETENGINE\RELEASE\FONTBMP.SBR
D:\GENESIS AND JET3D\JET3D\SOURCE\ENGINE\JETENGINE\RELEASE\FSDOS.OBJ
D:\GENESIS AND JET3D\JET3D\SOURCE\ENGINE\JETENGINE\RELEASE\FSDOS.SBR
D:\GENESIS AND JET3D\JET3D\SOURCE\ENGINE\JETENGINE\RELEASE\FSFAKENET.OBJ
D:\GENESIS AND JET3D\JET3D\SOURCE\ENGINE\JETENGINE\RELEASE\FSFAKENET.SBR
D:\GENESIS AND JET3D\JET3D\SOURCE\ENGINE\JETENGINE\RELEASE\FSINET.OBJ
D:\GENESIS AND JET3D\JET3D\SOURCE\ENGINE\JETENGINE\RELEASE\FSINET.SBR
D:\GENESIS AND JET3D\JET3D\SOURCE\ENGINE\JETENGINE\RELEASE\FSLZ.OBJ
D:\GENESIS AND JET3D\JET3D\SOURCE\ENGINE\JETENGINE\RELEASE\FSLZ.SBR
D:\GENESIS AND JET3D\JET3D\SOURCE\ENGINE\JETENGINE\RELEASE\FSMEMORY.OBJ
D:\GENESIS AND JET3D\JET3D\SOURCE\ENGINE\JETENGINE\RELEASE\FSMEMORY.SBR
D:\GENESIS AND JET3D\JET3D\SOURCE\ENGINE\JETENGINE\RELEASE\FSVFS.OBJ
D:\GENESIS AND JET3D\JET3D\SOURCE\ENGINE\JETENGINE\RELEASE\FSVFS.SBR
D:\GENESIS AND JET3D\JET3D\SOURCE\ENGINE\JETENGINE\RELEASE\HUFFA.OBJ
D:\GENESIS AND JET3D\JET3D\SOURCE\ENGINE\JETENGINE\RELEASE\HUFFA.SBR
D:\GENESIS AND JET3D\JET3D\SOURCE\ENGINE\JETENGINE\RELEASE\HUFFMAN2.OBJ
D:\GENESIS AND JET3D\JET3D\SOURCE\ENGINE\JETENGINE\RELEASE\HUFFMAN2.SBR
D:\GENESIS AND JET3D\JET3D\SOURCE\ENGINE\JETENGINE\RELEASE\IMAGE.OBJ
D:\GENESIS AND JET3D\JET3D\SOURCE\ENGINE\JETENGINE\RELEASE\IMAGE.SBR
D:\GENESIS AND JET3D\JET3D\SOURCE\ENGINE\JETENGINE\RELEASE\INTMATH.OBJ
D:\GENESIS AND JET3D\JET3D\SOURCE\ENGINE\JETENGINE\RELEASE\INTMATH.SBR
D:\GENESIS AND JET3D\JET3D\SOURCE\ENGINE\JETENGINE\RELEASE\JEASSERT.OBJ
D:\GENESIS AND JET3D\JET3D\SOURCE\ENGINE\JETENGINE\RELEASE\JEASSERT.SBR
D:\GENESIS AND JET3D\JET3D\SOURCE\ENGINE\JETENGINE\RELEASE\JEBRUSH.OBJ
D:\GENESIS AND JET3D\JET3D\SOURCE\ENGINE\JETENGINE\RELEASE\JEBRUSH.SBR
D:\GENESIS AND JET3D\JET3D\SOURCE\ENGINE\JETENGINE\RELEASE\JEBSP.OBJ
D:\GENESIS AND JET3D\JET3D\SOURCE\ENGINE\JETENGINE\RELEASE\JEBSP.SBR
D:\GENESIS AND JET3D\JET3D\SOURCE\ENGINE\JETENGINE\RELEASE\JEBSP_BRUSH.OBJ
D:\GENESIS AND JET3D\JET3D\SOURCE\ENGINE\JETENGINE\RELEASE\JEBSP_BRUSH.SBR
D:\GENESIS AND JET3D\JET3D\SOURCE\ENGINE\JETENGINE\RELEASE\JEBSP_TOPBRUSH.OBJ
D:\GENESIS AND JET3D\JET3D\SOURCE\ENGINE\JETENGINE\RELEASE\JEBSP_TOPBRUSH.SBR
D:\GENESIS AND JET3D\JET3D\SOURCE\ENGINE\JETENGINE\RELEASE\JEBSPNODE.OBJ
D:\GENESIS AND JET3D\JET3D\SOURCE\ENGINE\JETENGINE\RELEASE\JEBSPNODE.SBR
D:\GENESIS AND JET3D\JET3D\SOURCE\ENGINE\JETENGINE\RELEASE\JEBSPNODE_AREA.OBJ
D:\GENESIS AND JET3D\JET3D\SOURCE\ENGINE\JETENGINE\RELEASE\JEBSPNODE_AREA.SBR
D:\GENESIS AND JET3D\JET3D\SOURCE\ENGINE\JETENGINE\RELEASE\JEBSPNODE_DRAWFACE.OBJ
D:\GENESIS AND JET3D\JET3D\SOURCE\ENGINE\JETENGINE\RELEASE\JEBSPNODE_DRAWFACE.SBR
D:\GENESIS AND JET3D\JET3D\SOURCE\ENGINE\JETENGINE\RELEASE\JEBSPNODE_FACE.OBJ
D:\GENESIS AND JET3D\JET3D\SOURCE\ENGINE\JETENGINE\RELEASE\JEBSPNODE_FACE.SBR
D:\GENESIS AND JET3D\JET3D\SOURCE\ENGINE\JETENGINE\RELEASE\JEBSPNODE_LEAF.OBJ
D:\GENESIS AND JET3D\JET3D\SOURCE\ENGINE\JETENGINE\RELEASE\JEBSPNODE_LEAF.SBR
D:\GENESIS AND JET3D\JET3D\SOURCE\ENGINE\JETENGINE\RELEASE\JEBSPNODE_LIGHT.OBJ
D:\GENESIS AND JET3D\JET3D\SOURCE\ENGINE\JETENGINE\RELEASE\JEBSPNODE_LIGHT.SBR
D:\GENESIS AND JET3D\JET3D\SOURCE\ENGINE\JETENGINE\RELEASE\JEBSPNODE_PORTAL.OBJ
D:\GENESIS AND JET3D\JET3D\SOURCE\ENGINE\JETENGINE\RELEASE\JEBSPNODE_PORTAL.SBR
D:\GENESIS AND JET3D\JET3D\SOURCE\ENGINE\JETENGINE\RELEASE\JECHAIN.OBJ
D:\GENESIS AND JET3D\JET3D\SOURCE\ENGINE\JETENGINE\RELEASE\JECHAIN.SBR
D:\GENESIS AND JET3D\JET3D\SOURCE\ENGINE\JETENGINE\RELEASE\JEFACEINFO.OBJ
D:\GENESIS AND JET3D\JET3D\SOURCE\ENGINE\JETENGINE\RELEASE\JEFACEINFO.SBR
D:\GENESIS AND JET3D\JET3D\SOURCE\ENGINE\JETENGINE\RELEASE\JEFRUSTUM.OBJ
D:\GENESIS AND JET3D\JET3D\SOURCE\ENGINE\JETENGINE\RELEASE\JEFRUSTUM.SBR
D:\GENESIS AND JET3D\JET3D\SOURCE\ENGINE\JETENGINE\RELEASE\JEGARRAY.OBJ
D:\GENESIS AND JET3D\JET3D\SOURCE\ENGINE\JETENGINE\RELEASE\JEGARRAY.SBR
D:\GENESIS AND JET3D\JET3D\SOURCE\ENGINE\JETENGINE\RELEASE\JEINDEXPOLY.OBJ
D:\GENESIS AND JET3D\JET3D\SOURCE\ENGINE\JETENGINE\RELEASE\JEINDEXPOLY.SBR
D:\GENESIS AND JET3D\JET3D\SOURCE\ENGINE\JETENGINE\RELEASE\JELIGHT.OBJ
D:\GENESIS AND JET3D\JET3D\SOURCE\ENGINE\JETENGINE\RELEASE\JELIGHT.SBR
D:\GENESIS AND JET3D\JET3D\SOURCE\ENGINE\JETENGINE\RELEASE\JEMATERIAL.OBJ
D:\GENESIS AND JET3D\JET3D\SOURCE\ENGINE\JETENGINE\RELEASE\JEMATERIAL.SBR
D:\GENESIS AND JET3D\JET3D\SOURCE\ENGINE\JETENGINE\RELEASE\JEMATERIALSPEC.OBJ
D:\GENESIS AND JET3D\JET3D\SOURCE\ENGINE\JETENGINE\RELEASE\JEMATERIALSPEC.SBR
D:\GENESIS AND JET3D\JET3D\SOURCE\ENGINE\JETENGINE\RELEASE\JEMEMALLOCINFO.OBJ
D:\GENESIS AND JET3D\JET3D\SOURCE\ENGINE\JETENGINE\RELEASE\JEMEMALLOCINFO.SBR
D:\GENESIS AND JET3D\JET3D\SOURCE\ENGINE\JETENGINE\RELEASE\JEMODEL.OBJ
D:\GENESIS AND JET3D\JET3D\SOURCE\ENGINE\JETENGINE\RELEASE\JEMODEL.SBR
D:\GENESIS AND JET3D\JET3D\SOURCE\ENGINE\JETENGINE\RELEASE\JENAMEMGR.OBJ
D:\GENESIS AND JET3D\JET3D\SOURCE\ENGINE\JETENGINE\RELEASE\JENAMEMGR.SBR
D:\GENESIS AND JET3D\JET3D\SOURCE\ENGINE\JETENGINE\RELEASE\JEPARTICLE.OBJ
D:\GENESIS AND JET3D\JET3D\SOURCE\ENGINE\JETENGINE\RELEASE\JEPARTICLE.SBR
D:\GENESIS AND JET3D\JET3D\SOURCE\ENGINE\JETENGINE\RELEASE\JEPLANE.OBJ
D:\GENESIS AND JET3D\JET3D\SOURCE\ENGINE\JETENGINE\RELEASE\JEPLANE.SBR
D:\GENESIS AND JET3D\JET3D\SOURCE\ENGINE\JETENGINE\RELEASE\JEPLANEARRAY.OBJ
D:\GENESIS AND JET3D\JET3D\SOURCE\ENGINE\JETENGINE\RELEASE\JEPLANEARRAY.SBR
D:\GENESIS AND JET3D\JET3D\SOURCE\ENGINE\JETENGINE\RELEASE\JEPOLY.OBJ
D:\GENESIS AND JET3D\JET3D\SOURCE\ENGINE\JETENGINE\RELEASE\JEPOLY.SBR
D:\GENESIS AND JET3D\JET3D\SOURCE\ENGINE\JETENGINE\RELEASE\JEPOLYMGR.OBJ
D:\GENESIS AND JET3D\JET3D\SOURCE\ENGINE\JETENGINE\RELEASE\JEPOLYMGR.SBR
D:\GENESIS AND JET3D\JET3D\SOURCE\ENGINE\JETENGINE\RELEASE\JEPORTAL.OBJ
D:\GENESIS AND JET3D\JET3D\SOURCE\ENGINE\JETENGINE\RELEASE\JEPORTAL.SBR
D:\GENESIS AND JET3D\JET3D\SOURCE\ENGINE\JETENGINE\RELEASE\JEPROPERTY.OBJ
D:\GENESIS AND JET3D\JET3D\SOURCE\ENGINE\JETENGINE\RELEASE\JEPROPERTY.SBR
D:\GENESIS AND JET3D\JET3D\SOURCE\ENGINE\JETENGINE\RELEASE\JEPTRMGR.OBJ
D:\GENESIS AND JET3D\JET3D\SOURCE\ENGINE\JETENGINE\RELEASE\JEPTRMGR.SBR
D:\GENESIS AND JET3D\JET3D\SOURCE\ENGINE\JETENGINE\RELEASE\JERAY.OBJ
D:\GENESIS AND JET3D\JET3D\SOURCE\ENGINE\JETENGINE\RELEASE\JERAY.SBR
D:\GENESIS AND JET3D\JET3D\SOURCE\ENGINE\JETENGINE\RELEASE\JERESOURCE.OBJ
D:\GENESIS AND JET3D\JET3D\SOURCE\ENGINE\JETENGINE\RELEASE\JERESOURCE.SBR
D:\GENESIS AND JET3D\JET3D\SOURCE\ENGINE\JETENGINE\RELEASE\JESTATICMESH.OBJ
D:\GENESIS AND JET3D\JET3D\SOURCE\ENGINE\JETENGINE\RELEASE\JESTATICMESH.SBR
D:\GENESIS AND JET3D\JET3D\SOURCE\ENGINE\JETENGINE\RELEASE\JET.RES
D:\GENESIS AND JET3D\JET3D\SOURCE\ENGINE\JETENGINE\RELEASE\JET3D.MAP
D:\GENESIS AND JET3D\JET3D\SOURCE\ENGINE\JETENGINE\RELEASE\JETENGINE.DLL.INTERMEDIATE.MANIFEST
D:\Genesis and Jet3d\Jet3D\source\Engine\JetEngine\Release\JetEngine.write.1.tlog
D:\GENESIS AND JET3D\JET3D\SOURCE\ENGINE\JETENGINE\RELEASE\JETEXTURE.OBJ
D:\GENESIS AND JET3D\JET3D\SOURCE\ENGINE\JETENGINE\RELEASE\JETEXTURE.SBR
D:\GENESIS AND JET3D\JET3D\SOURCE\ENGINE\JETENGINE\RELEASE\JETEXVEC.OBJ
D:\GENESIS AND JET3D\JET3D\SOURCE\ENGINE\JETENGINE\RELEASE\JETEXVEC.SBR
D:\GENESIS AND JET3D\JET3D\SOURCE\ENGINE\JETENGINE\RELEASE\JEUSERPOLY.OBJ
D:\GENESIS AND JET3D\JET3D\SOURCE\ENGINE\JETENGINE\RELEASE\JEUSERPOLY.SBR
D:\GENESIS AND JET3D\JET3D\SOURCE\ENGINE\JETENGINE\RELEASE\JEVEC3D_KATMAI.OBJ
D:\GENESIS AND JET3D\JET3D\SOURCE\ENGINE\JETENGINE\RELEASE\JEVEC3D_KATMAI.SBR
D:\GENESIS AND JET3D\JET3D\SOURCE\ENGINE\JETENGINE\RELEASE\JEVERTARRAY.OBJ
D:\GENESIS AND JET3D\JET3D\SOURCE\ENGINE\JETENGINE\RELEASE\JEVERTARRAY.SBR
D:\GENESIS AND JET3D\JET3D\SOURCE\ENGINE\JETENGINE\RELEASE\JEWORLD.OBJ
D:\GENESIS AND JET3D\JET3D\SOURCE\ENGINE\JETENGINE\RELEASE\JEWORLD.SBR
D:\GENESIS AND JET3D\JET3D\SOURCE\ENGINE\JETENGINE\RELEASE\KATCACHE.OBJ
D:\GENESIS AND JET3D\JET3D\SOURCE\ENGINE\JETENGINE\RELEASE\KATCACHE.SBR
D:\GENESIS AND JET3D\JET3D\SOURCE\ENGINE\JETENGINE\RELEASE\LADDER.OBJ
D:\GENESIS AND JET3D\JET3D\SOURCE\ENGINE\JETENGINE\RELEASE\LADDER.SBR
D:\GENESIS AND JET3D\JET3D\SOURCE\ENGINE\JETENGINE\RELEASE\LBITIO.OBJ
D:\GENESIS AND JET3D\JET3D\SOURCE\ENGINE\JETENGINE\RELEASE\LBITIO.SBR
D:\Genesis and Jet3d\Jet3D\source\Engine\JetEngine\Release\link.command.1.tlog
D:\Genesis and Jet3d\Jet3D\source\Engine\JetEngine\Release\link.read.1.tlog
D:\Genesis and Jet3d\Jet3D\source\Engine\JetEngine\Release\link.write.1.tlog
D:\Genesis and Jet3d\Jet3D\source\Engine\JetEngine\Release\link-cvtres.read.1.tlog
D:\Genesis and Jet3d\Jet3D\source\Engine\JetEngine\Release\link-cvtres.write.1.tlog
D:\GENESIS AND JET3D\JET3D\SOURCE\ENGINE\JETENGINE\RELEASE\LIST.OBJ
D:\GENESIS AND JET3D\JET3D\SOURCE\ENGINE\JETENGINE\RELEASE\LIST.SBR
D:\GENESIS AND JET3D\JET3D\SOURCE\ENGINE\JETENGINE\RELEASE\LOG.OBJ
D:\GENESIS AND JET3D\JET3D\SOURCE\ENGINE\JETENGINE\RELEASE\LOG.SBR
D:\GENESIS AND JET3D\JET3D\SOURCE\ENGINE\JETENGINE\RELEASE\LZA.OBJ
D:\GENESIS AND JET3D\JET3D\SOURCE\ENGINE\JETENGINE\RELEASE\LZA.SBR
D:\GENESIS AND JET3D\JET3D\SOURCE\ENGINE\JETENGINE\RELEASE\LZH.OBJ
D:\GENESIS AND JET3D\JET3D\SOURCE\ENGINE\JETENGINE\RELEASE\LZH.SBR
D:\GENESIS AND JET3D\JET3D\SOURCE\ENGINE\JETENGINE\RELEASE\MEMPOOL.OBJ
D:\GENESIS AND JET3D\JET3D\SOURCE\ENGINE\JETENGINE\RELEASE\MEMPOOL.SBR
D:\GENESIS AND JET3D\JET3D\SOURCE\ENGINE\JETENGINE\RELEASE\MOTION.OBJ
D:\GENESIS AND JET3D\JET3D\SOURCE\ENGINE\JETENGINE\RELEASE\MOTION.SBR
D:\GENESIS AND JET3D\JET3D\SOURCE\ENGINE\JETENGINE\RELEASE\MP3MGR.OBJ
D:\GENESIS AND JET3D\JET3D\SOURCE\ENGINE\JETENGINE\RELEASE\MP3MGR.SBR
D:\Genesis and Jet3d\Jet3D\source\Engine\JetEngine\Release\mt.command.1.tlog
D:\Genesis and Jet3d\Jet3D\source\Engine\JetEngine\Release\mt.read.1.tlog
D:\Genesis and Jet3d\Jet3D\source\Engine\JetEngine\Release\mt.write.1.tlog
D:\GENESIS AND JET3D\JET3D\SOURCE\ENGINE\JETENGINE\RELEASE\O0CODER.OBJ
D:\GENESIS AND JET3D\JET3D\SOURCE\ENGINE\JETENGINE\RELEASE\O0CODER.SBR
D:\GENESIS AND JET3D\JET3D\SOURCE\ENGINE\JETENGINE\RELEASE\O1CODER.OBJ
D:\GENESIS AND JET3D\JET3D\SOURCE\ENGINE\JETENGINE\RELEASE\O1CODER.SBR
D:\GENESIS AND JET3D\JET3D\SOURCE\ENGINE\JETENGINE\RELEASE\OBJECT.OBJ
D:\GENESIS AND JET3D\JET3D\SOURCE\ENGINE\JETENGINE\RELEASE\OBJECT.SBR
D:\GENESIS AND JET3D\JET3D\SOURCE\ENGINE\JETENGINE\RELEASE\OBJECTPOS.OBJ
D:\GENESIS AND JET3D\JET3D\SOURCE\ENGINE\JETENGINE\RELEASE\OBJECTPOS.SBR
D:\GENESIS AND JET3D\JET3D\SOURCE\ENGINE\JETENGINE\RELEASE\OGGSTREAM.OBJ
D:\GENESIS AND JET3D\JET3D\SOURCE\ENGINE\JETENGINE\RELEASE\OGGSTREAM.SBR
D:\GENESIS AND JET3D\JET3D\SOURCE\ENGINE\JETENGINE\RELEASE\PALCREATE.OBJ
D:\GENESIS AND JET3D\JET3D\SOURCE\ENGINE\JETENGINE\RELEASE\PALCREATE.SBR
D:\GENESIS AND JET3D\JET3D\SOURCE\ENGINE\JETENGINE\RELEASE\PALETTIZE.OBJ
D:\GENESIS AND JET3D\JET3D\SOURCE\ENGINE\JETENGINE\RELEASE\PALETTIZE.SBR
D:\GENESIS AND JET3D\JET3D\SOURCE\ENGINE\JETENGINE\RELEASE\PALOPTIMIZE.OBJ
D:\GENESIS AND JET3D\JET3D\SOURCE\ENGINE\JETENGINE\RELEASE\PALOPTIMIZE.SBR
D:\GENESIS AND JET3D\JET3D\SOURCE\ENGINE\JETENGINE\RELEASE\PART.OBJ
D:\GENESIS AND JET3D\JET3D\SOURCE\ENGINE\JETENGINE\RELEASE\PART.SBR
D:\GENESIS AND JET3D\JET3D\SOURCE\ENGINE\JETENGINE\RELEASE\PATH.OBJ
D:\GENESIS AND JET3D\JET3D\SOURCE\ENGINE\JETENGINE\RELEASE\PATH.SBR
D:\GENESIS AND JET3D\JET3D\SOURCE\ENGINE\JETENGINE\RELEASE\PIXELFORMAT.OBJ
D:\GENESIS AND JET3D\JET3D\SOURCE\ENGINE\JETENGINE\RELEASE\PIXELFORMAT.SBR
D:\GENESIS AND JET3D\JET3D\SOURCE\ENGINE\JETENGINE\RELEASE\POSE.OBJ
D:\GENESIS AND JET3D\JET3D\SOURCE\ENGINE\JETENGINE\RELEASE\POSE.SBR
D:\GENESIS AND JET3D\JET3D\SOURCE\ENGINE\JETENGINE\RELEASE\PUPPET.OBJ
D:\GENESIS AND JET3D\JET3D\SOURCE\ENGINE\JETENGINE\RELEASE\PUPPET.SBR
D:\GENESIS AND JET3D\JET3D\SOURCE\ENGINE\JETENGINE\RELEASE\QKFRAME.OBJ
D:\GENESIS AND JET3D\JET3D\SOURCE\ENGINE\JETENGINE\RELEASE\QKFRAME.SBR
D:\GENESIS AND JET3D\JET3D\SOURCE\ENGINE\JETENGINE\RELEASE\QUAD.OBJ
D:\GENESIS AND JET3D\JET3D\SOURCE\ENGINE\JETENGINE\RELEASE\QUAD.SBR
D:\GENESIS AND JET3D\JET3D\SOURCE\ENGINE\JETENGINE\RELEASE\QUATERN.OBJ
D:\GENESIS AND JET3D\JET3D\SOURCE\ENGINE\JETENGINE\RELEASE\QUATERN.SBR
D:\GENESIS AND JET3D\JET3D\SOURCE\ENGINE\JETENGINE\RELEASE\RAM.OBJ
D:\GENESIS AND JET3D\JET3D\SOURCE\ENGINE\JETENGINE\RELEASE\RAM.SBR
D:\Genesis and Jet3d\Jet3D\source\Engine\JetEngine\Release\rc.command.1.tlog
D:\Genesis and Jet3d\Jet3D\source\Engine\JetEngine\Release\rc.read.1.tlog
D:\Genesis and Jet3d\Jet3D\source\Engine\JetEngine\Release\rc.write.1.tlog
D:\GENESIS AND JET3D\JET3D\SOURCE\ENGINE\JETENGINE\RELEASE\REPORT.OBJ
D:\GENESIS AND JET3D\JET3D\SOURCE\ENGINE\JETENGINE\RELEASE\REPORT.SBR
D:\GENESIS AND JET3D\JET3D\SOURCE\ENGINE\JETENGINE\RELEASE\RUNGAE.OBJ
D:\GENESIS AND JET3D\JET3D\SOURCE\ENGINE\JETENGINE\RELEASE\RUNGAE.SBR
D:\GENESIS AND JET3D\JET3D\SOURCE\ENGINE\JETENGINE\RELEASE\RUNGASM.OBJ
D:\GENESIS AND JET3D\JET3D\SOURCE\ENGINE\JETENGINE\RELEASE\RUNGO1.OBJ
D:\GENESIS AND JET3D\JET3D\SOURCE\ENGINE\JETENGINE\RELEASE\RUNGO1.SBR
D:\GENESIS AND JET3D\JET3D\SOURCE\ENGINE\JETENGINE\RELEASE\RUNTRANS.OBJ
D:\GENESIS AND JET3D\JET3D\SOURCE\ENGINE\JETENGINE\RELEASE\RUNTRANS.SBR
D:\GENESIS AND JET3D\JET3D\SOURCE\ENGINE\JETENGINE\RELEASE\SCONTEXT.OBJ
D:\GENESIS AND JET3D\JET3D\SOURCE\ENGINE\JETENGINE\RELEASE\SCONTEXT.SBR
D:\GENESIS AND JET3D\JET3D\SOURCE\ENGINE\JETENGINE\RELEASE\SORTPAL.OBJ
D:\GENESIS AND JET3D\JET3D\SOURCE\ENGINE\JETENGINE\RELEASE\SORTPAL.SBR
D:\GENESIS AND JET3D\JET3D\SOURCE\ENGINE\JETENGINE\RELEASE\SORTPALX.OBJ
D:\GENESIS AND JET3D\JET3D\SOURCE\ENGINE\JETENGINE\RELEASE\SORTPALX.SBR
D:\GENESIS AND JET3D\JET3D\SOURCE\ENGINE\JETENGINE\RELEASE\SOUND.OBJ
D:\GENESIS AND JET3D\JET3D\SOURCE\ENGINE\JETENGINE\RELEASE\SOUND.SBR
D:\GENESIS AND JET3D\JET3D\SOURCE\ENGINE\JETENGINE\RELEASE\SOUND3D.OBJ
D:\GENESIS AND JET3D\JET3D\SOURCE\ENGINE\JETENGINE\RELEASE\SOUND3D.SBR
D:\GENESIS AND JET3D\JET3D\SOURCE\ENGINE\JETENGINE\RELEASE\SOZ.OBJ
D:\GENESIS AND JET3D\JET3D\SOURCE\ENGINE\JETENGINE\RELEASE\SOZ.SBR
D:\GENESIS AND JET3D\JET3D\SOURCE\ENGINE\JETENGINE\RELEASE\SPLASH_BMP.OBJ
D:\GENESIS AND JET3D\JET3D\SOURCE\ENGINE\JETENGINE\RELEASE\SPLASH_BMP.SBR
D:\GENESIS AND JET3D\JET3D\SOURCE\ENGINE\JETENGINE\RELEASE\SPRING.OBJ
D:\GENESIS AND JET3D\JET3D\SOURCE\ENGINE\JETENGINE\RELEASE\SPRING.SBR
D:\GENESIS AND JET3D\JET3D\SOURCE\ENGINE\JETENGINE\RELEASE\STRBLOCK.OBJ
D:\GENESIS AND JET3D\JET3D\SOURCE\ENGINE\JETENGINE\RELEASE\STRBLOCK.SBR
D:\GENESIS AND JET3D\JET3D\SOURCE\ENGINE\JETENGINE\RELEASE\STRUTIL.OBJ
D:\GENESIS AND JET3D\JET3D\SOURCE\ENGINE\JETENGINE\RELEASE\STRUTIL.SBR
D:\GENESIS AND JET3D\JET3D\SOURCE\ENGINE\JETENGINE\RELEASE\TBLOCK.OBJ
D:\GENESIS AND JET3D\JET3D\SOURCE\ENGINE\JETENGINE\RELEASE\TBLOCK.SBR
D:\GENESIS AND JET3D\JET3D\SOURCE\ENGINE\JETENGINE\RELEASE\TCLIP.OBJ
D:\GENESIS AND JET3D\JET3D\SOURCE\ENGINE\JETENGINE\RELEASE\TCLIP.SBR
D:\GENESIS AND JET3D\JET3D\SOURCE\ENGINE\JETENGINE\RELEASE\TERRAIN.OBJ
D:\GENESIS AND JET3D\JET3D\SOURCE\ENGINE\JETENGINE\RELEASE\TERRAIN.SBR
D:\GENESIS AND JET3D\JET3D\SOURCE\ENGINE\JETENGINE\RELEASE\THREADLOG.OBJ
D:\GENESIS AND JET3D\JET3D\SOURCE\ENGINE\JETENGINE\RELEASE\THREADLOG.SBR
D:\GENESIS AND JET3D\JET3D\SOURCE\ENGINE\JETENGINE\RELEASE\THREADQUEUE.OBJ
D:\GENESIS AND JET3D\JET3D\SOURCE\ENGINE\JETENGINE\RELEASE\THREADQUEUE.SBR
D:\GENESIS AND JET3D\JET3D\SOURCE\ENGINE\JETENGINE\RELEASE\TIMER.OBJ
D:\GENESIS AND JET3D\JET3D\SOURCE\ENGINE\JETENGINE\RELEASE\TIMER.SBR
D:\GENESIS AND JET3D\JET3D\SOURCE\ENGINE\JETENGINE\RELEASE\TKARRAY.OBJ
D:\GENESIS AND JET3D\JET3D\SOURCE\ENGINE\JETENGINE\RELEASE\TKARRAY.SBR
D:\GENESIS AND JET3D\JET3D\SOURCE\ENGINE\JETENGINE\RELEASE\TKEVENTS.OBJ
D:\GENESIS AND JET3D\JET3D\SOURCE\ENGINE\JETENGINE\RELEASE\TKEVENTS.SBR
D:\GENESIS AND JET3D\JET3D\SOURCE\ENGINE\JETENGINE\RELEASE\TRANS_BCW3.OBJ
D:\GENESIS AND JET3D\JET3D\SOURCE\ENGINE\JETENGINE\RELEASE\TRANS_BCW3.SBR
D:\GENESIS AND JET3D\JET3D\SOURCE\ENGINE\JETENGINE\RELEASE\TRANS_CDF22.OBJ
D:\GENESIS AND JET3D\JET3D\SOURCE\ENGINE\JETENGINE\RELEASE\TRANS_CDF22.SBR
D:\GENESIS AND JET3D\JET3D\SOURCE\ENGINE\JETENGINE\RELEASE\TRANS_CDF22Q.OBJ
D:\GENESIS AND JET3D\JET3D\SOURCE\ENGINE\JETENGINE\RELEASE\TRANS_CDF22Q.SBR
D:\GENESIS AND JET3D\JET3D\SOURCE\ENGINE\JETENGINE\RELEASE\TRANS_CDF24.OBJ
D:\GENESIS AND JET3D\JET3D\SOURCE\ENGINE\JETENGINE\RELEASE\TRANS_CDF24.SBR
D:\GENESIS AND JET3D\JET3D\SOURCE\ENGINE\JETENGINE\RELEASE\TRANS_D4.OBJ
D:\GENESIS AND JET3D\JET3D\SOURCE\ENGINE\JETENGINE\RELEASE\TRANS_D4.SBR
D:\GENESIS AND JET3D\JET3D\SOURCE\ENGINE\JETENGINE\RELEASE\TRANS_L97.OBJ
D:\GENESIS AND JET3D\JET3D\SOURCE\ENGINE\JETENGINE\RELEASE\TRANS_L97.SBR
D:\GENESIS AND JET3D\JET3D\SOURCE\ENGINE\JETENGINE\RELEASE\TRANS_SPT.OBJ
D:\GENESIS AND JET3D\JET3D\SOURCE\ENGINE\JETENGINE\RELEASE\TRANS_SPT.SBR
D:\GENESIS AND JET3D\JET3D\SOURCE\ENGINE\JETENGINE\RELEASE\TRANSFORM.OBJ
D:\GENESIS AND JET3D\JET3D\SOURCE\ENGINE\JETENGINE\RELEASE\TRANSFORM.SBR
D:\GENESIS AND JET3D\JET3D\SOURCE\ENGINE\JETENGINE\RELEASE\TSC.OBJ
D:\GENESIS AND JET3D\JET3D\SOURCE\ENGINE\JETENGINE\RELEASE\TSC.SBR
D:\GENESIS AND JET3D\JET3D\SOURCE\ENGINE\JETENGINE\RELEASE\UTIL.OBJ
D:\GENESIS AND JET3D\JET3D\SOURCE\ENGINE\JETENGINE\RELEASE\UTIL.SBR
D:\GENESIS AND JET3D\JET3D\SOURCE\ENGINE\JETENGINE\RELEASE\UTILITY.OBJ
D:\GENESIS AND JET3D\JET3D\SOURCE\ENGINE\JETENGINE\RELEASE\UTILITY.SBR
D:\GENESIS AND JET3D\JET3D\SOURCE\ENGINE\JETENGINE\RELEASE\UVMAP.OBJ
D:\GENESIS AND JET3D\JET3D\SOURCE\ENGINE\JETENGINE\RELEASE\UVMAP.SBR
D:\GENESIS AND JET3D\JET3D\SOURCE\ENGINE\JETENGINE\RELEASE\VC100.PDB
D:\GENESIS AND JET3D\JET3D\SOURCE\ENGINE\JETENGINE\RELEASE\VEC2D.OBJ
D:\GENESIS AND JET3D\JET3D\SOURCE\ENGINE\JETENGINE\RELEASE\VEC2D.SBR
D:\GENESIS AND JET3D\JET3D\SOURCE\ENGINE\JETENGINE\RELEASE\VEC3D.OBJ
D:\GENESIS AND JET3D\JET3D\SOURCE\ENGINE\JETENGINE\RELEASE\VEC3D.SBR
D:\GENESIS AND JET3D\JET3D\SOURCE\ENGINE\JETENGINE\RELEASE\VFILE.OBJ
D:\GENESIS AND JET3D\JET3D\SOURCE\ENGINE\JETENGINE\RELEASE\VFILE.SBR
D:\GENESIS AND JET3D\JET3D\SOURCE\ENGINE\JETENGINE\RELEASE\VIDEOMGR.OBJ
D:\GENESIS AND JET3D\JET3D\SOURCE\ENGINE\JETENGINE\RELEASE\VIDEOMGR.SBR
D:\GENESIS AND JET3D\JET3D\SOURCE\ENGINE\JETENGINE\RELEASE\VISOBJECT.OBJ
D:\GENESIS AND JET3D\JET3D\SOURCE\ENGINE\JETENGINE\RELEASE\VISOBJECT.SBR
D:\GENESIS AND JET3D\JET3D\SOURCE\ENGINE\JETENGINE\RELEASE\VKFRAME.OBJ
D:\GENESIS AND JET3D\JET3D\SOURCE\ENGINE\JETENGINE\RELEASE\VKFRAME.SBR
D:\GENESIS AND JET3D\JET3D\SOURCE\ENGINE\JETENGINE\RELEASE\WAVELET.OBJ
D:\GENESIS AND JET3D\JET3D\SOURCE\ENGINE\JETENGINE\RELEASE\WAVELET.SBR
D:\GENESIS AND JET3D\JET3D\SOURCE\ENGINE\JETENGINE\RELEASE\XFARRAY.OBJ
D:\GENESIS AND JET3D\JET3D\SOURCE\ENGINE\JETENGINE\RELEASE\XFARRAY.SBR
D:\GENESIS AND JET3D\JET3D\SOURCE\ENGINE\JETENGINE\RELEASE\XFORM3D.OBJ
D:\GENESIS AND JET3D\JET3D\SOURCE\ENGINE\JETENGINE\RELEASE\XFORM3D.SBR
D:\GENESIS AND JET3D\JET3D\SOURCE\ENGINE\JETENGINE\RELEASE\YUV.OBJ
D:\GENESIS AND JET3D\JET3D\SOURCE\ENGINE\JETENGINE\RELEASE\YUV.SBR
