d:\genesis and jet3d\jstudio_classic10_2019\source\drivers\direct3d9driver\debug\vc142.pdb
d:\genesis and jet3d\jstudio_classic10_2019\source\drivers\direct3d9driver\debug\vc142.idb
d:\genesis and jet3d\jstudio_classic10_2019\source\drivers\direct3d9driver\debug\d3d9log.obj
d:\genesis and jet3d\jstudio_classic10_2019\source\drivers\direct3d9driver\debug\d3d9texturemgr.obj
d:\genesis and jet3d\jstudio_classic10_2019\source\drivers\direct3d9driver\debug\direct3d9driver.obj
d:\genesis and jet3d\jstudio_classic10_2019\source\drivers\direct3d9driver\debug\jevertexbuffer.obj
d:\genesis and jet3d\jstudio_classic10_2019\source\drivers\direct3d9driver\debug\polycache.obj
d:\genesis and jet3d\jstudio_classic10_2019\source\drivers\direct3d9driver\debug\renderstatemanagercpp.obj
d:\genesis and jet3d\jstudio_classic10_2019\source\drivers\direct3d9driver\debug\vertexcachemanager.obj
d:\genesis and jet3d\jstudio_classic10_2019\lib\direct3d9driver.lib
d:\genesis and jet3d\jstudio_classic10_2019\lib\direct3d9driver.exp
d:\genesis and jet3d\jstudio_classic10_2019\bin\direct3d9driver.ilk
d:\genesis and jet3d\jstudio_classic10_2019\bin\direct3d9driver.dll
d:\genesis and jet3d\jstudio_classic10_2019\bin\direct3d9driver.pdb
d:\genesis and jet3d\jstudio_classic10_2019\source\drivers\direct3d9driver\debug\direct3d9driver.tlog\cl.command.1.tlog
d:\genesis and jet3d\jstudio_classic10_2019\source\drivers\direct3d9driver\debug\direct3d9driver.tlog\cl.read.1.tlog
d:\genesis and jet3d\jstudio_classic10_2019\source\drivers\direct3d9driver\debug\direct3d9driver.tlog\cl.write.1.tlog
d:\genesis and jet3d\jstudio_classic10_2019\source\drivers\direct3d9driver\debug\direct3d9driver.tlog\direct3d9driver.write.1u.tlog
d:\genesis and jet3d\jstudio_classic10_2019\source\drivers\direct3d9driver\debug\direct3d9driver.tlog\link.command.1.tlog
d:\genesis and jet3d\jstudio_classic10_2019\source\drivers\direct3d9driver\debug\direct3d9driver.tlog\link.read.1.tlog
d:\genesis and jet3d\jstudio_classic10_2019\source\drivers\direct3d9driver\debug\direct3d9driver.tlog\link.write.1.tlog
