d:\jstudioclassic7\source\tools\gameshell\release\scriptmgr.obj
d:\jstudioclassic7\source\tools\gameshell\release\main.obj
d:\jstudioclassic7\source\tools\gameshell\release\gamemgr.obj
d:\jstudioclassic7\source\tools\gameshell\release\gamelog.obj
d:\jstudioclassic7\source\tools\gameshell\release\camera.obj
d:\jstudioclassic7\source\tools\gameshell\release\vc100.pdb
d:\jstudio_classic7\source\tools\gameshell\release\scriptmgr.obj
d:\jstudio_classic7\source\tools\gameshell\release\main.obj
d:\jstudio_classic7\source\tools\gameshell\release\gamemgr.obj
d:\jstudio_classic7\source\tools\gameshell\release\gamelog.obj
d:\jstudio_classic7\source\tools\gameshell\release\camera.obj
d:\jstudio_classic7\source\tools\gameshell\release\vc100.pdb
d:\jstudioclassic7\bin\jgameshellclassic7.exe
d:\jstudioclassic7\source\tools\gameshell\release\jgameshellclassic7.exe.intermediate.manifest
d:\jstudio_classic7\bin\jgameshellclassic7.exe
d:\jstudio_classic7\source\tools\gameshell\release\jgameshellclassic7.exe.intermediate.manifest
d:\genesis and jet3d\jstudio_classic10_2019\source\tools\gameshell\release\vc142.pdb
d:\genesis and jet3d\jstudio_classic10_2019\source\tools\gameshell\release\scriptmgr.obj
d:\genesis and jet3d\jstudio_classic10_2019\source\tools\gameshell\release\main.obj
d:\genesis and jet3d\jstudio_classic10_2019\source\tools\gameshell\release\gamemgr.obj
d:\genesis and jet3d\jstudio_classic10_2019\source\tools\gameshell\release\gamelog.obj
d:\genesis and jet3d\jstudio_classic10_2019\source\tools\gameshell\release\camera.obj
d:\genesis and jet3d\jstudio_classic10_2019\source\tools\gameshell\release\cl.command.1.tlog
d:\genesis and jet3d\jstudio_classic10_2019\source\tools\gameshell\release\cl.read.1.tlog
d:\genesis and jet3d\jstudio_classic10_2019\source\tools\gameshell\release\cl.write.1.tlog
d:\genesis and jet3d\jstudio_classic10_2019\source\tools\gameshell\release\link.command.1.tlog
d:\genesis and jet3d\jstudio_classic10_2019\source\tools\gameshell\release\link.read.1.tlog
d:\genesis and jet3d\jstudio_classic10_2019\source\tools\gameshell\release\link.write.1.tlog
d:\genesis and jet3d\jstudio_classic10_2019\source\tools\gameshell\release\mt.command.1.tlog
d:\genesis and jet3d\jstudio_classic10_2019\source\tools\gameshell\release\mt.read.1.tlog
d:\genesis and jet3d\jstudio_classic10_2019\source\tools\gameshell\release\mt.write.1.tlog
d:\genesis and jet3d\jstudio_classic10_2019\source\tools\gameshell\release\jgameshellclassic7.exe.intermediate.manifest
d:\genesis and jet3d\jstudio_classic10_2019\source\tools\gameshell\release\vc100.pdb
d:\genesis and jet3d\jstudio_classic10_2019\source\tools\gameshell\release\jgameshe.37b92a27.tlog\cl.command.1.tlog
d:\genesis and jet3d\jstudio_classic10_2019\source\tools\gameshell\release\jgameshe.37b92a27.tlog\cl.read.1.tlog
d:\genesis and jet3d\jstudio_classic10_2019\source\tools\gameshell\release\jgameshe.37b92a27.tlog\cl.write.1.tlog
d:\genesis and jet3d\jstudio_classic10_2019\source\tools\gameshell\release\jgameshe.37b92a27.tlog\link.command.1.tlog
d:\genesis and jet3d\jstudio_classic10_2019\source\tools\gameshell\release\jgameshe.37b92a27.tlog\link.read.1.tlog
d:\genesis and jet3d\jstudio_classic10_2019\source\tools\gameshell\release\jgameshe.37b92a27.tlog\link.write.1.tlog
