D:\GENESIS AND JET3D\JET3D\BIN\OBJECTS\AMBIENTOBJ.DLL
D:\Genesis and Jet3d\Jet3D\source\Objects\AmbObject\Release\AmbientObj.exp
D:\Genesis and Jet3d\Jet3D\source\Objects\AmbObject\Release\AmbientObj.lib
D:\GENESIS AND JET3D\JET3D\SOURCE\OBJECTS\AMBOBJECT\RELEASE\AMBOBJECT.DLL.INTERMEDIATE.MANIFEST
D:\GENESIS AND JET3D\JET3D\SOURCE\OBJECTS\AMBOBJECT\RELEASE\AMBOBJECT.OBJ
D:\GENESIS AND JET3D\JET3D\SOURCE\OBJECTS\AMBOBJECT\RELEASE\AMBOBJECT.RES
D:\GENESIS AND JET3D\JET3D\SOURCE\OBJECTS\AMBOBJECT\RELEASE\OBJECTDEF.OBJ
D:\GENESIS AND JET3D\JET3D\SOURCE\OBJECTS\AMBOBJECT\RELEASE\SND.OBJ
D:\GENESIS AND JET3D\JET3D\SOURCE\OBJECTS\AMBOBJECT\RELEASE\VC100.PDB
D:\JSTUDIOCLASSIC7\source\Objects\AmbObject\./Release\AmbObject.dll.intermediate.manifest
D:\JSTUDIOCLASSIC7\source\Objects\AmbObject\Release\AmbientObj.exp
D:\JSTUDIOCLASSIC7\source\Objects\AmbObject\Release\AmbObject.dll.intermediate.manifest
D:\JSTUDIOCLASSIC7\source\Objects\AmbObject\Release\AmbObject.obj
D:\JSTUDIOCLASSIC7\source\Objects\AmbObject\Release\AmbObject.res
D:\JSTUDIOCLASSIC7\source\Objects\AmbObject\Release\AmbObject.write.1.tlog
D:\JSTUDIOCLASSIC7\source\Objects\AmbObject\Release\cl.command.1.tlog
D:\JSTUDIOCLASSIC7\source\Objects\AmbObject\Release\CL.read.1.tlog
D:\JSTUDIOCLASSIC7\source\Objects\AmbObject\Release\CL.write.1.tlog
D:\JSTUDIOCLASSIC7\source\Objects\AmbObject\Release\link.command.1.tlog
D:\JSTUDIOCLASSIC7\source\Objects\AmbObject\Release\link.read.1.tlog
D:\JSTUDIOCLASSIC7\source\Objects\AmbObject\Release\link.write.1.tlog
D:\JSTUDIOCLASSIC7\source\Objects\AmbObject\Release\link-cvtres.read.1.tlog
D:\JSTUDIOCLASSIC7\source\Objects\AmbObject\Release\link-cvtres.write.1.tlog
D:\JSTUDIOCLASSIC7\source\Objects\AmbObject\Release\mt.command.1.tlog
D:\JSTUDIOCLASSIC7\source\Objects\AmbObject\Release\mt.read.1.tlog
D:\JSTUDIOCLASSIC7\source\Objects\AmbObject\Release\mt.write.1.tlog
D:\JSTUDIOCLASSIC7\source\Objects\AmbObject\Release\ObjectDef.obj
D:\JSTUDIOCLASSIC7\source\Objects\AmbObject\Release\rc.command.1.tlog
D:\JSTUDIOCLASSIC7\source\Objects\AmbObject\Release\rc.read.1.tlog
D:\JSTUDIOCLASSIC7\source\Objects\AmbObject\Release\rc.write.1.tlog
D:\JSTUDIOCLASSIC7\source\Objects\AmbObject\Release\Snd.obj
D:\JSTUDIOCLASSIC7\source\Objects\AmbObject\Release\vc100.pdb
