d:\genesis and jet3d\jstudio_classic11_2023\source\tools\gameshell\lib\eosscript.pdb
d:\genesis and jet3d\jstudio_classic11_2023\source\tools\eosscript\lib\compiler\eosvm.obj
d:\genesis and jet3d\jstudio_classic11_2023\source\tools\eosscript\lib\compiler\eosvariable.obj
d:\genesis and jet3d\jstudio_classic11_2023\source\tools\eosscript\lib\compiler\eosvalue.obj
d:\genesis and jet3d\jstudio_classic11_2023\source\tools\eosscript\lib\compiler\eosutillib.obj
d:\genesis and jet3d\jstudio_classic11_2023\source\tools\eosscript\lib\compiler\eosutil.obj
d:\genesis and jet3d\jstudio_classic11_2023\source\tools\eosscript\lib\compiler\eosparser.obj
d:\genesis and jet3d\jstudio_classic11_2023\source\tools\eosscript\lib\compiler\eosobject.obj
d:\genesis and jet3d\jstudio_classic11_2023\source\tools\eosscript\lib\compiler\eoslog.obj
d:\genesis and jet3d\jstudio_classic11_2023\source\tools\eosscript\lib\compiler\eosinstr.obj
d:\genesis and jet3d\jstudio_classic11_2023\source\tools\eosscript\lib\compiler\eosfunction.obj
d:\genesis and jet3d\jstudio_classic11_2023\source\tools\eosscript\lib\compiler\eosbase.obj
d:\genesis and jet3d\jstudio_classic11_2023\source\tools\eosscript\lib\compiler\eosanalyse.obj
d:\genesis and jet3d\jstudio_classic11_2023\source\tools\gameshell\lib\eosscript.lib
d:\genesis and jet3d\jstudio_classic11_2023\source\tools\eosscript\lib\compiler\eosscript.tlog\cl.command.1.tlog
d:\genesis and jet3d\jstudio_classic11_2023\source\tools\eosscript\lib\compiler\eosscript.tlog\cl.read.1.tlog
d:\genesis and jet3d\jstudio_classic11_2023\source\tools\eosscript\lib\compiler\eosscript.tlog\cl.write.1.tlog
d:\genesis and jet3d\jstudio_classic11_2023\source\tools\eosscript\lib\compiler\eosscript.tlog\lib-link.read.1.tlog
d:\genesis and jet3d\jstudio_classic11_2023\source\tools\eosscript\lib\compiler\eosscript.tlog\lib-link.write.1.tlog
d:\genesis and jet3d\jstudio_classic11_2023\source\tools\eosscript\lib\compiler\eosscript.tlog\lib.command.1.tlog
