c:\users\james\downloads\jstudio_classic_11_2023_source\jstudio_classic11_2023\bin\jet3dclassic11d.bsc
c:\users\james\downloads\jstudio_classic_11_2023_source\jstudio_classic11_2023\source\engine\jetengine\debug\camera.sbr
c:\users\james\downloads\jstudio_classic_11_2023_source\jstudio_classic11_2023\source\engine\jetengine\debug\object.sbr
c:\users\james\downloads\jstudio_classic_11_2023_source\jstudio_classic11_2023\source\engine\jetengine\debug\oggstream.sbr
c:\users\james\downloads\jstudio_classic_11_2023_source\jstudio_classic11_2023\source\engine\jetengine\debug\report.sbr
c:\users\james\downloads\jstudio_classic_11_2023_source\jstudio_classic11_2023\source\engine\jetengine\debug\sound.sbr
c:\users\james\downloads\jstudio_classic_11_2023_source\jstudio_classic11_2023\source\engine\jetengine\debug\sound3d.sbr
c:\users\james\downloads\jstudio_classic_11_2023_source\jstudio_classic11_2023\source\engine\jetengine\debug\tclip.sbr
c:\users\james\downloads\jstudio_classic_11_2023_source\jstudio_classic11_2023\source\engine\jetengine\debug\timer.sbr
c:\users\james\downloads\jstudio_classic_11_2023_source\jstudio_classic11_2023\source\engine\jetengine\debug\tsc.sbr
c:\users\james\downloads\jstudio_classic_11_2023_source\jstudio_classic11_2023\source\engine\jetengine\debug\uvmap.sbr
c:\users\james\downloads\jstudio_classic_11_2023_source\jstudio_classic11_2023\source\engine\jetengine\debug\actor.sbr
c:\users\james\downloads\jstudio_classic_11_2023_source\jstudio_classic11_2023\source\engine\jetengine\debug\actorobj.sbr
c:\users\james\downloads\jstudio_classic_11_2023_source\jstudio_classic11_2023\source\engine\jetengine\debug\body.sbr
c:\users\james\downloads\jstudio_classic_11_2023_source\jstudio_classic11_2023\source\engine\jetengine\debug\bodyinst.sbr
c:\users\james\downloads\jstudio_classic_11_2023_source\jstudio_classic11_2023\source\engine\jetengine\debug\motion.sbr
c:\users\james\downloads\jstudio_classic_11_2023_source\jstudio_classic11_2023\source\engine\jetengine\debug\path.sbr
c:\users\james\downloads\jstudio_classic_11_2023_source\jstudio_classic11_2023\source\engine\jetengine\debug\pose.sbr
c:\users\james\downloads\jstudio_classic_11_2023_source\jstudio_classic11_2023\source\engine\jetengine\debug\puppet.sbr
c:\users\james\downloads\jstudio_classic_11_2023_source\jstudio_classic11_2023\source\engine\jetengine\debug\qkframe.sbr
c:\users\james\downloads\jstudio_classic_11_2023_source\jstudio_classic11_2023\source\engine\jetengine\debug\strblock.sbr
c:\users\james\downloads\jstudio_classic_11_2023_source\jstudio_classic11_2023\source\engine\jetengine\debug\strblock.obj
c:\users\james\downloads\jstudio_classic_11_2023_source\jstudio_classic11_2023\source\engine\jetengine\debug\qkframe.obj
c:\users\james\downloads\jstudio_classic_11_2023_source\jstudio_classic11_2023\source\engine\jetengine\debug\puppet.obj
c:\users\james\downloads\jstudio_classic_11_2023_source\jstudio_classic11_2023\source\engine\jetengine\debug\pose.obj
c:\users\james\downloads\jstudio_classic_11_2023_source\jstudio_classic11_2023\source\engine\jetengine\debug\path.obj
c:\users\james\downloads\jstudio_classic_11_2023_source\jstudio_classic11_2023\source\engine\jetengine\debug\motion.obj
c:\users\james\downloads\jstudio_classic_11_2023_source\jstudio_classic11_2023\source\engine\jetengine\debug\bodyinst.obj
c:\users\james\downloads\jstudio_classic_11_2023_source\jstudio_classic11_2023\source\engine\jetengine\debug\body.obj
c:\users\james\downloads\jstudio_classic_11_2023_source\jstudio_classic11_2023\source\engine\jetengine\debug\actorobj.obj
c:\users\james\downloads\jstudio_classic_11_2023_source\jstudio_classic11_2023\source\engine\jetengine\debug\actor.obj
c:\users\james\downloads\jstudio_classic_11_2023_source\jstudio_classic11_2023\source\engine\jetengine\debug\uvmap.obj
c:\users\james\downloads\jstudio_classic_11_2023_source\jstudio_classic11_2023\source\engine\jetengine\debug\tsc.obj
c:\users\james\downloads\jstudio_classic_11_2023_source\jstudio_classic11_2023\source\engine\jetengine\debug\timer.obj
c:\users\james\downloads\jstudio_classic_11_2023_source\jstudio_classic11_2023\source\engine\jetengine\debug\tclip.obj
c:\users\james\downloads\jstudio_classic_11_2023_source\jstudio_classic11_2023\source\engine\jetengine\debug\sound3d.obj
c:\users\james\downloads\jstudio_classic_11_2023_source\jstudio_classic11_2023\source\engine\jetengine\debug\sound.obj
c:\users\james\downloads\jstudio_classic_11_2023_source\jstudio_classic11_2023\source\engine\jetengine\debug\report.obj
c:\users\james\downloads\jstudio_classic_11_2023_source\jstudio_classic11_2023\source\engine\jetengine\debug\oggstream.obj
c:\users\james\downloads\jstudio_classic_11_2023_source\jstudio_classic11_2023\source\engine\jetengine\debug\object.obj
c:\users\james\downloads\jstudio_classic_11_2023_source\jstudio_classic11_2023\source\engine\jetengine\debug\camera.obj
c:\users\james\downloads\jstudio_classic_11_2023_source\jstudio_classic11_2023\source\engine\jetengine\debug\tkarray.sbr
c:\users\james\downloads\jstudio_classic_11_2023_source\jstudio_classic11_2023\source\engine\jetengine\debug\tkevents.sbr
c:\users\james\downloads\jstudio_classic_11_2023_source\jstudio_classic11_2023\source\engine\jetengine\debug\vkframe.sbr
c:\users\james\downloads\jstudio_classic_11_2023_source\jstudio_classic11_2023\source\engine\jetengine\debug\xfarray.sbr
c:\users\james\downloads\jstudio_classic_11_2023_source\jstudio_classic11_2023\source\engine\jetengine\debug\jebsp.sbr
c:\users\james\downloads\jstudio_classic_11_2023_source\jstudio_classic11_2023\source\engine\jetengine\debug\jebsp_brush.sbr
c:\users\james\downloads\jstudio_classic_11_2023_source\jstudio_classic11_2023\source\engine\jetengine\debug\jebsp_topbrush.sbr
c:\users\james\downloads\jstudio_classic_11_2023_source\jstudio_classic11_2023\source\engine\jetengine\debug\jebspnode.sbr
c:\users\james\downloads\jstudio_classic_11_2023_source\jstudio_classic11_2023\source\engine\jetengine\debug\jebspnode_area.sbr
c:\users\james\downloads\jstudio_classic_11_2023_source\jstudio_classic11_2023\source\engine\jetengine\debug\jebspnode_drawface.sbr
c:\users\james\downloads\jstudio_classic_11_2023_source\jstudio_classic11_2023\source\engine\jetengine\debug\jebspnode_face.sbr
c:\users\james\downloads\jstudio_classic_11_2023_source\jstudio_classic11_2023\source\engine\jetengine\debug\jebspnode_leaf.sbr
c:\users\james\downloads\jstudio_classic_11_2023_source\jstudio_classic11_2023\source\engine\jetengine\debug\jebspnode_light.sbr
c:\users\james\downloads\jstudio_classic_11_2023_source\jstudio_classic11_2023\source\engine\jetengine\debug\jebspnode_portal.sbr
c:\users\james\downloads\jstudio_classic_11_2023_source\jstudio_classic11_2023\source\engine\jetengine\debug\bitmaplist.sbr
c:\users\james\downloads\jstudio_classic_11_2023_source\jstudio_classic11_2023\source\engine\jetengine\debug\engine.sbr
c:\users\james\downloads\jstudio_classic_11_2023_source\jstudio_classic11_2023\source\engine\jetengine\debug\fontbmp.sbr
c:\users\james\downloads\jstudio_classic_11_2023_source\jstudio_classic11_2023\source\engine\jetengine\debug\jepolymgr.sbr
c:\users\james\downloads\jstudio_classic_11_2023_source\jstudio_classic11_2023\source\engine\jetengine\debug\jetexture.sbr
c:\users\james\downloads\jstudio_classic_11_2023_source\jstudio_classic11_2023\source\engine\jetengine\debug\splash_bmp.sbr
c:\users\james\downloads\jstudio_classic_11_2023_source\jstudio_classic11_2023\source\engine\jetengine\debug\splash_bmp.obj
c:\users\james\downloads\jstudio_classic_11_2023_source\jstudio_classic11_2023\source\engine\jetengine\debug\jetexture.obj
c:\users\james\downloads\jstudio_classic_11_2023_source\jstudio_classic11_2023\source\engine\jetengine\debug\jepolymgr.obj
c:\users\james\downloads\jstudio_classic_11_2023_source\jstudio_classic11_2023\source\engine\jetengine\debug\fontbmp.obj
c:\users\james\downloads\jstudio_classic_11_2023_source\jstudio_classic11_2023\source\engine\jetengine\debug\engine.obj
c:\users\james\downloads\jstudio_classic_11_2023_source\jstudio_classic11_2023\source\engine\jetengine\debug\bitmaplist.obj
c:\users\james\downloads\jstudio_classic_11_2023_source\jstudio_classic11_2023\source\engine\jetengine\debug\jebspnode_portal.obj
c:\users\james\downloads\jstudio_classic_11_2023_source\jstudio_classic11_2023\source\engine\jetengine\debug\jebspnode_light.obj
c:\users\james\downloads\jstudio_classic_11_2023_source\jstudio_classic11_2023\source\engine\jetengine\debug\jebspnode_leaf.obj
c:\users\james\downloads\jstudio_classic_11_2023_source\jstudio_classic11_2023\source\engine\jetengine\debug\jebspnode_face.obj
c:\users\james\downloads\jstudio_classic_11_2023_source\jstudio_classic11_2023\source\engine\jetengine\debug\jebspnode_drawface.obj
c:\users\james\downloads\jstudio_classic_11_2023_source\jstudio_classic11_2023\source\engine\jetengine\debug\jebspnode_area.obj
c:\users\james\downloads\jstudio_classic_11_2023_source\jstudio_classic11_2023\source\engine\jetengine\debug\jebspnode.obj
c:\users\james\downloads\jstudio_classic_11_2023_source\jstudio_classic11_2023\source\engine\jetengine\debug\jebsp_topbrush.obj
c:\users\james\downloads\jstudio_classic_11_2023_source\jstudio_classic11_2023\source\engine\jetengine\debug\jebsp_brush.obj
c:\users\james\downloads\jstudio_classic_11_2023_source\jstudio_classic11_2023\source\engine\jetengine\debug\jebsp.obj
c:\users\james\downloads\jstudio_classic_11_2023_source\jstudio_classic11_2023\source\engine\jetengine\debug\xfarray.obj
c:\users\james\downloads\jstudio_classic_11_2023_source\jstudio_classic11_2023\source\engine\jetengine\debug\vkframe.obj
c:\users\james\downloads\jstudio_classic_11_2023_source\jstudio_classic11_2023\source\engine\jetengine\debug\tkevents.obj
c:\users\james\downloads\jstudio_classic_11_2023_source\jstudio_classic11_2023\source\engine\jetengine\debug\tkarray.obj
c:\users\james\downloads\jstudio_classic_11_2023_source\jstudio_classic11_2023\source\engine\jetengine\debug\d3d_ddmemmgr.sbr
c:\users\james\downloads\jstudio_classic_11_2023_source\jstudio_classic11_2023\source\engine\jetengine\debug\d3d_err.sbr
c:\users\james\downloads\jstudio_classic_11_2023_source\jstudio_classic11_2023\source\engine\jetengine\debug\d3d_fx.sbr
c:\users\james\downloads\jstudio_classic_11_2023_source\jstudio_classic11_2023\source\engine\jetengine\debug\d3d_gspan.sbr
c:\users\james\downloads\jstudio_classic_11_2023_source\jstudio_classic11_2023\source\engine\jetengine\debug\d3d_main.sbr
c:\users\james\downloads\jstudio_classic_11_2023_source\jstudio_classic11_2023\source\engine\jetengine\debug\d3d_pcache.sbr
c:\users\james\downloads\jstudio_classic_11_2023_source\jstudio_classic11_2023\source\engine\jetengine\debug\d3d_render.sbr
c:\users\james\downloads\jstudio_classic_11_2023_source\jstudio_classic11_2023\source\engine\jetengine\debug\d3d_scene.sbr
c:\users\james\downloads\jstudio_classic_11_2023_source\jstudio_classic11_2023\source\engine\jetengine\debug\d3d_thandle.sbr
c:\users\james\downloads\jstudio_classic_11_2023_source\jstudio_classic11_2023\source\engine\jetengine\debug\d3d_tpage.sbr
c:\users\james\downloads\jstudio_classic_11_2023_source\jstudio_classic11_2023\source\engine\jetengine\debug\d3dcache.sbr
c:\users\james\downloads\jstudio_classic_11_2023_source\jstudio_classic11_2023\source\engine\jetengine\debug\d3ddrv.sbr
c:\users\james\downloads\jstudio_classic_11_2023_source\jstudio_classic11_2023\source\engine\jetengine\debug\jebrush.sbr
c:\users\james\downloads\jstudio_classic_11_2023_source\jstudio_classic11_2023\source\engine\jetengine\debug\jefaceinfo.sbr
c:\users\james\downloads\jstudio_classic_11_2023_source\jstudio_classic11_2023\source\engine\jetengine\debug\jefrustum.sbr
c:\users\james\downloads\jstudio_classic_11_2023_source\jstudio_classic11_2023\source\engine\jetengine\debug\jegarray.sbr
c:\users\james\downloads\jstudio_classic_11_2023_source\jstudio_classic11_2023\source\engine\jetengine\debug\jeindexpoly.sbr
c:\users\james\downloads\jstudio_classic_11_2023_source\jstudio_classic11_2023\source\engine\jetengine\debug\jelight.sbr
c:\users\james\downloads\jstudio_classic_11_2023_source\jstudio_classic11_2023\source\engine\jetengine\debug\jematerial.sbr
c:\users\james\downloads\jstudio_classic_11_2023_source\jstudio_classic11_2023\source\engine\jetengine\debug\jematerialspec.sbr
c:\users\james\downloads\jstudio_classic_11_2023_source\jstudio_classic11_2023\source\engine\jetengine\debug\jematerialspec.obj
c:\users\james\downloads\jstudio_classic_11_2023_source\jstudio_classic11_2023\source\engine\jetengine\debug\jematerial.obj
c:\users\james\downloads\jstudio_classic_11_2023_source\jstudio_classic11_2023\source\engine\jetengine\debug\jelight.obj
c:\users\james\downloads\jstudio_classic_11_2023_source\jstudio_classic11_2023\source\engine\jetengine\debug\jeindexpoly.obj
c:\users\james\downloads\jstudio_classic_11_2023_source\jstudio_classic11_2023\source\engine\jetengine\debug\jegarray.obj
c:\users\james\downloads\jstudio_classic_11_2023_source\jstudio_classic11_2023\source\engine\jetengine\debug\jefrustum.obj
c:\users\james\downloads\jstudio_classic_11_2023_source\jstudio_classic11_2023\source\engine\jetengine\debug\jefaceinfo.obj
c:\users\james\downloads\jstudio_classic_11_2023_source\jstudio_classic11_2023\source\engine\jetengine\debug\jebrush.obj
c:\users\james\downloads\jstudio_classic_11_2023_source\jstudio_classic11_2023\source\engine\jetengine\debug\d3ddrv.obj
c:\users\james\downloads\jstudio_classic_11_2023_source\jstudio_classic11_2023\source\engine\jetengine\debug\d3dcache.obj
c:\users\james\downloads\jstudio_classic_11_2023_source\jstudio_classic11_2023\source\engine\jetengine\debug\d3d_tpage.obj
c:\users\james\downloads\jstudio_classic_11_2023_source\jstudio_classic11_2023\source\engine\jetengine\debug\d3d_thandle.obj
c:\users\james\downloads\jstudio_classic_11_2023_source\jstudio_classic11_2023\source\engine\jetengine\debug\d3d_scene.obj
c:\users\james\downloads\jstudio_classic_11_2023_source\jstudio_classic11_2023\source\engine\jetengine\debug\d3d_render.obj
c:\users\james\downloads\jstudio_classic_11_2023_source\jstudio_classic11_2023\source\engine\jetengine\debug\d3d_pcache.obj
c:\users\james\downloads\jstudio_classic_11_2023_source\jstudio_classic11_2023\source\engine\jetengine\debug\d3d_main.obj
c:\users\james\downloads\jstudio_classic_11_2023_source\jstudio_classic11_2023\source\engine\jetengine\debug\d3d_gspan.obj
c:\users\james\downloads\jstudio_classic_11_2023_source\jstudio_classic11_2023\source\engine\jetengine\debug\d3d_fx.obj
c:\users\james\downloads\jstudio_classic_11_2023_source\jstudio_classic11_2023\source\engine\jetengine\debug\d3d_err.obj
c:\users\james\downloads\jstudio_classic_11_2023_source\jstudio_classic11_2023\source\engine\jetengine\debug\d3d_ddmemmgr.obj
c:\users\james\downloads\jstudio_classic_11_2023_source\jstudio_classic11_2023\source\engine\jetengine\debug\jemodel.sbr
c:\users\james\downloads\jstudio_classic_11_2023_source\jstudio_classic11_2023\source\engine\jetengine\debug\jeplane.sbr
c:\users\james\downloads\jstudio_classic_11_2023_source\jstudio_classic11_2023\source\engine\jetengine\debug\jeplanearray.sbr
c:\users\james\downloads\jstudio_classic_11_2023_source\jstudio_classic11_2023\source\engine\jetengine\debug\jepoly.sbr
c:\users\james\downloads\jstudio_classic_11_2023_source\jstudio_classic11_2023\source\engine\jetengine\debug\jeportal.sbr
c:\users\james\downloads\jstudio_classic_11_2023_source\jstudio_classic11_2023\source\engine\jetengine\debug\jestaticmesh.sbr
c:\users\james\downloads\jstudio_classic_11_2023_source\jstudio_classic11_2023\source\engine\jetengine\debug\jetexvec.sbr
c:\users\james\downloads\jstudio_classic_11_2023_source\jstudio_classic11_2023\source\engine\jetengine\debug\jeuserpoly.sbr
c:\users\james\downloads\jstudio_classic_11_2023_source\jstudio_classic11_2023\source\engine\jetengine\debug\jevertarray.sbr
c:\users\james\downloads\jstudio_classic_11_2023_source\jstudio_classic11_2023\source\engine\jetengine\debug\jeworld.sbr
c:\users\james\downloads\jstudio_classic_11_2023_source\jstudio_classic11_2023\source\engine\jetengine\debug\visobject.sbr
c:\users\james\downloads\jstudio_classic_11_2023_source\jstudio_classic11_2023\source\engine\jetengine\debug\asmxform3d.sbr
c:\users\james\downloads\jstudio_classic_11_2023_source\jstudio_classic11_2023\source\engine\jetengine\debug\box.sbr
c:\users\james\downloads\jstudio_classic_11_2023_source\jstudio_classic11_2023\source\engine\jetengine\debug\crc32.sbr
c:\users\james\downloads\jstudio_classic_11_2023_source\jstudio_classic11_2023\source\engine\jetengine\debug\extbox.sbr
c:\users\james\downloads\jstudio_classic_11_2023_source\jstudio_classic11_2023\source\engine\jetengine\debug\jeray.sbr
c:\users\james\downloads\jstudio_classic_11_2023_source\jstudio_classic11_2023\source\engine\jetengine\debug\jevec3d_katmai.sbr
c:\users\james\downloads\jstudio_classic_11_2023_source\jstudio_classic11_2023\source\engine\jetengine\debug\objectpos.sbr
c:\users\james\downloads\jstudio_classic_11_2023_source\jstudio_classic11_2023\source\engine\jetengine\debug\quatern.sbr
c:\users\james\downloads\jstudio_classic_11_2023_source\jstudio_classic11_2023\source\engine\jetengine\debug\vec2d.sbr
c:\users\james\downloads\jstudio_classic_11_2023_source\jstudio_classic11_2023\source\engine\jetengine\debug\vec2d.obj
c:\users\james\downloads\jstudio_classic_11_2023_source\jstudio_classic11_2023\source\engine\jetengine\debug\quatern.obj
c:\users\james\downloads\jstudio_classic_11_2023_source\jstudio_classic11_2023\source\engine\jetengine\debug\objectpos.obj
c:\users\james\downloads\jstudio_classic_11_2023_source\jstudio_classic11_2023\source\engine\jetengine\debug\jevec3d_katmai.obj
c:\users\james\downloads\jstudio_classic_11_2023_source\jstudio_classic11_2023\source\engine\jetengine\debug\jeray.obj
c:\users\james\downloads\jstudio_classic_11_2023_source\jstudio_classic11_2023\source\engine\jetengine\debug\extbox.obj
c:\users\james\downloads\jstudio_classic_11_2023_source\jstudio_classic11_2023\source\engine\jetengine\debug\crc32.obj
c:\users\james\downloads\jstudio_classic_11_2023_source\jstudio_classic11_2023\source\engine\jetengine\debug\box.obj
c:\users\james\downloads\jstudio_classic_11_2023_source\jstudio_classic11_2023\source\engine\jetengine\debug\asmxform3d.obj
c:\users\james\downloads\jstudio_classic_11_2023_source\jstudio_classic11_2023\source\engine\jetengine\debug\visobject.obj
c:\users\james\downloads\jstudio_classic_11_2023_source\jstudio_classic11_2023\source\engine\jetengine\debug\jeworld.obj
c:\users\james\downloads\jstudio_classic_11_2023_source\jstudio_classic11_2023\source\engine\jetengine\debug\jevertarray.obj
c:\users\james\downloads\jstudio_classic_11_2023_source\jstudio_classic11_2023\source\engine\jetengine\debug\jeuserpoly.obj
c:\users\james\downloads\jstudio_classic_11_2023_source\jstudio_classic11_2023\source\engine\jetengine\debug\jetexvec.obj
c:\users\james\downloads\jstudio_classic_11_2023_source\jstudio_classic11_2023\source\engine\jetengine\debug\jestaticmesh.obj
c:\users\james\downloads\jstudio_classic_11_2023_source\jstudio_classic11_2023\source\engine\jetengine\debug\jeportal.obj
c:\users\james\downloads\jstudio_classic_11_2023_source\jstudio_classic11_2023\source\engine\jetengine\debug\jepoly.obj
c:\users\james\downloads\jstudio_classic_11_2023_source\jstudio_classic11_2023\source\engine\jetengine\debug\jeplanearray.obj
c:\users\james\downloads\jstudio_classic_11_2023_source\jstudio_classic11_2023\source\engine\jetengine\debug\jeplane.obj
c:\users\james\downloads\jstudio_classic_11_2023_source\jstudio_classic11_2023\source\engine\jetengine\debug\jemodel.obj
c:\users\james\downloads\jstudio_classic_11_2023_source\jstudio_classic11_2023\source\engine\jetengine\debug\vec3d.sbr
c:\users\james\downloads\jstudio_classic_11_2023_source\jstudio_classic11_2023\source\engine\jetengine\debug\xform3d.sbr
c:\users\james\downloads\jstudio_classic_11_2023_source\jstudio_classic11_2023\source\engine\jetengine\debug\part.sbr
c:\users\james\downloads\jstudio_classic_11_2023_source\jstudio_classic11_2023\source\engine\jetengine\debug\spring.sbr
c:\users\james\downloads\jstudio_classic_11_2023_source\jstudio_classic11_2023\source\engine\jetengine\debug\array.sbr
c:\users\james\downloads\jstudio_classic_11_2023_source\jstudio_classic11_2023\source\engine\jetengine\debug\cpu.sbr
c:\users\james\downloads\jstudio_classic_11_2023_source\jstudio_classic11_2023\source\engine\jetengine\debug\errorlog.sbr
c:\users\james\downloads\jstudio_classic_11_2023_source\jstudio_classic11_2023\source\engine\jetengine\debug\jeassert.sbr
c:\users\james\downloads\jstudio_classic_11_2023_source\jstudio_classic11_2023\source\engine\jetengine\debug\jechain.sbr
c:\users\james\downloads\jstudio_classic_11_2023_source\jstudio_classic11_2023\source\engine\jetengine\debug\jememallocinfo.sbr
c:\users\james\downloads\jstudio_classic_11_2023_source\jstudio_classic11_2023\source\engine\jetengine\debug\jenamemgr.sbr
c:\users\james\downloads\jstudio_classic_11_2023_source\jstudio_classic11_2023\source\engine\jetengine\debug\jeproperty.sbr
c:\users\james\downloads\jstudio_classic_11_2023_source\jstudio_classic11_2023\source\engine\jetengine\debug\jeptrmgr.sbr
c:\users\james\downloads\jstudio_classic_11_2023_source\jstudio_classic11_2023\source\engine\jetengine\debug\jeresource.sbr
c:\users\james\downloads\jstudio_classic_11_2023_source\jstudio_classic11_2023\source\engine\jetengine\debug\log.sbr
c:\users\james\downloads\jstudio_classic_11_2023_source\jstudio_classic11_2023\source\engine\jetengine\debug\mempool.sbr
c:\users\james\downloads\jstudio_classic_11_2023_source\jstudio_classic11_2023\source\engine\jetengine\debug\ram.sbr
c:\users\james\downloads\jstudio_classic_11_2023_source\jstudio_classic11_2023\source\engine\jetengine\debug\threadlog.sbr
c:\users\james\downloads\jstudio_classic_11_2023_source\jstudio_classic11_2023\source\engine\jetengine\debug\threadqueue.sbr
c:\users\james\downloads\jstudio_classic_11_2023_source\jstudio_classic11_2023\source\engine\jetengine\debug\util.sbr
c:\users\james\downloads\jstudio_classic_11_2023_source\jstudio_classic11_2023\source\engine\jetengine\debug\util.obj
c:\users\james\downloads\jstudio_classic_11_2023_source\jstudio_classic11_2023\source\engine\jetengine\debug\threadqueue.obj
c:\users\james\downloads\jstudio_classic_11_2023_source\jstudio_classic11_2023\source\engine\jetengine\debug\threadlog.obj
c:\users\james\downloads\jstudio_classic_11_2023_source\jstudio_classic11_2023\source\engine\jetengine\debug\ram.obj
c:\users\james\downloads\jstudio_classic_11_2023_source\jstudio_classic11_2023\source\engine\jetengine\debug\mempool.obj
c:\users\james\downloads\jstudio_classic_11_2023_source\jstudio_classic11_2023\source\engine\jetengine\debug\log.obj
c:\users\james\downloads\jstudio_classic_11_2023_source\jstudio_classic11_2023\source\engine\jetengine\debug\jeresource.obj
c:\users\james\downloads\jstudio_classic_11_2023_source\jstudio_classic11_2023\source\engine\jetengine\debug\jeptrmgr.obj
c:\users\james\downloads\jstudio_classic_11_2023_source\jstudio_classic11_2023\source\engine\jetengine\debug\jeproperty.obj
c:\users\james\downloads\jstudio_classic_11_2023_source\jstudio_classic11_2023\source\engine\jetengine\debug\jenamemgr.obj
c:\users\james\downloads\jstudio_classic_11_2023_source\jstudio_classic11_2023\source\engine\jetengine\debug\jememallocinfo.obj
c:\users\james\downloads\jstudio_classic_11_2023_source\jstudio_classic11_2023\source\engine\jetengine\debug\jechain.obj
c:\users\james\downloads\jstudio_classic_11_2023_source\jstudio_classic11_2023\source\engine\jetengine\debug\jeassert.obj
c:\users\james\downloads\jstudio_classic_11_2023_source\jstudio_classic11_2023\source\engine\jetengine\debug\errorlog.obj
c:\users\james\downloads\jstudio_classic_11_2023_source\jstudio_classic11_2023\source\engine\jetengine\debug\cpu.obj
c:\users\james\downloads\jstudio_classic_11_2023_source\jstudio_classic11_2023\source\engine\jetengine\debug\array.obj
c:\users\james\downloads\jstudio_classic_11_2023_source\jstudio_classic11_2023\source\engine\jetengine\debug\spring.obj
c:\users\james\downloads\jstudio_classic_11_2023_source\jstudio_classic11_2023\source\engine\jetengine\debug\part.obj
c:\users\james\downloads\jstudio_classic_11_2023_source\jstudio_classic11_2023\source\engine\jetengine\debug\xform3d.obj
c:\users\james\downloads\jstudio_classic_11_2023_source\jstudio_classic11_2023\source\engine\jetengine\debug\vec3d.obj
c:\users\james\downloads\jstudio_classic_11_2023_source\jstudio_classic11_2023\source\engine\jetengine\debug\fsinet.sbr
c:\users\james\downloads\jstudio_classic_11_2023_source\jstudio_classic11_2023\source\engine\jetengine\debug\quad.sbr
c:\users\james\downloads\jstudio_classic_11_2023_source\jstudio_classic11_2023\source\engine\jetengine\debug\terrain.sbr
c:\users\james\downloads\jstudio_classic_11_2023_source\jstudio_classic11_2023\source\engine\jetengine\debug\jeparticle.sbr
c:\users\james\downloads\jstudio_classic_11_2023_source\jstudio_classic11_2023\source\engine\jetengine\debug\mp3mgr.sbr
c:\users\james\downloads\jstudio_classic_11_2023_source\jstudio_classic11_2023\source\engine\jetengine\debug\videomgr.sbr
c:\users\james\downloads\jstudio_classic_11_2023_source\jstudio_classic11_2023\source\engine\jetengine\debug\videomgr.obj
c:\users\james\downloads\jstudio_classic_11_2023_source\jstudio_classic11_2023\source\engine\jetengine\debug\mp3mgr.obj
c:\users\james\downloads\jstudio_classic_11_2023_source\jstudio_classic11_2023\source\engine\jetengine\debug\jeparticle.obj
c:\users\james\downloads\jstudio_classic_11_2023_source\jstudio_classic11_2023\source\engine\jetengine\debug\terrain.obj
c:\users\james\downloads\jstudio_classic_11_2023_source\jstudio_classic11_2023\source\engine\jetengine\debug\quad.obj
c:\users\james\downloads\jstudio_classic_11_2023_source\jstudio_classic11_2023\source\engine\jetengine\debug\fsinet.obj
c:\users\james\downloads\jstudio_classic_11_2023_source\jstudio_classic11_2023\source\engine\jetengine\debug\list.sbr
c:\users\james\downloads\jstudio_classic_11_2023_source\jstudio_classic11_2023\source\engine\jetengine\debug\bitmap.sbr
c:\users\james\downloads\jstudio_classic_11_2023_source\jstudio_classic11_2023\source\engine\jetengine\debug\bitmap_blitdata.sbr
c:\users\james\downloads\jstudio_classic_11_2023_source\jstudio_classic11_2023\source\engine\jetengine\debug\bitmap_gamma.sbr
c:\users\james\downloads\jstudio_classic_11_2023_source\jstudio_classic11_2023\source\engine\jetengine\debug\pixelformat.sbr
c:\users\james\downloads\jstudio_classic_11_2023_source\jstudio_classic11_2023\source\engine\jetengine\debug\arithc.sbr
c:\users\james\downloads\jstudio_classic_11_2023_source\jstudio_classic11_2023\source\engine\jetengine\debug\codealphas.sbr
c:\users\james\downloads\jstudio_classic_11_2023_source\jstudio_classic11_2023\source\engine\jetengine\debug\codeimage.sbr
c:\users\james\downloads\jstudio_classic_11_2023_source\jstudio_classic11_2023\source\engine\jetengine\debug\codepal.sbr
c:\users\james\downloads\jstudio_classic_11_2023_source\jstudio_classic11_2023\source\engine\jetengine\debug\coder.sbr
c:\users\james\downloads\jstudio_classic_11_2023_source\jstudio_classic11_2023\source\engine\jetengine\debug\coder_bp.sbr
c:\users\james\downloads\jstudio_classic_11_2023_source\jstudio_classic11_2023\source\engine\jetengine\debug\coder_bpb2.sbr
c:\users\james\downloads\jstudio_classic_11_2023_source\jstudio_classic11_2023\source\engine\jetengine\debug\coder_bpbf.sbr
c:\users\james\downloads\jstudio_classic_11_2023_source\jstudio_classic11_2023\source\engine\jetengine\debug\coder_bpbfr.sbr
c:\users\james\downloads\jstudio_classic_11_2023_source\jstudio_classic11_2023\source\engine\jetengine\debug\coder_bpbfrl.sbr
c:\users\james\downloads\jstudio_classic_11_2023_source\jstudio_classic11_2023\source\engine\jetengine\debug\coder_f.sbr
c:\users\james\downloads\jstudio_classic_11_2023_source\jstudio_classic11_2023\source\engine\jetengine\debug\coder_f2.sbr
c:\users\james\downloads\jstudio_classic_11_2023_source\jstudio_classic11_2023\source\engine\jetengine\debug\coder_f3.sbr
c:\users\james\downloads\jstudio_classic_11_2023_source\jstudio_classic11_2023\source\engine\jetengine\debug\codeutil.sbr
c:\users\james\downloads\jstudio_classic_11_2023_source\jstudio_classic11_2023\source\engine\jetengine\debug\colorconv.sbr
c:\users\james\downloads\jstudio_classic_11_2023_source\jstudio_classic11_2023\source\engine\jetengine\debug\colorconv.obj
c:\users\james\downloads\jstudio_classic_11_2023_source\jstudio_classic11_2023\source\engine\jetengine\debug\codeutil.obj
c:\users\james\downloads\jstudio_classic_11_2023_source\jstudio_classic11_2023\source\engine\jetengine\debug\coder_f3.obj
c:\users\james\downloads\jstudio_classic_11_2023_source\jstudio_classic11_2023\source\engine\jetengine\debug\coder_f2.obj
c:\users\james\downloads\jstudio_classic_11_2023_source\jstudio_classic11_2023\source\engine\jetengine\debug\coder_f.obj
c:\users\james\downloads\jstudio_classic_11_2023_source\jstudio_classic11_2023\source\engine\jetengine\debug\coder_bpbfrl.obj
c:\users\james\downloads\jstudio_classic_11_2023_source\jstudio_classic11_2023\source\engine\jetengine\debug\coder_bpbfr.obj
c:\users\james\downloads\jstudio_classic_11_2023_source\jstudio_classic11_2023\source\engine\jetengine\debug\coder_bpbf.obj
c:\users\james\downloads\jstudio_classic_11_2023_source\jstudio_classic11_2023\source\engine\jetengine\debug\coder_bpb2.obj
c:\users\james\downloads\jstudio_classic_11_2023_source\jstudio_classic11_2023\source\engine\jetengine\debug\coder_bp.obj
c:\users\james\downloads\jstudio_classic_11_2023_source\jstudio_classic11_2023\source\engine\jetengine\debug\coder.obj
c:\users\james\downloads\jstudio_classic_11_2023_source\jstudio_classic11_2023\source\engine\jetengine\debug\codepal.obj
c:\users\james\downloads\jstudio_classic_11_2023_source\jstudio_classic11_2023\source\engine\jetengine\debug\codeimage.obj
c:\users\james\downloads\jstudio_classic_11_2023_source\jstudio_classic11_2023\source\engine\jetengine\debug\codealphas.obj
c:\users\james\downloads\jstudio_classic_11_2023_source\jstudio_classic11_2023\source\engine\jetengine\debug\arithc.obj
c:\users\james\downloads\jstudio_classic_11_2023_source\jstudio_classic11_2023\source\engine\jetengine\debug\pixelformat.obj
c:\users\james\downloads\jstudio_classic_11_2023_source\jstudio_classic11_2023\source\engine\jetengine\debug\bitmap_gamma.obj
c:\users\james\downloads\jstudio_classic_11_2023_source\jstudio_classic11_2023\source\engine\jetengine\debug\bitmap_blitdata.obj
c:\users\james\downloads\jstudio_classic_11_2023_source\jstudio_classic11_2023\source\engine\jetengine\debug\bitmap.obj
c:\users\james\downloads\jstudio_classic_11_2023_source\jstudio_classic11_2023\source\engine\jetengine\debug\list.obj
c:\users\james\downloads\jstudio_classic_11_2023_source\jstudio_classic11_2023\source\engine\jetengine\debug\context.sbr
c:\users\james\downloads\jstudio_classic_11_2023_source\jstudio_classic11_2023\source\engine\jetengine\debug\huffa.sbr
c:\users\james\downloads\jstudio_classic_11_2023_source\jstudio_classic11_2023\source\engine\jetengine\debug\huffman2.sbr
c:\users\james\downloads\jstudio_classic_11_2023_source\jstudio_classic11_2023\source\engine\jetengine\debug\image.sbr
c:\users\james\downloads\jstudio_classic_11_2023_source\jstudio_classic11_2023\source\engine\jetengine\debug\intmath.sbr
c:\users\james\downloads\jstudio_classic_11_2023_source\jstudio_classic11_2023\source\engine\jetengine\debug\katcache.sbr
c:\users\james\downloads\jstudio_classic_11_2023_source\jstudio_classic11_2023\source\engine\jetengine\debug\ladder.sbr
c:\users\james\downloads\jstudio_classic_11_2023_source\jstudio_classic11_2023\source\engine\jetengine\debug\lbitio.sbr
c:\users\james\downloads\jstudio_classic_11_2023_source\jstudio_classic11_2023\source\engine\jetengine\debug\lza.sbr
c:\users\james\downloads\jstudio_classic_11_2023_source\jstudio_classic11_2023\source\engine\jetengine\debug\lzh.sbr
c:\users\james\downloads\jstudio_classic_11_2023_source\jstudio_classic11_2023\source\engine\jetengine\debug\o0coder.sbr
c:\users\james\downloads\jstudio_classic_11_2023_source\jstudio_classic11_2023\source\engine\jetengine\debug\o1coder.sbr
c:\users\james\downloads\jstudio_classic_11_2023_source\jstudio_classic11_2023\source\engine\jetengine\debug\palcreate.sbr
c:\users\james\downloads\jstudio_classic_11_2023_source\jstudio_classic11_2023\source\engine\jetengine\debug\palettize.sbr
c:\users\james\downloads\jstudio_classic_11_2023_source\jstudio_classic11_2023\source\engine\jetengine\debug\paloptimize.sbr
c:\users\james\downloads\jstudio_classic_11_2023_source\jstudio_classic11_2023\source\engine\jetengine\debug\rungae.sbr
c:\users\james\downloads\jstudio_classic_11_2023_source\jstudio_classic11_2023\source\engine\jetengine\debug\rungo1.sbr
c:\users\james\downloads\jstudio_classic_11_2023_source\jstudio_classic11_2023\source\engine\jetengine\debug\runtrans.sbr
c:\users\james\downloads\jstudio_classic_11_2023_source\jstudio_classic11_2023\source\engine\jetengine\debug\scontext.sbr
c:\users\james\downloads\jstudio_classic_11_2023_source\jstudio_classic11_2023\source\engine\jetengine\debug\sortpal.sbr
c:\users\james\downloads\jstudio_classic_11_2023_source\jstudio_classic11_2023\source\engine\jetengine\debug\sortpal.obj
c:\users\james\downloads\jstudio_classic_11_2023_source\jstudio_classic11_2023\source\engine\jetengine\debug\scontext.obj
c:\users\james\downloads\jstudio_classic_11_2023_source\jstudio_classic11_2023\source\engine\jetengine\debug\runtrans.obj
c:\users\james\downloads\jstudio_classic_11_2023_source\jstudio_classic11_2023\source\engine\jetengine\debug\rungo1.obj
c:\users\james\downloads\jstudio_classic_11_2023_source\jstudio_classic11_2023\source\engine\jetengine\debug\rungae.obj
c:\users\james\downloads\jstudio_classic_11_2023_source\jstudio_classic11_2023\source\engine\jetengine\debug\paloptimize.obj
c:\users\james\downloads\jstudio_classic_11_2023_source\jstudio_classic11_2023\source\engine\jetengine\debug\palettize.obj
c:\users\james\downloads\jstudio_classic_11_2023_source\jstudio_classic11_2023\source\engine\jetengine\debug\palcreate.obj
c:\users\james\downloads\jstudio_classic_11_2023_source\jstudio_classic11_2023\source\engine\jetengine\debug\o1coder.obj
c:\users\james\downloads\jstudio_classic_11_2023_source\jstudio_classic11_2023\source\engine\jetengine\debug\o0coder.obj
c:\users\james\downloads\jstudio_classic_11_2023_source\jstudio_classic11_2023\source\engine\jetengine\debug\lzh.obj
c:\users\james\downloads\jstudio_classic_11_2023_source\jstudio_classic11_2023\source\engine\jetengine\debug\lza.obj
c:\users\james\downloads\jstudio_classic_11_2023_source\jstudio_classic11_2023\source\engine\jetengine\debug\lbitio.obj
c:\users\james\downloads\jstudio_classic_11_2023_source\jstudio_classic11_2023\source\engine\jetengine\debug\ladder.obj
c:\users\james\downloads\jstudio_classic_11_2023_source\jstudio_classic11_2023\source\engine\jetengine\debug\katcache.obj
c:\users\james\downloads\jstudio_classic_11_2023_source\jstudio_classic11_2023\source\engine\jetengine\debug\intmath.obj
c:\users\james\downloads\jstudio_classic_11_2023_source\jstudio_classic11_2023\source\engine\jetengine\debug\image.obj
c:\users\james\downloads\jstudio_classic_11_2023_source\jstudio_classic11_2023\source\engine\jetengine\debug\huffman2.obj
c:\users\james\downloads\jstudio_classic_11_2023_source\jstudio_classic11_2023\source\engine\jetengine\debug\huffa.obj
c:\users\james\downloads\jstudio_classic_11_2023_source\jstudio_classic11_2023\source\engine\jetengine\debug\context.obj
c:\users\james\downloads\jstudio_classic_11_2023_source\jstudio_classic11_2023\source\engine\jetengine\debug\sortpalx.sbr
c:\users\james\downloads\jstudio_classic_11_2023_source\jstudio_classic11_2023\source\engine\jetengine\debug\soz.sbr
c:\users\james\downloads\jstudio_classic_11_2023_source\jstudio_classic11_2023\source\engine\jetengine\debug\strutil.sbr
c:\users\james\downloads\jstudio_classic_11_2023_source\jstudio_classic11_2023\source\engine\jetengine\debug\tblock.sbr
c:\users\james\downloads\jstudio_classic_11_2023_source\jstudio_classic11_2023\source\engine\jetengine\debug\trans_bcw3.sbr
c:\users\james\downloads\jstudio_classic_11_2023_source\jstudio_classic11_2023\source\engine\jetengine\debug\trans_cdf22.sbr
c:\users\james\downloads\jstudio_classic_11_2023_source\jstudio_classic11_2023\source\engine\jetengine\debug\trans_cdf22q.sbr
c:\users\james\downloads\jstudio_classic_11_2023_source\jstudio_classic11_2023\source\engine\jetengine\debug\trans_cdf24.sbr
c:\users\james\downloads\jstudio_classic_11_2023_source\jstudio_classic11_2023\source\engine\jetengine\debug\trans_d4.sbr
c:\users\james\downloads\jstudio_classic_11_2023_source\jstudio_classic11_2023\source\engine\jetengine\debug\trans_l97.sbr
c:\users\james\downloads\jstudio_classic_11_2023_source\jstudio_classic11_2023\source\engine\jetengine\debug\trans_spt.sbr
c:\users\james\downloads\jstudio_classic_11_2023_source\jstudio_classic11_2023\source\engine\jetengine\debug\transform.sbr
c:\users\james\downloads\jstudio_classic_11_2023_source\jstudio_classic11_2023\source\engine\jetengine\debug\utility.sbr
c:\users\james\downloads\jstudio_classic_11_2023_source\jstudio_classic11_2023\source\engine\jetengine\debug\wavelet.sbr
c:\users\james\downloads\jstudio_classic_11_2023_source\jstudio_classic11_2023\source\engine\jetengine\debug\yuv.sbr
c:\users\james\downloads\jstudio_classic_11_2023_source\jstudio_classic11_2023\source\engine\jetengine\debug\dirtree.sbr
c:\users\james\downloads\jstudio_classic_11_2023_source\jstudio_classic11_2023\source\engine\jetengine\debug\fsdos.sbr
c:\users\james\downloads\jstudio_classic_11_2023_source\jstudio_classic11_2023\source\engine\jetengine\debug\fsfakenet.sbr
c:\users\james\downloads\jstudio_classic_11_2023_source\jstudio_classic11_2023\source\engine\jetengine\debug\fslz.sbr
c:\users\james\downloads\jstudio_classic_11_2023_source\jstudio_classic11_2023\source\engine\jetengine\debug\fsmemory.sbr
c:\users\james\downloads\jstudio_classic_11_2023_source\jstudio_classic11_2023\source\engine\jetengine\debug\fsmemory.obj
c:\users\james\downloads\jstudio_classic_11_2023_source\jstudio_classic11_2023\source\engine\jetengine\debug\fslz.obj
c:\users\james\downloads\jstudio_classic_11_2023_source\jstudio_classic11_2023\source\engine\jetengine\debug\fsfakenet.obj
c:\users\james\downloads\jstudio_classic_11_2023_source\jstudio_classic11_2023\source\engine\jetengine\debug\fsdos.obj
c:\users\james\downloads\jstudio_classic_11_2023_source\jstudio_classic11_2023\source\engine\jetengine\debug\dirtree.obj
c:\users\james\downloads\jstudio_classic_11_2023_source\jstudio_classic11_2023\source\engine\jetengine\debug\yuv.obj
c:\users\james\downloads\jstudio_classic_11_2023_source\jstudio_classic11_2023\source\engine\jetengine\debug\wavelet.obj
c:\users\james\downloads\jstudio_classic_11_2023_source\jstudio_classic11_2023\source\engine\jetengine\debug\utility.obj
c:\users\james\downloads\jstudio_classic_11_2023_source\jstudio_classic11_2023\source\engine\jetengine\debug\transform.obj
c:\users\james\downloads\jstudio_classic_11_2023_source\jstudio_classic11_2023\source\engine\jetengine\debug\trans_spt.obj
c:\users\james\downloads\jstudio_classic_11_2023_source\jstudio_classic11_2023\source\engine\jetengine\debug\trans_l97.obj
c:\users\james\downloads\jstudio_classic_11_2023_source\jstudio_classic11_2023\source\engine\jetengine\debug\trans_d4.obj
c:\users\james\downloads\jstudio_classic_11_2023_source\jstudio_classic11_2023\source\engine\jetengine\debug\trans_cdf24.obj
c:\users\james\downloads\jstudio_classic_11_2023_source\jstudio_classic11_2023\source\engine\jetengine\debug\trans_cdf22q.obj
c:\users\james\downloads\jstudio_classic_11_2023_source\jstudio_classic11_2023\source\engine\jetengine\debug\trans_cdf22.obj
c:\users\james\downloads\jstudio_classic_11_2023_source\jstudio_classic11_2023\source\engine\jetengine\debug\trans_bcw3.obj
c:\users\james\downloads\jstudio_classic_11_2023_source\jstudio_classic11_2023\source\engine\jetengine\debug\tblock.obj
c:\users\james\downloads\jstudio_classic_11_2023_source\jstudio_classic11_2023\source\engine\jetengine\debug\strutil.obj
c:\users\james\downloads\jstudio_classic_11_2023_source\jstudio_classic11_2023\source\engine\jetengine\debug\soz.obj
c:\users\james\downloads\jstudio_classic_11_2023_source\jstudio_classic11_2023\source\engine\jetengine\debug\sortpalx.obj
c:\users\james\downloads\jstudio_classic_11_2023_source\jstudio_classic11_2023\source\engine\jetengine\debug\fsvfs.sbr
c:\users\james\downloads\jstudio_classic_11_2023_source\jstudio_classic11_2023\source\engine\jetengine\debug\vfile.sbr
c:\users\james\downloads\jstudio_classic_11_2023_source\jstudio_classic11_2023\source\engine\jetengine\debug\vfile.obj
c:\users\james\downloads\jstudio_classic_11_2023_source\jstudio_classic11_2023\source\engine\jetengine\debug\fsvfs.obj
c:\users\james\downloads\jstudio_classic_11_2023_source\jstudio_classic11_2023\source\engine\jetengine\debug\cache3dn.obj
c:\users\james\downloads\jstudio_classic_11_2023_source\jstudio_classic11_2023\source\engine\jetengine\debug\rungasm.obj
c:\users\james\downloads\jstudio_classic_11_2023_source\jstudio_classic11_2023\bin\jet3dclassic11d.dll
c:\users\james\downloads\jstudio_classic_11_2023_source\jstudio_classic11_2023\bin\jet3dclassic11d.map
c:\users\james\downloads\jstudio_classic_11_2023_source\jstudio_classic11_2023\bin\jet3dclassic11d.pdb
c:\users\james\downloads\jstudio_classic_11_2023_source\jstudio_classic11_2023\source\engine\jetengine\debug\jet.res
c:\users\james\downloads\jstudio_classic_11_2023_source\jstudio_classic11_2023\lib\jet3dclassic11d.lib
c:\users\james\downloads\jstudio_classic_11_2023_source\jstudio_classic11_2023\lib\jet3dclassic11d.exp
c:\users\james\downloads\jstudio_classic_11_2023_source\jstudio_classic11_2023\source\engine\jetengine\debug\jet3dclassic11d.ilk
c:\users\james\downloads\jstudio_classic_11_2023_source\jstudio_classic11_2023\source\engine\jetengine\debug\jet3dclassic11.tlog\bscmake.command.1.tlog
c:\users\james\downloads\jstudio_classic_11_2023_source\jstudio_classic11_2023\source\engine\jetengine\debug\jet3dclassic11.tlog\bscmake.read.1.tlog
c:\users\james\downloads\jstudio_classic_11_2023_source\jstudio_classic11_2023\source\engine\jetengine\debug\jet3dclassic11.tlog\bscmake.write.1.tlog
c:\users\james\downloads\jstudio_classic_11_2023_source\jstudio_classic11_2023\source\engine\jetengine\debug\jet3dclassic11.tlog\cl.command.1.tlog
c:\users\james\downloads\jstudio_classic_11_2023_source\jstudio_classic11_2023\source\engine\jetengine\debug\jet3dclassic11.tlog\cl.items.tlog
c:\users\james\downloads\jstudio_classic_11_2023_source\jstudio_classic11_2023\source\engine\jetengine\debug\jet3dclassic11.tlog\cl.read.1.tlog
c:\users\james\downloads\jstudio_classic_11_2023_source\jstudio_classic11_2023\source\engine\jetengine\debug\jet3dclassic11.tlog\cl.write.1.tlog
c:\users\james\downloads\jstudio_classic_11_2023_source\jstudio_classic11_2023\source\engine\jetengine\debug\jet3dclassic11.tlog\custombuild.command.1.tlog
c:\users\james\downloads\jstudio_classic_11_2023_source\jstudio_classic11_2023\source\engine\jetengine\debug\jet3dclassic11.tlog\custombuild.read.1.tlog
c:\users\james\downloads\jstudio_classic_11_2023_source\jstudio_classic11_2023\source\engine\jetengine\debug\jet3dclassic11.tlog\custombuild.write.1.tlog
c:\users\james\downloads\jstudio_classic_11_2023_source\jstudio_classic11_2023\source\engine\jetengine\debug\jet3dclassic11.tlog\link.command.1.tlog
c:\users\james\downloads\jstudio_classic_11_2023_source\jstudio_classic11_2023\source\engine\jetengine\debug\jet3dclassic11.tlog\link.read.1.tlog
c:\users\james\downloads\jstudio_classic_11_2023_source\jstudio_classic11_2023\source\engine\jetengine\debug\jet3dclassic11.tlog\link.secondary.1.tlog
c:\users\james\downloads\jstudio_classic_11_2023_source\jstudio_classic11_2023\source\engine\jetengine\debug\jet3dclassic11.tlog\link.write.1.tlog
c:\users\james\downloads\jstudio_classic_11_2023_source\jstudio_classic11_2023\source\engine\jetengine\debug\jet3dclassic11.tlog\rc.command.1.tlog
c:\users\james\downloads\jstudio_classic_11_2023_source\jstudio_classic11_2023\source\engine\jetengine\debug\jet3dclassic11.tlog\rc.read.1.tlog
c:\users\james\downloads\jstudio_classic_11_2023_source\jstudio_classic11_2023\source\engine\jetengine\debug\jet3dclassic11.tlog\rc.write.1.tlog
