..\..\..\bin\Jet3Dd.bsc
..\..\..\bin\Jet3Dd.ilk
..\..\..\bin\Jet3Dd.pdb
D:\JSTUDIOCLASSIC7\BIN\JET3DCLASSIC7D.DLL
D:\JSTUDIOCLASSIC7\BIN\JET3DCLASSIC7D.ILK
D:\JSTUDIOCLASSIC7\BIN\JET3DCLASSIC7D.PDB
D:\JSTUDIOCLASSIC7\BIN\JET3DD.BSC
D:\JSTUDIOCLASSIC7\BIN\JET3DD.DLL
D:\JSTUDIOCLASSIC7\BIN\JET3DD.ILK
D:\JSTUDIOCLASSIC7\BIN\JET3DD.PDB
D:\JSTUDIOCLASSIC7\lib\Jet3DClassic7d.exp
D:\JSTUDIOCLASSIC7\lib\Jet3DClassic7d.lib
D:\JSTUDIOCLASSIC7\lib\Jet3Dd.exp
D:\JSTUDIOCLASSIC7\lib\Jet3Dd.lib
D:\JSTUDIOCLASSIC7\source\Engine\JetEngine\..\..\..\bin\Jet3Dd.dll
D:\JSTUDIOCLASSIC7\SOURCE\ENGINE\JETENGINE\DEBUG\ACTOR.OBJ
D:\JSTUDIOCLASSIC7\SOURCE\ENGINE\JETENGINE\DEBUG\ACTOR.SBR
D:\JSTUDIOCLASSIC7\SOURCE\ENGINE\JETENGINE\DEBUG\ACTOROBJ.OBJ
D:\JSTUDIOCLASSIC7\SOURCE\ENGINE\JETENGINE\DEBUG\ACTOROBJ.SBR
D:\JSTUDIOCLASSIC7\SOURCE\ENGINE\JETENGINE\DEBUG\ARITHC.OBJ
D:\JSTUDIOCLASSIC7\SOURCE\ENGINE\JETENGINE\DEBUG\ARITHC.SBR
D:\JSTUDIOCLASSIC7\SOURCE\ENGINE\JETENGINE\DEBUG\ARRAY.OBJ
D:\JSTUDIOCLASSIC7\SOURCE\ENGINE\JETENGINE\DEBUG\ARRAY.SBR
D:\JSTUDIOCLASSIC7\SOURCE\ENGINE\JETENGINE\DEBUG\ASMXFORM3D.OBJ
D:\JSTUDIOCLASSIC7\SOURCE\ENGINE\JETENGINE\DEBUG\ASMXFORM3D.SBR
D:\JSTUDIOCLASSIC7\SOURCE\ENGINE\JETENGINE\DEBUG\BITMAP.OBJ
D:\JSTUDIOCLASSIC7\SOURCE\ENGINE\JETENGINE\DEBUG\BITMAP.SBR
D:\JSTUDIOCLASSIC7\SOURCE\ENGINE\JETENGINE\DEBUG\BITMAP_BLITDATA.OBJ
D:\JSTUDIOCLASSIC7\SOURCE\ENGINE\JETENGINE\DEBUG\BITMAP_BLITDATA.SBR
D:\JSTUDIOCLASSIC7\SOURCE\ENGINE\JETENGINE\DEBUG\BITMAP_GAMMA.OBJ
D:\JSTUDIOCLASSIC7\SOURCE\ENGINE\JETENGINE\DEBUG\BITMAP_GAMMA.SBR
D:\JSTUDIOCLASSIC7\SOURCE\ENGINE\JETENGINE\DEBUG\BITMAPLIST.OBJ
D:\JSTUDIOCLASSIC7\SOURCE\ENGINE\JETENGINE\DEBUG\BITMAPLIST.SBR
D:\JSTUDIOCLASSIC7\SOURCE\ENGINE\JETENGINE\DEBUG\BODY.OBJ
D:\JSTUDIOCLASSIC7\SOURCE\ENGINE\JETENGINE\DEBUG\BODY.SBR
D:\JSTUDIOCLASSIC7\SOURCE\ENGINE\JETENGINE\DEBUG\BODYINST.OBJ
D:\JSTUDIOCLASSIC7\SOURCE\ENGINE\JETENGINE\DEBUG\BODYINST.SBR
D:\JSTUDIOCLASSIC7\SOURCE\ENGINE\JETENGINE\DEBUG\BOX.OBJ
D:\JSTUDIOCLASSIC7\SOURCE\ENGINE\JETENGINE\DEBUG\BOX.SBR
D:\JSTUDIOCLASSIC7\source\Engine\JetEngine\Debug\BscMake.command.1.tlog
D:\JSTUDIOCLASSIC7\source\Engine\JetEngine\Debug\bscmake.read.1.tlog
D:\JSTUDIOCLASSIC7\source\Engine\JetEngine\Debug\bscmake.write.1.tlog
D:\JSTUDIOCLASSIC7\SOURCE\ENGINE\JETENGINE\DEBUG\CACHE3DN.OBJ
D:\JSTUDIOCLASSIC7\SOURCE\ENGINE\JETENGINE\DEBUG\CAMERA.OBJ
D:\JSTUDIOCLASSIC7\SOURCE\ENGINE\JETENGINE\DEBUG\CAMERA.SBR
D:\JSTUDIOCLASSIC7\source\Engine\JetEngine\Debug\cl.command.1.tlog
D:\JSTUDIOCLASSIC7\source\Engine\JetEngine\Debug\CL.read.1.tlog
D:\JSTUDIOCLASSIC7\source\Engine\JetEngine\Debug\CL.write.1.tlog
D:\JSTUDIOCLASSIC7\SOURCE\ENGINE\JETENGINE\DEBUG\CODEALPHAS.OBJ
D:\JSTUDIOCLASSIC7\SOURCE\ENGINE\JETENGINE\DEBUG\CODEALPHAS.SBR
D:\JSTUDIOCLASSIC7\SOURCE\ENGINE\JETENGINE\DEBUG\CODEIMAGE.OBJ
D:\JSTUDIOCLASSIC7\SOURCE\ENGINE\JETENGINE\DEBUG\CODEIMAGE.SBR
D:\JSTUDIOCLASSIC7\SOURCE\ENGINE\JETENGINE\DEBUG\CODEPAL.OBJ
D:\JSTUDIOCLASSIC7\SOURCE\ENGINE\JETENGINE\DEBUG\CODEPAL.SBR
D:\JSTUDIOCLASSIC7\SOURCE\ENGINE\JETENGINE\DEBUG\CODER.OBJ
D:\JSTUDIOCLASSIC7\SOURCE\ENGINE\JETENGINE\DEBUG\CODER.SBR
D:\JSTUDIOCLASSIC7\SOURCE\ENGINE\JETENGINE\DEBUG\CODER_BP.OBJ
D:\JSTUDIOCLASSIC7\SOURCE\ENGINE\JETENGINE\DEBUG\CODER_BP.SBR
D:\JSTUDIOCLASSIC7\SOURCE\ENGINE\JETENGINE\DEBUG\CODER_BPB2.OBJ
D:\JSTUDIOCLASSIC7\SOURCE\ENGINE\JETENGINE\DEBUG\CODER_BPB2.SBR
D:\JSTUDIOCLASSIC7\SOURCE\ENGINE\JETENGINE\DEBUG\CODER_BPBF.OBJ
D:\JSTUDIOCLASSIC7\SOURCE\ENGINE\JETENGINE\DEBUG\CODER_BPBF.SBR
D:\JSTUDIOCLASSIC7\SOURCE\ENGINE\JETENGINE\DEBUG\CODER_BPBFR.OBJ
D:\JSTUDIOCLASSIC7\SOURCE\ENGINE\JETENGINE\DEBUG\CODER_BPBFR.SBR
D:\JSTUDIOCLASSIC7\SOURCE\ENGINE\JETENGINE\DEBUG\CODER_BPBFRL.OBJ
D:\JSTUDIOCLASSIC7\SOURCE\ENGINE\JETENGINE\DEBUG\CODER_BPBFRL.SBR
D:\JSTUDIOCLASSIC7\SOURCE\ENGINE\JETENGINE\DEBUG\CODER_F.OBJ
D:\JSTUDIOCLASSIC7\SOURCE\ENGINE\JETENGINE\DEBUG\CODER_F.SBR
D:\JSTUDIOCLASSIC7\SOURCE\ENGINE\JETENGINE\DEBUG\CODER_F2.OBJ
D:\JSTUDIOCLASSIC7\SOURCE\ENGINE\JETENGINE\DEBUG\CODER_F2.SBR
D:\JSTUDIOCLASSIC7\SOURCE\ENGINE\JETENGINE\DEBUG\CODER_F3.OBJ
D:\JSTUDIOCLASSIC7\SOURCE\ENGINE\JETENGINE\DEBUG\CODER_F3.SBR
D:\JSTUDIOCLASSIC7\SOURCE\ENGINE\JETENGINE\DEBUG\CODEUTIL.OBJ
D:\JSTUDIOCLASSIC7\SOURCE\ENGINE\JETENGINE\DEBUG\CODEUTIL.SBR
D:\JSTUDIOCLASSIC7\SOURCE\ENGINE\JETENGINE\DEBUG\COLORCONV.OBJ
D:\JSTUDIOCLASSIC7\SOURCE\ENGINE\JETENGINE\DEBUG\COLORCONV.SBR
D:\JSTUDIOCLASSIC7\SOURCE\ENGINE\JETENGINE\DEBUG\CONTEXT.OBJ
D:\JSTUDIOCLASSIC7\SOURCE\ENGINE\JETENGINE\DEBUG\CONTEXT.SBR
D:\JSTUDIOCLASSIC7\SOURCE\ENGINE\JETENGINE\DEBUG\CPU.OBJ
D:\JSTUDIOCLASSIC7\SOURCE\ENGINE\JETENGINE\DEBUG\CPU.SBR
D:\JSTUDIOCLASSIC7\SOURCE\ENGINE\JETENGINE\DEBUG\CRC32.OBJ
D:\JSTUDIOCLASSIC7\SOURCE\ENGINE\JETENGINE\DEBUG\CRC32.SBR
D:\JSTUDIOCLASSIC7\source\Engine\JetEngine\Debug\custombuild.command.1.tlog
D:\JSTUDIOCLASSIC7\source\Engine\JetEngine\Debug\custombuild.read.1.tlog
D:\JSTUDIOCLASSIC7\source\Engine\JetEngine\Debug\custombuild.write.1.tlog
D:\JSTUDIOCLASSIC7\SOURCE\ENGINE\JETENGINE\DEBUG\D3D_DDMEMMGR.OBJ
D:\JSTUDIOCLASSIC7\SOURCE\ENGINE\JETENGINE\DEBUG\D3D_DDMEMMGR.SBR
D:\JSTUDIOCLASSIC7\SOURCE\ENGINE\JETENGINE\DEBUG\D3D_ERR.OBJ
D:\JSTUDIOCLASSIC7\SOURCE\ENGINE\JETENGINE\DEBUG\D3D_ERR.SBR
D:\JSTUDIOCLASSIC7\SOURCE\ENGINE\JETENGINE\DEBUG\D3D_FX.OBJ
D:\JSTUDIOCLASSIC7\SOURCE\ENGINE\JETENGINE\DEBUG\D3D_FX.SBR
D:\JSTUDIOCLASSIC7\SOURCE\ENGINE\JETENGINE\DEBUG\D3D_GSPAN.OBJ
D:\JSTUDIOCLASSIC7\SOURCE\ENGINE\JETENGINE\DEBUG\D3D_GSPAN.SBR
D:\JSTUDIOCLASSIC7\SOURCE\ENGINE\JETENGINE\DEBUG\D3D_MAIN.OBJ
D:\JSTUDIOCLASSIC7\SOURCE\ENGINE\JETENGINE\DEBUG\D3D_MAIN.SBR
D:\JSTUDIOCLASSIC7\SOURCE\ENGINE\JETENGINE\DEBUG\D3D_PCACHE.OBJ
D:\JSTUDIOCLASSIC7\SOURCE\ENGINE\JETENGINE\DEBUG\D3D_PCACHE.SBR
D:\JSTUDIOCLASSIC7\SOURCE\ENGINE\JETENGINE\DEBUG\D3D_RENDER.OBJ
D:\JSTUDIOCLASSIC7\SOURCE\ENGINE\JETENGINE\DEBUG\D3D_RENDER.SBR
D:\JSTUDIOCLASSIC7\SOURCE\ENGINE\JETENGINE\DEBUG\D3D_SCENE.OBJ
D:\JSTUDIOCLASSIC7\SOURCE\ENGINE\JETENGINE\DEBUG\D3D_SCENE.SBR
D:\JSTUDIOCLASSIC7\SOURCE\ENGINE\JETENGINE\DEBUG\D3D_THANDLE.OBJ
D:\JSTUDIOCLASSIC7\SOURCE\ENGINE\JETENGINE\DEBUG\D3D_THANDLE.SBR
D:\JSTUDIOCLASSIC7\SOURCE\ENGINE\JETENGINE\DEBUG\D3D_TPAGE.OBJ
D:\JSTUDIOCLASSIC7\SOURCE\ENGINE\JETENGINE\DEBUG\D3D_TPAGE.SBR
D:\JSTUDIOCLASSIC7\SOURCE\ENGINE\JETENGINE\DEBUG\D3DCACHE.OBJ
D:\JSTUDIOCLASSIC7\SOURCE\ENGINE\JETENGINE\DEBUG\D3DCACHE.SBR
D:\JSTUDIOCLASSIC7\SOURCE\ENGINE\JETENGINE\DEBUG\D3DDRV.OBJ
D:\JSTUDIOCLASSIC7\SOURCE\ENGINE\JETENGINE\DEBUG\D3DDRV.SBR
D:\JSTUDIOCLASSIC7\SOURCE\ENGINE\JETENGINE\DEBUG\DIRTREE.OBJ
D:\JSTUDIOCLASSIC7\SOURCE\ENGINE\JETENGINE\DEBUG\DIRTREE.SBR
D:\JSTUDIOCLASSIC7\SOURCE\ENGINE\JETENGINE\DEBUG\ENGINE.OBJ
D:\JSTUDIOCLASSIC7\SOURCE\ENGINE\JETENGINE\DEBUG\ENGINE.SBR
D:\JSTUDIOCLASSIC7\SOURCE\ENGINE\JETENGINE\DEBUG\ERRORLOG.OBJ
D:\JSTUDIOCLASSIC7\SOURCE\ENGINE\JETENGINE\DEBUG\ERRORLOG.SBR
D:\JSTUDIOCLASSIC7\SOURCE\ENGINE\JETENGINE\DEBUG\EXTBOX.OBJ
D:\JSTUDIOCLASSIC7\SOURCE\ENGINE\JETENGINE\DEBUG\EXTBOX.SBR
D:\JSTUDIOCLASSIC7\SOURCE\ENGINE\JETENGINE\DEBUG\FONTBMP.OBJ
D:\JSTUDIOCLASSIC7\SOURCE\ENGINE\JETENGINE\DEBUG\FONTBMP.SBR
D:\JSTUDIOCLASSIC7\SOURCE\ENGINE\JETENGINE\DEBUG\FSDOS.OBJ
D:\JSTUDIOCLASSIC7\SOURCE\ENGINE\JETENGINE\DEBUG\FSDOS.SBR
D:\JSTUDIOCLASSIC7\SOURCE\ENGINE\JETENGINE\DEBUG\FSFAKENET.OBJ
D:\JSTUDIOCLASSIC7\SOURCE\ENGINE\JETENGINE\DEBUG\FSFAKENET.SBR
D:\JSTUDIOCLASSIC7\SOURCE\ENGINE\JETENGINE\DEBUG\FSINET.OBJ
D:\JSTUDIOCLASSIC7\SOURCE\ENGINE\JETENGINE\DEBUG\FSINET.SBR
D:\JSTUDIOCLASSIC7\SOURCE\ENGINE\JETENGINE\DEBUG\FSLZ.OBJ
D:\JSTUDIOCLASSIC7\SOURCE\ENGINE\JETENGINE\DEBUG\FSLZ.SBR
D:\JSTUDIOCLASSIC7\SOURCE\ENGINE\JETENGINE\DEBUG\FSMEMORY.OBJ
D:\JSTUDIOCLASSIC7\SOURCE\ENGINE\JETENGINE\DEBUG\FSMEMORY.SBR
D:\JSTUDIOCLASSIC7\SOURCE\ENGINE\JETENGINE\DEBUG\FSVFS.OBJ
D:\JSTUDIOCLASSIC7\SOURCE\ENGINE\JETENGINE\DEBUG\FSVFS.SBR
D:\JSTUDIOCLASSIC7\SOURCE\ENGINE\JETENGINE\DEBUG\HUFFA.OBJ
D:\JSTUDIOCLASSIC7\SOURCE\ENGINE\JETENGINE\DEBUG\HUFFA.SBR
D:\JSTUDIOCLASSIC7\SOURCE\ENGINE\JETENGINE\DEBUG\HUFFMAN2.OBJ
D:\JSTUDIOCLASSIC7\SOURCE\ENGINE\JETENGINE\DEBUG\HUFFMAN2.SBR
D:\JSTUDIOCLASSIC7\SOURCE\ENGINE\JETENGINE\DEBUG\IMAGE.OBJ
D:\JSTUDIOCLASSIC7\SOURCE\ENGINE\JETENGINE\DEBUG\IMAGE.SBR
D:\JSTUDIOCLASSIC7\SOURCE\ENGINE\JETENGINE\DEBUG\INTMATH.OBJ
D:\JSTUDIOCLASSIC7\SOURCE\ENGINE\JETENGINE\DEBUG\INTMATH.SBR
D:\JSTUDIOCLASSIC7\SOURCE\ENGINE\JETENGINE\DEBUG\JEASSERT.OBJ
D:\JSTUDIOCLASSIC7\SOURCE\ENGINE\JETENGINE\DEBUG\JEASSERT.SBR
D:\JSTUDIOCLASSIC7\SOURCE\ENGINE\JETENGINE\DEBUG\JEBRUSH.OBJ
D:\JSTUDIOCLASSIC7\SOURCE\ENGINE\JETENGINE\DEBUG\JEBRUSH.SBR
D:\JSTUDIOCLASSIC7\SOURCE\ENGINE\JETENGINE\DEBUG\JEBSP.OBJ
D:\JSTUDIOCLASSIC7\SOURCE\ENGINE\JETENGINE\DEBUG\JEBSP.SBR
D:\JSTUDIOCLASSIC7\SOURCE\ENGINE\JETENGINE\DEBUG\JEBSP_BRUSH.OBJ
D:\JSTUDIOCLASSIC7\SOURCE\ENGINE\JETENGINE\DEBUG\JEBSP_BRUSH.SBR
D:\JSTUDIOCLASSIC7\SOURCE\ENGINE\JETENGINE\DEBUG\JEBSP_TOPBRUSH.OBJ
D:\JSTUDIOCLASSIC7\SOURCE\ENGINE\JETENGINE\DEBUG\JEBSP_TOPBRUSH.SBR
D:\JSTUDIOCLASSIC7\SOURCE\ENGINE\JETENGINE\DEBUG\JEBSPNODE.OBJ
D:\JSTUDIOCLASSIC7\SOURCE\ENGINE\JETENGINE\DEBUG\JEBSPNODE.SBR
D:\JSTUDIOCLASSIC7\SOURCE\ENGINE\JETENGINE\DEBUG\JEBSPNODE_AREA.OBJ
D:\JSTUDIOCLASSIC7\SOURCE\ENGINE\JETENGINE\DEBUG\JEBSPNODE_AREA.SBR
D:\JSTUDIOCLASSIC7\SOURCE\ENGINE\JETENGINE\DEBUG\JEBSPNODE_DRAWFACE.OBJ
D:\JSTUDIOCLASSIC7\SOURCE\ENGINE\JETENGINE\DEBUG\JEBSPNODE_DRAWFACE.SBR
D:\JSTUDIOCLASSIC7\SOURCE\ENGINE\JETENGINE\DEBUG\JEBSPNODE_FACE.OBJ
D:\JSTUDIOCLASSIC7\SOURCE\ENGINE\JETENGINE\DEBUG\JEBSPNODE_FACE.SBR
D:\JSTUDIOCLASSIC7\SOURCE\ENGINE\JETENGINE\DEBUG\JEBSPNODE_LEAF.OBJ
D:\JSTUDIOCLASSIC7\SOURCE\ENGINE\JETENGINE\DEBUG\JEBSPNODE_LEAF.SBR
D:\JSTUDIOCLASSIC7\SOURCE\ENGINE\JETENGINE\DEBUG\JEBSPNODE_LIGHT.OBJ
D:\JSTUDIOCLASSIC7\SOURCE\ENGINE\JETENGINE\DEBUG\JEBSPNODE_LIGHT.SBR
D:\JSTUDIOCLASSIC7\SOURCE\ENGINE\JETENGINE\DEBUG\JEBSPNODE_PORTAL.OBJ
D:\JSTUDIOCLASSIC7\SOURCE\ENGINE\JETENGINE\DEBUG\JEBSPNODE_PORTAL.SBR
D:\JSTUDIOCLASSIC7\SOURCE\ENGINE\JETENGINE\DEBUG\JECHAIN.OBJ
D:\JSTUDIOCLASSIC7\SOURCE\ENGINE\JETENGINE\DEBUG\JECHAIN.SBR
D:\JSTUDIOCLASSIC7\SOURCE\ENGINE\JETENGINE\DEBUG\JEFACEINFO.OBJ
D:\JSTUDIOCLASSIC7\SOURCE\ENGINE\JETENGINE\DEBUG\JEFACEINFO.SBR
D:\JSTUDIOCLASSIC7\SOURCE\ENGINE\JETENGINE\DEBUG\JEFRUSTUM.OBJ
D:\JSTUDIOCLASSIC7\SOURCE\ENGINE\JETENGINE\DEBUG\JEFRUSTUM.SBR
D:\JSTUDIOCLASSIC7\SOURCE\ENGINE\JETENGINE\DEBUG\JEGARRAY.OBJ
D:\JSTUDIOCLASSIC7\SOURCE\ENGINE\JETENGINE\DEBUG\JEGARRAY.SBR
D:\JSTUDIOCLASSIC7\SOURCE\ENGINE\JETENGINE\DEBUG\JEINDEXPOLY.OBJ
D:\JSTUDIOCLASSIC7\SOURCE\ENGINE\JETENGINE\DEBUG\JEINDEXPOLY.SBR
D:\JSTUDIOCLASSIC7\SOURCE\ENGINE\JETENGINE\DEBUG\JELIGHT.OBJ
D:\JSTUDIOCLASSIC7\SOURCE\ENGINE\JETENGINE\DEBUG\JELIGHT.SBR
D:\JSTUDIOCLASSIC7\SOURCE\ENGINE\JETENGINE\DEBUG\JEMATERIAL.OBJ
D:\JSTUDIOCLASSIC7\SOURCE\ENGINE\JETENGINE\DEBUG\JEMATERIAL.SBR
D:\JSTUDIOCLASSIC7\SOURCE\ENGINE\JETENGINE\DEBUG\JEMATERIALSPEC.OBJ
D:\JSTUDIOCLASSIC7\SOURCE\ENGINE\JETENGINE\DEBUG\JEMATERIALSPEC.SBR
D:\JSTUDIOCLASSIC7\SOURCE\ENGINE\JETENGINE\DEBUG\JEMEMALLOCINFO.OBJ
D:\JSTUDIOCLASSIC7\SOURCE\ENGINE\JETENGINE\DEBUG\JEMEMALLOCINFO.SBR
D:\JSTUDIOCLASSIC7\SOURCE\ENGINE\JETENGINE\DEBUG\JEMODEL.OBJ
D:\JSTUDIOCLASSIC7\SOURCE\ENGINE\JETENGINE\DEBUG\JEMODEL.SBR
D:\JSTUDIOCLASSIC7\SOURCE\ENGINE\JETENGINE\DEBUG\JENAMEMGR.OBJ
D:\JSTUDIOCLASSIC7\SOURCE\ENGINE\JETENGINE\DEBUG\JENAMEMGR.SBR
D:\JSTUDIOCLASSIC7\SOURCE\ENGINE\JETENGINE\DEBUG\JEPARTICLE.OBJ
D:\JSTUDIOCLASSIC7\SOURCE\ENGINE\JETENGINE\DEBUG\JEPARTICLE.SBR
D:\JSTUDIOCLASSIC7\SOURCE\ENGINE\JETENGINE\DEBUG\JEPLANE.OBJ
D:\JSTUDIOCLASSIC7\SOURCE\ENGINE\JETENGINE\DEBUG\JEPLANE.SBR
D:\JSTUDIOCLASSIC7\SOURCE\ENGINE\JETENGINE\DEBUG\JEPLANEARRAY.OBJ
D:\JSTUDIOCLASSIC7\SOURCE\ENGINE\JETENGINE\DEBUG\JEPLANEARRAY.SBR
D:\JSTUDIOCLASSIC7\SOURCE\ENGINE\JETENGINE\DEBUG\JEPOLY.OBJ
D:\JSTUDIOCLASSIC7\SOURCE\ENGINE\JETENGINE\DEBUG\JEPOLY.SBR
D:\JSTUDIOCLASSIC7\SOURCE\ENGINE\JETENGINE\DEBUG\JEPOLYMGR.OBJ
D:\JSTUDIOCLASSIC7\SOURCE\ENGINE\JETENGINE\DEBUG\JEPOLYMGR.SBR
D:\JSTUDIOCLASSIC7\SOURCE\ENGINE\JETENGINE\DEBUG\JEPORTAL.OBJ
D:\JSTUDIOCLASSIC7\SOURCE\ENGINE\JETENGINE\DEBUG\JEPORTAL.SBR
D:\JSTUDIOCLASSIC7\SOURCE\ENGINE\JETENGINE\DEBUG\JEPROPERTY.OBJ
D:\JSTUDIOCLASSIC7\SOURCE\ENGINE\JETENGINE\DEBUG\JEPROPERTY.SBR
D:\JSTUDIOCLASSIC7\SOURCE\ENGINE\JETENGINE\DEBUG\JEPTRMGR.OBJ
D:\JSTUDIOCLASSIC7\SOURCE\ENGINE\JETENGINE\DEBUG\JEPTRMGR.SBR
D:\JSTUDIOCLASSIC7\SOURCE\ENGINE\JETENGINE\DEBUG\JERAY.OBJ
D:\JSTUDIOCLASSIC7\SOURCE\ENGINE\JETENGINE\DEBUG\JERAY.SBR
D:\JSTUDIOCLASSIC7\SOURCE\ENGINE\JETENGINE\DEBUG\JERESOURCE.OBJ
D:\JSTUDIOCLASSIC7\SOURCE\ENGINE\JETENGINE\DEBUG\JERESOURCE.SBR
D:\JSTUDIOCLASSIC7\SOURCE\ENGINE\JETENGINE\DEBUG\JESTATICMESH.OBJ
D:\JSTUDIOCLASSIC7\SOURCE\ENGINE\JETENGINE\DEBUG\JESTATICMESH.SBR
D:\JSTUDIOCLASSIC7\SOURCE\ENGINE\JETENGINE\DEBUG\JET.RES
D:\JSTUDIOCLASSIC7\source\Engine\JetEngine\Debug\Jet3D.write.1.tlog
D:\JSTUDIOCLASSIC7\source\Engine\JetEngine\Debug\Jet3DClassic7.write.1.tlog
D:\JSTUDIOCLASSIC7\SOURCE\ENGINE\JETENGINE\DEBUG\JET3DCLASSIC7D.DLL.EMBED.MANIFEST
D:\JSTUDIOCLASSIC7\SOURCE\ENGINE\JETENGINE\DEBUG\JET3DCLASSIC7D.DLL.EMBED.MANIFEST.RES
D:\JSTUDIOCLASSIC7\SOURCE\ENGINE\JETENGINE\DEBUG\JET3DCLASSIC7D.DLL.INTERMEDIATE.MANIFEST
D:\JSTUDIOCLASSIC7\SOURCE\ENGINE\JETENGINE\DEBUG\JET3DCLASSIC7D.MAP
D:\JSTUDIOCLASSIC7\source\Engine\JetEngine\Debug\Jet3DClassic7d_manifest.rc
D:\JSTUDIOCLASSIC7\SOURCE\ENGINE\JETENGINE\DEBUG\JET3DD.DLL.EMBED.MANIFEST
D:\JSTUDIOCLASSIC7\SOURCE\ENGINE\JETENGINE\DEBUG\JET3DD.DLL.EMBED.MANIFEST.RES
D:\JSTUDIOCLASSIC7\SOURCE\ENGINE\JETENGINE\DEBUG\JET3DD.DLL.INTERMEDIATE.MANIFEST
D:\JSTUDIOCLASSIC7\SOURCE\ENGINE\JETENGINE\DEBUG\JET3DD.MAP
D:\JSTUDIOCLASSIC7\source\Engine\JetEngine\Debug\Jet3Dd_manifest.rc
D:\JSTUDIOCLASSIC7\SOURCE\ENGINE\JETENGINE\DEBUG\JETEXTURE.OBJ
D:\JSTUDIOCLASSIC7\SOURCE\ENGINE\JETENGINE\DEBUG\JETEXTURE.SBR
D:\JSTUDIOCLASSIC7\SOURCE\ENGINE\JETENGINE\DEBUG\JETEXVEC.OBJ
D:\JSTUDIOCLASSIC7\SOURCE\ENGINE\JETENGINE\DEBUG\JETEXVEC.SBR
D:\JSTUDIOCLASSIC7\SOURCE\ENGINE\JETENGINE\DEBUG\JEUSERPOLY.OBJ
D:\JSTUDIOCLASSIC7\SOURCE\ENGINE\JETENGINE\DEBUG\JEUSERPOLY.SBR
D:\JSTUDIOCLASSIC7\SOURCE\ENGINE\JETENGINE\DEBUG\JEVEC3D_KATMAI.OBJ
D:\JSTUDIOCLASSIC7\SOURCE\ENGINE\JETENGINE\DEBUG\JEVEC3D_KATMAI.SBR
D:\JSTUDIOCLASSIC7\SOURCE\ENGINE\JETENGINE\DEBUG\JEVERTARRAY.OBJ
D:\JSTUDIOCLASSIC7\SOURCE\ENGINE\JETENGINE\DEBUG\JEVERTARRAY.SBR
D:\JSTUDIOCLASSIC7\SOURCE\ENGINE\JETENGINE\DEBUG\JEWORLD.OBJ
D:\JSTUDIOCLASSIC7\SOURCE\ENGINE\JETENGINE\DEBUG\JEWORLD.SBR
D:\JSTUDIOCLASSIC7\SOURCE\ENGINE\JETENGINE\DEBUG\KATCACHE.OBJ
D:\JSTUDIOCLASSIC7\SOURCE\ENGINE\JETENGINE\DEBUG\KATCACHE.SBR
D:\JSTUDIOCLASSIC7\SOURCE\ENGINE\JETENGINE\DEBUG\LADDER.OBJ
D:\JSTUDIOCLASSIC7\SOURCE\ENGINE\JETENGINE\DEBUG\LADDER.SBR
D:\JSTUDIOCLASSIC7\SOURCE\ENGINE\JETENGINE\DEBUG\LBITIO.OBJ
D:\JSTUDIOCLASSIC7\SOURCE\ENGINE\JETENGINE\DEBUG\LBITIO.SBR
D:\JSTUDIOCLASSIC7\source\Engine\JetEngine\Debug\link.command.1.tlog
D:\JSTUDIOCLASSIC7\source\Engine\JetEngine\Debug\link.read.1.tlog
D:\JSTUDIOCLASSIC7\source\Engine\JetEngine\Debug\link.write.1.tlog
D:\JSTUDIOCLASSIC7\source\Engine\JetEngine\Debug\link-cvtres.read.1.tlog
D:\JSTUDIOCLASSIC7\source\Engine\JetEngine\Debug\link-cvtres.write.1.tlog
D:\JSTUDIOCLASSIC7\SOURCE\ENGINE\JETENGINE\DEBUG\LIST.OBJ
D:\JSTUDIOCLASSIC7\SOURCE\ENGINE\JETENGINE\DEBUG\LIST.SBR
D:\JSTUDIOCLASSIC7\SOURCE\ENGINE\JETENGINE\DEBUG\LOG.OBJ
D:\JSTUDIOCLASSIC7\SOURCE\ENGINE\JETENGINE\DEBUG\LOG.SBR
D:\JSTUDIOCLASSIC7\SOURCE\ENGINE\JETENGINE\DEBUG\LZA.OBJ
D:\JSTUDIOCLASSIC7\SOURCE\ENGINE\JETENGINE\DEBUG\LZA.SBR
D:\JSTUDIOCLASSIC7\SOURCE\ENGINE\JETENGINE\DEBUG\LZH.OBJ
D:\JSTUDIOCLASSIC7\SOURCE\ENGINE\JETENGINE\DEBUG\LZH.SBR
D:\JSTUDIOCLASSIC7\SOURCE\ENGINE\JETENGINE\DEBUG\MEMPOOL.OBJ
D:\JSTUDIOCLASSIC7\SOURCE\ENGINE\JETENGINE\DEBUG\MEMPOOL.SBR
D:\JSTUDIOCLASSIC7\SOURCE\ENGINE\JETENGINE\DEBUG\MOTION.OBJ
D:\JSTUDIOCLASSIC7\SOURCE\ENGINE\JETENGINE\DEBUG\MOTION.SBR
D:\JSTUDIOCLASSIC7\SOURCE\ENGINE\JETENGINE\DEBUG\MP3MGR.OBJ
D:\JSTUDIOCLASSIC7\SOURCE\ENGINE\JETENGINE\DEBUG\MP3MGR.SBR
D:\JSTUDIOCLASSIC7\source\Engine\JetEngine\Debug\mt.command.1.tlog
D:\JSTUDIOCLASSIC7\source\Engine\JetEngine\Debug\mt.read.1.tlog
D:\JSTUDIOCLASSIC7\source\Engine\JetEngine\Debug\mt.write.1.tlog
D:\JSTUDIOCLASSIC7\SOURCE\ENGINE\JETENGINE\DEBUG\O0CODER.OBJ
D:\JSTUDIOCLASSIC7\SOURCE\ENGINE\JETENGINE\DEBUG\O0CODER.SBR
D:\JSTUDIOCLASSIC7\SOURCE\ENGINE\JETENGINE\DEBUG\O1CODER.OBJ
D:\JSTUDIOCLASSIC7\SOURCE\ENGINE\JETENGINE\DEBUG\O1CODER.SBR
D:\JSTUDIOCLASSIC7\SOURCE\ENGINE\JETENGINE\DEBUG\OBJECT.OBJ
D:\JSTUDIOCLASSIC7\SOURCE\ENGINE\JETENGINE\DEBUG\OBJECT.SBR
D:\JSTUDIOCLASSIC7\SOURCE\ENGINE\JETENGINE\DEBUG\OBJECTPOS.OBJ
D:\JSTUDIOCLASSIC7\SOURCE\ENGINE\JETENGINE\DEBUG\OBJECTPOS.SBR
D:\JSTUDIOCLASSIC7\SOURCE\ENGINE\JETENGINE\DEBUG\OGGSTREAM.OBJ
D:\JSTUDIOCLASSIC7\SOURCE\ENGINE\JETENGINE\DEBUG\OGGSTREAM.SBR
D:\JSTUDIOCLASSIC7\SOURCE\ENGINE\JETENGINE\DEBUG\PALCREATE.OBJ
D:\JSTUDIOCLASSIC7\SOURCE\ENGINE\JETENGINE\DEBUG\PALCREATE.SBR
D:\JSTUDIOCLASSIC7\SOURCE\ENGINE\JETENGINE\DEBUG\PALETTIZE.OBJ
D:\JSTUDIOCLASSIC7\SOURCE\ENGINE\JETENGINE\DEBUG\PALETTIZE.SBR
D:\JSTUDIOCLASSIC7\SOURCE\ENGINE\JETENGINE\DEBUG\PALOPTIMIZE.OBJ
D:\JSTUDIOCLASSIC7\SOURCE\ENGINE\JETENGINE\DEBUG\PALOPTIMIZE.SBR
D:\JSTUDIOCLASSIC7\SOURCE\ENGINE\JETENGINE\DEBUG\PART.OBJ
D:\JSTUDIOCLASSIC7\SOURCE\ENGINE\JETENGINE\DEBUG\PART.SBR
D:\JSTUDIOCLASSIC7\SOURCE\ENGINE\JETENGINE\DEBUG\PATH.OBJ
D:\JSTUDIOCLASSIC7\SOURCE\ENGINE\JETENGINE\DEBUG\PATH.SBR
D:\JSTUDIOCLASSIC7\SOURCE\ENGINE\JETENGINE\DEBUG\PIXELFORMAT.OBJ
D:\JSTUDIOCLASSIC7\SOURCE\ENGINE\JETENGINE\DEBUG\PIXELFORMAT.SBR
D:\JSTUDIOCLASSIC7\SOURCE\ENGINE\JETENGINE\DEBUG\POSE.OBJ
D:\JSTUDIOCLASSIC7\SOURCE\ENGINE\JETENGINE\DEBUG\POSE.SBR
D:\JSTUDIOCLASSIC7\SOURCE\ENGINE\JETENGINE\DEBUG\PUPPET.OBJ
D:\JSTUDIOCLASSIC7\SOURCE\ENGINE\JETENGINE\DEBUG\PUPPET.SBR
D:\JSTUDIOCLASSIC7\SOURCE\ENGINE\JETENGINE\DEBUG\QKFRAME.OBJ
D:\JSTUDIOCLASSIC7\SOURCE\ENGINE\JETENGINE\DEBUG\QKFRAME.SBR
D:\JSTUDIOCLASSIC7\SOURCE\ENGINE\JETENGINE\DEBUG\QUAD.OBJ
D:\JSTUDIOCLASSIC7\SOURCE\ENGINE\JETENGINE\DEBUG\QUAD.SBR
D:\JSTUDIOCLASSIC7\SOURCE\ENGINE\JETENGINE\DEBUG\QUATERN.OBJ
D:\JSTUDIOCLASSIC7\SOURCE\ENGINE\JETENGINE\DEBUG\QUATERN.SBR
D:\JSTUDIOCLASSIC7\SOURCE\ENGINE\JETENGINE\DEBUG\RAM.OBJ
D:\JSTUDIOCLASSIC7\SOURCE\ENGINE\JETENGINE\DEBUG\RAM.SBR
D:\JSTUDIOCLASSIC7\source\Engine\JetEngine\Debug\rc.command.1.tlog
D:\JSTUDIOCLASSIC7\source\Engine\JetEngine\Debug\rc.read.1.tlog
D:\JSTUDIOCLASSIC7\source\Engine\JetEngine\Debug\rc.write.1.tlog
D:\JSTUDIOCLASSIC7\SOURCE\ENGINE\JETENGINE\DEBUG\REPORT.OBJ
D:\JSTUDIOCLASSIC7\SOURCE\ENGINE\JETENGINE\DEBUG\REPORT.SBR
D:\JSTUDIOCLASSIC7\SOURCE\ENGINE\JETENGINE\DEBUG\RUNGAE.OBJ
D:\JSTUDIOCLASSIC7\SOURCE\ENGINE\JETENGINE\DEBUG\RUNGAE.SBR
D:\JSTUDIOCLASSIC7\SOURCE\ENGINE\JETENGINE\DEBUG\RUNGASM.OBJ
D:\JSTUDIOCLASSIC7\SOURCE\ENGINE\JETENGINE\DEBUG\RUNGO1.OBJ
D:\JSTUDIOCLASSIC7\SOURCE\ENGINE\JETENGINE\DEBUG\RUNGO1.SBR
D:\JSTUDIOCLASSIC7\SOURCE\ENGINE\JETENGINE\DEBUG\RUNTRANS.OBJ
D:\JSTUDIOCLASSIC7\SOURCE\ENGINE\JETENGINE\DEBUG\RUNTRANS.SBR
D:\JSTUDIOCLASSIC7\SOURCE\ENGINE\JETENGINE\DEBUG\SCONTEXT.OBJ
D:\JSTUDIOCLASSIC7\SOURCE\ENGINE\JETENGINE\DEBUG\SCONTEXT.SBR
D:\JSTUDIOCLASSIC7\SOURCE\ENGINE\JETENGINE\DEBUG\SORTPAL.OBJ
D:\JSTUDIOCLASSIC7\SOURCE\ENGINE\JETENGINE\DEBUG\SORTPAL.SBR
D:\JSTUDIOCLASSIC7\SOURCE\ENGINE\JETENGINE\DEBUG\SORTPALX.OBJ
D:\JSTUDIOCLASSIC7\SOURCE\ENGINE\JETENGINE\DEBUG\SORTPALX.SBR
D:\JSTUDIOCLASSIC7\SOURCE\ENGINE\JETENGINE\DEBUG\SOUND.OBJ
D:\JSTUDIOCLASSIC7\SOURCE\ENGINE\JETENGINE\DEBUG\SOUND.SBR
D:\JSTUDIOCLASSIC7\SOURCE\ENGINE\JETENGINE\DEBUG\SOUND3D.OBJ
D:\JSTUDIOCLASSIC7\SOURCE\ENGINE\JETENGINE\DEBUG\SOUND3D.SBR
D:\JSTUDIOCLASSIC7\SOURCE\ENGINE\JETENGINE\DEBUG\SOZ.OBJ
D:\JSTUDIOCLASSIC7\SOURCE\ENGINE\JETENGINE\DEBUG\SOZ.SBR
D:\JSTUDIOCLASSIC7\SOURCE\ENGINE\JETENGINE\DEBUG\SPLASH_BMP.OBJ
D:\JSTUDIOCLASSIC7\SOURCE\ENGINE\JETENGINE\DEBUG\SPLASH_BMP.SBR
D:\JSTUDIOCLASSIC7\SOURCE\ENGINE\JETENGINE\DEBUG\SPRING.OBJ
D:\JSTUDIOCLASSIC7\SOURCE\ENGINE\JETENGINE\DEBUG\SPRING.SBR
D:\JSTUDIOCLASSIC7\SOURCE\ENGINE\JETENGINE\DEBUG\STRBLOCK.OBJ
D:\JSTUDIOCLASSIC7\SOURCE\ENGINE\JETENGINE\DEBUG\STRBLOCK.SBR
D:\JSTUDIOCLASSIC7\SOURCE\ENGINE\JETENGINE\DEBUG\STRUTIL.OBJ
D:\JSTUDIOCLASSIC7\SOURCE\ENGINE\JETENGINE\DEBUG\STRUTIL.SBR
D:\JSTUDIOCLASSIC7\SOURCE\ENGINE\JETENGINE\DEBUG\TBLOCK.OBJ
D:\JSTUDIOCLASSIC7\SOURCE\ENGINE\JETENGINE\DEBUG\TBLOCK.SBR
D:\JSTUDIOCLASSIC7\SOURCE\ENGINE\JETENGINE\DEBUG\TCLIP.OBJ
D:\JSTUDIOCLASSIC7\SOURCE\ENGINE\JETENGINE\DEBUG\TCLIP.SBR
D:\JSTUDIOCLASSIC7\SOURCE\ENGINE\JETENGINE\DEBUG\TERRAIN.OBJ
D:\JSTUDIOCLASSIC7\SOURCE\ENGINE\JETENGINE\DEBUG\TERRAIN.SBR
D:\JSTUDIOCLASSIC7\SOURCE\ENGINE\JETENGINE\DEBUG\THREADLOG.OBJ
D:\JSTUDIOCLASSIC7\SOURCE\ENGINE\JETENGINE\DEBUG\THREADLOG.SBR
D:\JSTUDIOCLASSIC7\SOURCE\ENGINE\JETENGINE\DEBUG\THREADQUEUE.OBJ
D:\JSTUDIOCLASSIC7\SOURCE\ENGINE\JETENGINE\DEBUG\THREADQUEUE.SBR
D:\JSTUDIOCLASSIC7\SOURCE\ENGINE\JETENGINE\DEBUG\TIMER.OBJ
D:\JSTUDIOCLASSIC7\SOURCE\ENGINE\JETENGINE\DEBUG\TIMER.SBR
D:\JSTUDIOCLASSIC7\SOURCE\ENGINE\JETENGINE\DEBUG\TKARRAY.OBJ
D:\JSTUDIOCLASSIC7\SOURCE\ENGINE\JETENGINE\DEBUG\TKARRAY.SBR
D:\JSTUDIOCLASSIC7\SOURCE\ENGINE\JETENGINE\DEBUG\TKEVENTS.OBJ
D:\JSTUDIOCLASSIC7\SOURCE\ENGINE\JETENGINE\DEBUG\TKEVENTS.SBR
D:\JSTUDIOCLASSIC7\SOURCE\ENGINE\JETENGINE\DEBUG\TRANS_BCW3.OBJ
D:\JSTUDIOCLASSIC7\SOURCE\ENGINE\JETENGINE\DEBUG\TRANS_BCW3.SBR
D:\JSTUDIOCLASSIC7\SOURCE\ENGINE\JETENGINE\DEBUG\TRANS_CDF22.OBJ
D:\JSTUDIOCLASSIC7\SOURCE\ENGINE\JETENGINE\DEBUG\TRANS_CDF22.SBR
D:\JSTUDIOCLASSIC7\SOURCE\ENGINE\JETENGINE\DEBUG\TRANS_CDF22Q.OBJ
D:\JSTUDIOCLASSIC7\SOURCE\ENGINE\JETENGINE\DEBUG\TRANS_CDF22Q.SBR
D:\JSTUDIOCLASSIC7\SOURCE\ENGINE\JETENGINE\DEBUG\TRANS_CDF24.OBJ
D:\JSTUDIOCLASSIC7\SOURCE\ENGINE\JETENGINE\DEBUG\TRANS_CDF24.SBR
D:\JSTUDIOCLASSIC7\SOURCE\ENGINE\JETENGINE\DEBUG\TRANS_D4.OBJ
D:\JSTUDIOCLASSIC7\SOURCE\ENGINE\JETENGINE\DEBUG\TRANS_D4.SBR
D:\JSTUDIOCLASSIC7\SOURCE\ENGINE\JETENGINE\DEBUG\TRANS_L97.OBJ
D:\JSTUDIOCLASSIC7\SOURCE\ENGINE\JETENGINE\DEBUG\TRANS_L97.SBR
D:\JSTUDIOCLASSIC7\SOURCE\ENGINE\JETENGINE\DEBUG\TRANS_SPT.OBJ
D:\JSTUDIOCLASSIC7\SOURCE\ENGINE\JETENGINE\DEBUG\TRANS_SPT.SBR
D:\JSTUDIOCLASSIC7\SOURCE\ENGINE\JETENGINE\DEBUG\TRANSFORM.OBJ
D:\JSTUDIOCLASSIC7\SOURCE\ENGINE\JETENGINE\DEBUG\TRANSFORM.SBR
D:\JSTUDIOCLASSIC7\SOURCE\ENGINE\JETENGINE\DEBUG\TSC.OBJ
D:\JSTUDIOCLASSIC7\SOURCE\ENGINE\JETENGINE\DEBUG\TSC.SBR
D:\JSTUDIOCLASSIC7\SOURCE\ENGINE\JETENGINE\DEBUG\UTIL.OBJ
D:\JSTUDIOCLASSIC7\SOURCE\ENGINE\JETENGINE\DEBUG\UTIL.SBR
D:\JSTUDIOCLASSIC7\SOURCE\ENGINE\JETENGINE\DEBUG\UTILITY.OBJ
D:\JSTUDIOCLASSIC7\SOURCE\ENGINE\JETENGINE\DEBUG\UTILITY.SBR
D:\JSTUDIOCLASSIC7\SOURCE\ENGINE\JETENGINE\DEBUG\UVMAP.OBJ
D:\JSTUDIOCLASSIC7\SOURCE\ENGINE\JETENGINE\DEBUG\UVMAP.SBR
D:\JSTUDIOCLASSIC7\SOURCE\ENGINE\JETENGINE\DEBUG\VEC2D.OBJ
D:\JSTUDIOCLASSIC7\SOURCE\ENGINE\JETENGINE\DEBUG\VEC2D.SBR
D:\JSTUDIOCLASSIC7\SOURCE\ENGINE\JETENGINE\DEBUG\VEC3D.OBJ
D:\JSTUDIOCLASSIC7\SOURCE\ENGINE\JETENGINE\DEBUG\VEC3D.SBR
D:\JSTUDIOCLASSIC7\SOURCE\ENGINE\JETENGINE\DEBUG\VFILE.OBJ
D:\JSTUDIOCLASSIC7\SOURCE\ENGINE\JETENGINE\DEBUG\VFILE.SBR
D:\JSTUDIOCLASSIC7\SOURCE\ENGINE\JETENGINE\DEBUG\VIDEOMGR.OBJ
D:\JSTUDIOCLASSIC7\SOURCE\ENGINE\JETENGINE\DEBUG\VIDEOMGR.SBR
D:\JSTUDIOCLASSIC7\SOURCE\ENGINE\JETENGINE\DEBUG\VISOBJECT.OBJ
D:\JSTUDIOCLASSIC7\SOURCE\ENGINE\JETENGINE\DEBUG\VISOBJECT.SBR
D:\JSTUDIOCLASSIC7\SOURCE\ENGINE\JETENGINE\DEBUG\VKFRAME.OBJ
D:\JSTUDIOCLASSIC7\SOURCE\ENGINE\JETENGINE\DEBUG\VKFRAME.SBR
D:\JSTUDIOCLASSIC7\SOURCE\ENGINE\JETENGINE\DEBUG\WAVELET.OBJ
D:\JSTUDIOCLASSIC7\SOURCE\ENGINE\JETENGINE\DEBUG\WAVELET.SBR
D:\JSTUDIOCLASSIC7\SOURCE\ENGINE\JETENGINE\DEBUG\XFARRAY.OBJ
D:\JSTUDIOCLASSIC7\SOURCE\ENGINE\JETENGINE\DEBUG\XFARRAY.SBR
D:\JSTUDIOCLASSIC7\SOURCE\ENGINE\JETENGINE\DEBUG\XFORM3D.OBJ
D:\JSTUDIOCLASSIC7\SOURCE\ENGINE\JETENGINE\DEBUG\XFORM3D.SBR
D:\JSTUDIOCLASSIC7\SOURCE\ENGINE\JETENGINE\DEBUG\YUV.OBJ
D:\JSTUDIOCLASSIC7\SOURCE\ENGINE\JETENGINE\DEBUG\YUV.SBR
