 terrainobj

 Timestamp is 6920fef9 (Fri Nov 21 19:08:25 2025)

 Preferred load address is 10000000

 Start         Length     Name                   Class
 0001:00000000 00004dd3H .text$mn                CODE
 0002:00000000 00000104H .CRT$XCA                DATA
 0002:00000104 00000104H .CRT$XCZ                DATA
 0002:00000208 00000104H .CRT$XIA                DATA
 0002:0000030c 00000104H .CRT$XIZ                DATA
 0002:00000410 00000104H .CRT$XPA                DATA
 0002:00000514 00000104H .CRT$XPZ                DATA
 0002:00000618 00000104H .CRT$XTA                DATA
 0002:0000071c 00000104H .CRT$XTZ                DATA
 0002:00000820 00000c20H .rdata                  DATA
 0002:00001440 00000180H .rdata$CastGuardVftablesA DATA
 0002:000015c0 0000014cH .rdata$CastGuardVftablesC DATA
 0002:0000170c 0000010cH .rdata$sxdata           DATA
 0002:00001818 000001ccH .rdata$zzzdbg           DATA
 0002:000019e4 00000104H .rtc$IAA                DATA
 0002:00001ae8 00000104H .rtc$IMZ                DATA
 0002:00001bec 00000104H .rtc$IZZ                DATA
 0002:00001cf0 00000104H .rtc$TAA                DATA
 0002:00001df4 00000104H .rtc$TMZ                DATA
 0002:00001ef8 00000108H .rtc$TZZ                DATA
 0002:00002000 000001d0H .xdata$x                DATA
 0002:000021d0 00000164H .edata                  DATA
 0003:00000000 000001c0H .data                   DATA
 0003:000001c0 00000094H .bss                    DATA
 0004:00000000 00000198H .idata$5                DATA
 0004:00000198 00000050H .idata$2                DATA
 0004:000001e8 00000014H .idata$3                DATA
 0004:000001fc 00000198H .idata$4                DATA
 0004:00000394 0000059bH .idata$6                DATA
 0005:00000000 0000010eH .00cfg                  DATA
 0006:00000000 00000170H .rsrc$01                DATA
 0006:00000170 000002ccH .rsrc$02                DATA

  Address         Publics by Value              Rva+Base       Lib:Object

 0000:00000000       ___AbsoluteZero            00000000     <absolute>
 0000:00000000       ___arm64x_extra_rfe_table  00000000     <absolute>
 0000:00000000       ___arm64x_extra_rfe_table_size 00000000     <absolute>
 0000:00000000       ___arm64x_native_entrypoint 00000000     <absolute>
 0000:00000000       ___arm64x_redirection_metadata 00000000     <absolute>
 0000:00000000       ___arm64x_redirection_metadata_count 00000000     <absolute>
 0000:00000000       ___dynamic_value_reloc_table 00000000     <absolute>
 0000:00000000       ___enclave_config          00000000     <absolute>
 0000:00000000       ___guard_check_icall_a64n_fptr 00000000     <absolute>
 0000:00000000       ___guard_eh_cont_count     00000000     <absolute>
 0000:00000000       ___guard_eh_cont_table     00000000     <absolute>
 0000:00000000       ___guard_fids_count        00000000     <absolute>
 0000:00000000       ___guard_fids_table        00000000     <absolute>
 0000:00000000       ___guard_iat_count         00000000     <absolute>
 0000:00000000       ___guard_iat_table         00000000     <absolute>
 0000:00000000       ___guard_longjmp_count     00000000     <absolute>
 0000:00000000       ___guard_longjmp_table     00000000     <absolute>
 0000:00000000       ___hybrid_auxiliary_delayload_iat 00000000     <absolute>
 0000:00000000       ___hybrid_auxiliary_delayload_iat_copy 00000000     <absolute>
 0000:00000000       ___hybrid_auxiliary_iat    00000000     <absolute>
 0000:00000000       ___hybrid_auxiliary_iat_copy 00000000     <absolute>
 0000:00000000       ___hybrid_code_map         00000000     <absolute>
 0000:00000000       ___hybrid_code_map_count   00000000     <absolute>
 0000:00000000       ___hybrid_image_info_bitfield 00000000     <absolute>
 0000:00000000       ___volatile_metadata       00000000     <absolute>
 0000:00000000       ___x64_code_ranges_to_entry_points 00000000     <absolute>
 0000:00000000       ___x64_code_ranges_to_entry_points_count 00000000     <absolute>
 0000:00000002       ___safe_se_handler_count   00000002     <absolute>
 0000:00000100       ___guard_flags             00000100     <absolute>
 0000:00000000       ___ImageBase               10000000     <linker-defined>
 0001:00000440       _DllMain@12                10001440 f   terrainobjectdef.obj
 0001:00000470       _Object_RegisterDef        10001470 f   terrainobjectdef.obj
 0001:000004ea       _jeTerrain_RegisterObjectDef@0 100014ea f   jet3DClassic11d:Jet3DClassic11d.dll
 0001:000004f0       @_RTC_AllocaHelper@12      100014f0 f   MSVCRTD:stack.obj
 0001:00000530       @_RTC_CheckStackVars2@12   10001530 f   MSVCRTD:stack.obj
 0001:00000630       @_RTC_CheckStackVars@8     10001630 f   MSVCRTD:stack.obj
 0001:00000690       __RTC_CheckEsp             10001690 f   MSVCRTD:stack.obj
 0001:000006c0       __CRT_RTC_INIT             100016c0 f   MSVCRTD:init.obj
 0001:000006d0       __CRT_RTC_INITW            100016d0 f   MSVCRTD:init.obj
 0001:000006e0       __RTC_InitBase             100016e0 f   MSVCRTD:init.obj
 0001:00000720       __RTC_Shutdown             10001720 f   MSVCRTD:init.obj
 0001:00000d40       __CRT_INIT@12              10001d40 f   MSVCRTD:dll_dllmain.obj
 0001:00000d60       __DllMainCRTStartup@12     10001d60 f   MSVCRTD:dll_dllmain.obj
 0001:00000e40       ?_RTC_AllocaFailure@@YAXPAXPAU_RTC_ALLOCA_NODE@@H@Z 10001e40 f   MSVCRTD:error.obj
 0001:00000f60       ?_RTC_Failure@@YAXPAXH@Z   10001f60 f   MSVCRTD:error.obj
 0001:00000fd0       ?_RTC_StackFailure@@YAXPAXPBD@Z 10001fd0 f   MSVCRTD:error.obj
 0001:000014c0       __RTC_UninitUse            100024c0 f   MSVCRTD:error.obj
 0001:000015a0       ___local_stdio_printf_options 100025a0 f i MSVCRTD:error.obj
 0001:000015b0       __vsprintf_s_l             100025b0 f i MSVCRTD:error.obj
 0001:000015f0       _sprintf_s                 100025f0 f i MSVCRTD:error.obj
 0001:00001620       ?_RTC_GetErrorFunc@@YAP6AHHPBDH00ZZPBX@Z 10002620 f   MSVCRTD:userapi.obj
 0001:00001630       ?_RTC_GetErrorFuncW@@YAP6AHHPB_WH00ZZPBX@Z 10002630 f   MSVCRTD:userapi.obj
 0001:00001640       __RTC_GetErrDesc           10002640 f   MSVCRTD:userapi.obj
 0001:00001660       __RTC_NumErrors            10002660 f   MSVCRTD:userapi.obj
 0001:00001670       __RTC_SetErrorFunc         10002670 f   MSVCRTD:userapi.obj
 0001:000016a0       __RTC_SetErrorFuncW        100026a0 f   MSVCRTD:userapi.obj
 0001:000016d0       __RTC_SetErrorType         100026d0 f   MSVCRTD:userapi.obj
 0001:00001790       ___security_init_cookie    10002790 f   MSVCRTD:gs_support.obj
 0001:00001830       ?__scrt_initialize_type_info@@YAXXZ 10002830 f   MSVCRTD:tncleanup.obj
 0001:00001850       ?__scrt_uninitialize_type_info@@YAXXZ 10002850 f   MSVCRTD:tncleanup.obj
 0001:00001870       ___local_stdio_scanf_options 10002870 f i MSVCRTD:default_local_stdio_options.obj
 0001:00001880       ___scrt_initialize_default_local_stdio_options 10002880 f   MSVCRTD:default_local_stdio_options.obj
 0001:000018d0       ?configure_argv@__scrt_narrow_argv_policy@@SAHXZ 100028d0 f i MSVCRTD:utility.obj
 0001:000019a0       ?initialize_environment@__scrt_narrow_environment_policy@@SAHXZ 100029a0 f i MSVCRTD:utility.obj
 0001:00001a40       _NtCurrentTeb              10002a40 f i MSVCRTD:utility.obj
 0001:00001a50       ___scrt_acquire_startup_lock 10002a50 f   MSVCRTD:utility.obj
 0001:00001ab0       ___scrt_dllmain_after_initialize_c 10002ab0 f   MSVCRTD:utility.obj
 0001:00001af0       ___scrt_dllmain_before_initialize_c 10002af0 f   MSVCRTD:utility.obj
 0001:00001b20       ___scrt_dllmain_crt_thread_attach 10002b20 f   MSVCRTD:utility.obj
 0001:00001b60       ___scrt_dllmain_crt_thread_detach 10002b60 f   MSVCRTD:utility.obj
 0001:00001b80       ___scrt_dllmain_exception_filter 10002b80 f   MSVCRTD:utility.obj
 0001:00001be0       ___scrt_dllmain_uninitialize_c 10002be0 f   MSVCRTD:utility.obj
 0001:00001c20       ___scrt_dllmain_uninitialize_critical 10002c20 f   MSVCRTD:utility.obj
 0001:00001c40       ___scrt_initialize_crt     10002c40 f   MSVCRTD:utility.obj
 0001:00001ca0       ___scrt_initialize_onexit_tables 10002ca0 f   MSVCRTD:utility.obj
 0001:00001db0       ___scrt_is_nonwritable_in_current_image 10002db0 f   MSVCRTD:utility.obj
 0001:00001f30       ___scrt_release_startup_lock 10002f30 f   MSVCRTD:utility.obj
 0001:00001f60       ___scrt_uninitialize_crt   10002f60 f   MSVCRTD:utility.obj
 0001:00001fb0       __onexit                   10002fb0 f   MSVCRTD:utility.obj
 0001:00002030       _at_quick_exit             10003030 f   MSVCRTD:utility.obj
 0001:00002080       _atexit                    10003080 f   MSVCRTD:utility.obj
 0001:000020c0       ___scrt_get_dyn_tls_init_callback 100030c0 f   MSVCRTD:dyn_tls_init.obj
 0001:000020d0       ___scrt_fastfail           100030d0 f   MSVCRTD:utility_desktop.obj
 0001:000020e0       ___scrt_get_show_window_mode 100030e0 f   MSVCRTD:utility_desktop.obj
 0001:00002130       ___scrt_initialize_mta     10003130 f   MSVCRTD:utility_desktop.obj
 0001:00002140       ___scrt_initialize_winrt   10003140 f   MSVCRTD:utility_desktop.obj
 0001:00002150       ___scrt_is_managed_app     10003150 f   MSVCRTD:utility_desktop.obj
 0001:00002200       ___scrt_set_unhandled_exception_filter 10003200 f   MSVCRTD:utility_desktop.obj
 0001:00002220       ___scrt_exe_initialize_mta 10003220 f   MSVCRTD:utility_desktop.obj
 0001:00002220       ___scrt_stub_for_initialize_mta 10003220 f   MSVCRTD:utility_desktop.obj
 0001:00002230       ___scrt_unhandled_exception_filter@4 10003230 f   MSVCRTD:utility_desktop.obj
 0001:000022d0       __crt_debugger_hook        100032d0 f   MSVCRTD:utility_desktop.obj
 0001:000022f0       __RTC_Initialize           100032f0 f   MSVCRTD:initsect.obj
 0001:00002330       __RTC_Terminate            10003330 f   MSVCRTD:initsect.obj
 0001:00002370       __except_handler4          10003370 f   MSVCRTD:chandler4gs.obj
 0001:000023c0       @_guard_check_icall_nop@4  100033c0 f i MSVCRTD:guard_support.obj
 0001:000023d0       _ReadNoFence               100033d0 f i MSVCRTD:guard_support.obj
 0001:000023f0       _ReadPointerNoFence        100033f0 f i MSVCRTD:guard_support.obj
 0001:00002410       __InlineInterlockedExchangePointer 10003410 f i MSVCRTD:guard_support.obj
 0001:00002420       ___castguard_check_failure_debugbreak 10003420 f i MSVCRTD:guard_support.obj
 0001:00002440       ___castguard_check_failure_fastfail 10003440 f i MSVCRTD:guard_support.obj
 0001:00002470       ___castguard_check_failure_nop 10003470 f i MSVCRTD:guard_support.obj
 0001:00002480       ___castguard_check_failure_os_handled 10003480 f i MSVCRTD:guard_support.obj
 0001:000024f0       ___castguard_check_failure_user_handled 100034f0 f i MSVCRTD:guard_support.obj
 0001:000025c0       ___castguard_set_user_handler 100035c0 f i MSVCRTD:guard_support.obj
 0001:000025f0       ___castguard_slow_path_check_debugbreak 100035f0 f i MSVCRTD:guard_support.obj
 0001:00002630       ___castguard_slow_path_check_fastfail 10003630 f i MSVCRTD:guard_support.obj
 0001:00002680       ___castguard_slow_path_check_nop 10003680 f i MSVCRTD:guard_support.obj
 0001:00002690       ___castguard_slow_path_check_os_handled 10003690 f i MSVCRTD:guard_support.obj
 0001:000026e0       ___castguard_slow_path_check_user_handled 100036e0 f i MSVCRTD:guard_support.obj
 0001:00002780       __guard_icall_checks_enforced 10003780 f i MSVCRTD:guard_support.obj
 0001:00002d10       ?_RTC_GetSrcLine@@YAHPAEPA_WKPAH1K@Z 10003d10 f   MSVCRTD:pdblkup.obj
 0001:00003180       @__security_check_cookie@4 10004180 f   MSVCRTD:secchk.obj
 0001:000031a0       __except_handler4_noexcept 100041a0 f   MSVCRTD:chandler4_noexcept.obj
 0001:00003220       ___isa_available_init      10004220 f   MSVCRTD:cpu_disp.obj
 0001:000037e0       __get_startup_argv_mode    100047e0 f   MSVCRTD:argv_mode.obj
 0001:000037f0       ___scrt_is_ucrt_dll_in_use 100047f0 f   MSVCRTD:ucrt_detection.obj
 0001:00003820       ___report_gsfailure        10004820 f   MSVCRTD:gs_report.obj
 0001:00003830       ___report_rangecheckfailure 10004830 f   MSVCRTD:gs_report.obj
 0001:00003840       ___report_securityfailure  10004840 f   MSVCRTD:gs_report.obj
 0001:00003850       ___report_securityfailureEx 10004850 f   MSVCRTD:gs_report.obj
 0001:0000385c       ___std_type_info_destroy_list 1000485c f   vcruntimed:VCRUNTIME140D.dll
 0001:00003862       ___current_exception       10004862 f   vcruntimed:VCRUNTIME140D.dll
 0001:00003868       ___current_exception_context 10004868 f   vcruntimed:VCRUNTIME140D.dll
 0001:0000386e       _memset                    1000486e f   vcruntimed:VCRUNTIME140D.dll
 0001:00003874       __except_handler4_common   10004874 f   vcruntimed:VCRUNTIME140D.dll
 0001:0000387a       ___vcrt_GetModuleFileNameW 1000487a f   vcruntimed:VCRUNTIME140D.dll
 0001:00003880       ___vcrt_GetModuleHandleW   10004880 f   vcruntimed:VCRUNTIME140D.dll
 0001:00003886       ___vcrt_LoadLibraryExW     10004886 f   vcruntimed:VCRUNTIME140D.dll
 0001:0000388c       __CrtDbgReport             1000488c f   ucrtd:ucrtbased.dll
 0001:00003892       __CrtDbgReportW            10004892 f   ucrtd:ucrtbased.dll
 0001:00003898       __initterm                 10004898 f   ucrtd:ucrtbased.dll
 0001:0000389e       __initterm_e               1000489e f   ucrtd:ucrtbased.dll
 0001:000038a4       _strcpy_s                  100048a4 f   ucrtd:ucrtbased.dll
 0001:000038aa       _strcat_s                  100048aa f   ucrtd:ucrtbased.dll
 0001:000038b0       ___stdio_common_vsprintf_s 100048b0 f   ucrtd:ucrtbased.dll
 0001:000038b6       __seh_filter_dll           100048b6 f   ucrtd:ucrtbased.dll
 0001:000038bc       __configure_narrow_argv    100048bc f   ucrtd:ucrtbased.dll
 0001:000038c2       __initialize_narrow_environment 100048c2 f   ucrtd:ucrtbased.dll
 0001:000038c8       __initialize_onexit_table  100048c8 f   ucrtd:ucrtbased.dll
 0001:000038ce       __register_onexit_function 100048ce f   ucrtd:ucrtbased.dll
 0001:000038d4       __execute_onexit_table     100048d4 f   ucrtd:ucrtbased.dll
 0001:000038da       __crt_atexit               100048da f   ucrtd:ucrtbased.dll
 0001:000038e0       __crt_at_quick_exit        100048e0 f   ucrtd:ucrtbased.dll
 0001:000038e6       __cexit                    100048e6 f   ucrtd:ucrtbased.dll
 0001:000038ec       _terminate                 100048ec f   ucrtd:ucrtbased.dll
 0001:000038f2       __wmakepath_s              100048f2 f   ucrtd:ucrtbased.dll
 0001:000038f8       __wsplitpath_s             100048f8 f   ucrtd:ucrtbased.dll
 0001:000038fe       _wcscpy_s                  100048fe f   ucrtd:ucrtbased.dll
 0001:00003904       _IsDebuggerPresent@0       10004904 f   kernel32:KERNEL32.dll
 0001:0000390a       _RaiseException@16         1000490a f   kernel32:KERNEL32.dll
 0001:00003910       _MultiByteToWideChar@24    10004910 f   kernel32:KERNEL32.dll
 0001:00003916       _WideCharToMultiByte@32    10004916 f   kernel32:KERNEL32.dll
 0001:0000391c       _QueryPerformanceCounter@4 1000491c f   kernel32:KERNEL32.dll
 0001:00003922       _GetCurrentProcessId@0     10004922 f   kernel32:KERNEL32.dll
 0001:00003928       _GetCurrentThreadId@0      10004928 f   kernel32:KERNEL32.dll
 0001:0000392e       _GetSystemTimeAsFileTime@4 1000492e f   kernel32:KERNEL32.dll
 0001:00003934       _InitializeSListHead@4     10004934 f   kernel32:KERNEL32.dll
 0001:0000393a       _SetUnhandledExceptionFilter@4 1000493a f   kernel32:KERNEL32.dll
 0001:00003940       _GetStartupInfoW@4         10004940 f   kernel32:KERNEL32.dll
 0001:00003946       _GetModuleHandleW@4        10004946 f   kernel32:KERNEL32.dll
 0001:0000394c       _GetLastError@0            1000494c f   kernel32:KERNEL32.dll
 0001:00003952       _HeapAlloc@12              10004952 f   kernel32:KERNEL32.dll
 0001:00003958       _HeapFree@12               10004958 f   kernel32:KERNEL32.dll
 0001:0000395e       _GetProcessHeap@0          1000495e f   kernel32:KERNEL32.dll
 0001:00003964       _VirtualQuery@12           10004964 f   kernel32:KERNEL32.dll
 0001:0000396a       _FreeLibrary@4             1000496a f   kernel32:KERNEL32.dll
 0001:00003970       _GetProcAddress@8          10004970 f   kernel32:KERNEL32.dll
 0001:00003976       _IsProcessorFeaturePresent@4 10004976 f   kernel32:KERNEL32.dll
 0001:00003980       ___acrt_initialize         10004980 f   MSVCRTD:ucrt_stubs.obj
 0001:00003980       ___scrt_stub_for_acrt_initialize 10004980 f   MSVCRTD:ucrt_stubs.obj
 0001:00003980       ___vcrt_initialize         10004980 f   MSVCRTD:ucrt_stubs.obj
 0001:00003990       ___acrt_thread_attach      10004990 f   MSVCRTD:ucrt_stubs.obj
 0001:00003990       ___scrt_stub_for_acrt_thread_attach 10004990 f   MSVCRTD:ucrt_stubs.obj
 0001:00003990       ___vcrt_thread_attach      10004990 f   MSVCRTD:ucrt_stubs.obj
 0001:000039a0       ___acrt_thread_detach      100049a0 f   MSVCRTD:ucrt_stubs.obj
 0001:000039a0       ___scrt_stub_for_acrt_thread_detach 100049a0 f   MSVCRTD:ucrt_stubs.obj
 0001:000039a0       ___vcrt_thread_detach      100049a0 f   MSVCRTD:ucrt_stubs.obj
 0001:000039b0       ___acrt_uninitialize       100049b0 f   MSVCRTD:ucrt_stubs.obj
 0001:000039b0       ___scrt_stub_for_acrt_uninitialize 100049b0 f   MSVCRTD:ucrt_stubs.obj
 0001:000039b0       ___vcrt_uninitialize       100049b0 f   MSVCRTD:ucrt_stubs.obj
 0001:000039c0       ___acrt_uninitialize_critical 100049c0 f   MSVCRTD:ucrt_stubs.obj
 0001:000039c0       ___scrt_stub_for_acrt_uninitialize_critical 100049c0 f   MSVCRTD:ucrt_stubs.obj
 0001:000039c0       ___vcrt_uninitialize_critical 100049c0 f   MSVCRTD:ucrt_stubs.obj
 0001:000039d0       ___scrt_stub_for_is_c_termination_complete 100049d0 f   MSVCRTD:ucrt_stubs.obj
 0001:000039d0       __is_c_termination_complete 100049d0 f   MSVCRTD:ucrt_stubs.obj
 0001:000039e0       __filter_x86_sse2_floating_point_exception 100049e0 f   MSVCRTD:x86_exception_filter.obj
 0001:000039e0       __filter_x86_sse2_floating_point_exception_default 100049e0 f   MSVCRTD:x86_exception_filter.obj
 0002:00000000       ___xc_a                    10006000     MSVCRTD:initializers.obj
 0002:00000104       ___xc_z                    10006104     MSVCRTD:initializers.obj
 0002:00000208       ___xi_a                    10006208     MSVCRTD:initializers.obj
 0002:0000030c       ___xi_z                    1000630c     MSVCRTD:initializers.obj
 0002:00000410       ___xp_a                    10006410     MSVCRTD:initializers.obj
 0002:00000514       ___xp_z                    10006514     MSVCRTD:initializers.obj
 0002:00000618       ___xt_a                    10006618     MSVCRTD:initializers.obj
 0002:0000071c       ___xt_z                    1000671c     MSVCRTD:initializers.obj
 0002:00000820       __real@3f051eb8            10006820     terrainobjectdef.obj
 0002:00000824       __real@3f800000            10006824     terrainobjectdef.obj
 0002:00000828       __pDefaultRawDllMain       10006828     MSVCRTD:dll_dllmain.obj
 0002:00000828       __pRawDllMain              10006828     MSVCRTD:dll_dllmain.obj
 0002:000008e8       ??_C@_0NN@JMPELKLB@The?5value?5of?5ESP?5was?5not?5proper@ 100068e8     MSVCRTD:error.obj
 0002:000009f8       ??_C@_0BBN@ELNNILBE@A?5cast?5to?5a?5smaller?5data?5type?5h@ 100069f8     MSVCRTD:error.obj
 0002:00000b50       ??_C@_0BN@BPOGFMJL@Stack?5memory?5was?5corrupted?$AN?6@ 10006b50     MSVCRTD:error.obj
 0002:00000b74       ??_C@_0DG@DAJCDLPN@A?5local?5variable?5was?5used?5befor@ 10006b74     MSVCRTD:error.obj
 0002:00000bb4       ??_C@_0CM@JMIDGKLA@Stack?5memory?5around?5_alloca?5was@ 10006bb4     MSVCRTD:error.obj
 0002:00000be8       ??_C@_0BO@CHIONIOI@Unknown?5Runtime?5Check?5Error?$AN?6@ 10006be8     MSVCRTD:error.obj
 0002:00000c10       ??_C@_1GM@CNOOJIHC@?$AAR?$AAu?$AAn?$AAt?$AAi?$AAm?$AAe?$AA?5?$AAC?$AAh?$AAe?$AAc?$AAk?$AA?5?$AAE@ 10006c10     MSVCRTD:error.obj
 0002:00000c98       ??_C@_1EA@NFKNIFJP@?$AAR?$AAu?$AAn?$AA?9?$AAT?$AAi?$AAm?$AAe?$AA?5?$AAC?$AAh?$AAe?$AAc?$AAk?$AA?5@ 10006c98     MSVCRTD:error.obj
 0002:00000ce4       ??_C@_0BB@PFFGGCJP@Unknown?5Filename@ 10006ce4     MSVCRTD:error.obj
 0002:00000cf8       ??_C@_0BE@GNBOBNCK@Unknown?5Module?5Name@ 10006cf8     MSVCRTD:error.obj
 0002:00000d10       ??_C@_0CA@IODNCDPG@Run?9Time?5Check?5Failure?5?$CD?$CFd?5?9?5?$CFs@ 10006d10     MSVCRTD:error.obj
 0002:00000d38       ??_C@_0CG@IAFNJNEE@Stack?5corrupted?5near?5unknown?5va@ 10006d38     MSVCRTD:error.obj
 0002:00000d68       ??_C@_05MKKEDADM@?$CF?42X?5@ 10006d68     MSVCRTD:error.obj
 0002:00000d70       ??_C@_0EJ@LJKNEOLN@Stack?5area?5around?5_alloca?5memor@ 10006d70     MSVCRTD:error.obj
 0002:00000dc8       ??_C@_01EEMJAFIK@?6@       10006dc8     MSVCRTD:error.obj
 0002:00000dcc       ??_C@_02LLMPMKNF@?$DO?5@   10006dcc     MSVCRTD:error.obj
 0002:00000dd0       ??_C@_08OMAHNMHJ@?6Data?3?5?$DM@ 10006dd0     MSVCRTD:error.obj
 0002:00000ddc       ??_C@_0CK@DKGBICFE@?6Allocation?5number?5within?5this?5@ 10006ddc     MSVCRTD:error.obj
 0002:00000e10       ??_C@_07DFDJCKFN@?6Size?3?5@ 10006e10     MSVCRTD:error.obj
 0002:00000e1c       ??_C@_0N@MHFFIMFG@?6Address?3?50x@ 10006e1c     MSVCRTD:error.obj
 0002:00000e30       ??_C@_0EI@CLEPFNGI@Stack?5area?5around?5_alloca?5memor@ 10006e30     MSVCRTD:error.obj
 0002:00000e88       ??_C@_0BK@ODNDAGKB@?$CFs?$CFs?$CFp?$CFs?$CFzd?$CFs?$CFd?$CFs?$CFs?$CFs?$CFs?$CFs@ 10006e88     MSVCRTD:error.obj
 0002:00000ea8       ??_C@_0DE@OHJBPMBP@A?5variable?5is?5being?5used?5withou@ 10006ea8     MSVCRTD:error.obj
 0002:00000f00       ??_C@_0BJ@HEGAHDFO@Stack?5pointer?5corruption@ 10006f00     MSVCRTD:userapi.obj
 0002:00000f20       ??_C@_0CK@FEGOIOPB@Cast?5to?5smaller?5type?5causing?5lo@ 10006f20     MSVCRTD:userapi.obj
 0002:00000f54       ??_C@_0BI@CIGMDCBH@Stack?5memory?5corruption@ 10006f54     MSVCRTD:userapi.obj
 0002:00000f70       ??_C@_0CK@CNLNOEPB@Local?5variable?5used?5before?5init@ 10006f70     MSVCRTD:userapi.obj
 0002:00000fa4       ??_C@_0BP@OGBCLIBO@Stack?5around?5_alloca?5corrupted@ 10006fa4     MSVCRTD:userapi.obj
 0002:00001028       ??_C@_1EI@MLPKHBGE@?$AAa?$AAp?$AAi?$AA?9?$AAm?$AAs?$AA?9?$AAw?$AAi?$AAn?$AA?9?$AAc?$AAo?$AAr?$AAe@ 10007028     MSVCRTD:pdblkup.obj
 0002:00001080       ??_C@_1BK@JHLNAEJL@?$AAa?$AAd?$AAv?$AAa?$AAp?$AAi?$AA3?$AA2?$AA?4?$AAd?$AAl?$AAl@ 10007080     MSVCRTD:pdblkup.obj
 0002:000010a0       ??_C@_0O@COHOBMLB@RegOpenKeyExW@ 100070a0     MSVCRTD:pdblkup.obj
 0002:000010b0       ??_C@_0BB@GLNAEDBD@RegQueryValueExW@ 100070b0     MSVCRTD:pdblkup.obj
 0002:000010c4       ??_C@_0M@HLOHPNFA@RegCloseKey@ 100070c4     MSVCRTD:pdblkup.obj
 0002:000010d8       ??_C@_1HE@EBEAGLFB@?$AAS?$AAO?$AAF?$AAT?$AAW?$AAA?$AAR?$AAE?$AA?2?$AAW?$AAo?$AAw?$AA6?$AA4?$AA3@ 100070d8     MSVCRTD:pdblkup.obj
 0002:00001164       ??_C@_1BG@EABPBLLF@?$AAP?$AAr?$AAo?$AAd?$AAu?$AAc?$AAt?$AAD?$AAi?$AAr@ 10007164     MSVCRTD:pdblkup.obj
 0002:000011a4       ??_C@_1BC@JINFINNJ@?$AAM?$AAS?$AAP?$AAD?$AAB?$AA1?$AA4?$AA0@ 100071a4     MSVCRTD:pdblkup.obj
 0002:000011bc       ??_C@_0BB@KCIACLNC@PDBOpenValidate5@ 100071bc     MSVCRTD:pdblkup.obj
 0002:000011d0       ??_C@_01KDCPPGHE@r@        100071d0     MSVCRTD:pdblkup.obj
 0002:000011d8       __load_config_used         100071d8     MSVCRTD:loadcfg.obj
 0002:00001440       ___CastGuardVftablesStart  10007440     MSVCRTD:guard_support.obj
 0002:000015c0       ___CastGuardVftablesEnd    100075c0     MSVCRTD:guard_support.obj
 0002:0000170c       ___safe_se_handler_table   1000770c     <linker-defined>
 0002:000019e4       ___rtc_iaa                 100079e4     MSVCRTD:initsect.obj
 0002:00001bec       ___rtc_izz                 10007bec     MSVCRTD:initsect.obj
 0002:00001cf0       ___rtc_taa                 10007cf0     MSVCRTD:initsect.obj
 0002:00001ef8       ___rtc_tzz                 10007ef8     MSVCRTD:initsect.obj
 0003:00000000       __fltused                  10009000     MSVCRTD:fltused.obj
 0003:00000004       ?_RTC_ErrorLevels@@3PAHA   10009004     MSVCRTD:error.obj
 0003:0000001c       ___scrt_native_dllmain_reason 1000901c     MSVCRTD:utility.obj
 0003:00000040       ___security_cookie         10009040     MSVCRTD:gs_cookie.obj
 0003:00000080       ___security_cookie_complement 10009080     MSVCRTD:gs_cookie.obj
 0003:00000098       ___isa_enabled             10009098     MSVCRTD:cpu_disp.obj
 0003:000000a0       ___isa_inverted            100090a0     MSVCRTD:cpu_disp.obj
 0003:000000ac       ___scrt_ucrt_dll_is_in_use 100090ac     MSVCRTD:ucrt_stubs.obj
 0003:000001c8       ?_OptionsStorage@?1??__local_stdio_printf_options@@9@4_KA 100091c8     MSVCRTD:error.obj
 0003:000001e0       ?__type_info_root_node@@3U__type_info_node@@A 100091e0     MSVCRTD:tncleanup.obj
 0003:000001f0       ?_OptionsStorage@?1??__local_stdio_scanf_options@@9@4_KA 100091f0     MSVCRTD:default_local_stdio_options.obj
 0003:000001fc       ___scrt_current_native_startup_state 100091fc     MSVCRTD:utility.obj
 0003:00000200       ___scrt_native_startup_lock 10009200     MSVCRTD:utility.obj
 0003:00000228       ___scrt_debugger_hook_flag 10009228     MSVCRTD:utility_desktop.obj
 0003:0000022c       ___castguard_check_failure_user_handled_fptr 1000922c     MSVCRTD:guard_support.obj
 0003:00000238       ___isa_available           10009238     MSVCRTD:cpu_disp.obj
 0003:0000023c       ___favor                   1000923c     MSVCRTD:cpu_disp.obj
 0003:00000240       ___avx10_version           10009240     MSVCRTD:cpu_disp.obj
 0003:00000248       ___dyn_tls_init_callback   10009248     <common>
 0004:00000000       __imp__jeTerrain_RegisterObjectDef@0 1000a000     jet3DClassic11d:Jet3DClassic11d.dll
 0004:00000004       \177Jet3DClassic11d_NULL_THUNK_DATA 1000a004     jet3DClassic11d:Jet3DClassic11d.dll
 0004:00000030       __imp__IsProcessorFeaturePresent@4 1000a030     kernel32:KERNEL32.dll
 0004:00000034       __imp__GetProcAddress@8    1000a034     kernel32:KERNEL32.dll
 0004:00000038       __imp__FreeLibrary@4       1000a038     kernel32:KERNEL32.dll
 0004:0000003c       __imp__VirtualQuery@12     1000a03c     kernel32:KERNEL32.dll
 0004:00000040       __imp__GetProcessHeap@0    1000a040     kernel32:KERNEL32.dll
 0004:00000044       __imp__HeapFree@12         1000a044     kernel32:KERNEL32.dll
 0004:00000048       __imp__HeapAlloc@12        1000a048     kernel32:KERNEL32.dll
 0004:0000004c       __imp__GetLastError@0      1000a04c     kernel32:KERNEL32.dll
 0004:00000050       __imp__GetModuleHandleW@4  1000a050     kernel32:KERNEL32.dll
 0004:00000054       __imp__GetStartupInfoW@4   1000a054     kernel32:KERNEL32.dll
 0004:00000058       __imp__SetUnhandledExceptionFilter@4 1000a058     kernel32:KERNEL32.dll
 0004:0000005c       __imp__InitializeSListHead@4 1000a05c     kernel32:KERNEL32.dll
 0004:00000060       __imp__GetSystemTimeAsFileTime@4 1000a060     kernel32:KERNEL32.dll
 0004:00000064       __imp__GetCurrentThreadId@0 1000a064     kernel32:KERNEL32.dll
 0004:00000068       __imp__GetCurrentProcessId@0 1000a068     kernel32:KERNEL32.dll
 0004:0000006c       __imp__QueryPerformanceCounter@4 1000a06c     kernel32:KERNEL32.dll
 0004:00000070       __imp__WideCharToMultiByte@32 1000a070     kernel32:KERNEL32.dll
 0004:00000074       __imp__MultiByteToWideChar@24 1000a074     kernel32:KERNEL32.dll
 0004:00000078       __imp__RaiseException@16   1000a078     kernel32:KERNEL32.dll
 0004:0000007c       __imp__IsDebuggerPresent@0 1000a07c     kernel32:KERNEL32.dll
 0004:00000080       \177KERNEL32_NULL_THUNK_DATA 1000a080     kernel32:KERNEL32.dll
 0004:000000bc       __imp____current_exception 1000a0bc     vcruntimed:VCRUNTIME140D.dll
 0004:000000c0       __imp__memset              1000a0c0     vcruntimed:VCRUNTIME140D.dll
 0004:000000c4       __imp___except_handler4_common 1000a0c4     vcruntimed:VCRUNTIME140D.dll
 0004:000000c8       __imp____vcrt_GetModuleFileNameW 1000a0c8     vcruntimed:VCRUNTIME140D.dll
 0004:000000cc       __imp____vcrt_GetModuleHandleW 1000a0cc     vcruntimed:VCRUNTIME140D.dll
 0004:000000d0       __imp____vcrt_LoadLibraryExW 1000a0d0     vcruntimed:VCRUNTIME140D.dll
 0004:000000d4       __imp____current_exception_context 1000a0d4     vcruntimed:VCRUNTIME140D.dll
 0004:000000d8       __imp____std_type_info_destroy_list 1000a0d8     vcruntimed:VCRUNTIME140D.dll
 0004:000000dc       \177VCRUNTIME140D_NULL_THUNK_DATA 1000a0dc     vcruntimed:VCRUNTIME140D.dll
 0004:0000010c       __imp___initialize_onexit_table 1000a10c     ucrtd:ucrtbased.dll
 0004:00000110       __imp___initialize_narrow_environment 1000a110     ucrtd:ucrtbased.dll
 0004:00000114       __imp___configure_narrow_argv 1000a114     ucrtd:ucrtbased.dll
 0004:00000118       __imp___seh_filter_dll     1000a118     ucrtd:ucrtbased.dll
 0004:0000011c       __imp___wsplitpath_s       1000a11c     ucrtd:ucrtbased.dll
 0004:00000120       __imp__strcat_s            1000a120     ucrtd:ucrtbased.dll
 0004:00000124       __imp__strcpy_s            1000a124     ucrtd:ucrtbased.dll
 0004:00000128       __imp___initterm_e         1000a128     ucrtd:ucrtbased.dll
 0004:0000012c       __imp___initterm           1000a12c     ucrtd:ucrtbased.dll
 0004:00000130       __imp___CrtDbgReportW      1000a130     ucrtd:ucrtbased.dll
 0004:00000134       __imp___CrtDbgReport       1000a134     ucrtd:ucrtbased.dll
 0004:00000138       __imp__wcscpy_s            1000a138     ucrtd:ucrtbased.dll
 0004:0000013c       __imp___wmakepath_s        1000a13c     ucrtd:ucrtbased.dll
 0004:00000140       __imp__terminate           1000a140     ucrtd:ucrtbased.dll
 0004:00000144       __imp___register_onexit_function 1000a144     ucrtd:ucrtbased.dll
 0004:00000148       __imp___crt_at_quick_exit  1000a148     ucrtd:ucrtbased.dll
 0004:0000014c       __imp___crt_atexit         1000a14c     ucrtd:ucrtbased.dll
 0004:00000150       __imp____stdio_common_vsprintf_s 1000a150     ucrtd:ucrtbased.dll
 0004:00000154       __imp___execute_onexit_table 1000a154     ucrtd:ucrtbased.dll
 0004:00000158       __imp___cexit              1000a158     ucrtd:ucrtbased.dll
 0004:0000015c       \177ucrtbased_NULL_THUNK_DATA 1000a15c     ucrtd:ucrtbased.dll
 0004:00000198       __IMPORT_DESCRIPTOR_Jet3DClassic11d 1000a198     jet3DClassic11d:Jet3DClassic11d.dll
 0004:000001ac       __IMPORT_DESCRIPTOR_VCRUNTIME140D 1000a1ac     vcruntimed:VCRUNTIME140D.dll
 0004:000001c0       __IMPORT_DESCRIPTOR_ucrtbased 1000a1c0     ucrtd:ucrtbased.dll
 0004:000001d4       __IMPORT_DESCRIPTOR_KERNEL32 1000a1d4     kernel32:KERNEL32.dll
 0004:000001e8       __NULL_IMPORT_DESCRIPTOR   1000a1e8     jet3DClassic11d:Jet3DClassic11d.dll
 0005:00000000       ___guard_check_icall_fptr  1000b000     MSVCRTD:guard_support.obj
 0005:00000004       ___guard_xfg_check_icall_fptr 1000b004     MSVCRTD:guard_support.obj
 0005:00000008       ___castguard_check_failure_os_handled_fptr 1000b008     MSVCRTD:guard_support.obj

 entry point at        0001:0000017c

 Static symbols

 0000:ffff2000       .debug$S                   10000000     terrainobj.exp
 0000:ffff2000       .debug$S                   10000000     jet3DClassic11d:Jet3DClassic11d.dll
 0000:ffff2000       .debug$S                   10000000     ucrtd:ucrtbased.dll
 0000:ffff2000       .debug$S                   10000000     ucrtd:ucrtbased.dll
 0000:ffff2000       .debug$S                   10000000     ucrtd:ucrtbased.dll
 0000:ffff2000       .debug$S                   10000000     ucrtd:ucrtbased.dll
 0000:ffff2000       .debug$S                   10000000     ucrtd:ucrtbased.dll
 0000:ffff2000       .debug$S                   10000000     ucrtd:ucrtbased.dll
 0000:ffff2000       .debug$S                   10000000     ucrtd:ucrtbased.dll
 0000:ffff2000       .debug$S                   10000000     ucrtd:ucrtbased.dll
 0000:ffff2000       .debug$S                   10000000     ucrtd:ucrtbased.dll
 0000:ffff2000       .debug$S                   10000000     ucrtd:ucrtbased.dll
 0000:ffff2000       .debug$S                   10000000     ucrtd:ucrtbased.dll
 0000:ffff2000       .debug$S                   10000000     ucrtd:ucrtbased.dll
 0000:ffff2000       .debug$S                   10000000     ucrtd:ucrtbased.dll
 0000:ffff2000       .debug$S                   10000000     ucrtd:ucrtbased.dll
 0000:ffff2000       .debug$S                   10000000     ucrtd:ucrtbased.dll
 0000:ffff2000       .debug$S                   10000000     ucrtd:ucrtbased.dll
 0000:ffff2000       .debug$S                   10000000     ucrtd:ucrtbased.dll
 0000:ffff2000       .debug$S                   10000000     ucrtd:ucrtbased.dll
 0000:ffff2000       .debug$S                   10000000     ucrtd:ucrtbased.dll
 0000:ffff2000       .debug$S                   10000000     ucrtd:ucrtbased.dll
 0000:ffff2000       .debug$S                   10000000     kernel32:KERNEL32.dll
 0000:ffff2000       .debug$S                   10000000     kernel32:KERNEL32.dll
 0000:ffff2000       .debug$S                   10000000     kernel32:KERNEL32.dll
 0000:ffff2000       .debug$S                   10000000     kernel32:KERNEL32.dll
 0000:ffff2000       .debug$S                   10000000     kernel32:KERNEL32.dll
 0000:ffff2000       .debug$S                   10000000     kernel32:KERNEL32.dll
 0000:ffff2000       .debug$S                   10000000     kernel32:KERNEL32.dll
 0000:ffff2000       .debug$S                   10000000     kernel32:KERNEL32.dll
 0000:ffff2000       .debug$S                   10000000     kernel32:KERNEL32.dll
 0000:ffff2000       .debug$S                   10000000     kernel32:KERNEL32.dll
 0000:ffff2000       .debug$S                   10000000     kernel32:KERNEL32.dll
 0000:ffff2000       .debug$S                   10000000     kernel32:KERNEL32.dll
 0000:ffff2000       .debug$S                   10000000     kernel32:KERNEL32.dll
 0000:ffff2000       .debug$S                   10000000     kernel32:KERNEL32.dll
 0000:ffff2000       .debug$S                   10000000     kernel32:KERNEL32.dll
 0000:ffff2000       .debug$S                   10000000     kernel32:KERNEL32.dll
 0000:ffff2000       .debug$S                   10000000     kernel32:KERNEL32.dll
 0000:ffff2000       .debug$S                   10000000     kernel32:KERNEL32.dll
 0000:ffff2000       .debug$S                   10000000     kernel32:KERNEL32.dll
 0000:ffff2000       .debug$S                   10000000     kernel32:KERNEL32.dll
 0000:ffff5000       __guard_fids___except_handler4 10000000     MSVCRTD:chandler4gs.obj
 0000:00000000       _volmd                     10000000     MSVCRTD:cpu_disp.obj
 0000:ffff5000       __guard_fids_?dllmain_dispatch@@YAHQAUHINSTANCE__@@KQAX@Z 10000000     MSVCRTD:dll_dllmain.obj
 0000:ffff5000       __guard_fids__             10000000     MSVCRTD:guard_support.obj
 0000:ffff5000       __guard_fids__             10000000     MSVCRTD:guard_support.obj
 0000:ffff5000       __guard_fids___guard_icall_checks_enforced 10000000     MSVCRTD:guard_support.obj
 0000:00000000       _volmd                     10000000     MSVCRTD:guard_support.obj
 0000:ffff5000       __guard_fids___CRT_RTC_INIT 10000000     MSVCRTD:init.obj
 0000:ffff5000       __guard_fids___CRT_RTC_INITW 10000000     MSVCRTD:init.obj
 0000:ffff5000       __guard_fids____scrt_set_unhandled_exception_filter 10000000     MSVCRTD:utility_desktop.obj
 0000:ffff2000       .debug$S                   10000000     vcruntimed:VCRUNTIME140D.dll
 0000:ffff2000       .debug$S                   10000000     vcruntimed:VCRUNTIME140D.dll
 0000:ffff2000       .debug$S                   10000000     vcruntimed:VCRUNTIME140D.dll
 0000:ffff2000       .debug$S                   10000000     vcruntimed:VCRUNTIME140D.dll
 0000:ffff2000       .debug$S                   10000000     vcruntimed:VCRUNTIME140D.dll
 0000:ffff2000       .debug$S                   10000000     vcruntimed:VCRUNTIME140D.dll
 0000:ffff2000       .debug$S                   10000000     vcruntimed:VCRUNTIME140D.dll
 0000:ffff2000       .debug$S                   10000000     vcruntimed:VCRUNTIME140D.dll
 0001:00000740       ?dllmain_crt_dispatch@@YGHQAUHINSTANCE__@@KQAX@Z 10001740 f   MSVCRTD:dll_dllmain.obj
 0001:000007ac       $LN11                      100017ac     MSVCRTD:dll_dllmain.obj
 0001:000007e0       ?dllmain_crt_process_attach@@YAHQAUHINSTANCE__@@QAX@Z 100017e0 f   MSVCRTD:dll_dllmain.obj
 0001:000009b0       ?dllmain_crt_process_detach@@YAH_N@Z 100019b0 f   MSVCRTD:dll_dllmain.obj
 0001:00000af0       ?dllmain_dispatch@@YAHQAUHINSTANCE__@@KQAX@Z 10001af0 f   MSVCRTD:dll_dllmain.obj
 0001:00000ce0       ?dllmain_raw@@YGHQAUHINSTANCE__@@KQAX@Z 10001ce0 f   MSVCRTD:dll_dllmain.obj
 0001:00000d90       ?DebuggerProbe@@YA_NK@Z    10001d90 f   MSVCRTD:error.obj
 0001:00000de0       ?DebuggerRuntime@@YA_NKHPAXPB_W@Z 10001de0 f   MSVCRTD:error.obj
 0001:000010b0       ?_getMemBlockDataString@@YAXPAD0PBDI@Z 100020b0 f   MSVCRTD:error.obj
 0001:00001150       ?_strlen_priv@@YAIPBD@Z    10002150 f   MSVCRTD:error.obj
 0001:00001170       ?failwithmessage@@YAXPAXHHPBD@Z 10002170 f   MSVCRTD:error.obj
 0001:00001420       ?notify_debugger@@YAXABUtagEXCEPTION_VISUALCPP_DEBUG_INFO@@@Z 10002420 f   MSVCRTD:error.obj
 0001:00001700       ___get_entropy             10002700 f   MSVCRTD:gs_support.obj
 0001:000018f0       ?find_pe_section@@YAPAU_IMAGE_SECTION_HEADER@@QAEI@Z 100028f0 f   MSVCRTD:utility.obj
 0001:000019b0       ?is_potentially_valid_image_base@@YA_NQAX@Z 100029b0 f   MSVCRTD:utility.obj
 0001:000024b0       ___castguard_check_failure_os_handled_wrapper 100034b0 f   MSVCRTD:guard_support.obj
 0001:00002520       ___castguard_check_failure_user_handled_wrapper 10003520 f   MSVCRTD:guard_support.obj
 0001:00002570       ___castguard_compat_check  10003570 f   MSVCRTD:guard_support.obj
 0001:00002730       ___castguard_slow_path_compat_check 10003730 f   MSVCRTD:guard_support.obj
 0001:000027c0       ?GetPdbDll@@YAPAUHINSTANCE__@@XZ 100037c0 f   MSVCRTD:pdblkup.obj
 0001:00002960       ?GetPdbDllFromInstallPath@@YAPAUHINSTANCE__@@XZ 10003960 f   MSVCRTD:pdblkup.obj
 0001:00002c00       ?GetPdbDllPathFromFilePath@@YAHPB_WPA_WI@Z 10003c00 f   MSVCRTD:pdblkup.obj
 0002:0000082c       ?_RTC_ErrorMessages@@3QBQBDB 1000682c     MSVCRTD:error.obj
 0002:00000844       ?_RTC_NoFalsePositives@@3QBHB 10006844     MSVCRTD:error.obj
 0002:0000085c       ?stack_premsg@@3QBDB       1000685c     MSVCRTD:error.obj
 0002:00000878       ?stack_postmsg@@3QBDB      10006878     MSVCRTD:error.obj
 0002:0000088c       ?uninit_premsg@@3QBDB      1000688c     MSVCRTD:error.obj
 0002:0000089c       ?uninit_postmsg@@3QBDB     1000689c     MSVCRTD:error.obj
 0002:00000ee8       ?_RTC_errlist@@3QBQBDB     10006ee8     MSVCRTD:userapi.obj
 0002:00000fcc       ?mspdbName@@3QB_WB         10006fcc     MSVCRTD:pdblkup.obj
 0002:00000ff0       ?debugCrtFileName@@3QB_WB  10006ff0     MSVCRTD:pdblkup.obj
 0002:00001180       ?dllExt@?1??GetPdbDllPathFromFilePath@@YAHPB_WPA_WI@Z@4QB_WB 10007180     MSVCRTD:pdblkup.obj
 0002:0000118c       ?mspdbFilename@?1??GetPdbDllPathFromFilePath@@YAHPB_WPA_WI@Z@4QB_WB 1000718c     MSVCRTD:pdblkup.obj
 0002:00001ae8       __RTC_InitBase.rtc$IMZ     10007ae8     terrainobjectdef.obj
 0002:00001df4       __RTC_Shutdown.rtc$TMZ     10007df4     terrainobjectdef.obj
 0002:00002000       __sehtable$?dllmain_crt_process_attach@@YAHQAUHINSTANCE__@@QAX@Z 10008000     MSVCRTD:dll_dllmain.obj
 0002:00002020       __sehtable$?dllmain_crt_process_detach@@YAH_N@Z 10008020     MSVCRTD:dll_dllmain.obj
 0002:00002050       __sehtable$?dllmain_dispatch@@YAHQAUHINSTANCE__@@KQAX@Z 10008050     MSVCRTD:dll_dllmain.obj
 0002:00002070       __sehtable$?notify_debugger@@YAXABUtagEXCEPTION_VISUALCPP_DEBUG_INFO@@@Z 10008070     MSVCRTD:error.obj
 0002:00002090       __sehtable$___scrt_is_nonwritable_in_current_image 10008090     MSVCRTD:utility.obj
 0002:000021d0       .edata                     100081d0     terrainobj.exp
 0002:000021f8       rgpv                       100081f8     terrainobj.exp
 0002:000021fc       rgszName                   100081fc     terrainobj.exp
 0002:00002200       rgwOrd                     10008200     terrainobj.exp
 0002:00002202       szName                     10008202     terrainobj.exp
 0002:00002211       $N00001                    10008211     terrainobj.exp
 0003:000001c0       ?init@?1??_RTC_InitBase@@9@4_NA 100091c0     MSVCRTD:init.obj
 0003:000001c4       ?__proc_attached@@3HA      100091c4     MSVCRTD:dll_dllmain.obj
 0003:000001d4       ?_RTC_ErrorReportFunc@@3P6AHHPBDH00ZZA 100091d4     MSVCRTD:userapi.obj
 0003:000001d8       ?_RTC_ErrorReportFuncW@@3P6AHHPB_WH00ZZA 100091d8     MSVCRTD:userapi.obj
 0003:00000204       ?is_initialized_as_dll@@3_NA 10009204     MSVCRTD:utility.obj
 0003:00000205       ?module_local_atexit_table_initialized@@3_NA 10009205     MSVCRTD:utility.obj
 0003:00000208       ?module_local_atexit_table@@3U_onexit_table_t@@A 10009208     MSVCRTD:utility.obj
 0003:00000214       ?module_local_at_quick_exit_table@@3U_onexit_table_t@@A 10009214     MSVCRTD:utility.obj
 0003:00000230       ?mspdb@@3PAUHINSTANCE__@@A 10009230     MSVCRTD:pdblkup.obj
 0003:00000234       ?alreadyTried@?1??GetPdbDll@@YAPAUHINSTANCE__@@XZ@4_NA 10009234     MSVCRTD:pdblkup.obj
 0003:00000235       ?PDBOK@?1??_RTC_GetSrcLine@@YAHPAEPA_WKPAH1K@Z@4_NA 10009235     MSVCRTD:pdblkup.obj
 0004:000003b6       .idata$6                   1000a3b6     jet3DClassic11d:Jet3DClassic11d.dll
 0004:00000490       .idata$6                   1000a490     vcruntimed:VCRUNTIME140D.dll
 0004:00000616       .idata$6                   1000a616     ucrtd:ucrtbased.dll
 0004:000007b6       .idata$6                   1000a7b6     kernel32:KERNEL32.dll
 0006:00000170       $R000000                   1000c170     * linker generated manifest res *
