c:\users\james\downloads\jstudio_classic_11_2023_source\jstudio_classic11_2023\source\tools\jminapp\debug\jminappclassic11d.pch
c:\users\james\downloads\jstudio_classic_11_2023_source\jstudio_classic11_2023\source\tools\jminapp\debug\vc145.pdb
c:\users\james\downloads\jstudio_classic_11_2023_source\jstudio_classic11_2023\source\tools\jminapp\debug\vc145.idb
c:\users\james\downloads\jstudio_classic_11_2023_source\jstudio_classic11_2023\source\tools\jminapp\debug\stdafx.obj
c:\users\james\downloads\jstudio_classic_11_2023_source\jstudio_classic11_2023\source\tools\jminapp\debug\jetview.obj
c:\users\james\downloads\jstudio_classic_11_2023_source\jstudio_classic11_2023\source\tools\jminapp\debug\jminapp.obj
c:\users\james\downloads\jstudio_classic_11_2023_source\jstudio_classic11_2023\source\tools\jminapp\debug\mainfrm.obj
c:\users\james\downloads\jstudio_classic_11_2023_source\jstudio_classic11_2023\bin\jminappclassic11d.exe
c:\users\james\downloads\jstudio_classic_11_2023_source\jstudio_classic11_2023\bin\jminappclassic11d.pdb
c:\users\james\downloads\jstudio_classic_11_2023_source\jstudio_classic11_2023\source\tools\jminapp\debug\jminapp.res
c:\users\james\downloads\jstudio_classic_11_2023_source\jstudio_classic11_2023\source\tools\jminapp\debug\jminappclassic11d.ilk
c:\users\james\downloads\jstudio_classic_11_2023_source\jstudio_classic11_2023\source\tools\jminapp\debug\jminappclassic11.tlog\cl.command.1.tlog
c:\users\james\downloads\jstudio_classic_11_2023_source\jstudio_classic11_2023\source\tools\jminapp\debug\jminappclassic11.tlog\cl.items.tlog
c:\users\james\downloads\jstudio_classic_11_2023_source\jstudio_classic11_2023\source\tools\jminapp\debug\jminappclassic11.tlog\cl.read.1.tlog
c:\users\james\downloads\jstudio_classic_11_2023_source\jstudio_classic11_2023\source\tools\jminapp\debug\jminappclassic11.tlog\cl.write.1.tlog
c:\users\james\downloads\jstudio_classic_11_2023_source\jstudio_classic11_2023\source\tools\jminapp\debug\jminappclassic11.tlog\link.command.1.tlog
c:\users\james\downloads\jstudio_classic_11_2023_source\jstudio_classic11_2023\source\tools\jminapp\debug\jminappclassic11.tlog\link.read.1.tlog
c:\users\james\downloads\jstudio_classic_11_2023_source\jstudio_classic11_2023\source\tools\jminapp\debug\jminappclassic11.tlog\link.secondary.1.tlog
c:\users\james\downloads\jstudio_classic_11_2023_source\jstudio_classic11_2023\source\tools\jminapp\debug\jminappclassic11.tlog\link.write.1.tlog
c:\users\james\downloads\jstudio_classic_11_2023_source\jstudio_classic11_2023\source\tools\jminapp\debug\jminappclassic11.tlog\rc.command.1.tlog
c:\users\james\downloads\jstudio_classic_11_2023_source\jstudio_classic11_2023\source\tools\jminapp\debug\jminappclassic11.tlog\rc.read.1.tlog
c:\users\james\downloads\jstudio_classic_11_2023_source\jstudio_classic11_2023\source\tools\jminapp\debug\jminappclassic11.tlog\rc.write.1.tlog
