d:\genesis and jet3d\jstudio_classic11_2023\source\tools\actorworkbench\release\jactorworkbenchclassic11.pch
d:\genesis and jet3d\jstudio_classic11_2023\source\tools\actorworkbench\release\vc143.pdb
d:\genesis and jet3d\jstudio_classic11_2023\source\tools\actorworkbench\release\stdafx.obj
d:\genesis and jet3d\jstudio_classic11_2023\source\tools\actorworkbench\release\toolbrowser.obj
d:\genesis and jet3d\jstudio_classic11_2023\source\tools\actorworkbench\release\mainfrm.obj
d:\genesis and jet3d\jstudio_classic11_2023\source\tools\actorworkbench\release\jet3dview.obj
d:\genesis and jet3d\jstudio_classic11_2023\source\tools\actorworkbench\release\actorworkbenchview.obj
d:\genesis and jet3d\jstudio_classic11_2023\source\tools\actorworkbench\release\actorworkbenchdoc.obj
d:\genesis and jet3d\jstudio_classic11_2023\source\tools\actorworkbench\release\actorworkbench.obj
d:\genesis and jet3d\jstudio_classic11_2023\bin\jactorworkbenchclassic11.exe
d:\genesis and jet3d\jstudio_classic11_2023\bin\jactorworkbenchclassic11.pdb
d:\genesis and jet3d\jstudio_classic11_2023\source\tools\actorworkbench\release\actorworkbench.res
d:\genesis and jet3d\jstudio_classic11_2023\source\tools\actorworkbench\release\jactorwo.69549287.tlog\cl.command.1.tlog
d:\genesis and jet3d\jstudio_classic11_2023\source\tools\actorworkbench\release\jactorwo.69549287.tlog\cl.read.1.tlog
d:\genesis and jet3d\jstudio_classic11_2023\source\tools\actorworkbench\release\jactorwo.69549287.tlog\cl.write.1.tlog
d:\genesis and jet3d\jstudio_classic11_2023\source\tools\actorworkbench\release\jactorwo.69549287.tlog\link.command.1.tlog
d:\genesis and jet3d\jstudio_classic11_2023\source\tools\actorworkbench\release\jactorwo.69549287.tlog\link.read.1.tlog
d:\genesis and jet3d\jstudio_classic11_2023\source\tools\actorworkbench\release\jactorwo.69549287.tlog\link.write.1.tlog
d:\genesis and jet3d\jstudio_classic11_2023\source\tools\actorworkbench\release\jactorwo.69549287.tlog\rc.command.1.tlog
d:\genesis and jet3d\jstudio_classic11_2023\source\tools\actorworkbench\release\jactorwo.69549287.tlog\rc.read.1.tlog
d:\genesis and jet3d\jstudio_classic11_2023\source\tools\actorworkbench\release\jactorwo.69549287.tlog\rc.write.1.tlog
