d:\genesis and jet3d\jstudio_classic11_2023\bin\jminappclassic11.bsc
d:\genesis and jet3d\jstudio_classic11_2023\source\tools\jminapp\release\jminappclassic11.pch
d:\genesis and jet3d\jstudio_classic11_2023\source\tools\jminapp\release\vc143.pdb
d:\genesis and jet3d\jstudio_classic11_2023\source\tools\jminapp\release\stdafx.sbr
d:\genesis and jet3d\jstudio_classic11_2023\source\tools\jminapp\release\stdafx.obj
d:\genesis and jet3d\jstudio_classic11_2023\source\tools\jminapp\release\jetview.sbr
d:\genesis and jet3d\jstudio_classic11_2023\source\tools\jminapp\release\jminapp.sbr
d:\genesis and jet3d\jstudio_classic11_2023\source\tools\jminapp\release\mainfrm.sbr
d:\genesis and jet3d\jstudio_classic11_2023\source\tools\jminapp\release\mainfrm.obj
d:\genesis and jet3d\jstudio_classic11_2023\source\tools\jminapp\release\jminapp.obj
d:\genesis and jet3d\jstudio_classic11_2023\source\tools\jminapp\release\jetview.obj
d:\genesis and jet3d\jstudio_classic11_2023\bin\jminappclassic11.exe
d:\genesis and jet3d\jstudio_classic11_2023\bin\jminappclassic11.pdb
d:\genesis and jet3d\jstudio_classic11_2023\source\tools\jminapp\release\jminapp.res
d:\genesis and jet3d\jstudio_classic11_2023\source\tools\jminapp\release\jminappclassic11.tlog\bscmake.command.1.tlog
d:\genesis and jet3d\jstudio_classic11_2023\source\tools\jminapp\release\jminappclassic11.tlog\bscmake.read.1.tlog
d:\genesis and jet3d\jstudio_classic11_2023\source\tools\jminapp\release\jminappclassic11.tlog\bscmake.write.1.tlog
d:\genesis and jet3d\jstudio_classic11_2023\source\tools\jminapp\release\jminappclassic11.tlog\cl.command.1.tlog
d:\genesis and jet3d\jstudio_classic11_2023\source\tools\jminapp\release\jminappclassic11.tlog\cl.read.1.tlog
d:\genesis and jet3d\jstudio_classic11_2023\source\tools\jminapp\release\jminappclassic11.tlog\cl.write.1.tlog
d:\genesis and jet3d\jstudio_classic11_2023\source\tools\jminapp\release\jminappclassic11.tlog\link.command.1.tlog
d:\genesis and jet3d\jstudio_classic11_2023\source\tools\jminapp\release\jminappclassic11.tlog\link.read.1.tlog
d:\genesis and jet3d\jstudio_classic11_2023\source\tools\jminapp\release\jminappclassic11.tlog\link.write.1.tlog
d:\genesis and jet3d\jstudio_classic11_2023\source\tools\jminapp\release\jminappclassic11.tlog\rc.command.1.tlog
d:\genesis and jet3d\jstudio_classic11_2023\source\tools\jminapp\release\jminappclassic11.tlog\rc.read.1.tlog
d:\genesis and jet3d\jstudio_classic11_2023\source\tools\jminapp\release\jminappclassic11.tlog\rc.write.1.tlog
