=======================================================
Date: 11/21/2025, Time: 13:45
Compiled : Apr 15 2023,23:26:48
---------- total:
Frames = 2; Cache Types = 3; slots created/destroyed = 0/0
tex misses = 0/0 , lmap misses = 0/0
---------- per frame:
update = 0.000008 secs, mip bias = 1.000000 avg/1.000000 max
mem = 1072732878.000000 card/0.000000 slots/0.000000 sought
=======================================================
Date: 11/21/2025, Time: 13:45
Compiled : Apr 15 2023,23:26:48
---------- total:
Frames = 2; Cache Types = 3; slots created/destroyed = 0/0
tex misses = 0/0 , lmap misses = 0/0
---------- per frame:
update = 0.000008 secs, mip bias = 1.000000 avg/1.000000 max
mem = 1072732878.000000 card/0.000000 slots/0.000000 sought
=======================================================
Date: 11/21/2025, Time: 13:45
Compiled : Apr 15 2023,23:26:48
---------- total:
Frames = 3; Cache Types = 3; slots created/destroyed = 0/0
tex misses = 0/0 , lmap misses = 0/0
---------- per frame:
update = 0.000007 secs, mip bias = 1.000000 avg/1.000000 max
mem = 356906765.333333 card/0.000000 slots/0.000000 sought
=======================================================
Date: 11/21/2025, Time: 13:45
Compiled : Apr 15 2023,23:26:48
---------- total:
Frames = 3; Cache Types = 3; slots created/destroyed = 0/0
tex misses = 0/0 , lmap misses = 0/0
---------- per frame:
update = 0.000007 secs, mip bias = 1.000000 avg/1.000000 max
mem = 356906765.333333 card/0.000000 slots/0.000000 sought
=======================================================
Date: 11/21/2025, Time: 13:45
Compiled : Apr 15 2023,23:26:48
---------- total:
Frames = 4; Cache Types = 3; slots created/destroyed = 0/0
tex misses = 0/0 , lmap misses = 0/0
---------- per frame:
update = 0.000006 secs, mip bias = 1.000000 avg/1.000000 max
mem = -1006291.000000 card/0.000000 slots/0.000000 sought
=======================================================
Date: 11/21/2025, Time: 13:45
Compiled : Apr 15 2023,23:26:48
---------- total:
Frames = 4; Cache Types = 3; slots created/destroyed = 0/0
tex misses = 0/0 , lmap misses = 0/0
---------- per frame:
update = 0.000006 secs, mip bias = 1.000000 avg/1.000000 max
mem = -1006291.000000 card/0.000000 slots/0.000000 sought
=======================================================
Date: 11/21/2025, Time: 13:45
Compiled : Apr 15 2023,23:26:48
---------- total:
Frames = 5; Cache Types = 3; slots created/destroyed = 0/0
tex misses = 0/0 , lmap misses = 0/0
---------- per frame:
update = 0.000005 secs, mip bias = 1.000000 avg/1.000000 max
mem = -215754124.800000 card/0.000000 slots/0.000000 sought
=======================================================
Date: 11/21/2025, Time: 13:45
Compiled : Apr 15 2023,23:26:48
---------- total:
Frames = 5; Cache Types = 3; slots created/destroyed = 0/0
tex misses = 0/0 , lmap misses = 0/0
---------- per frame:
update = 0.000005 secs, mip bias = 1.000000 avg/1.000000 max
mem = -215754124.800000 card/0.000000 slots/0.000000 sought
=======================================================
Date: 11/21/2025, Time: 13:45
Compiled : Apr 15 2023,23:26:48
---------- total:
Frames = 6; Cache Types = 3; slots created/destroyed = 0/0
tex misses = 0/0 , lmap misses = 0/0
---------- per frame:
update = 0.000005 secs, mip bias = 1.000000 avg/1.000000 max
mem = 356908535.333333 card/0.000000 slots/0.000000 sought
=======================================================
Date: 11/21/2025, Time: 13:45
Compiled : Apr 15 2023,23:26:48
---------- total:
Frames = 6; Cache Types = 3; slots created/destroyed = 0/0
tex misses = 0/0 , lmap misses = 0/0
---------- per frame:
update = 0.000005 secs, mip bias = 1.000000 avg/1.000000 max
mem = 356908535.333333 card/0.000000 slots/0.000000 sought
=======================================================
Date: 11/21/2025, Time: 13:45
Compiled : Apr 15 2023,23:26:48
---------- total:
Frames = 7; Cache Types = 3; slots created/destroyed = 0/0
tex misses = 0/0 , lmap misses = 0/0
---------- per frame:
update = 0.000004 secs, mip bias = 1.000000 avg/1.000000 max
mem = 152386536.000000 card/0.000000 slots/0.000000 sought
=======================================================
Date: 11/21/2025, Time: 13:45
Compiled : Apr 15 2023,23:26:48
---------- total:
Frames = 7; Cache Types = 3; slots created/destroyed = 0/0
tex misses = 0/0 , lmap misses = 0/0
---------- per frame:
update = 0.000004 secs, mip bias = 1.000000 avg/1.000000 max
mem = 152386536.000000 card/0.000000 slots/0.000000 sought
=======================================================
Date: 11/21/2025, Time: 13:45
Compiled : Apr 15 2023,23:26:48
---------- total:
Frames = 8; Cache Types = 3; slots created/destroyed = 0/0
tex misses = 0/0 , lmap misses = 0/0
---------- per frame:
update = 0.000004 secs, mip bias = 1.000000 avg/1.000000 max
mem = -1004963.500000 card/0.000000 slots/0.000000 sought
=======================================================
Date: 11/21/2025, Time: 13:45
Compiled : Apr 15 2023,23:26:48
---------- total:
Frames = 8; Cache Types = 3; slots created/destroyed = 0/0
tex misses = 0/0 , lmap misses = 0/0
---------- per frame:
update = 0.000004 secs, mip bias = 1.000000 avg/1.000000 max
mem = -1004963.500000 card/0.000000 slots/0.000000 sought
=======================================================
Date: 11/21/2025, Time: 13:45
Compiled : Apr 15 2023,23:26:48
---------- total:
Frames = 8; Cache Types = 3; slots created/destroyed = 0/0
tex misses = 0/0 , lmap misses = 0/0
---------- per frame:
update = 0.000004 secs, mip bias = 1.000000 avg/1.000000 max
mem = -1004963.500000 card/0.000000 slots/0.000000 sought
=======================================================
Date: 11/21/2025, Time: 13:45
Compiled : Apr 15 2023,23:26:48
---------- total:
Frames = 8; Cache Types = 3; slots created/destroyed = 0/0
tex misses = 0/0 , lmap misses = 0/0
---------- per frame:
update = 0.000004 secs, mip bias = 1.000000 avg/1.000000 max
mem = -1004963.500000 card/0.000000 slots/0.000000 sought
=======================================================
Date: 11/21/2025, Time: 13:45
Compiled : Apr 15 2023,23:26:48
---------- total:
Frames = 9; Cache Types = 3; slots created/destroyed = 0/0
tex misses = 0/0 , lmap misses = 0/0
---------- per frame:
update = 0.000004 secs, mip bias = 1.000000 avg/1.000000 max
mem = -120310523.111111 card/0.000000 slots/0.000000 sought
=======================================================
Date: 11/21/2025, Time: 13:45
Compiled : Apr 15 2023,23:26:48
---------- total:
Frames = 9; Cache Types = 3; slots created/destroyed = 0/0
tex misses = 0/0 , lmap misses = 0/0
---------- per frame:
update = 0.000004 secs, mip bias = 1.000000 avg/1.000000 max
mem = -120310523.111111 card/0.000000 slots/0.000000 sought
=======================================================
Date: 11/21/2025, Time: 13:45
Compiled : Apr 15 2023,23:26:48
---------- total:
Frames = 9; Cache Types = 3; slots created/destroyed = 0/0
tex misses = 0/0 , lmap misses = 0/0
---------- per frame:
update = 0.000004 secs, mip bias = 1.000000 avg/1.000000 max
mem = -120310520.000000 card/0.000000 slots/0.000000 sought
=======================================================
Date: 11/21/2025, Time: 13:45
Compiled : Apr 15 2023,23:26:48
---------- total:
Frames = 9; Cache Types = 3; slots created/destroyed = 0/0
tex misses = 0/0 , lmap misses = 0/0
---------- per frame:
update = 0.000004 secs, mip bias = 1.000000 avg/1.000000 max
mem = -120310520.000000 card/0.000000 slots/0.000000 sought
=======================================================
Date: 11/21/2025, Time: 13:45
Compiled : Apr 15 2023,23:26:48
---------- total:
Frames = 9; Cache Types = 3; slots created/destroyed = 0/0
tex misses = 0/0 , lmap misses = 0/0
---------- per frame:
update = 0.000004 secs, mip bias = 1.000000 avg/1.000000 max
mem = -120310520.000000 card/0.000000 slots/0.000000 sought
=======================================================
Date: 11/21/2025, Time: 13:45
Compiled : Apr 15 2023,23:26:48
---------- total:
Frames = 9; Cache Types = 3; slots created/destroyed = 0/0
tex misses = 0/0 , lmap misses = 0/0
---------- per frame:
update = 0.000004 secs, mip bias = 1.000000 avg/1.000000 max
mem = -120310520.000000 card/0.000000 slots/0.000000 sought
=======================================================
Date: 11/21/2025, Time: 13:49
Compiled : Apr 15 2023,23:26:48
---------- total:
Frames = 245; Cache Types = 6; slots created/destroyed = 0/0
tex misses = 0/0 , lmap misses = 0/0
---------- per frame:
update = 0.000007 secs, mip bias = 4.298980 avg/5.000000 max
mem = -6474658.236735 card/0.000000 slots/0.000000 sought
=======================================================
Date: 11/21/2025, Time: 13:49
Compiled : Apr 15 2023,23:26:48
---------- total:
Frames = 245; Cache Types = 6; slots created/destroyed = 0/0
tex misses = 0/0 , lmap misses = 0/0
---------- per frame:
update = 0.000007 secs, mip bias = 4.298980 avg/5.000000 max
mem = -6474658.236735 card/0.000000 slots/0.000000 sought
=======================================================
Date: 11/21/2025, Time: 13:50
Compiled : Apr 15 2023,23:26:48
---------- total:
Frames = 245; Cache Types = 6; slots created/destroyed = 0/0
tex misses = 0/0 , lmap misses = 0/0
---------- per frame:
update = 0.000007 secs, mip bias = 4.298980 avg/5.000000 max
mem = -6474658.000000 card/0.000000 slots/0.000000 sought
=======================================================
Date: 11/21/2025, Time: 13:50
Compiled : Apr 15 2023,23:26:48
---------- total:
Frames = 245; Cache Types = 6; slots created/destroyed = 0/0
tex misses = 0/0 , lmap misses = 0/0
---------- per frame:
update = 0.000007 secs, mip bias = 4.298980 avg/5.000000 max
mem = -6474658.000000 card/0.000000 slots/0.000000 sought
=======================================================
Date: 11/22/2025, Time: 0:14
Compiled : Nov 21 2025,19:07:56
---------- total:
Frames = 1218; Cache Types = 3; slots created/destroyed = 0/0
tex misses = 0/0 , lmap misses = 0/0
---------- per frame:
update = 0.000005 secs, mip bias = 4.885263 avg/5.000000 max
mem = 759478.144499 card/0.000000 slots/0.000000 sought
=======================================================
Date: 11/22/2025, Time: 0:14
Compiled : Nov 21 2025,19:07:56
---------- total:
Frames = 1218; Cache Types = 3; slots created/destroyed = 0/0
tex misses = 0/0 , lmap misses = 0/0
---------- per frame:
update = 0.000005 secs, mip bias = 4.885263 avg/5.000000 max
mem = 759478.144499 card/0.000000 slots/0.000000 sought
=======================================================
Date: 11/22/2025, Time: 0:14
Compiled : Nov 21 2025,19:07:56
---------- total:
Frames = 1218; Cache Types = 3; slots created/destroyed = 0/0
tex misses = 0/0 , lmap misses = 0/0
---------- per frame:
update = 0.000005 secs, mip bias = 4.885263 avg/5.000000 max
mem = 759478.144499 card/0.000000 slots/0.000000 sought
=======================================================
Date: 11/22/2025, Time: 0:14
Compiled : Nov 21 2025,19:07:56
---------- total:
Frames = 1218; Cache Types = 3; slots created/destroyed = 0/0
tex misses = 0/0 , lmap misses = 0/0
---------- per frame:
update = 0.000005 secs, mip bias = 4.885263 avg/5.000000 max
mem = 759478.144499 card/0.000000 slots/0.000000 sought
=======================================================
Date: 11/22/2025, Time: 0:14
Compiled : Nov 21 2025,19:07:56
---------- total:
Frames = 1218; Cache Types = 3; slots created/destroyed = 0/0
tex misses = 0/0 , lmap misses = 0/0
---------- per frame:
update = 0.000005 secs, mip bias = 4.885263 avg/5.000000 max
mem = 759478.144499 card/0.000000 slots/0.000000 sought
=======================================================
Date: 11/22/2025, Time: 0:14
Compiled : Nov 21 2025,19:07:56
---------- total:
Frames = 1218; Cache Types = 3; slots created/destroyed = 0/0
tex misses = 0/0 , lmap misses = 0/0
---------- per frame:
update = 0.000005 secs, mip bias = 4.885263 avg/5.000000 max
mem = 759478.144499 card/0.000000 slots/0.000000 sought
=======================================================
Date: 11/22/2025, Time: 0:15
Compiled : Nov 21 2025,19:07:56
---------- total:
Frames = 1219; Cache Types = 3; slots created/destroyed = 0/0
tex misses = 0/0 , lmap misses = 0/0
---------- per frame:
update = 0.000005 secs, mip bias = 4.882075 avg/5.000000 max
mem = -123733.309270 card/0.000000 slots/0.000000 sought
=======================================================
Date: 11/22/2025, Time: 0:15
Compiled : Nov 21 2025,19:07:56
---------- total:
Frames = 1219; Cache Types = 3; slots created/destroyed = 0/0
tex misses = 0/0 , lmap misses = 0/0
---------- per frame:
update = 0.000005 secs, mip bias = 4.882075 avg/5.000000 max
mem = -123733.309270 card/0.000000 slots/0.000000 sought
=======================================================
Date: 11/22/2025, Time: 0:15
Compiled : Nov 21 2025,19:07:56
---------- total:
Frames = 1219; Cache Types = 3; slots created/destroyed = 0/0
tex misses = 0/0 , lmap misses = 0/0
---------- per frame:
update = 0.000005 secs, mip bias = 4.882075 avg/5.000000 max
mem = -123733.309270 card/0.000000 slots/0.000000 sought
=======================================================
Date: 11/22/2025, Time: 0:15
Compiled : Nov 21 2025,19:07:56
---------- total:
Frames = 1219; Cache Types = 3; slots created/destroyed = 0/0
tex misses = 0/0 , lmap misses = 0/0
---------- per frame:
update = 0.000005 secs, mip bias = 4.882075 avg/5.000000 max
mem = -123733.309270 card/0.000000 slots/0.000000 sought
=======================================================
Date: 11/22/2025, Time: 0:15
Compiled : Nov 21 2025,19:07:56
---------- total:
Frames = 1219; Cache Types = 3; slots created/destroyed = 0/0
tex misses = 0/0 , lmap misses = 0/0
---------- per frame:
update = 0.000005 secs, mip bias = 4.882075 avg/5.000000 max
mem = -123733.309270 card/0.000000 slots/0.000000 sought
=======================================================
Date: 11/22/2025, Time: 0:15
Compiled : Nov 21 2025,19:07:56
---------- total:
Frames = 1219; Cache Types = 3; slots created/destroyed = 0/0
tex misses = 0/0 , lmap misses = 0/0
---------- per frame:
update = 0.000005 secs, mip bias = 4.882075 avg/5.000000 max
mem = -123733.309270 card/0.000000 slots/0.000000 sought
=======================================================
Date: 11/22/2025, Time: 0:15
Compiled : Nov 21 2025,19:07:56
---------- total:
Frames = 1271; Cache Types = 3; slots created/destroyed = 0/0
tex misses = 0/0 , lmap misses = 0/0
---------- per frame:
update = 0.000004 secs, mip bias = 4.784815 avg/5.000000 max
mem = -791665.441385 card/0.000000 slots/0.000000 sought
=======================================================
Date: 11/22/2025, Time: 0:15
Compiled : Nov 21 2025,19:07:56
---------- total:
Frames = 1271; Cache Types = 3; slots created/destroyed = 0/0
tex misses = 0/0 , lmap misses = 0/0
---------- per frame:
update = 0.000004 secs, mip bias = 4.784815 avg/5.000000 max
mem = -791665.441385 card/0.000000 slots/0.000000 sought
=======================================================
Date: 11/22/2025, Time: 0:15
Compiled : Nov 21 2025,19:07:56
---------- total:
Frames = 1271; Cache Types = 3; slots created/destroyed = 0/0
tex misses = 0/0 , lmap misses = 0/0
---------- per frame:
update = 0.000004 secs, mip bias = 4.784815 avg/5.000000 max
mem = -791665.441385 card/0.000000 slots/0.000000 sought
=======================================================
Date: 11/22/2025, Time: 0:15
Compiled : Nov 21 2025,19:07:56
---------- total:
Frames = 1271; Cache Types = 3; slots created/destroyed = 0/0
tex misses = 0/0 , lmap misses = 0/0
---------- per frame:
update = 0.000004 secs, mip bias = 4.784815 avg/5.000000 max
mem = -791665.441385 card/0.000000 slots/0.000000 sought
=======================================================
Date: 11/22/2025, Time: 0:15
Compiled : Nov 21 2025,19:07:56
---------- total:
Frames = 1271; Cache Types = 3; slots created/destroyed = 0/0
tex misses = 0/0 , lmap misses = 0/0
---------- per frame:
update = 0.000004 secs, mip bias = 4.784815 avg/5.000000 max
mem = -791665.441385 card/0.000000 slots/0.000000 sought
=======================================================
Date: 11/22/2025, Time: 0:15
Compiled : Nov 21 2025,19:07:56
---------- total:
Frames = 1271; Cache Types = 3; slots created/destroyed = 0/0
tex misses = 0/0 , lmap misses = 0/0
---------- per frame:
update = 0.000004 secs, mip bias = 4.784815 avg/5.000000 max
mem = -791665.441385 card/0.000000 slots/0.000000 sought
=======================================================
Date: 11/22/2025, Time: 0:15
Compiled : Nov 21 2025,19:07:56
---------- total:
Frames = 1271; Cache Types = 3; slots created/destroyed = 0/0
tex misses = 0/0 , lmap misses = 0/0
---------- per frame:
update = 0.000004 secs, mip bias = 4.784815 avg/5.000000 max
mem = -791665.441385 card/0.000000 slots/0.000000 sought
=======================================================
Date: 11/22/2025, Time: 0:15
Compiled : Nov 21 2025,19:07:56
---------- total:
Frames = 1271; Cache Types = 3; slots created/destroyed = 0/0
tex misses = 0/0 , lmap misses = 0/0
---------- per frame:
update = 0.000004 secs, mip bias = 4.784815 avg/5.000000 max
mem = -791665.441385 card/0.000000 slots/0.000000 sought
=======================================================
Date: 11/22/2025, Time: 0:16
Compiled : Nov 21 2025,19:07:56
---------- total:
Frames = 3437; Cache Types = 3; slots created/destroyed = 0/0
tex misses = 0/0 , lmap misses = 0/0
---------- per frame:
update = 0.000003 secs, mip bias = 4.880928 avg/5.000000 max
mem = -37439.550771 card/0.000000 slots/0.000000 sought
=======================================================
Date: 11/22/2025, Time: 0:16
Compiled : Nov 21 2025,19:07:56
---------- total:
Frames = 3437; Cache Types = 3; slots created/destroyed = 0/0
tex misses = 0/0 , lmap misses = 0/0
---------- per frame:
update = 0.000003 secs, mip bias = 4.880928 avg/5.000000 max
mem = -37439.550771 card/0.000000 slots/0.000000 sought
=======================================================
Date: 11/22/2025, Time: 0:16
Compiled : Nov 21 2025,19:07:56
---------- total:
Frames = 3438; Cache Types = 3; slots created/destroyed = 0/0
tex misses = 0/0 , lmap misses = 0/0
---------- per frame:
update = 0.000003 secs, mip bias = 4.879799 avg/5.000000 max
mem = -350365.043630 card/0.000000 slots/0.000000 sought
=======================================================
Date: 11/22/2025, Time: 0:16
Compiled : Nov 21 2025,19:07:56
---------- total:
Frames = 3438; Cache Types = 3; slots created/destroyed = 0/0
tex misses = 0/0 , lmap misses = 0/0
---------- per frame:
update = 0.000003 secs, mip bias = 4.879799 avg/5.000000 max
mem = -350365.043630 card/0.000000 slots/0.000000 sought
=======================================================
Date: 11/22/2025, Time: 0:16
Compiled : Nov 21 2025,19:07:56
---------- total:
Frames = 3438; Cache Types = 3; slots created/destroyed = 0/0
tex misses = 0/0 , lmap misses = 0/0
---------- per frame:
update = 0.000003 secs, mip bias = 4.879799 avg/5.000000 max
mem = -350365.043630 card/0.000000 slots/0.000000 sought
=======================================================
Date: 11/22/2025, Time: 0:16
Compiled : Nov 21 2025,19:07:56
---------- total:
Frames = 3438; Cache Types = 3; slots created/destroyed = 0/0
tex misses = 0/0 , lmap misses = 0/0
---------- per frame:
update = 0.000003 secs, mip bias = 4.879799 avg/5.000000 max
mem = -350365.043630 card/0.000000 slots/0.000000 sought
=======================================================
Date: 11/22/2025, Time: 0:16
Compiled : Nov 21 2025,19:07:56
---------- total:
Frames = 3438; Cache Types = 3; slots created/destroyed = 0/0
tex misses = 0/0 , lmap misses = 0/0
---------- per frame:
update = 0.000003 secs, mip bias = 4.879799 avg/5.000000 max
mem = -350365.043630 card/0.000000 slots/0.000000 sought
=======================================================
Date: 11/22/2025, Time: 0:16
Compiled : Nov 21 2025,19:07:56
---------- total:
Frames = 3438; Cache Types = 3; slots created/destroyed = 0/0
tex misses = 0/0 , lmap misses = 0/0
---------- per frame:
update = 0.000003 secs, mip bias = 4.879799 avg/5.000000 max
mem = -350365.043630 card/0.000000 slots/0.000000 sought
=======================================================
Date: 11/22/2025, Time: 0:16
Compiled : Nov 21 2025,19:07:56
---------- total:
Frames = 3438; Cache Types = 3; slots created/destroyed = 0/0
tex misses = 0/0 , lmap misses = 0/0
---------- per frame:
update = 0.000003 secs, mip bias = 4.879799 avg/5.000000 max
mem = -350365.043630 card/0.000000 slots/0.000000 sought
=======================================================
Date: 11/22/2025, Time: 0:16
Compiled : Nov 21 2025,19:07:56
---------- total:
Frames = 3438; Cache Types = 3; slots created/destroyed = 0/0
tex misses = 0/0 , lmap misses = 0/0
---------- per frame:
update = 0.000003 secs, mip bias = 4.879799 avg/5.000000 max
mem = -350365.043630 card/0.000000 slots/0.000000 sought
=======================================================
Date: 11/22/2025, Time: 0:17
Compiled : Nov 21 2025,19:07:56
---------- total:
Frames = 3455; Cache Types = 6; slots created/destroyed = 0/0
tex misses = 0/0 , lmap misses = 0/0
---------- per frame:
update = 0.000003 secs, mip bias = 4.862808 avg/5.000000 max
mem = 573198.735745 card/0.000000 slots/0.000000 sought
=======================================================
Date: 11/22/2025, Time: 0:17
Compiled : Nov 21 2025,19:07:56
---------- total:
Frames = 3455; Cache Types = 6; slots created/destroyed = 0/0
tex misses = 0/0 , lmap misses = 0/0
---------- per frame:
update = 0.000003 secs, mip bias = 4.862808 avg/5.000000 max
mem = 573198.735745 card/0.000000 slots/0.000000 sought
=======================================================
Date: 11/22/2025, Time: 0:17
Compiled : Nov 21 2025,19:07:56
---------- total:
Frames = 3506; Cache Types = 6; slots created/destroyed = 0/0
tex misses = 0/0 , lmap misses = 0/0
---------- per frame:
update = 0.000003 secs, mip bias = 4.828080 avg/5.000000 max
mem = -593197.426127 card/0.000000 slots/0.000000 sought
=======================================================
Date: 11/22/2025, Time: 0:17
Compiled : Nov 21 2025,19:07:56
---------- total:
Frames = 3506; Cache Types = 6; slots created/destroyed = 0/0
tex misses = 0/0 , lmap misses = 0/0
---------- per frame:
update = 0.000003 secs, mip bias = 4.828080 avg/5.000000 max
mem = -593197.426127 card/0.000000 slots/0.000000 sought
=======================================================
Date: 11/22/2025, Time: 0:17
Compiled : Nov 21 2025,19:07:56
---------- total:
Frames = 3506; Cache Types = 6; slots created/destroyed = 0/0
tex misses = 0/0 , lmap misses = 0/0
---------- per frame:
update = 0.000003 secs, mip bias = 4.828080 avg/5.000000 max
mem = -593197.426127 card/0.000000 slots/0.000000 sought
=======================================================
Date: 11/22/2025, Time: 0:17
Compiled : Nov 21 2025,19:07:56
---------- total:
Frames = 3506; Cache Types = 6; slots created/destroyed = 0/0
tex misses = 0/0 , lmap misses = 0/0
---------- per frame:
update = 0.000003 secs, mip bias = 4.828080 avg/5.000000 max
mem = -593197.426127 card/0.000000 slots/0.000000 sought
=======================================================
Date: 11/22/2025, Time: 0:17
Compiled : Nov 21 2025,19:07:56
---------- total:
Frames = 3506; Cache Types = 6; slots created/destroyed = 0/0
tex misses = 0/0 , lmap misses = 0/0
---------- per frame:
update = 0.000003 secs, mip bias = 4.828080 avg/5.000000 max
mem = -593197.426127 card/0.000000 slots/0.000000 sought
=======================================================
Date: 11/22/2025, Time: 0:17
Compiled : Nov 21 2025,19:07:56
---------- total:
Frames = 3506; Cache Types = 6; slots created/destroyed = 0/0
tex misses = 0/0 , lmap misses = 0/0
---------- per frame:
update = 0.000003 secs, mip bias = 4.828080 avg/5.000000 max
mem = -593197.426127 card/0.000000 slots/0.000000 sought
=======================================================
Date: 11/22/2025, Time: 0:17
Compiled : Nov 21 2025,19:07:56
---------- total:
Frames = 3506; Cache Types = 6; slots created/destroyed = 0/0
tex misses = 0/0 , lmap misses = 0/0
---------- per frame:
update = 0.000003 secs, mip bias = 4.828080 avg/5.000000 max
mem = -593197.426127 card/0.000000 slots/0.000000 sought
=======================================================
Date: 11/22/2025, Time: 0:17
Compiled : Nov 21 2025,19:07:56
---------- total:
Frames = 3506; Cache Types = 6; slots created/destroyed = 0/0
tex misses = 0/0 , lmap misses = 0/0
---------- per frame:
update = 0.000003 secs, mip bias = 4.828080 avg/5.000000 max
mem = -593197.426127 card/0.000000 slots/0.000000 sought
=======================================================
Date: 11/22/2025, Time: 0:17
Compiled : Nov 21 2025,19:07:56
---------- total:
Frames = 4960; Cache Types = 6; slots created/destroyed = 0/0
tex misses = 0/0 , lmap misses = 0/0
---------- per frame:
update = 0.000004 secs, mip bias = 4.851109 avg/5.000000 max
mem = 387079.012903 card/0.000000 slots/0.000000 sought
=======================================================
Date: 11/22/2025, Time: 0:17
Compiled : Nov 21 2025,19:07:56
---------- total:
Frames = 4960; Cache Types = 6; slots created/destroyed = 0/0
tex misses = 0/0 , lmap misses = 0/0
---------- per frame:
update = 0.000004 secs, mip bias = 4.851109 avg/5.000000 max
mem = 387079.012903 card/0.000000 slots/0.000000 sought
=======================================================
Date: 11/22/2025, Time: 0:17
Compiled : Nov 21 2025,19:07:56
---------- total:
Frames = 4961; Cache Types = 6; slots created/destroyed = 0/0
tex misses = 0/0 , lmap misses = 0/0
---------- per frame:
update = 0.000004 secs, mip bias = 4.850333 avg/5.000000 max
mem = 170134.372102 card/0.000000 slots/0.000000 sought
=======================================================
Date: 11/22/2025, Time: 0:17
Compiled : Nov 21 2025,19:07:56
---------- total:
Frames = 4961; Cache Types = 6; slots created/destroyed = 0/0
tex misses = 0/0 , lmap misses = 0/0
---------- per frame:
update = 0.000004 secs, mip bias = 4.850333 avg/5.000000 max
mem = 170134.372102 card/0.000000 slots/0.000000 sought
=======================================================
Date: 11/22/2025, Time: 0:17
Compiled : Nov 21 2025,19:07:56
---------- total:
Frames = 4961; Cache Types = 6; slots created/destroyed = 0/0
tex misses = 0/0 , lmap misses = 0/0
---------- per frame:
update = 0.000004 secs, mip bias = 4.850333 avg/5.000000 max
mem = 170134.372102 card/0.000000 slots/0.000000 sought
=======================================================
Date: 11/22/2025, Time: 0:17
Compiled : Nov 21 2025,19:07:56
---------- total:
Frames = 4961; Cache Types = 6; slots created/destroyed = 0/0
tex misses = 0/0 , lmap misses = 0/0
---------- per frame:
update = 0.000004 secs, mip bias = 4.850333 avg/5.000000 max
mem = 170134.372102 card/0.000000 slots/0.000000 sought
=======================================================
Date: 11/22/2025, Time: 0:17
Compiled : Nov 21 2025,19:07:56
---------- total:
Frames = 4961; Cache Types = 6; slots created/destroyed = 0/0
tex misses = 0/0 , lmap misses = 0/0
---------- per frame:
update = 0.000004 secs, mip bias = 4.850333 avg/5.000000 max
mem = 170134.372102 card/0.000000 slots/0.000000 sought
=======================================================
Date: 11/22/2025, Time: 0:17
Compiled : Nov 21 2025,19:07:56
---------- total:
Frames = 4961; Cache Types = 6; slots created/destroyed = 0/0
tex misses = 0/0 , lmap misses = 0/0
---------- per frame:
update = 0.000004 secs, mip bias = 4.850333 avg/5.000000 max
mem = 170134.372102 card/0.000000 slots/0.000000 sought
=======================================================
Date: 11/22/2025, Time: 0:17
Compiled : Nov 21 2025,19:07:56
---------- total:
Frames = 4961; Cache Types = 6; slots created/destroyed = 0/0
tex misses = 0/0 , lmap misses = 0/0
---------- per frame:
update = 0.000004 secs, mip bias = 4.850333 avg/5.000000 max
mem = 170134.372102 card/0.000000 slots/0.000000 sought
=======================================================
Date: 11/22/2025, Time: 0:17
Compiled : Nov 21 2025,19:07:56
---------- total:
Frames = 4961; Cache Types = 6; slots created/destroyed = 0/0
tex misses = 0/0 , lmap misses = 0/0
---------- per frame:
update = 0.000004 secs, mip bias = 4.850333 avg/5.000000 max
mem = 170134.372102 card/0.000000 slots/0.000000 sought
=======================================================
Date: 11/22/2025, Time: 0:20
Compiled : Nov 21 2025,19:07:56
---------- total:
Frames = 5281; Cache Types = 6; slots created/destroyed = 0/0
tex misses = 0/0 , lmap misses = 0/0
---------- per frame:
update = 0.000004 secs, mip bias = 4.833696 avg/5.000000 max
mem = 30549.028593 card/0.000000 slots/0.000000 sought
=======================================================
Date: 11/22/2025, Time: 0:20
Compiled : Nov 21 2025,19:07:56
---------- total:
Frames = 5281; Cache Types = 6; slots created/destroyed = 0/0
tex misses = 0/0 , lmap misses = 0/0
---------- per frame:
update = 0.000004 secs, mip bias = 4.833696 avg/5.000000 max
mem = 30549.028593 card/0.000000 slots/0.000000 sought
=======================================================
Date: 11/22/2025, Time: 0:20
Compiled : Nov 21 2025,19:07:56
---------- total:
Frames = 5326; Cache Types = 6; slots created/destroyed = 0/0
tex misses = 0/0 , lmap misses = 0/0
---------- per frame:
update = 0.000004 secs, mip bias = 4.812195 avg/5.000000 max
mem = -310296.944048 card/0.000000 slots/0.000000 sought
=======================================================
Date: 11/22/2025, Time: 0:20
Compiled : Nov 21 2025,19:07:56
---------- total:
Frames = 5326; Cache Types = 6; slots created/destroyed = 0/0
tex misses = 0/0 , lmap misses = 0/0
---------- per frame:
update = 0.000004 secs, mip bias = 4.812195 avg/5.000000 max
mem = -310296.944048 card/0.000000 slots/0.000000 sought
=======================================================
Date: 11/22/2025, Time: 0:20
Compiled : Nov 21 2025,19:07:56
---------- total:
Frames = 5326; Cache Types = 6; slots created/destroyed = 0/0
tex misses = 0/0 , lmap misses = 0/0
---------- per frame:
update = 0.000004 secs, mip bias = 4.812195 avg/5.000000 max
mem = -310296.944048 card/0.000000 slots/0.000000 sought
=======================================================
Date: 11/22/2025, Time: 0:20
Compiled : Nov 21 2025,19:07:56
---------- total:
Frames = 5326; Cache Types = 6; slots created/destroyed = 0/0
tex misses = 0/0 , lmap misses = 0/0
---------- per frame:
update = 0.000004 secs, mip bias = 4.812195 avg/5.000000 max
mem = -310296.944048 card/0.000000 slots/0.000000 sought
=======================================================
Date: 11/22/2025, Time: 0:20
Compiled : Nov 21 2025,19:07:56
---------- total:
Frames = 5326; Cache Types = 6; slots created/destroyed = 0/0
tex misses = 0/0 , lmap misses = 0/0
---------- per frame:
update = 0.000004 secs, mip bias = 4.812195 avg/5.000000 max
mem = -310296.944048 card/0.000000 slots/0.000000 sought
=======================================================
Date: 11/22/2025, Time: 0:20
Compiled : Nov 21 2025,19:07:56
---------- total:
Frames = 5326; Cache Types = 6; slots created/destroyed = 0/0
tex misses = 0/0 , lmap misses = 0/0
---------- per frame:
update = 0.000004 secs, mip bias = 4.812195 avg/5.000000 max
mem = -310296.944048 card/0.000000 slots/0.000000 sought
=======================================================
Date: 11/22/2025, Time: 0:20
Compiled : Nov 21 2025,19:07:56
---------- total:
Frames = 5326; Cache Types = 6; slots created/destroyed = 0/0
tex misses = 0/0 , lmap misses = 0/0
---------- per frame:
update = 0.000004 secs, mip bias = 4.812195 avg/5.000000 max
mem = -310296.944048 card/0.000000 slots/0.000000 sought
=======================================================
Date: 11/22/2025, Time: 0:20
Compiled : Nov 21 2025,19:07:56
---------- total:
Frames = 5326; Cache Types = 6; slots created/destroyed = 0/0
tex misses = 0/0 , lmap misses = 0/0
---------- per frame:
update = 0.000004 secs, mip bias = 4.812195 avg/5.000000 max
mem = -310296.944048 card/0.000000 slots/0.000000 sought
=======================================================
Date: 11/22/2025, Time: 0:20
Compiled : Nov 21 2025,19:07:56
---------- total:
Frames = 5394; Cache Types = 6; slots created/destroyed = 0/0
tex misses = 0/0 , lmap misses = 0/0
---------- per frame:
update = 0.000004 secs, mip bias = 4.789396 avg/5.000000 max
mem = 282491.161290 card/0.000000 slots/0.000000 sought
=======================================================
Date: 11/22/2025, Time: 0:20
Compiled : Nov 21 2025,19:07:56
---------- total:
Frames = 5394; Cache Types = 6; slots created/destroyed = 0/0
tex misses = 0/0 , lmap misses = 0/0
---------- per frame:
update = 0.000004 secs, mip bias = 4.789396 avg/5.000000 max
mem = 282491.161290 card/0.000000 slots/0.000000 sought
=======================================================
Date: 11/22/2025, Time: 0:20
Compiled : Nov 21 2025,19:07:56
---------- total:
Frames = 5394; Cache Types = 6; slots created/destroyed = 0/0
tex misses = 0/0 , lmap misses = 0/0
---------- per frame:
update = 0.000004 secs, mip bias = 4.789396 avg/5.000000 max
mem = 282491.161290 card/0.000000 slots/0.000000 sought
=======================================================
Date: 11/22/2025, Time: 0:20
Compiled : Nov 21 2025,19:07:56
---------- total:
Frames = 5394; Cache Types = 6; slots created/destroyed = 0/0
tex misses = 0/0 , lmap misses = 0/0
---------- per frame:
update = 0.000004 secs, mip bias = 4.789396 avg/5.000000 max
mem = 282491.161290 card/0.000000 slots/0.000000 sought
=======================================================
Date: 11/22/2025, Time: 0:20
Compiled : Nov 21 2025,19:07:56
---------- total:
Frames = 5394; Cache Types = 6; slots created/destroyed = 0/0
tex misses = 0/0 , lmap misses = 0/0
---------- per frame:
update = 0.000004 secs, mip bias = 4.789396 avg/5.000000 max
mem = 282491.161290 card/0.000000 slots/0.000000 sought
=======================================================
Date: 11/22/2025, Time: 0:20
Compiled : Nov 21 2025,19:07:56
---------- total:
Frames = 5394; Cache Types = 6; slots created/destroyed = 0/0
tex misses = 0/0 , lmap misses = 0/0
---------- per frame:
update = 0.000004 secs, mip bias = 4.789396 avg/5.000000 max
mem = 282491.161290 card/0.000000 slots/0.000000 sought
=======================================================
Date: 11/22/2025, Time: 0:20
Compiled : Nov 21 2025,19:07:56
---------- total:
Frames = 5472; Cache Types = 6; slots created/destroyed = 0/0
tex misses = 0/0 , lmap misses = 0/0
---------- per frame:
update = 0.000004 secs, mip bias = 4.767590 avg/5.000000 max
mem = -348463.108918 card/0.000000 slots/0.000000 sought
=======================================================
Date: 11/22/2025, Time: 0:20
Compiled : Nov 21 2025,19:07:56
---------- total:
Frames = 5472; Cache Types = 6; slots created/destroyed = 0/0
tex misses = 0/0 , lmap misses = 0/0
---------- per frame:
update = 0.000004 secs, mip bias = 4.767590 avg/5.000000 max
mem = -348463.108918 card/0.000000 slots/0.000000 sought
=======================================================
Date: 11/22/2025, Time: 0:20
Compiled : Nov 21 2025,19:07:56
---------- total:
Frames = 5472; Cache Types = 6; slots created/destroyed = 0/0
tex misses = 0/0 , lmap misses = 0/0
---------- per frame:
update = 0.000004 secs, mip bias = 4.767590 avg/5.000000 max
mem = -348463.108918 card/0.000000 slots/0.000000 sought
=======================================================
Date: 11/22/2025, Time: 0:20
Compiled : Nov 21 2025,19:07:56
---------- total:
Frames = 5472; Cache Types = 6; slots created/destroyed = 0/0
tex misses = 0/0 , lmap misses = 0/0
---------- per frame:
update = 0.000004 secs, mip bias = 4.767590 avg/5.000000 max
mem = -348463.108918 card/0.000000 slots/0.000000 sought
=======================================================
Date: 11/22/2025, Time: 0:20
Compiled : Nov 21 2025,19:07:56
---------- total:
Frames = 5472; Cache Types = 6; slots created/destroyed = 0/0
tex misses = 0/0 , lmap misses = 0/0
---------- per frame:
update = 0.000004 secs, mip bias = 4.767590 avg/5.000000 max
mem = -348463.108918 card/0.000000 slots/0.000000 sought
=======================================================
Date: 11/22/2025, Time: 0:20
Compiled : Nov 21 2025,19:07:56
---------- total:
Frames = 5472; Cache Types = 6; slots created/destroyed = 0/0
tex misses = 0/0 , lmap misses = 0/0
---------- per frame:
update = 0.000004 secs, mip bias = 4.767590 avg/5.000000 max
mem = -348463.108918 card/0.000000 slots/0.000000 sought
=======================================================
Date: 11/22/2025, Time: 0:20
Compiled : Nov 21 2025,19:07:56
---------- total:
Frames = 6827; Cache Types = 6; slots created/destroyed = 0/0
tex misses = 0/0 , lmap misses = 0/0
---------- per frame:
update = 0.000004 secs, mip bias = 4.793833 avg/5.000000 max
mem = -241296.778673 card/0.000000 slots/0.000000 sought
=======================================================
Date: 11/22/2025, Time: 0:20
Compiled : Nov 21 2025,19:07:56
---------- total:
Frames = 6827; Cache Types = 6; slots created/destroyed = 0/0
tex misses = 0/0 , lmap misses = 0/0
---------- per frame:
update = 0.000004 secs, mip bias = 4.793833 avg/5.000000 max
mem = -241296.778673 card/0.000000 slots/0.000000 sought
=======================================================
Date: 11/22/2025, Time: 0:20
Compiled : Nov 21 2025,19:07:56
---------- total:
Frames = 6828; Cache Types = 6; slots created/destroyed = 0/0
tex misses = 0/0 , lmap misses = 0/0
---------- per frame:
update = 0.000004 secs, mip bias = 4.793278 avg/5.000000 max
mem = 230193.161101 card/0.000000 slots/0.000000 sought
=======================================================
Date: 11/22/2025, Time: 0:20
Compiled : Nov 21 2025,19:07:56
---------- total:
Frames = 6828; Cache Types = 6; slots created/destroyed = 0/0
tex misses = 0/0 , lmap misses = 0/0
---------- per frame:
update = 0.000004 secs, mip bias = 4.793278 avg/5.000000 max
mem = 230193.161101 card/0.000000 slots/0.000000 sought
=======================================================
Date: 11/22/2025, Time: 0:20
Compiled : Nov 21 2025,19:07:56
---------- total:
Frames = 6828; Cache Types = 6; slots created/destroyed = 0/0
tex misses = 0/0 , lmap misses = 0/0
---------- per frame:
update = 0.000004 secs, mip bias = 4.793278 avg/5.000000 max
mem = 230193.161101 card/0.000000 slots/0.000000 sought
=======================================================
Date: 11/22/2025, Time: 0:20
Compiled : Nov 21 2025,19:07:56
---------- total:
Frames = 6828; Cache Types = 6; slots created/destroyed = 0/0
tex misses = 0/0 , lmap misses = 0/0
---------- per frame:
update = 0.000004 secs, mip bias = 4.793278 avg/5.000000 max
mem = 230193.161101 card/0.000000 slots/0.000000 sought
=======================================================
Date: 11/22/2025, Time: 0:20
Compiled : Nov 21 2025,19:07:56
---------- total:
Frames = 6828; Cache Types = 6; slots created/destroyed = 0/0
tex misses = 0/0 , lmap misses = 0/0
---------- per frame:
update = 0.000004 secs, mip bias = 4.793278 avg/5.000000 max
mem = 230193.161101 card/0.000000 slots/0.000000 sought
=======================================================
Date: 11/22/2025, Time: 0:20
Compiled : Nov 21 2025,19:07:56
---------- total:
Frames = 6828; Cache Types = 6; slots created/destroyed = 0/0
tex misses = 0/0 , lmap misses = 0/0
---------- per frame:
update = 0.000004 secs, mip bias = 4.793278 avg/5.000000 max
mem = 230193.161101 card/0.000000 slots/0.000000 sought
=======================================================
Date: 11/22/2025, Time: 0:20
Compiled : Nov 21 2025,19:07:56
---------- total:
Frames = 6828; Cache Types = 6; slots created/destroyed = 0/0
tex misses = 0/0 , lmap misses = 0/0
---------- per frame:
update = 0.000004 secs, mip bias = 4.793278 avg/5.000000 max
mem = 230193.161101 card/0.000000 slots/0.000000 sought
=======================================================
Date: 11/22/2025, Time: 0:20
Compiled : Nov 21 2025,19:07:56
---------- total:
Frames = 6828; Cache Types = 6; slots created/destroyed = 0/0
tex misses = 0/0 , lmap misses = 0/0
---------- per frame:
update = 0.000004 secs, mip bias = 4.793278 avg/5.000000 max
mem = 230193.161101 card/0.000000 slots/0.000000 sought
=======================================================
Date: 11/22/2025, Time: 0:21
Compiled : Nov 21 2025,19:07:56
---------- total:
Frames = 6866; Cache Types = 6; slots created/destroyed = 0/0
tex misses = 0/0 , lmap misses = 0/0
---------- per frame:
update = 0.000004 secs, mip bias = 4.778219 avg/5.000000 max
mem = -95659.222837 card/0.000000 slots/0.000000 sought
=======================================================
Date: 11/22/2025, Time: 0:21
Compiled : Nov 21 2025,19:07:56
---------- total:
Frames = 6866; Cache Types = 6; slots created/destroyed = 0/0
tex misses = 0/0 , lmap misses = 0/0
---------- per frame:
update = 0.000004 secs, mip bias = 4.778219 avg/5.000000 max
mem = -95659.222837 card/0.000000 slots/0.000000 sought
=======================================================
Date: 11/22/2025, Time: 0:21
Compiled : Nov 21 2025,19:07:56
---------- total:
Frames = 6911; Cache Types = 6; slots created/destroyed = 0/0
tex misses = 0/0 , lmap misses = 0/0
---------- per frame:
update = 0.000004 secs, mip bias = 4.762010 avg/5.000000 max
mem = 263956.030676 card/0.000000 slots/0.000000 sought
=======================================================
Date: 11/22/2025, Time: 0:21
Compiled : Nov 21 2025,19:07:56
---------- total:
Frames = 6911; Cache Types = 6; slots created/destroyed = 0/0
tex misses = 0/0 , lmap misses = 0/0
---------- per frame:
update = 0.000004 secs, mip bias = 4.762010 avg/5.000000 max
mem = 263956.030676 card/0.000000 slots/0.000000 sought
=======================================================
Date: 11/22/2025, Time: 0:21
Compiled : Nov 21 2025,19:07:56
---------- total:
Frames = 6911; Cache Types = 6; slots created/destroyed = 0/0
tex misses = 0/0 , lmap misses = 0/0
---------- per frame:
update = 0.000004 secs, mip bias = 4.762010 avg/5.000000 max
mem = 263956.030676 card/0.000000 slots/0.000000 sought
=======================================================
Date: 11/22/2025, Time: 0:21
Compiled : Nov 21 2025,19:07:56
---------- total:
Frames = 6911; Cache Types = 6; slots created/destroyed = 0/0
tex misses = 0/0 , lmap misses = 0/0
---------- per frame:
update = 0.000004 secs, mip bias = 4.762010 avg/5.000000 max
mem = 263956.030676 card/0.000000 slots/0.000000 sought
=======================================================
Date: 11/22/2025, Time: 0:21
Compiled : Nov 21 2025,19:07:56
---------- total:
Frames = 6911; Cache Types = 6; slots created/destroyed = 0/0
tex misses = 0/0 , lmap misses = 0/0
---------- per frame:
update = 0.000004 secs, mip bias = 4.762010 avg/5.000000 max
mem = 263956.030676 card/0.000000 slots/0.000000 sought
=======================================================
Date: 11/22/2025, Time: 0:21
Compiled : Nov 21 2025,19:07:56
---------- total:
Frames = 6911; Cache Types = 6; slots created/destroyed = 0/0
tex misses = 0/0 , lmap misses = 0/0
---------- per frame:
update = 0.000004 secs, mip bias = 4.762010 avg/5.000000 max
mem = 263956.030676 card/0.000000 slots/0.000000 sought
=======================================================
Date: 11/22/2025, Time: 0:22
Compiled : Nov 21 2025,19:07:56
---------- total:
Frames = 6911; Cache Types = 6; slots created/destroyed = 0/0
tex misses = 0/0 , lmap misses = 0/0
---------- per frame:
update = 0.000004 secs, mip bias = 4.762010 avg/5.000000 max
mem = 263956.030676 card/0.000000 slots/0.000000 sought
=======================================================
Date: 11/22/2025, Time: 0:22
Compiled : Nov 21 2025,19:07:56
---------- total:
Frames = 6911; Cache Types = 6; slots created/destroyed = 0/0
tex misses = 0/0 , lmap misses = 0/0
---------- per frame:
update = 0.000004 secs, mip bias = 4.762010 avg/5.000000 max
mem = 263956.030676 card/0.000000 slots/0.000000 sought
=======================================================
Date: 11/22/2025, Time: 0:22
Compiled : Nov 21 2025,19:07:56
---------- total:
Frames = 8229; Cache Types = 6; slots created/destroyed = 0/0
tex misses = 0/0 , lmap misses = 0/0
---------- per frame:
update = 0.000005 secs, mip bias = 4.783631 avg/5.000000 max
mem = -64277.006684 card/0.000000 slots/0.000000 sought
=======================================================
Date: 11/22/2025, Time: 0:22
Compiled : Nov 21 2025,19:07:56
---------- total:
Frames = 8229; Cache Types = 6; slots created/destroyed = 0/0
tex misses = 0/0 , lmap misses = 0/0
---------- per frame:
update = 0.000005 secs, mip bias = 4.783631 avg/5.000000 max
mem = -64277.006684 card/0.000000 slots/0.000000 sought
=======================================================
Date: 11/22/2025, Time: 0:22
Compiled : Nov 21 2025,19:07:56
---------- total:
Frames = 8230; Cache Types = 6; slots created/destroyed = 0/0
tex misses = 0/0 , lmap misses = 0/0
---------- per frame:
update = 0.000005 secs, mip bias = 4.783171 avg/5.000000 max
mem = -194995.233536 card/0.000000 slots/0.000000 sought
=======================================================
Date: 11/22/2025, Time: 0:22
Compiled : Nov 21 2025,19:07:56
---------- total:
Frames = 8230; Cache Types = 6; slots created/destroyed = 0/0
tex misses = 0/0 , lmap misses = 0/0
---------- per frame:
update = 0.000005 secs, mip bias = 4.783171 avg/5.000000 max
mem = -194995.233536 card/0.000000 slots/0.000000 sought
=======================================================
Date: 11/22/2025, Time: 0:22
Compiled : Nov 21 2025,19:07:56
---------- total:
Frames = 8230; Cache Types = 6; slots created/destroyed = 0/0
tex misses = 0/0 , lmap misses = 0/0
---------- per frame:
update = 0.000005 secs, mip bias = 4.783171 avg/5.000000 max
mem = -194995.233536 card/0.000000 slots/0.000000 sought
=======================================================
Date: 11/22/2025, Time: 0:22
Compiled : Nov 21 2025,19:07:56
---------- total:
Frames = 8230; Cache Types = 6; slots created/destroyed = 0/0
tex misses = 0/0 , lmap misses = 0/0
---------- per frame:
update = 0.000005 secs, mip bias = 4.783171 avg/5.000000 max
mem = -194995.233536 card/0.000000 slots/0.000000 sought
=======================================================
Date: 11/22/2025, Time: 0:22
Compiled : Nov 21 2025,19:07:56
---------- total:
Frames = 8230; Cache Types = 6; slots created/destroyed = 0/0
tex misses = 0/0 , lmap misses = 0/0
---------- per frame:
update = 0.000005 secs, mip bias = 4.783171 avg/5.000000 max
mem = -194995.233536 card/0.000000 slots/0.000000 sought
=======================================================
Date: 11/22/2025, Time: 0:22
Compiled : Nov 21 2025,19:07:56
---------- total:
Frames = 8230; Cache Types = 6; slots created/destroyed = 0/0
tex misses = 0/0 , lmap misses = 0/0
---------- per frame:
update = 0.000005 secs, mip bias = 4.783171 avg/5.000000 max
mem = -194995.233536 card/0.000000 slots/0.000000 sought
=======================================================
Date: 11/22/2025, Time: 0:22
Compiled : Nov 21 2025,19:07:56
---------- total:
Frames = 8230; Cache Types = 6; slots created/destroyed = 0/0
tex misses = 0/0 , lmap misses = 0/0
---------- per frame:
update = 0.000005 secs, mip bias = 4.783171 avg/5.000000 max
mem = -194995.233536 card/0.000000 slots/0.000000 sought
=======================================================
Date: 11/22/2025, Time: 0:22
Compiled : Nov 21 2025,19:07:56
---------- total:
Frames = 8230; Cache Types = 6; slots created/destroyed = 0/0
tex misses = 0/0 , lmap misses = 0/0
---------- per frame:
update = 0.000005 secs, mip bias = 4.783171 avg/5.000000 max
mem = -194995.233536 card/0.000000 slots/0.000000 sought
=======================================================
Date: 11/22/2025, Time: 0:23
Compiled : Nov 21 2025,19:07:56
---------- total:
Frames = 8231; Cache Types = 6; slots created/destroyed = 0/0
tex misses = 0/0 , lmap misses = 0/0
---------- per frame:
update = 0.000005 secs, mip bias = 4.782712 avg/5.000000 max
mem = 196122.128538 card/0.000000 slots/0.000000 sought
=======================================================
Date: 11/22/2025, Time: 0:23
Compiled : Nov 21 2025,19:07:56
---------- total:
Frames = 8231; Cache Types = 6; slots created/destroyed = 0/0
tex misses = 0/0 , lmap misses = 0/0
---------- per frame:
update = 0.000005 secs, mip bias = 4.782712 avg/5.000000 max
mem = 196122.128538 card/0.000000 slots/0.000000 sought
=======================================================
Date: 11/22/2025, Time: 0:23
Compiled : Nov 21 2025,19:07:56
---------- total:
Frames = 8231; Cache Types = 6; slots created/destroyed = 0/0
tex misses = 0/0 , lmap misses = 0/0
---------- per frame:
update = 0.000005 secs, mip bias = 4.782712 avg/5.000000 max
mem = 196122.128538 card/0.000000 slots/0.000000 sought
=======================================================
Date: 11/22/2025, Time: 0:23
Compiled : Nov 21 2025,19:07:56
---------- total:
Frames = 8231; Cache Types = 6; slots created/destroyed = 0/0
tex misses = 0/0 , lmap misses = 0/0
---------- per frame:
update = 0.000005 secs, mip bias = 4.782712 avg/5.000000 max
mem = 196122.128538 card/0.000000 slots/0.000000 sought
=======================================================
Date: 11/22/2025, Time: 0:23
Compiled : Nov 21 2025,19:07:56
---------- total:
Frames = 8232; Cache Types = 6; slots created/destroyed = 0/0
tex misses = 0/0 , lmap misses = 0/0
---------- per frame:
update = 0.000005 secs, mip bias = 4.782252 avg/5.000000 max
mem = 65404.027697 card/0.000000 slots/0.000000 sought
=======================================================
Date: 11/22/2025, Time: 0:23
Compiled : Nov 21 2025,19:07:56
---------- total:
Frames = 8232; Cache Types = 6; slots created/destroyed = 0/0
tex misses = 0/0 , lmap misses = 0/0
---------- per frame:
update = 0.000005 secs, mip bias = 4.782252 avg/5.000000 max
mem = 65404.027697 card/0.000000 slots/0.000000 sought
=======================================================
Date: 11/22/2025, Time: 0:23
Compiled : Nov 21 2025,19:07:56
---------- total:
Frames = 8233; Cache Types = 6; slots created/destroyed = 0/0
tex misses = 0/0 , lmap misses = 0/0
---------- per frame:
update = 0.000005 secs, mip bias = 4.781793 avg/5.000000 max
mem = -65261.010567 card/0.000000 slots/0.000000 sought
=======================================================
Date: 11/22/2025, Time: 0:23
Compiled : Nov 21 2025,19:07:56
---------- total:
Frames = 8233; Cache Types = 6; slots created/destroyed = 0/0
tex misses = 0/0 , lmap misses = 0/0
---------- per frame:
update = 0.000005 secs, mip bias = 4.781793 avg/5.000000 max
mem = -65261.010567 card/0.000000 slots/0.000000 sought
=======================================================
Date: 11/22/2025, Time: 0:23
Compiled : Nov 21 2025,19:07:56
---------- total:
Frames = 8233; Cache Types = 6; slots created/destroyed = 0/0
tex misses = 0/0 , lmap misses = 0/0
---------- per frame:
update = 0.000005 secs, mip bias = 4.781793 avg/5.000000 max
mem = -65261.010567 card/0.000000 slots/0.000000 sought
=======================================================
Date: 11/22/2025, Time: 0:23
Compiled : Nov 21 2025,19:07:56
---------- total:
Frames = 8233; Cache Types = 6; slots created/destroyed = 0/0
tex misses = 0/0 , lmap misses = 0/0
---------- per frame:
update = 0.000005 secs, mip bias = 4.781793 avg/5.000000 max
mem = -65261.010567 card/0.000000 slots/0.000000 sought
=======================================================
Date: 11/22/2025, Time: 0:23
Compiled : Nov 21 2025,19:07:56
---------- total:
Frames = 8234; Cache Types = 6; slots created/destroyed = 0/0
tex misses = 0/0 , lmap misses = 0/0
---------- per frame:
update = 0.000005 secs, mip bias = 4.781333 avg/5.000000 max
mem = -195888.930775 card/0.000000 slots/0.000000 sought
=======================================================
Date: 11/22/2025, Time: 0:23
Compiled : Nov 21 2025,19:07:56
---------- total:
Frames = 8234; Cache Types = 6; slots created/destroyed = 0/0
tex misses = 0/0 , lmap misses = 0/0
---------- per frame:
update = 0.000005 secs, mip bias = 4.781333 avg/5.000000 max
mem = -195888.930775 card/0.000000 slots/0.000000 sought
=======================================================
Date: 11/22/2025, Time: 0:23
Compiled : Nov 21 2025,19:07:56
---------- total:
Frames = 8234; Cache Types = 6; slots created/destroyed = 0/0
tex misses = 0/0 , lmap misses = 0/0
---------- per frame:
update = 0.000005 secs, mip bias = 4.781333 avg/5.000000 max
mem = -195888.930775 card/0.000000 slots/0.000000 sought
=======================================================
Date: 11/22/2025, Time: 0:23
Compiled : Nov 21 2025,19:07:56
---------- total:
Frames = 8234; Cache Types = 6; slots created/destroyed = 0/0
tex misses = 0/0 , lmap misses = 0/0
---------- per frame:
update = 0.000005 secs, mip bias = 4.781333 avg/5.000000 max
mem = -195888.930775 card/0.000000 slots/0.000000 sought
=======================================================
Date: 11/22/2025, Time: 0:23
Compiled : Nov 21 2025,19:07:56
---------- total:
Frames = 8235; Cache Types = 6; slots created/destroyed = 0/0
tex misses = 0/0 , lmap misses = 0/0
---------- per frame:
update = 0.000005 secs, mip bias = 4.780874 avg/5.000000 max
mem = 195065.243959 card/0.000000 slots/0.000000 sought
=======================================================
Date: 11/22/2025, Time: 0:23
Compiled : Nov 21 2025,19:07:56
---------- total:
Frames = 8235; Cache Types = 6; slots created/destroyed = 0/0
tex misses = 0/0 , lmap misses = 0/0
---------- per frame:
update = 0.000005 secs, mip bias = 4.780874 avg/5.000000 max
mem = 195065.243959 card/0.000000 slots/0.000000 sought
=======================================================
Date: 11/22/2025, Time: 0:23
Compiled : Nov 21 2025,19:07:56
---------- total:
Frames = 8235; Cache Types = 6; slots created/destroyed = 0/0
tex misses = 0/0 , lmap misses = 0/0
---------- per frame:
update = 0.000005 secs, mip bias = 4.780874 avg/5.000000 max
mem = 195065.243959 card/0.000000 slots/0.000000 sought
=======================================================
Date: 11/22/2025, Time: 0:23
Compiled : Nov 21 2025,19:07:56
---------- total:
Frames = 8235; Cache Types = 6; slots created/destroyed = 0/0
tex misses = 0/0 , lmap misses = 0/0
---------- per frame:
update = 0.000005 secs, mip bias = 4.780874 avg/5.000000 max
mem = 195065.243959 card/0.000000 slots/0.000000 sought
=======================================================
Date: 11/22/2025, Time: 0:23
Compiled : Nov 21 2025,19:07:56
---------- total:
Frames = 8236; Cache Types = 6; slots created/destroyed = 0/0
tex misses = 0/0 , lmap misses = 0/0
---------- per frame:
update = 0.000005 secs, mip bias = 4.780415 avg/5.000000 max
mem = 64436.576008 card/0.000000 slots/0.000000 sought
=======================================================
Date: 11/22/2025, Time: 0:23
Compiled : Nov 21 2025,19:07:56
---------- total:
Frames = 8236; Cache Types = 6; slots created/destroyed = 0/0
tex misses = 0/0 , lmap misses = 0/0
---------- per frame:
update = 0.000005 secs, mip bias = 4.780415 avg/5.000000 max
mem = 64436.576008 card/0.000000 slots/0.000000 sought
=======================================================
Date: 11/22/2025, Time: 0:23
Compiled : Nov 21 2025,19:07:56
---------- total:
Frames = 8236; Cache Types = 6; slots created/destroyed = 0/0
tex misses = 0/0 , lmap misses = 0/0
---------- per frame:
update = 0.000005 secs, mip bias = 4.780415 avg/5.000000 max
mem = 64436.576008 card/0.000000 slots/0.000000 sought
=======================================================
Date: 11/22/2025, Time: 0:23
Compiled : Nov 21 2025,19:07:56
---------- total:
Frames = 8236; Cache Types = 6; slots created/destroyed = 0/0
tex misses = 0/0 , lmap misses = 0/0
---------- per frame:
update = 0.000005 secs, mip bias = 4.780415 avg/5.000000 max
mem = 64436.576008 card/0.000000 slots/0.000000 sought
=======================================================
Date: 11/22/2025, Time: 0:26
Compiled : Nov 21 2025,19:07:56
---------- total:
Frames = 8815; Cache Types = 9; slots created/destroyed = 0/0
tex misses = 0/0 , lmap misses = 0/0
---------- per frame:
update = 0.000013 secs, mip bias = 4.779438 avg/5.000000 max
mem = 55846.475780 card/0.000000 slots/0.000000 sought
=======================================================
Date: 11/22/2025, Time: 0:26
Compiled : Nov 21 2025,19:07:56
---------- total:
Frames = 8815; Cache Types = 9; slots created/destroyed = 0/0
tex misses = 0/0 , lmap misses = 0/0
---------- per frame:
update = 0.000013 secs, mip bias = 4.779438 avg/5.000000 max
mem = 55846.475780 card/0.000000 slots/0.000000 sought
