
--- D3DMain_Reset ---

--- D3DMain_ShutdownD3D ---
  Shutdown was successful...

=================================================================
 D3DInfo v200.4
23:26:45=================================================================

Current Time: 13:45: 3
Current Date: 11-21-2025

 ** D3D Driver Initializing **

--- D3DMain_CreateDDFromName ---
  Name: (D3D)Primary Display Driver
   DDCAPS2_CANRENDERWINDOWED    : YES
   DDCAPS2_NO2DDURING3DSCENE    : NO
--- D3DMain_GetTextureMemory ---
  Ram free: -1082036224
--- D3DMain_RememberOldMode ---
--- D3DMain_EnumDisplayModes ---
--- D3DMain_CreateD3D ---
--- D3DMain_EnumDevices ---
--- D3DMain_SetDisplayMode ---
  W: 530, H: 295, Bpp: 32, FullScreen: NO
--- D3DMain_PickDevice ---
--- D3DMain_CreateBuffers ---
--- D3DMain_CreateZBuffer ---
--- D3DMain_CreateDevice ---
D3DDrv : Max Texture Dimensions = 16384 x 16384
--- D3DMain_GetSurfaceFormats ---
--- D3DMain_SetRenderState --- 
--- D3DMain_GetTextureMemory ---
  Ram free: -1074745460

 ** Initialization was successful **


--- D3DMain_Reset ---

--- D3DMain_ShutdownD3D ---
  Shutdown was successful...

=================================================================
 D3DInfo v200.4
23:26:45=================================================================

Current Time: 13:45: 3
Current Date: 11-21-2025

 ** D3D Driver Initializing **

--- D3DMain_CreateDDFromName ---
  Name: (D3D)Primary Display Driver
   DDCAPS2_CANRENDERWINDOWED    : YES
   DDCAPS2_NO2DDURING3DSCENE    : NO
--- D3DMain_GetTextureMemory ---
  Ram free: -1082036224
--- D3DMain_RememberOldMode ---
--- D3DMain_EnumDisplayModes ---
--- D3DMain_CreateD3D ---
--- D3DMain_EnumDevices ---
--- D3DMain_SetDisplayMode ---
  W: 530, H: 295, Bpp: 32, FullScreen: NO
--- D3DMain_PickDevice ---
--- D3DMain_CreateBuffers ---
--- D3DMain_CreateZBuffer ---
--- D3DMain_CreateDevice ---
D3DDrv : Max Texture Dimensions = 16384 x 16384
--- D3DMain_GetSurfaceFormats ---
--- D3DMain_SetRenderState --- 
--- D3DMain_GetTextureMemory ---
  Ram free: -1074745460

 ** Initialization was successful **


--- D3DMain_Reset ---

--- D3DMain_ShutdownD3D ---
  Shutdown was successful...

=================================================================
 D3DInfo v200.4
23:26:45=================================================================

Current Time: 13:45: 3
Current Date: 11-21-2025

 ** D3D Driver Initializing **

--- D3DMain_CreateDDFromName ---
  Name: (D3D)Primary Display Driver
   DDCAPS2_CANRENDERWINDOWED    : YES
   DDCAPS2_NO2DDURING3DSCENE    : NO
--- D3DMain_GetTextureMemory ---
  Ram free: -1082036224
--- D3DMain_RememberOldMode ---
--- D3DMain_EnumDisplayModes ---
--- D3DMain_CreateD3D ---
--- D3DMain_EnumDevices ---
--- D3DMain_SetDisplayMode ---
  W: 530, H: 295, Bpp: 32, FullScreen: NO
--- D3DMain_PickDevice ---
--- D3DMain_CreateBuffers ---
--- D3DMain_CreateZBuffer ---
--- D3DMain_CreateDevice ---
D3DDrv : Max Texture Dimensions = 16384 x 16384
--- D3DMain_GetSurfaceFormats ---
--- D3DMain_SetRenderState --- 
--- D3DMain_GetTextureMemory ---
  Ram free: -1074745460

 ** Initialization was successful **


--- D3DMain_Reset ---

--- D3DMain_ShutdownD3D ---
  Shutdown was successful...

=================================================================
 D3DInfo v200.4
23:26:45=================================================================

Current Time: 13:45: 3
Current Date: 11-21-2025

 ** D3D Driver Initializing **

--- D3DMain_CreateDDFromName ---
  Name: (D3D)Primary Display Driver
   DDCAPS2_CANRENDERWINDOWED    : YES
   DDCAPS2_NO2DDURING3DSCENE    : NO
--- D3DMain_GetTextureMemory ---
  Ram free: -1082036224
--- D3DMain_RememberOldMode ---
--- D3DMain_EnumDisplayModes ---
--- D3DMain_CreateD3D ---
--- D3DMain_EnumDevices ---
--- D3DMain_SetDisplayMode ---
  W: 530, H: 295, Bpp: 32, FullScreen: NO
--- D3DMain_PickDevice ---
--- D3DMain_CreateBuffers ---
--- D3DMain_CreateZBuffer ---
--- D3DMain_CreateDevice ---
D3DDrv : Max Texture Dimensions = 16384 x 16384
--- D3DMain_GetSurfaceFormats ---
--- D3DMain_SetRenderState --- 
--- D3DMain_GetTextureMemory ---
  Ram free: -1074745460

 ** Initialization was successful **


--- D3DMain_Reset ---

--- D3DMain_ShutdownD3D ---
  Shutdown was successful...

=================================================================
 D3DInfo v200.4
23:26:45=================================================================

Current Time: 13:45: 4
Current Date: 11-21-2025

 ** D3D Driver Initializing **

--- D3DMain_CreateDDFromName ---
  Name: (D3D)Primary Display Driver
   DDCAPS2_CANRENDERWINDOWED    : YES
   DDCAPS2_NO2DDURING3DSCENE    : NO
--- D3DMain_GetTextureMemory ---
  Ram free: -1082036224
--- D3DMain_RememberOldMode ---
--- D3DMain_EnumDisplayModes ---
--- D3DMain_CreateD3D ---
--- D3DMain_EnumDevices ---
--- D3DMain_SetDisplayMode ---
  W: 530, H: 295, Bpp: 32, FullScreen: NO
--- D3DMain_PickDevice ---
--- D3DMain_CreateBuffers ---
--- D3DMain_CreateZBuffer ---
--- D3DMain_CreateDevice ---
D3DDrv : Max Texture Dimensions = 16384 x 16384
--- D3DMain_GetSurfaceFormats ---
--- D3DMain_SetRenderState --- 
--- D3DMain_GetTextureMemory ---
  Ram free: -1074745460

 ** Initialization was successful **


--- D3DMain_Reset ---

--- D3DMain_ShutdownD3D ---
  Shutdown was successful...

=================================================================
 D3DInfo v200.4
23:26:45=================================================================

Current Time: 13:45: 4
Current Date: 11-21-2025

 ** D3D Driver Initializing **

--- D3DMain_CreateDDFromName ---
  Name: (D3D)Primary Display Driver
   DDCAPS2_CANRENDERWINDOWED    : YES
   DDCAPS2_NO2DDURING3DSCENE    : NO
--- D3DMain_GetTextureMemory ---
  Ram free: -1082036224
--- D3DMain_RememberOldMode ---
--- D3DMain_EnumDisplayModes ---
--- D3DMain_CreateD3D ---
--- D3DMain_EnumDevices ---
--- D3DMain_SetDisplayMode ---
  W: 530, H: 295, Bpp: 32, FullScreen: NO
--- D3DMain_PickDevice ---
--- D3DMain_CreateBuffers ---
--- D3DMain_CreateZBuffer ---
--- D3DMain_CreateDevice ---
D3DDrv : Max Texture Dimensions = 16384 x 16384
--- D3DMain_GetSurfaceFormats ---
--- D3DMain_SetRenderState --- 
--- D3DMain_GetTextureMemory ---
  Ram free: -1074745460

 ** Initialization was successful **


--- D3DMain_Reset ---

--- D3DMain_ShutdownD3D ---
  Shutdown was successful...

=================================================================
 D3DInfo v200.4
23:26:45=================================================================

Current Time: 13:45: 5
Current Date: 11-21-2025

 ** D3D Driver Initializing **

--- D3DMain_CreateDDFromName ---
  Name: (D3D)Primary Display Driver
   DDCAPS2_CANRENDERWINDOWED    : YES
   DDCAPS2_NO2DDURING3DSCENE    : NO
--- D3DMain_GetTextureMemory ---
  Ram free: -1082036224
--- D3DMain_RememberOldMode ---
--- D3DMain_EnumDisplayModes ---
--- D3DMain_CreateD3D ---
--- D3DMain_EnumDevices ---
--- D3DMain_SetDisplayMode ---
  W: 530, H: 295, Bpp: 32, FullScreen: NO
--- D3DMain_PickDevice ---
--- D3DMain_CreateBuffers ---
--- D3DMain_CreateZBuffer ---
--- D3DMain_CreateDevice ---
D3DDrv : Max Texture Dimensions = 16384 x 16384
--- D3DMain_GetSurfaceFormats ---
--- D3DMain_SetRenderState --- 
--- D3DMain_GetTextureMemory ---
  Ram free: -1074745460

 ** Initialization was successful **


--- D3DMain_Reset ---

--- D3DMain_ShutdownD3D ---
  Shutdown was successful...

=================================================================
 D3DInfo v200.4
23:26:45=================================================================

Current Time: 13:45: 5
Current Date: 11-21-2025

 ** D3D Driver Initializing **

--- D3DMain_CreateDDFromName ---
  Name: (D3D)Primary Display Driver
   DDCAPS2_CANRENDERWINDOWED    : YES
   DDCAPS2_NO2DDURING3DSCENE    : NO
--- D3DMain_GetTextureMemory ---
  Ram free: -1082036224
--- D3DMain_RememberOldMode ---
--- D3DMain_EnumDisplayModes ---
--- D3DMain_CreateD3D ---
--- D3DMain_EnumDevices ---
--- D3DMain_SetDisplayMode ---
  W: 530, H: 298, Bpp: 32, FullScreen: NO
--- D3DMain_PickDevice ---
--- D3DMain_CreateBuffers ---
--- D3DMain_CreateZBuffer ---
--- D3DMain_CreateDevice ---
D3DDrv : Max Texture Dimensions = 16384 x 16384
--- D3DMain_GetSurfaceFormats ---
--- D3DMain_SetRenderState --- 
--- D3DMain_GetTextureMemory ---
  Ram free: -1074755000

 ** Initialization was successful **


--- D3DMain_Reset ---

--- D3DMain_ShutdownD3D ---
  Shutdown was successful...

=================================================================
 D3DInfo v200.4
23:26:45=================================================================

Current Time: 13:45: 6
Current Date: 11-21-2025

 ** D3D Driver Initializing **

--- D3DMain_CreateDDFromName ---
  Name: (D3D)Primary Display Driver
   DDCAPS2_CANRENDERWINDOWED    : YES
   DDCAPS2_NO2DDURING3DSCENE    : NO
--- D3DMain_GetTextureMemory ---
  Ram free: -1082036224
--- D3DMain_RememberOldMode ---
--- D3DMain_EnumDisplayModes ---
--- D3DMain_CreateD3D ---
--- D3DMain_EnumDevices ---
--- D3DMain_SetDisplayMode ---
  W: 530, H: 298, Bpp: 32, FullScreen: NO
--- D3DMain_PickDevice ---
--- D3DMain_CreateBuffers ---
--- D3DMain_CreateZBuffer ---
--- D3DMain_CreateDevice ---
D3DDrv : Max Texture Dimensions = 16384 x 16384
--- D3DMain_GetSurfaceFormats ---
--- D3DMain_SetRenderState --- 
--- D3DMain_GetTextureMemory ---
  Ram free: -1074755000

 ** Initialization was successful **


--- D3DMain_Reset ---

--- D3DMain_ShutdownD3D ---
  Shutdown was successful...

=================================================================
 D3DInfo v200.4
23:26:45=================================================================

Current Time: 13:45: 7
Current Date: 11-21-2025

 ** D3D Driver Initializing **

--- D3DMain_CreateDDFromName ---
  Name: (D3D)Primary Display Driver
   DDCAPS2_CANRENDERWINDOWED    : YES
   DDCAPS2_NO2DDURING3DSCENE    : NO
--- D3DMain_GetTextureMemory ---
  Ram free: -1082036224
--- D3DMain_RememberOldMode ---
--- D3DMain_EnumDisplayModes ---
--- D3DMain_CreateD3D ---
--- D3DMain_EnumDevices ---
--- D3DMain_SetDisplayMode ---
  W: 1026, H: 298, Bpp: 32, FullScreen: NO
--- D3DMain_PickDevice ---
--- D3DMain_CreateBuffers ---
--- D3DMain_CreateZBuffer ---
--- D3DMain_CreateDevice ---
D3DDrv : Max Texture Dimensions = 16384 x 16384
--- D3DMain_GetSurfaceFormats ---
--- D3DMain_SetRenderState --- 
--- D3DMain_GetTextureMemory ---
  Ram free: -1075641848

 ** Initialization was successful **


--- D3DMain_Reset ---

--- D3DMain_ShutdownD3D ---
  Shutdown was successful...

=================================================================
 D3DInfo v200.4
23:26:45=================================================================

Current Time: 13:45: 7
Current Date: 11-21-2025

 ** D3D Driver Initializing **

--- D3DMain_CreateDDFromName ---
  Name: (D3D)Primary Display Driver
   DDCAPS2_CANRENDERWINDOWED    : YES
   DDCAPS2_NO2DDURING3DSCENE    : NO
--- D3DMain_GetTextureMemory ---
  Ram free: -1082036224
--- D3DMain_RememberOldMode ---
--- D3DMain_EnumDisplayModes ---
--- D3DMain_CreateD3D ---
--- D3DMain_EnumDevices ---
--- D3DMain_SetDisplayMode ---
  W: 778, H: 443, Bpp: 32, FullScreen: NO
--- D3DMain_PickDevice ---
--- D3DMain_CreateBuffers ---
--- D3DMain_CreateZBuffer ---
--- D3DMain_CreateDevice ---
D3DDrv : Max Texture Dimensions = 16384 x 16384
--- D3DMain_GetSurfaceFormats ---
--- D3DMain_SetRenderState --- 
--- D3DMain_GetTextureMemory ---
  Ram free: -1075875284

 ** Initialization was successful **


--- D3DMain_Reset ---

--- D3DMain_ShutdownD3D ---
  Shutdown was successful...

=================================================================
 D3DInfo v200.4
23:26:45=================================================================

Current Time: 13:49:27
Current Date: 11-21-2025

 ** D3D Driver Initializing **

--- D3DMain_CreateDDFromName ---
  Name: (D3D)Primary Display Driver
   DDCAPS2_CANRENDERWINDOWED    : YES
   DDCAPS2_NO2DDURING3DSCENE    : NO
--- D3DMain_GetTextureMemory ---
  Ram free: -1082036224
--- D3DMain_RememberOldMode ---
--- D3DMain_EnumDisplayModes ---
--- D3DMain_CreateD3D ---
--- D3DMain_EnumDevices ---
--- D3DMain_SetDisplayMode ---
  W: 1600, H: 1024, Bpp: 32, FullScreen: YES
SetCooperativeLevel to fullscreen failed.
  One or more of the parameters passed to the function are incorrect.
 ** Initialization was NOT successful **

--- D3DMain_ShutdownD3D ---
  Shutdown was successful...

=================================================================
 D3DInfo v200.4
23:26:45=================================================================

Current Time: 13:49:27
Current Date: 11-21-2025

 ** D3D Driver Initializing **

--- D3DMain_CreateDDFromName ---
  Name: (D3D)Primary Display Driver
   DDCAPS2_CANRENDERWINDOWED    : YES
   DDCAPS2_NO2DDURING3DSCENE    : NO
--- D3DMain_GetTextureMemory ---
  Ram free: -1082036224
--- D3DMain_RememberOldMode ---
--- D3DMain_EnumDisplayModes ---
--- D3DMain_CreateD3D ---
--- D3DMain_EnumDevices ---
--- D3DMain_SetDisplayMode ---
  W: 778, H: 443, Bpp: 32, FullScreen: NO
--- D3DMain_PickDevice ---
--- D3DMain_CreateBuffers ---
--- D3DMain_CreateZBuffer ---
--- D3DMain_CreateDevice ---
D3DDrv : Max Texture Dimensions = 16384 x 16384
--- D3DMain_GetSurfaceFormats ---
--- D3DMain_SetRenderState --- 
--- D3DMain_GetTextureMemory ---
  Ram free: -1075875284

 ** Initialization was successful **


--- D3DMain_Reset ---

--- D3DMain_ShutdownD3D ---
  Shutdown was successful...

=================================================================
 D3DInfo v200.4
23:26:45=================================================================

Current Time: 13:50:12
Current Date: 11-21-2025

 ** D3D Driver Initializing **

--- D3DMain_CreateDDFromName ---
  Name: (D3D)Primary Display Driver
   DDCAPS2_CANRENDERWINDOWED    : YES
   DDCAPS2_NO2DDURING3DSCENE    : NO
--- D3DMain_GetTextureMemory ---
  Ram free: -1082036224
--- D3DMain_RememberOldMode ---
--- D3DMain_EnumDisplayModes ---
--- D3DMain_CreateD3D ---
--- D3DMain_EnumDevices ---
--- D3DMain_SetDisplayMode ---
  W: 778, H: 443, Bpp: 32, FullScreen: NO
--- D3DMain_PickDevice ---
--- D3DMain_CreateBuffers ---
--- D3DMain_CreateZBuffer ---
--- D3DMain_CreateDevice ---
D3DDrv : Max Texture Dimensions = 16384 x 16384
--- D3DMain_GetSurfaceFormats ---
--- D3DMain_SetRenderState --- 
--- D3DMain_GetTextureMemory ---
  Ram free: -1075875284

 ** Initialization was successful **


--- D3DMain_Reset ---
D3DCache_FreeAllSlots starting
D3DCache_FreeAllSlots done

--- D3DMain_ShutdownD3D ---
D3DCache_FreeAllSlots starting
D3DCache_FreeAllSlots done
  Shutdown was successful...

=================================================================
 D3DInfo v200.4
19:07:51=================================================================

Current Time:  0:14:35
Current Date: 11-22-2025

 ** D3D Driver Initializing **

--- D3DMain_CreateDDFromName ---
  Name: (D3D)Primary Display Driver
   DDCAPS2_CANRENDERWINDOWED    : YES
   DDCAPS2_NO2DDURING3DSCENE    : NO
--- D3DMain_GetTextureMemory ---
  Ram free: -1082036224
--- D3DMain_RememberOldMode ---
--- D3DMain_EnumDisplayModes ---
--- D3DMain_CreateD3D ---
--- D3DMain_EnumDevices ---
--- D3DMain_SetDisplayMode ---
  W: 530, H: 295, Bpp: 32, FullScreen: NO
--- D3DMain_PickDevice ---
--- D3DMain_CreateBuffers ---
--- D3DMain_CreateZBuffer ---
--- D3DMain_CreateDevice ---
D3DDrv : Max Texture Dimensions = 16384 x 16384
--- D3DMain_GetSurfaceFormats ---
--- D3DMain_SetRenderState --- 
--- D3DMain_GetTextureMemory ---
  Ram free: -1074745460

 ** Initialization was successful **


--- D3DMain_Reset ---
D3DCache_FreeAllSlots starting
D3DCache_FreeAllSlots done

--- D3DMain_ShutdownD3D ---
D3DCache_FreeAllSlots starting
D3DCache_FreeAllSlots done
  Shutdown was successful...

=================================================================
 D3DInfo v200.4
19:07:51=================================================================

Current Time:  0:14:35
Current Date: 11-22-2025

 ** D3D Driver Initializing **

--- D3DMain_CreateDDFromName ---
  Name: (D3D)Primary Display Driver
   DDCAPS2_CANRENDERWINDOWED    : YES
   DDCAPS2_NO2DDURING3DSCENE    : NO
--- D3DMain_GetTextureMemory ---
  Ram free: -1082036224
--- D3DMain_RememberOldMode ---
--- D3DMain_EnumDisplayModes ---
--- D3DMain_CreateD3D ---
--- D3DMain_EnumDevices ---
--- D3DMain_SetDisplayMode ---
  W: 1026, H: 295, Bpp: 32, FullScreen: NO
--- D3DMain_PickDevice ---
--- D3DMain_CreateBuffers ---
--- D3DMain_CreateZBuffer ---
--- D3DMain_CreateDevice ---
D3DDrv : Max Texture Dimensions = 16384 x 16384
--- D3DMain_GetSurfaceFormats ---
--- D3DMain_SetRenderState --- 
--- D3DMain_GetTextureMemory ---
  Ram free: -1075623380

 ** Initialization was successful **


--- D3DMain_Reset ---
D3DCache_FreeAllSlots starting
D3DCache_FreeAllSlots done

--- D3DMain_ShutdownD3D ---
D3DCache_FreeAllSlots starting
D3DCache_FreeAllSlots done
  Shutdown was successful...

=================================================================
 D3DInfo v200.4
19:07:51=================================================================

Current Time:  0:14:35
Current Date: 11-22-2025

 ** D3D Driver Initializing **

--- D3DMain_CreateDDFromName ---
  Name: (D3D)Primary Display Driver
   DDCAPS2_CANRENDERWINDOWED    : YES
   DDCAPS2_NO2DDURING3DSCENE    : NO
--- D3DMain_GetTextureMemory ---
  Ram free: -1082036224
--- D3DMain_RememberOldMode ---
--- D3DMain_EnumDisplayModes ---
--- D3DMain_CreateD3D ---
--- D3DMain_EnumDevices ---
--- D3DMain_SetDisplayMode ---
  W: 778, H: 443, Bpp: 32, FullScreen: NO
--- D3DMain_PickDevice ---
--- D3DMain_CreateBuffers ---
--- D3DMain_CreateZBuffer ---
--- D3DMain_CreateDevice ---
D3DDrv : Max Texture Dimensions = 16384 x 16384
--- D3DMain_GetSurfaceFormats ---
--- D3DMain_SetRenderState --- 
--- D3DMain_GetTextureMemory ---
  Ram free: -1075875284

 ** Initialization was successful **


--- D3DMain_Reset ---
D3DCache_FreeAllSlots starting
D3DCache_FreeAllSlots done

--- D3DMain_ShutdownD3D ---
D3DCache_FreeAllSlots starting
D3DCache_FreeAllSlots done
  Shutdown was successful...

=================================================================
 D3DInfo v200.4
19:07:51=================================================================

Current Time:  0:15: 8
Current Date: 11-22-2025

 ** D3D Driver Initializing **

--- D3DMain_CreateDDFromName ---
  Name: (D3D)Primary Display Driver
   DDCAPS2_CANRENDERWINDOWED    : YES
   DDCAPS2_NO2DDURING3DSCENE    : NO
--- D3DMain_GetTextureMemory ---
  Ram free: -1082036224
--- D3DMain_RememberOldMode ---
--- D3DMain_EnumDisplayModes ---
--- D3DMain_CreateD3D ---
--- D3DMain_EnumDevices ---
--- D3DMain_SetDisplayMode ---
  W: 778, H: 443, Bpp: 32, FullScreen: NO
--- D3DMain_PickDevice ---
--- D3DMain_CreateBuffers ---
--- D3DMain_CreateZBuffer ---
--- D3DMain_CreateDevice ---
D3DDrv : Max Texture Dimensions = 16384 x 16384
--- D3DMain_GetSurfaceFormats ---
--- D3DMain_SetRenderState --- 
--- D3DMain_GetTextureMemory ---
  Ram free: -1075875284

 ** Initialization was successful **


--- D3DMain_Reset ---
D3DCache_FreeAllSlots starting
D3DCache_FreeAllSlots done

--- D3DMain_ShutdownD3D ---
D3DCache_FreeAllSlots starting
D3DCache_FreeAllSlots done
  Shutdown was successful...

=================================================================
 D3DInfo v200.4
19:07:51=================================================================

Current Time:  0:15:36
Current Date: 11-22-2025

 ** D3D Driver Initializing **

--- D3DMain_CreateDDFromName ---
  Name: (D3D)Primary Display Driver
   DDCAPS2_CANRENDERWINDOWED    : YES
   DDCAPS2_NO2DDURING3DSCENE    : NO
--- D3DMain_GetTextureMemory ---
  Ram free: -1082036224
--- D3DMain_RememberOldMode ---
--- D3DMain_EnumDisplayModes ---
--- D3DMain_CreateD3D ---
--- D3DMain_EnumDevices ---
--- D3DMain_SetDisplayMode ---
  W: 778, H: 443, Bpp: 32, FullScreen: NO
--- D3DMain_PickDevice ---
--- D3DMain_CreateBuffers ---
--- D3DMain_CreateZBuffer ---
--- D3DMain_CreateDevice ---
D3DDrv : Max Texture Dimensions = 16384 x 16384
--- D3DMain_GetSurfaceFormats ---
--- D3DMain_SetRenderState --- 
--- D3DMain_GetTextureMemory ---
  Ram free: -1075875284

 ** Initialization was successful **


--- D3DMain_Reset ---
D3DCache_FreeAllSlots starting
D3DCache_FreeAllSlots done

--- D3DMain_ShutdownD3D ---
D3DCache_FreeAllSlots starting
D3DCache_FreeAllSlots done
  Shutdown was successful...

=================================================================
 D3DInfo v200.4
19:07:51=================================================================

Current Time:  0:15:47
Current Date: 11-22-2025

 ** D3D Driver Initializing **

--- D3DMain_CreateDDFromName ---
  Name: (D3D)Primary Display Driver
   DDCAPS2_CANRENDERWINDOWED    : YES
   DDCAPS2_NO2DDURING3DSCENE    : NO
--- D3DMain_GetTextureMemory ---
  Ram free: -1082036224
--- D3DMain_RememberOldMode ---
--- D3DMain_EnumDisplayModes ---
--- D3DMain_CreateD3D ---
--- D3DMain_EnumDevices ---
--- D3DMain_SetDisplayMode ---
  W: 1600, H: 1024, Bpp: 32, FullScreen: YES
		SetCooperativeLevel: DDSCL_EXCLUSIVE | DDSCL_FULLSCREEN succesfull...
		SetDisplayMode: succesfull...
--- D3DMain_PickDevice ---
--- D3DMain_CreateBuffers ---
--- D3DMain_CreateZBuffer ---
--- D3DMain_CreateDevice ---
D3DDrv : Max Texture Dimensions = 16384 x 16384
--- D3DMain_GetSurfaceFormats ---
--- D3DMain_SetRenderState --- 
--- D3DMain_GetTextureMemory ---
  Ram free: -1090191360

 ** Initialization was successful **


--- D3DMain_Reset ---
D3DCache_FreeAllSlots starting
D3DCache_FreeAllSlots done

--- D3DMain_ShutdownD3D ---
D3DCache_FreeAllSlots starting
D3DCache_FreeAllSlots done
  Shutdown was successful...

=================================================================
 D3DInfo v200.4
19:07:51=================================================================

Current Time:  0:15:49
Current Date: 11-22-2025

 ** D3D Driver Initializing **

--- D3DMain_CreateDDFromName ---
  Name: (D3D)Primary Display Driver
   DDCAPS2_CANRENDERWINDOWED    : YES
   DDCAPS2_NO2DDURING3DSCENE    : NO
--- D3DMain_GetTextureMemory ---
  Ram free: -1082036224
--- D3DMain_RememberOldMode ---
--- D3DMain_EnumDisplayModes ---
--- D3DMain_CreateD3D ---
--- D3DMain_EnumDevices ---
--- D3DMain_SetDisplayMode ---
  W: 1600, H: 1024, Bpp: 32, FullScreen: YES
		SetCooperativeLevel: DDSCL_EXCLUSIVE | DDSCL_FULLSCREEN succesfull...
		SetDisplayMode: succesfull...
--- D3DMain_PickDevice ---
--- D3DMain_CreateBuffers ---
--- D3DMain_CreateZBuffer ---
--- D3DMain_CreateDevice ---
D3DDrv : Max Texture Dimensions = 16384 x 16384
--- D3DMain_GetSurfaceFormats ---
--- D3DMain_SetRenderState --- 
--- D3DMain_GetTextureMemory ---
  Ram free: -1090191360

 ** Initialization was successful **


--- D3DMain_Reset ---
D3DCache_FreeAllSlots starting
D3DCache_FreeAllSlots done

--- D3DMain_ShutdownD3D ---
D3DCache_FreeAllSlots starting
D3DCache_FreeAllSlots done
  Shutdown was successful...

=================================================================
 D3DInfo v200.4
19:07:51=================================================================

Current Time:  0:15:51
Current Date: 11-22-2025

 ** D3D Driver Initializing **

--- D3DMain_CreateDDFromName ---
  Name: (D3D)Primary Display Driver
   DDCAPS2_CANRENDERWINDOWED    : YES
   DDCAPS2_NO2DDURING3DSCENE    : NO
--- D3DMain_GetTextureMemory ---
  Ram free: -1082036224
--- D3DMain_RememberOldMode ---
--- D3DMain_EnumDisplayModes ---
--- D3DMain_CreateD3D ---
--- D3DMain_EnumDevices ---
--- D3DMain_SetDisplayMode ---
  W: 1600, H: 1024, Bpp: 32, FullScreen: YES
		SetCooperativeLevel: DDSCL_EXCLUSIVE | DDSCL_FULLSCREEN succesfull...
		SetDisplayMode: succesfull...
--- D3DMain_PickDevice ---
--- D3DMain_CreateBuffers ---
--- D3DMain_CreateZBuffer ---
--- D3DMain_CreateDevice ---
D3DDrv : Max Texture Dimensions = 16384 x 16384
--- D3DMain_GetSurfaceFormats ---
--- D3DMain_SetRenderState --- 
--- D3DMain_GetTextureMemory ---
  Ram free: -1090191360

 ** Initialization was successful **


--- D3DMain_Reset ---
D3DCache_FreeAllSlots starting
D3DCache_FreeAllSlots done

--- D3DMain_ShutdownD3D ---
D3DCache_FreeAllSlots starting
D3DCache_FreeAllSlots done
  Shutdown was successful...

=================================================================
 D3DInfo v200.4
19:07:51=================================================================

Current Time:  0:15:52
Current Date: 11-22-2025

 ** D3D Driver Initializing **

--- D3DMain_CreateDDFromName ---
  Name: (D3D)Primary Display Driver
   DDCAPS2_CANRENDERWINDOWED    : YES
   DDCAPS2_NO2DDURING3DSCENE    : NO
--- D3DMain_GetTextureMemory ---
  Ram free: -1082036224
--- D3DMain_RememberOldMode ---
--- D3DMain_EnumDisplayModes ---
--- D3DMain_CreateD3D ---
--- D3DMain_EnumDevices ---
--- D3DMain_SetDisplayMode ---
  W: 1600, H: 1024, Bpp: 32, FullScreen: YES
		SetCooperativeLevel: DDSCL_EXCLUSIVE | DDSCL_FULLSCREEN succesfull...
		SetDisplayMode: succesfull...
--- D3DMain_PickDevice ---
--- D3DMain_CreateBuffers ---
--- D3DMain_CreateZBuffer ---
--- D3DMain_CreateDevice ---
D3DDrv : Max Texture Dimensions = 16384 x 16384
--- D3DMain_GetSurfaceFormats ---
--- D3DMain_SetRenderState --- 
--- D3DMain_GetTextureMemory ---
  Ram free: -1090191360

 ** Initialization was successful **


--- D3DMain_Reset ---
D3DCache_FreeAllSlots starting
D3DCache_FreeAllSlots done

--- D3DMain_ShutdownD3D ---
D3DCache_FreeAllSlots starting
D3DCache_FreeAllSlots done
  Shutdown was successful...

=================================================================
 D3DInfo v200.4
19:07:51=================================================================

Current Time:  0:15:53
Current Date: 11-22-2025

 ** D3D Driver Initializing **

--- D3DMain_CreateDDFromName ---
  Name: (D3D)Primary Display Driver
   DDCAPS2_CANRENDERWINDOWED    : YES
   DDCAPS2_NO2DDURING3DSCENE    : NO
--- D3DMain_GetTextureMemory ---
  Ram free: -1082036224
--- D3DMain_RememberOldMode ---
--- D3DMain_EnumDisplayModes ---
--- D3DMain_CreateD3D ---
--- D3DMain_EnumDevices ---
--- D3DMain_SetDisplayMode ---
  W: 1600, H: 1024, Bpp: 32, FullScreen: YES
		SetCooperativeLevel: DDSCL_EXCLUSIVE | DDSCL_FULLSCREEN succesfull...
		SetDisplayMode: succesfull...
--- D3DMain_PickDevice ---
--- D3DMain_CreateBuffers ---
--- D3DMain_CreateZBuffer ---
--- D3DMain_CreateDevice ---
D3DDrv : Max Texture Dimensions = 16384 x 16384
--- D3DMain_GetSurfaceFormats ---
--- D3DMain_SetRenderState --- 
--- D3DMain_GetTextureMemory ---
  Ram free: -1090191360

 ** Initialization was successful **


--- D3DMain_Reset ---
D3DCache_FreeAllSlots starting
D3DCache_FreeAllSlots done

--- D3DMain_ShutdownD3D ---
D3DCache_FreeAllSlots starting
D3DCache_FreeAllSlots done
  Shutdown was successful...

=================================================================
 D3DInfo v200.4
19:07:51=================================================================

Current Time:  0:16:37
Current Date: 11-22-2025

 ** D3D Driver Initializing **

--- D3DMain_CreateDDFromName ---
  Name: (D3D)Primary Display Driver
   DDCAPS2_CANRENDERWINDOWED    : YES
   DDCAPS2_NO2DDURING3DSCENE    : NO
--- D3DMain_GetTextureMemory ---
  Ram free: -1082036224
--- D3DMain_RememberOldMode ---
--- D3DMain_EnumDisplayModes ---
--- D3DMain_CreateD3D ---
--- D3DMain_EnumDevices ---
--- D3DMain_SetDisplayMode ---
  W: 778, H: 443, Bpp: 32, FullScreen: NO
--- D3DMain_PickDevice ---
--- D3DMain_CreateBuffers ---
--- D3DMain_CreateZBuffer ---
--- D3DMain_CreateDevice ---
D3DDrv : Max Texture Dimensions = 16384 x 16384
--- D3DMain_GetSurfaceFormats ---
--- D3DMain_SetRenderState --- 
--- D3DMain_GetTextureMemory ---
  Ram free: -1075875284

 ** Initialization was successful **


--- D3DMain_Reset ---
D3DCache_FreeAllSlots starting
D3DCache_FreeAllSlots done

--- D3DMain_ShutdownD3D ---
D3DCache_FreeAllSlots starting
D3DCache_FreeAllSlots done
  Shutdown was successful...

=================================================================
 D3DInfo v200.4
19:07:51=================================================================

Current Time:  0:16:38
Current Date: 11-22-2025

 ** D3D Driver Initializing **

--- D3DMain_CreateDDFromName ---
  Name: (D3D)Primary Display Driver
   DDCAPS2_CANRENDERWINDOWED    : YES
   DDCAPS2_NO2DDURING3DSCENE    : NO
--- D3DMain_GetTextureMemory ---
  Ram free: -1082036224
--- D3DMain_RememberOldMode ---
--- D3DMain_EnumDisplayModes ---
--- D3DMain_CreateD3D ---
--- D3DMain_EnumDevices ---
--- D3DMain_SetDisplayMode ---
  W: 778, H: 443, Bpp: 32, FullScreen: NO
--- D3DMain_PickDevice ---
--- D3DMain_CreateBuffers ---
--- D3DMain_CreateZBuffer ---
--- D3DMain_CreateDevice ---
D3DDrv : Max Texture Dimensions = 16384 x 16384
--- D3DMain_GetSurfaceFormats ---
--- D3DMain_SetRenderState --- 
--- D3DMain_GetTextureMemory ---
  Ram free: -1075875284

 ** Initialization was successful **


--- D3DMain_Reset ---
D3DCache_FreeAllSlots starting
D3DCache_FreeAllSlots done

--- D3DMain_ShutdownD3D ---
D3DCache_FreeAllSlots starting
D3DCache_FreeAllSlots done
  Shutdown was successful...

=================================================================
 D3DInfo v200.4
19:07:51=================================================================

Current Time:  0:16:39
Current Date: 11-22-2025

 ** D3D Driver Initializing **

--- D3DMain_CreateDDFromName ---
  Name: (D3D)Primary Display Driver
   DDCAPS2_CANRENDERWINDOWED    : YES
   DDCAPS2_NO2DDURING3DSCENE    : NO
--- D3DMain_GetTextureMemory ---
  Ram free: -1082036224
--- D3DMain_RememberOldMode ---
--- D3DMain_EnumDisplayModes ---
--- D3DMain_CreateD3D ---
--- D3DMain_EnumDevices ---
--- D3DMain_SetDisplayMode ---
  W: 778, H: 467, Bpp: 32, FullScreen: NO
--- D3DMain_PickDevice ---
--- D3DMain_CreateBuffers ---
--- D3DMain_CreateZBuffer ---
--- D3DMain_CreateDevice ---
D3DDrv : Max Texture Dimensions = 16384 x 16384
--- D3DMain_GetSurfaceFormats ---
--- D3DMain_SetRenderState --- 
--- D3DMain_GetTextureMemory ---
  Ram free: -1075987316

 ** Initialization was successful **


--- D3DMain_Reset ---
D3DCache_FreeAllSlots starting
D3DCache_FreeAllSlots done

--- D3DMain_ShutdownD3D ---
D3DCache_FreeAllSlots starting
D3DCache_FreeAllSlots done
  Shutdown was successful...

=================================================================
 D3DInfo v200.4
19:07:51=================================================================

Current Time:  0:16:39
Current Date: 11-22-2025

 ** D3D Driver Initializing **

--- D3DMain_CreateDDFromName ---
  Name: (D3D)Primary Display Driver
   DDCAPS2_CANRENDERWINDOWED    : YES
   DDCAPS2_NO2DDURING3DSCENE    : NO
--- D3DMain_GetTextureMemory ---
  Ram free: -1082036224
--- D3DMain_RememberOldMode ---
--- D3DMain_EnumDisplayModes ---
--- D3DMain_CreateD3D ---
--- D3DMain_EnumDevices ---
--- D3DMain_SetDisplayMode ---
  W: 778, H: 882, Bpp: 32, FullScreen: NO
--- D3DMain_PickDevice ---
--- D3DMain_CreateBuffers ---
--- D3DMain_CreateZBuffer ---
--- D3DMain_CreateDevice ---
D3DDrv : Max Texture Dimensions = 16384 x 16384
--- D3DMain_GetSurfaceFormats ---
--- D3DMain_SetRenderState --- 
--- D3DMain_GetTextureMemory ---
  Ram free: -1077924536

 ** Initialization was successful **


--- D3DMain_Reset ---
D3DCache_FreeAllSlots starting
D3DCache_FreeAllSlots done

--- D3DMain_ShutdownD3D ---
D3DCache_FreeAllSlots starting
D3DCache_FreeAllSlots done
  Shutdown was successful...

=================================================================
 D3DInfo v200.4
19:07:51=================================================================

Current Time:  0:16:39
Current Date: 11-22-2025

 ** D3D Driver Initializing **

--- D3DMain_CreateDDFromName ---
  Name: (D3D)Primary Display Driver
   DDCAPS2_CANRENDERWINDOWED    : YES
   DDCAPS2_NO2DDURING3DSCENE    : NO
--- D3DMain_GetTextureMemory ---
  Ram free: -1082036224
--- D3DMain_RememberOldMode ---
--- D3DMain_EnumDisplayModes ---
--- D3DMain_CreateD3D ---
--- D3DMain_EnumDevices ---
--- D3DMain_SetDisplayMode ---
  W: 778, H: 443, Bpp: 32, FullScreen: NO
--- D3DMain_PickDevice ---
--- D3DMain_CreateBuffers ---
--- D3DMain_CreateZBuffer ---
--- D3DMain_CreateDevice ---
D3DDrv : Max Texture Dimensions = 16384 x 16384
--- D3DMain_GetSurfaceFormats ---
--- D3DMain_SetRenderState --- 
--- D3DMain_GetTextureMemory ---
  Ram free: -1075875284

 ** Initialization was successful **


--- D3DMain_Reset ---
D3DCache_FreeAllSlots starting
D3DCache_FreeAllSlots done

--- D3DMain_ShutdownD3D ---
D3DCache_FreeAllSlots starting
D3DCache_FreeAllSlots done
  Shutdown was successful...

=================================================================
 D3DInfo v200.4
19:07:51=================================================================

Current Time:  0:17:24
Current Date: 11-22-2025

 ** D3D Driver Initializing **

--- D3DMain_CreateDDFromName ---
  Name: (D3D)Primary Display Driver
   DDCAPS2_CANRENDERWINDOWED    : YES
   DDCAPS2_NO2DDURING3DSCENE    : NO
--- D3DMain_GetTextureMemory ---
  Ram free: -1082036224
--- D3DMain_RememberOldMode ---
--- D3DMain_EnumDisplayModes ---
--- D3DMain_CreateD3D ---
--- D3DMain_EnumDevices ---
--- D3DMain_SetDisplayMode ---
  W: 1600, H: 1024, Bpp: 32, FullScreen: YES
		SetCooperativeLevel: DDSCL_EXCLUSIVE | DDSCL_FULLSCREEN succesfull...
		SetDisplayMode: succesfull...
--- D3DMain_PickDevice ---
--- D3DMain_CreateBuffers ---
--- D3DMain_CreateZBuffer ---
--- D3DMain_CreateDevice ---
D3DDrv : Max Texture Dimensions = 16384 x 16384
--- D3DMain_GetSurfaceFormats ---
--- D3DMain_SetRenderState --- 
--- D3DMain_GetTextureMemory ---
  Ram free: -1090191360

 ** Initialization was successful **


--- D3DMain_Reset ---
D3DCache_FreeAllSlots starting
D3DCache_FreeAllSlots done

--- D3DMain_ShutdownD3D ---
D3DCache_FreeAllSlots starting
D3DCache_FreeAllSlots done
  Shutdown was successful...

=================================================================
 D3DInfo v200.4
19:07:51=================================================================

Current Time:  0:17:26
Current Date: 11-22-2025

 ** D3D Driver Initializing **

--- D3DMain_CreateDDFromName ---
  Name: (D3D)Primary Display Driver
   DDCAPS2_CANRENDERWINDOWED    : YES
   DDCAPS2_NO2DDURING3DSCENE    : NO
--- D3DMain_GetTextureMemory ---
  Ram free: -1082036224
--- D3DMain_RememberOldMode ---
--- D3DMain_EnumDisplayModes ---
--- D3DMain_CreateD3D ---
--- D3DMain_EnumDevices ---
--- D3DMain_SetDisplayMode ---
  W: 1600, H: 1024, Bpp: 32, FullScreen: YES
		SetCooperativeLevel: DDSCL_EXCLUSIVE | DDSCL_FULLSCREEN succesfull...
		SetDisplayMode: succesfull...
--- D3DMain_PickDevice ---
--- D3DMain_CreateBuffers ---
--- D3DMain_CreateZBuffer ---
--- D3DMain_CreateDevice ---
D3DDrv : Max Texture Dimensions = 16384 x 16384
--- D3DMain_GetSurfaceFormats ---
--- D3DMain_SetRenderState --- 
--- D3DMain_GetTextureMemory ---
  Ram free: -1090191360

 ** Initialization was successful **


--- D3DMain_Reset ---
D3DCache_FreeAllSlots starting
D3DCache_FreeAllSlots done

--- D3DMain_ShutdownD3D ---
D3DCache_FreeAllSlots starting
D3DCache_FreeAllSlots done
  Shutdown was successful...

=================================================================
 D3DInfo v200.4
19:07:51=================================================================

Current Time:  0:17:28
Current Date: 11-22-2025

 ** D3D Driver Initializing **

--- D3DMain_CreateDDFromName ---
  Name: (D3D)Primary Display Driver
   DDCAPS2_CANRENDERWINDOWED    : YES
   DDCAPS2_NO2DDURING3DSCENE    : NO
--- D3DMain_GetTextureMemory ---
  Ram free: -1082036224
--- D3DMain_RememberOldMode ---
--- D3DMain_EnumDisplayModes ---
--- D3DMain_CreateD3D ---
--- D3DMain_EnumDevices ---
--- D3DMain_SetDisplayMode ---
  W: 1600, H: 1024, Bpp: 32, FullScreen: YES
		SetCooperativeLevel: DDSCL_EXCLUSIVE | DDSCL_FULLSCREEN succesfull...
		SetDisplayMode: succesfull...
--- D3DMain_PickDevice ---
--- D3DMain_CreateBuffers ---
--- D3DMain_CreateZBuffer ---
--- D3DMain_CreateDevice ---
D3DDrv : Max Texture Dimensions = 16384 x 16384
--- D3DMain_GetSurfaceFormats ---
--- D3DMain_SetRenderState --- 
--- D3DMain_GetTextureMemory ---
  Ram free: -1090191360

 ** Initialization was successful **


--- D3DMain_Reset ---
D3DCache_FreeAllSlots starting
D3DCache_FreeAllSlots done

--- D3DMain_ShutdownD3D ---
D3DCache_FreeAllSlots starting
D3DCache_FreeAllSlots done
  Shutdown was successful...

=================================================================
 D3DInfo v200.4
19:07:51=================================================================

Current Time:  0:17:29
Current Date: 11-22-2025

 ** D3D Driver Initializing **

--- D3DMain_CreateDDFromName ---
  Name: (D3D)Primary Display Driver
   DDCAPS2_CANRENDERWINDOWED    : YES
   DDCAPS2_NO2DDURING3DSCENE    : NO
--- D3DMain_GetTextureMemory ---
  Ram free: -1082036224
--- D3DMain_RememberOldMode ---
--- D3DMain_EnumDisplayModes ---
--- D3DMain_CreateD3D ---
--- D3DMain_EnumDevices ---
--- D3DMain_SetDisplayMode ---
  W: 1600, H: 1024, Bpp: 32, FullScreen: YES
		SetCooperativeLevel: DDSCL_EXCLUSIVE | DDSCL_FULLSCREEN succesfull...
		SetDisplayMode: succesfull...
--- D3DMain_PickDevice ---
--- D3DMain_CreateBuffers ---
--- D3DMain_CreateZBuffer ---
--- D3DMain_CreateDevice ---
D3DDrv : Max Texture Dimensions = 16384 x 16384
--- D3DMain_GetSurfaceFormats ---
--- D3DMain_SetRenderState --- 
--- D3DMain_GetTextureMemory ---
  Ram free: -1090191360

 ** Initialization was successful **


--- D3DMain_Reset ---
D3DCache_FreeAllSlots starting
D3DCache_FreeAllSlots done

--- D3DMain_ShutdownD3D ---
D3DCache_FreeAllSlots starting
D3DCache_FreeAllSlots done
  Shutdown was successful...

=================================================================
 D3DInfo v200.4
19:07:51=================================================================

Current Time:  0:17:30
Current Date: 11-22-2025

 ** D3D Driver Initializing **

--- D3DMain_CreateDDFromName ---
  Name: (D3D)Primary Display Driver
   DDCAPS2_CANRENDERWINDOWED    : YES
   DDCAPS2_NO2DDURING3DSCENE    : NO
--- D3DMain_GetTextureMemory ---
  Ram free: -1082036224
--- D3DMain_RememberOldMode ---
--- D3DMain_EnumDisplayModes ---
--- D3DMain_CreateD3D ---
--- D3DMain_EnumDevices ---
--- D3DMain_SetDisplayMode ---
  W: 1600, H: 1024, Bpp: 32, FullScreen: YES
		SetCooperativeLevel: DDSCL_EXCLUSIVE | DDSCL_FULLSCREEN succesfull...
		SetDisplayMode: succesfull...
--- D3DMain_PickDevice ---
--- D3DMain_CreateBuffers ---
--- D3DMain_CreateZBuffer ---
--- D3DMain_CreateDevice ---
D3DDrv : Max Texture Dimensions = 16384 x 16384
--- D3DMain_GetSurfaceFormats ---
--- D3DMain_SetRenderState --- 
--- D3DMain_GetTextureMemory ---
  Ram free: -1090191360

 ** Initialization was successful **


--- D3DMain_Reset ---
D3DCache_FreeAllSlots starting
D3DCache_FreeAllSlots done

--- D3DMain_ShutdownD3D ---
D3DCache_FreeAllSlots starting
D3DCache_FreeAllSlots done
  Shutdown was successful...

=================================================================
 D3DInfo v200.4
19:07:51=================================================================

Current Time:  0:17:53
Current Date: 11-22-2025

 ** D3D Driver Initializing **

--- D3DMain_CreateDDFromName ---
  Name: (D3D)Primary Display Driver
   DDCAPS2_CANRENDERWINDOWED    : YES
   DDCAPS2_NO2DDURING3DSCENE    : NO
--- D3DMain_GetTextureMemory ---
  Ram free: -1082036224
--- D3DMain_RememberOldMode ---
--- D3DMain_EnumDisplayModes ---
--- D3DMain_CreateD3D ---
--- D3DMain_EnumDevices ---
--- D3DMain_SetDisplayMode ---
  W: 778, H: 443, Bpp: 32, FullScreen: NO
--- D3DMain_PickDevice ---
--- D3DMain_CreateBuffers ---
--- D3DMain_CreateZBuffer ---
--- D3DMain_CreateDevice ---
D3DDrv : Max Texture Dimensions = 16384 x 16384
--- D3DMain_GetSurfaceFormats ---
--- D3DMain_SetRenderState --- 
--- D3DMain_GetTextureMemory ---
  Ram free: -1075875284

 ** Initialization was successful **


--- D3DMain_Reset ---
D3DCache_FreeAllSlots starting
D3DCache_FreeAllSlots done

--- D3DMain_ShutdownD3D ---
D3DCache_FreeAllSlots starting
D3DCache_FreeAllSlots done
  Shutdown was successful...

=================================================================
 D3DInfo v200.4
19:07:51=================================================================

Current Time:  0:17:54
Current Date: 11-22-2025

 ** D3D Driver Initializing **

--- D3DMain_CreateDDFromName ---
  Name: (D3D)Primary Display Driver
   DDCAPS2_CANRENDERWINDOWED    : YES
   DDCAPS2_NO2DDURING3DSCENE    : NO
--- D3DMain_GetTextureMemory ---
  Ram free: -1082036224
--- D3DMain_RememberOldMode ---
--- D3DMain_EnumDisplayModes ---
--- D3DMain_CreateD3D ---
--- D3DMain_EnumDevices ---
--- D3DMain_SetDisplayMode ---
  W: 778, H: 443, Bpp: 32, FullScreen: NO
--- D3DMain_PickDevice ---
--- D3DMain_CreateBuffers ---
--- D3DMain_CreateZBuffer ---
--- D3DMain_CreateDevice ---
D3DDrv : Max Texture Dimensions = 16384 x 16384
--- D3DMain_GetSurfaceFormats ---
--- D3DMain_SetRenderState --- 
--- D3DMain_GetTextureMemory ---
  Ram free: -1075875284

 ** Initialization was successful **


--- D3DMain_Reset ---
D3DCache_FreeAllSlots starting
D3DCache_FreeAllSlots done

--- D3DMain_ShutdownD3D ---
D3DCache_FreeAllSlots starting
D3DCache_FreeAllSlots done
  Shutdown was successful...

=================================================================
 D3DInfo v200.4
19:07:51=================================================================

Current Time:  0:17:54
Current Date: 11-22-2025

 ** D3D Driver Initializing **

--- D3DMain_CreateDDFromName ---
  Name: (D3D)Primary Display Driver
   DDCAPS2_CANRENDERWINDOWED    : YES
   DDCAPS2_NO2DDURING3DSCENE    : NO
--- D3DMain_GetTextureMemory ---
  Ram free: -1082036224
--- D3DMain_RememberOldMode ---
--- D3DMain_EnumDisplayModes ---
--- D3DMain_CreateD3D ---
--- D3DMain_EnumDevices ---
--- D3DMain_SetDisplayMode ---
  W: 778, H: 467, Bpp: 32, FullScreen: NO
--- D3DMain_PickDevice ---
--- D3DMain_CreateBuffers ---
--- D3DMain_CreateZBuffer ---
--- D3DMain_CreateDevice ---
D3DDrv : Max Texture Dimensions = 16384 x 16384
--- D3DMain_GetSurfaceFormats ---
--- D3DMain_SetRenderState --- 
--- D3DMain_GetTextureMemory ---
  Ram free: -1075987316

 ** Initialization was successful **


--- D3DMain_Reset ---
D3DCache_FreeAllSlots starting
D3DCache_FreeAllSlots done

--- D3DMain_ShutdownD3D ---
D3DCache_FreeAllSlots starting
D3DCache_FreeAllSlots done
  Shutdown was successful...

=================================================================
 D3DInfo v200.4
19:07:51=================================================================

Current Time:  0:17:55
Current Date: 11-22-2025

 ** D3D Driver Initializing **

--- D3DMain_CreateDDFromName ---
  Name: (D3D)Primary Display Driver
   DDCAPS2_CANRENDERWINDOWED    : YES
   DDCAPS2_NO2DDURING3DSCENE    : NO
--- D3DMain_GetTextureMemory ---
  Ram free: -1082036224
--- D3DMain_RememberOldMode ---
--- D3DMain_EnumDisplayModes ---
--- D3DMain_CreateD3D ---
--- D3DMain_EnumDevices ---
--- D3DMain_SetDisplayMode ---
  W: 778, H: 882, Bpp: 32, FullScreen: NO
--- D3DMain_PickDevice ---
--- D3DMain_CreateBuffers ---
--- D3DMain_CreateZBuffer ---
--- D3DMain_CreateDevice ---
D3DDrv : Max Texture Dimensions = 16384 x 16384
--- D3DMain_GetSurfaceFormats ---
--- D3DMain_SetRenderState --- 
--- D3DMain_GetTextureMemory ---
  Ram free: -1077924536

 ** Initialization was successful **


--- D3DMain_Reset ---
D3DCache_FreeAllSlots starting
D3DCache_FreeAllSlots done

--- D3DMain_ShutdownD3D ---
D3DCache_FreeAllSlots starting
D3DCache_FreeAllSlots done
  Shutdown was successful...

=================================================================
 D3DInfo v200.4
19:07:51=================================================================

Current Time:  0:17:55
Current Date: 11-22-2025

 ** D3D Driver Initializing **

--- D3DMain_CreateDDFromName ---
  Name: (D3D)Primary Display Driver
   DDCAPS2_CANRENDERWINDOWED    : YES
   DDCAPS2_NO2DDURING3DSCENE    : NO
--- D3DMain_GetTextureMemory ---
  Ram free: -1082036224
--- D3DMain_RememberOldMode ---
--- D3DMain_EnumDisplayModes ---
--- D3DMain_CreateD3D ---
--- D3DMain_EnumDevices ---
--- D3DMain_SetDisplayMode ---
  W: 778, H: 443, Bpp: 32, FullScreen: NO
--- D3DMain_PickDevice ---
--- D3DMain_CreateBuffers ---
--- D3DMain_CreateZBuffer ---
--- D3DMain_CreateDevice ---
D3DDrv : Max Texture Dimensions = 16384 x 16384
--- D3DMain_GetSurfaceFormats ---
--- D3DMain_SetRenderState --- 
--- D3DMain_GetTextureMemory ---
  Ram free: -1075875284

 ** Initialization was successful **


--- D3DMain_Reset ---
D3DCache_FreeAllSlots starting
D3DCache_FreeAllSlots done

--- D3DMain_ShutdownD3D ---
D3DCache_FreeAllSlots starting
D3DCache_FreeAllSlots done
  Shutdown was successful...

=================================================================
 D3DInfo v200.4
19:07:51=================================================================

Current Time:  0:20: 1
Current Date: 11-22-2025

 ** D3D Driver Initializing **

--- D3DMain_CreateDDFromName ---
  Name: (D3D)Primary Display Driver
   DDCAPS2_CANRENDERWINDOWED    : YES
   DDCAPS2_NO2DDURING3DSCENE    : NO
--- D3DMain_GetTextureMemory ---
  Ram free: -1082036224
--- D3DMain_RememberOldMode ---
--- D3DMain_EnumDisplayModes ---
--- D3DMain_CreateD3D ---
--- D3DMain_EnumDevices ---
--- D3DMain_SetDisplayMode ---
  W: 1600, H: 1024, Bpp: 32, FullScreen: YES
		SetCooperativeLevel: DDSCL_EXCLUSIVE | DDSCL_FULLSCREEN succesfull...
		SetDisplayMode: succesfull...
--- D3DMain_PickDevice ---
--- D3DMain_CreateBuffers ---
--- D3DMain_CreateZBuffer ---
--- D3DMain_CreateDevice ---
D3DDrv : Max Texture Dimensions = 16384 x 16384
--- D3DMain_GetSurfaceFormats ---
--- D3DMain_SetRenderState --- 
--- D3DMain_GetTextureMemory ---
  Ram free: -1090191360

 ** Initialization was successful **


--- D3DMain_Reset ---
D3DCache_FreeAllSlots starting
D3DCache_FreeAllSlots done

--- D3DMain_ShutdownD3D ---
D3DCache_FreeAllSlots starting
D3DCache_FreeAllSlots done
  Shutdown was successful...

=================================================================
 D3DInfo v200.4
19:07:51=================================================================

Current Time:  0:20: 3
Current Date: 11-22-2025

 ** D3D Driver Initializing **

--- D3DMain_CreateDDFromName ---
  Name: (D3D)Primary Display Driver
   DDCAPS2_CANRENDERWINDOWED    : YES
   DDCAPS2_NO2DDURING3DSCENE    : NO
--- D3DMain_GetTextureMemory ---
  Ram free: -1082036224
--- D3DMain_RememberOldMode ---
--- D3DMain_EnumDisplayModes ---
--- D3DMain_CreateD3D ---
--- D3DMain_EnumDevices ---
--- D3DMain_SetDisplayMode ---
  W: 1600, H: 1024, Bpp: 32, FullScreen: YES
		SetCooperativeLevel: DDSCL_EXCLUSIVE | DDSCL_FULLSCREEN succesfull...
		SetDisplayMode: succesfull...
--- D3DMain_PickDevice ---
--- D3DMain_CreateBuffers ---
--- D3DMain_CreateZBuffer ---
--- D3DMain_CreateDevice ---
D3DDrv : Max Texture Dimensions = 16384 x 16384
--- D3DMain_GetSurfaceFormats ---
--- D3DMain_SetRenderState --- 
--- D3DMain_GetTextureMemory ---
  Ram free: -1090191360

 ** Initialization was successful **


--- D3DMain_Reset ---
D3DCache_FreeAllSlots starting
D3DCache_FreeAllSlots done

--- D3DMain_ShutdownD3D ---
D3DCache_FreeAllSlots starting
D3DCache_FreeAllSlots done
  Shutdown was successful...

=================================================================
 D3DInfo v200.4
19:07:51=================================================================

Current Time:  0:20: 5
Current Date: 11-22-2025

 ** D3D Driver Initializing **

--- D3DMain_CreateDDFromName ---
  Name: (D3D)Primary Display Driver
   DDCAPS2_CANRENDERWINDOWED    : YES
   DDCAPS2_NO2DDURING3DSCENE    : NO
--- D3DMain_GetTextureMemory ---
  Ram free: -1082036224
--- D3DMain_RememberOldMode ---
--- D3DMain_EnumDisplayModes ---
--- D3DMain_CreateD3D ---
--- D3DMain_EnumDevices ---
--- D3DMain_SetDisplayMode ---
  W: 1600, H: 1024, Bpp: 32, FullScreen: YES
		SetCooperativeLevel: DDSCL_EXCLUSIVE | DDSCL_FULLSCREEN succesfull...
		SetDisplayMode: succesfull...
--- D3DMain_PickDevice ---
--- D3DMain_CreateBuffers ---
--- D3DMain_CreateZBuffer ---
--- D3DMain_CreateDevice ---
D3DDrv : Max Texture Dimensions = 16384 x 16384
--- D3DMain_GetSurfaceFormats ---
--- D3DMain_SetRenderState --- 
--- D3DMain_GetTextureMemory ---
  Ram free: -1090191360

 ** Initialization was successful **


--- D3DMain_Reset ---
D3DCache_FreeAllSlots starting
D3DCache_FreeAllSlots done

--- D3DMain_ShutdownD3D ---
D3DCache_FreeAllSlots starting
D3DCache_FreeAllSlots done
  Shutdown was successful...

=================================================================
 D3DInfo v200.4
19:07:51=================================================================

Current Time:  0:20: 6
Current Date: 11-22-2025

 ** D3D Driver Initializing **

--- D3DMain_CreateDDFromName ---
  Name: (D3D)Primary Display Driver
   DDCAPS2_CANRENDERWINDOWED    : YES
   DDCAPS2_NO2DDURING3DSCENE    : NO
--- D3DMain_GetTextureMemory ---
  Ram free: -1082036224
--- D3DMain_RememberOldMode ---
--- D3DMain_EnumDisplayModes ---
--- D3DMain_CreateD3D ---
--- D3DMain_EnumDevices ---
--- D3DMain_SetDisplayMode ---
  W: 1600, H: 1024, Bpp: 32, FullScreen: YES
		SetCooperativeLevel: DDSCL_EXCLUSIVE | DDSCL_FULLSCREEN succesfull...
		SetDisplayMode: succesfull...
--- D3DMain_PickDevice ---
--- D3DMain_CreateBuffers ---
--- D3DMain_CreateZBuffer ---
--- D3DMain_CreateDevice ---
D3DDrv : Max Texture Dimensions = 16384 x 16384
--- D3DMain_GetSurfaceFormats ---
--- D3DMain_SetRenderState --- 
--- D3DMain_GetTextureMemory ---
  Ram free: -1090191360

 ** Initialization was successful **


--- D3DMain_Reset ---
D3DCache_FreeAllSlots starting
D3DCache_FreeAllSlots done

--- D3DMain_ShutdownD3D ---
D3DCache_FreeAllSlots starting
D3DCache_FreeAllSlots done
  Shutdown was successful...

=================================================================
 D3DInfo v200.4
19:07:51=================================================================

Current Time:  0:20: 7
Current Date: 11-22-2025

 ** D3D Driver Initializing **

--- D3DMain_CreateDDFromName ---
  Name: (D3D)Primary Display Driver
   DDCAPS2_CANRENDERWINDOWED    : YES
   DDCAPS2_NO2DDURING3DSCENE    : NO
--- D3DMain_GetTextureMemory ---
  Ram free: -1082036224
--- D3DMain_RememberOldMode ---
--- D3DMain_EnumDisplayModes ---
--- D3DMain_CreateD3D ---
--- D3DMain_EnumDevices ---
--- D3DMain_SetDisplayMode ---
  W: 1600, H: 1024, Bpp: 32, FullScreen: YES
		SetCooperativeLevel: DDSCL_EXCLUSIVE | DDSCL_FULLSCREEN succesfull...
		SetDisplayMode: succesfull...
--- D3DMain_PickDevice ---
--- D3DMain_CreateBuffers ---
--- D3DMain_CreateZBuffer ---
--- D3DMain_CreateDevice ---
D3DDrv : Max Texture Dimensions = 16384 x 16384
--- D3DMain_GetSurfaceFormats ---
--- D3DMain_SetRenderState --- 
--- D3DMain_GetTextureMemory ---
  Ram free: -1090191360

 ** Initialization was successful **


--- D3DMain_Reset ---
D3DCache_FreeAllSlots starting
D3DCache_FreeAllSlots done

--- D3DMain_ShutdownD3D ---
D3DCache_FreeAllSlots starting
D3DCache_FreeAllSlots done
  Shutdown was successful...

=================================================================
 D3DInfo v200.4
19:07:51=================================================================

Current Time:  0:20:10
Current Date: 11-22-2025

 ** D3D Driver Initializing **

--- D3DMain_CreateDDFromName ---
  Name: (D3D)Primary Display Driver
   DDCAPS2_CANRENDERWINDOWED    : YES
   DDCAPS2_NO2DDURING3DSCENE    : NO
--- D3DMain_GetTextureMemory ---
  Ram free: -1082036224
--- D3DMain_RememberOldMode ---
--- D3DMain_EnumDisplayModes ---
--- D3DMain_CreateD3D ---
--- D3DMain_EnumDevices ---
--- D3DMain_SetDisplayMode ---
  W: 1600, H: 1024, Bpp: 32, FullScreen: YES
		SetCooperativeLevel: DDSCL_EXCLUSIVE | DDSCL_FULLSCREEN succesfull...
		SetDisplayMode: succesfull...
--- D3DMain_PickDevice ---
--- D3DMain_CreateBuffers ---
--- D3DMain_CreateZBuffer ---
--- D3DMain_CreateDevice ---
D3DDrv : Max Texture Dimensions = 16384 x 16384
--- D3DMain_GetSurfaceFormats ---
--- D3DMain_SetRenderState --- 
--- D3DMain_GetTextureMemory ---
  Ram free: -1090191360

 ** Initialization was successful **


--- D3DMain_Reset ---
D3DCache_FreeAllSlots starting
D3DCache_FreeAllSlots done

--- D3DMain_ShutdownD3D ---
D3DCache_FreeAllSlots starting
D3DCache_FreeAllSlots done
  Shutdown was successful...

=================================================================
 D3DInfo v200.4
19:07:51=================================================================

Current Time:  0:20:12
Current Date: 11-22-2025

 ** D3D Driver Initializing **

--- D3DMain_CreateDDFromName ---
  Name: (D3D)Primary Display Driver
   DDCAPS2_CANRENDERWINDOWED    : YES
   DDCAPS2_NO2DDURING3DSCENE    : NO
--- D3DMain_GetTextureMemory ---
  Ram free: -1082036224
--- D3DMain_RememberOldMode ---
--- D3DMain_EnumDisplayModes ---
--- D3DMain_CreateD3D ---
--- D3DMain_EnumDevices ---
--- D3DMain_SetDisplayMode ---
  W: 1600, H: 1024, Bpp: 32, FullScreen: YES
		SetCooperativeLevel: DDSCL_EXCLUSIVE | DDSCL_FULLSCREEN succesfull...
		SetDisplayMode: succesfull...
--- D3DMain_PickDevice ---
--- D3DMain_CreateBuffers ---
--- D3DMain_CreateZBuffer ---
--- D3DMain_CreateDevice ---
D3DDrv : Max Texture Dimensions = 16384 x 16384
--- D3DMain_GetSurfaceFormats ---
--- D3DMain_SetRenderState --- 
--- D3DMain_GetTextureMemory ---
  Ram free: -1090191360

 ** Initialization was successful **


--- D3DMain_Reset ---
D3DCache_FreeAllSlots starting
D3DCache_FreeAllSlots done

--- D3DMain_ShutdownD3D ---
D3DCache_FreeAllSlots starting
D3DCache_FreeAllSlots done
  Shutdown was successful...

=================================================================
 D3DInfo v200.4
19:07:51=================================================================

Current Time:  0:20:13
Current Date: 11-22-2025

 ** D3D Driver Initializing **

--- D3DMain_CreateDDFromName ---
  Name: (D3D)Primary Display Driver
   DDCAPS2_CANRENDERWINDOWED    : YES
   DDCAPS2_NO2DDURING3DSCENE    : NO
--- D3DMain_GetTextureMemory ---
  Ram free: -1082036224
--- D3DMain_RememberOldMode ---
--- D3DMain_EnumDisplayModes ---
--- D3DMain_CreateD3D ---
--- D3DMain_EnumDevices ---
--- D3DMain_SetDisplayMode ---
  W: 1600, H: 1024, Bpp: 32, FullScreen: YES
		SetCooperativeLevel: DDSCL_EXCLUSIVE | DDSCL_FULLSCREEN succesfull...
		SetDisplayMode: succesfull...
--- D3DMain_PickDevice ---
--- D3DMain_CreateBuffers ---
--- D3DMain_CreateZBuffer ---
--- D3DMain_CreateDevice ---
D3DDrv : Max Texture Dimensions = 16384 x 16384
--- D3DMain_GetSurfaceFormats ---
--- D3DMain_SetRenderState --- 
--- D3DMain_GetTextureMemory ---
  Ram free: -1090191360

 ** Initialization was successful **


--- D3DMain_Reset ---
D3DCache_FreeAllSlots starting
D3DCache_FreeAllSlots done

--- D3DMain_ShutdownD3D ---
D3DCache_FreeAllSlots starting
D3DCache_FreeAllSlots done
  Shutdown was successful...

=================================================================
 D3DInfo v200.4
19:07:51=================================================================

Current Time:  0:20:15
Current Date: 11-22-2025

 ** D3D Driver Initializing **

--- D3DMain_CreateDDFromName ---
  Name: (D3D)Primary Display Driver
   DDCAPS2_CANRENDERWINDOWED    : YES
   DDCAPS2_NO2DDURING3DSCENE    : NO
--- D3DMain_GetTextureMemory ---
  Ram free: -1082036224
--- D3DMain_RememberOldMode ---
--- D3DMain_EnumDisplayModes ---
--- D3DMain_CreateD3D ---
--- D3DMain_EnumDevices ---
--- D3DMain_SetDisplayMode ---
  W: 1600, H: 1024, Bpp: 32, FullScreen: YES
		SetCooperativeLevel: DDSCL_EXCLUSIVE | DDSCL_FULLSCREEN succesfull...
		SetDisplayMode: succesfull...
--- D3DMain_PickDevice ---
--- D3DMain_CreateBuffers ---
--- D3DMain_CreateZBuffer ---
--- D3DMain_CreateDevice ---
D3DDrv : Max Texture Dimensions = 16384 x 16384
--- D3DMain_GetSurfaceFormats ---
--- D3DMain_SetRenderState --- 
--- D3DMain_GetTextureMemory ---
  Ram free: -1090191360

 ** Initialization was successful **


--- D3DMain_Reset ---
D3DCache_FreeAllSlots starting
D3DCache_FreeAllSlots done

--- D3DMain_ShutdownD3D ---
D3DCache_FreeAllSlots starting
D3DCache_FreeAllSlots done
  Shutdown was successful...

=================================================================
 D3DInfo v200.4
19:07:51=================================================================

Current Time:  0:20:17
Current Date: 11-22-2025

 ** D3D Driver Initializing **

--- D3DMain_CreateDDFromName ---
  Name: (D3D)Primary Display Driver
   DDCAPS2_CANRENDERWINDOWED    : YES
   DDCAPS2_NO2DDURING3DSCENE    : NO
--- D3DMain_GetTextureMemory ---
  Ram free: -1082036224
--- D3DMain_RememberOldMode ---
--- D3DMain_EnumDisplayModes ---
--- D3DMain_CreateD3D ---
--- D3DMain_EnumDevices ---
--- D3DMain_SetDisplayMode ---
  W: 1600, H: 1024, Bpp: 32, FullScreen: YES
		SetCooperativeLevel: DDSCL_EXCLUSIVE | DDSCL_FULLSCREEN succesfull...
		SetDisplayMode: succesfull...
--- D3DMain_PickDevice ---
--- D3DMain_CreateBuffers ---
--- D3DMain_CreateZBuffer ---
--- D3DMain_CreateDevice ---
D3DDrv : Max Texture Dimensions = 16384 x 16384
--- D3DMain_GetSurfaceFormats ---
--- D3DMain_SetRenderState --- 
--- D3DMain_GetTextureMemory ---
  Ram free: -1090191360

 ** Initialization was successful **


--- D3DMain_Reset ---
D3DCache_FreeAllSlots starting
D3DCache_FreeAllSlots done

--- D3DMain_ShutdownD3D ---
D3DCache_FreeAllSlots starting
D3DCache_FreeAllSlots done
  Shutdown was successful...

=================================================================
 D3DInfo v200.4
19:07:51=================================================================

Current Time:  0:20:17
Current Date: 11-22-2025

 ** D3D Driver Initializing **

--- D3DMain_CreateDDFromName ---
  Name: (D3D)Primary Display Driver
   DDCAPS2_CANRENDERWINDOWED    : YES
   DDCAPS2_NO2DDURING3DSCENE    : NO
--- D3DMain_GetTextureMemory ---
  Ram free: -1082036224
--- D3DMain_RememberOldMode ---
--- D3DMain_EnumDisplayModes ---
--- D3DMain_CreateD3D ---
--- D3DMain_EnumDevices ---
--- D3DMain_SetDisplayMode ---
  W: 1600, H: 1024, Bpp: 32, FullScreen: YES
		SetCooperativeLevel: DDSCL_EXCLUSIVE | DDSCL_FULLSCREEN succesfull...
		SetDisplayMode: succesfull...
--- D3DMain_PickDevice ---
--- D3DMain_CreateBuffers ---
--- D3DMain_CreateZBuffer ---
--- D3DMain_CreateDevice ---
D3DDrv : Max Texture Dimensions = 16384 x 16384
--- D3DMain_GetSurfaceFormats ---
--- D3DMain_SetRenderState --- 
--- D3DMain_GetTextureMemory ---
  Ram free: -1090191360

 ** Initialization was successful **


--- D3DMain_Reset ---
D3DCache_FreeAllSlots starting
D3DCache_FreeAllSlots done

--- D3DMain_ShutdownD3D ---
D3DCache_FreeAllSlots starting
D3DCache_FreeAllSlots done
  Shutdown was successful...

=================================================================
 D3DInfo v200.4
19:07:51=================================================================

Current Time:  0:20:39
Current Date: 11-22-2025

 ** D3D Driver Initializing **

--- D3DMain_CreateDDFromName ---
  Name: (D3D)Primary Display Driver
   DDCAPS2_CANRENDERWINDOWED    : YES
   DDCAPS2_NO2DDURING3DSCENE    : NO
--- D3DMain_GetTextureMemory ---
  Ram free: -1082036224
--- D3DMain_RememberOldMode ---
--- D3DMain_EnumDisplayModes ---
--- D3DMain_CreateD3D ---
--- D3DMain_EnumDevices ---
--- D3DMain_SetDisplayMode ---
  W: 778, H: 443, Bpp: 32, FullScreen: NO
--- D3DMain_PickDevice ---
--- D3DMain_CreateBuffers ---
--- D3DMain_CreateZBuffer ---
--- D3DMain_CreateDevice ---
D3DDrv : Max Texture Dimensions = 16384 x 16384
--- D3DMain_GetSurfaceFormats ---
--- D3DMain_SetRenderState --- 
--- D3DMain_GetTextureMemory ---
  Ram free: -1075875284

 ** Initialization was successful **


--- D3DMain_Reset ---
D3DCache_FreeAllSlots starting
D3DCache_FreeAllSlots done

--- D3DMain_ShutdownD3D ---
D3DCache_FreeAllSlots starting
D3DCache_FreeAllSlots done
  Shutdown was successful...

=================================================================
 D3DInfo v200.4
19:07:51=================================================================

Current Time:  0:20:40
Current Date: 11-22-2025

 ** D3D Driver Initializing **

--- D3DMain_CreateDDFromName ---
  Name: (D3D)Primary Display Driver
   DDCAPS2_CANRENDERWINDOWED    : YES
   DDCAPS2_NO2DDURING3DSCENE    : NO
--- D3DMain_GetTextureMemory ---
  Ram free: -1082036224
--- D3DMain_RememberOldMode ---
--- D3DMain_EnumDisplayModes ---
--- D3DMain_CreateD3D ---
--- D3DMain_EnumDevices ---
--- D3DMain_SetDisplayMode ---
  W: 778, H: 443, Bpp: 32, FullScreen: NO
--- D3DMain_PickDevice ---
--- D3DMain_CreateBuffers ---
--- D3DMain_CreateZBuffer ---
--- D3DMain_CreateDevice ---
D3DDrv : Max Texture Dimensions = 16384 x 16384
--- D3DMain_GetSurfaceFormats ---
--- D3DMain_SetRenderState --- 
--- D3DMain_GetTextureMemory ---
  Ram free: -1075875284

 ** Initialization was successful **


--- D3DMain_Reset ---
D3DCache_FreeAllSlots starting
D3DCache_FreeAllSlots done

--- D3DMain_ShutdownD3D ---
D3DCache_FreeAllSlots starting
D3DCache_FreeAllSlots done
  Shutdown was successful...

=================================================================
 D3DInfo v200.4
19:07:51=================================================================

Current Time:  0:20:40
Current Date: 11-22-2025

 ** D3D Driver Initializing **

--- D3DMain_CreateDDFromName ---
  Name: (D3D)Primary Display Driver
   DDCAPS2_CANRENDERWINDOWED    : YES
   DDCAPS2_NO2DDURING3DSCENE    : NO
--- D3DMain_GetTextureMemory ---
  Ram free: -1082036224
--- D3DMain_RememberOldMode ---
--- D3DMain_EnumDisplayModes ---
--- D3DMain_CreateD3D ---
--- D3DMain_EnumDevices ---
--- D3DMain_SetDisplayMode ---
  W: 778, H: 467, Bpp: 32, FullScreen: NO
--- D3DMain_PickDevice ---
--- D3DMain_CreateBuffers ---
--- D3DMain_CreateZBuffer ---
--- D3DMain_CreateDevice ---
D3DDrv : Max Texture Dimensions = 16384 x 16384
--- D3DMain_GetSurfaceFormats ---
--- D3DMain_SetRenderState --- 
--- D3DMain_GetTextureMemory ---
  Ram free: -1075987316

 ** Initialization was successful **


--- D3DMain_Reset ---
D3DCache_FreeAllSlots starting
D3DCache_FreeAllSlots done

--- D3DMain_ShutdownD3D ---
D3DCache_FreeAllSlots starting
D3DCache_FreeAllSlots done
  Shutdown was successful...

=================================================================
 D3DInfo v200.4
19:07:51=================================================================

Current Time:  0:20:41
Current Date: 11-22-2025

 ** D3D Driver Initializing **

--- D3DMain_CreateDDFromName ---
  Name: (D3D)Primary Display Driver
   DDCAPS2_CANRENDERWINDOWED    : YES
   DDCAPS2_NO2DDURING3DSCENE    : NO
--- D3DMain_GetTextureMemory ---
  Ram free: -1082036224
--- D3DMain_RememberOldMode ---
--- D3DMain_EnumDisplayModes ---
--- D3DMain_CreateD3D ---
--- D3DMain_EnumDevices ---
--- D3DMain_SetDisplayMode ---
  W: 778, H: 882, Bpp: 32, FullScreen: NO
--- D3DMain_PickDevice ---
--- D3DMain_CreateBuffers ---
--- D3DMain_CreateZBuffer ---
--- D3DMain_CreateDevice ---
D3DDrv : Max Texture Dimensions = 16384 x 16384
--- D3DMain_GetSurfaceFormats ---
--- D3DMain_SetRenderState --- 
--- D3DMain_GetTextureMemory ---
  Ram free: -1077924536

 ** Initialization was successful **


--- D3DMain_Reset ---
D3DCache_FreeAllSlots starting
D3DCache_FreeAllSlots done

--- D3DMain_ShutdownD3D ---
D3DCache_FreeAllSlots starting
D3DCache_FreeAllSlots done
  Shutdown was successful...

=================================================================
 D3DInfo v200.4
19:07:51=================================================================

Current Time:  0:20:41
Current Date: 11-22-2025

 ** D3D Driver Initializing **

--- D3DMain_CreateDDFromName ---
  Name: (D3D)Primary Display Driver
   DDCAPS2_CANRENDERWINDOWED    : YES
   DDCAPS2_NO2DDURING3DSCENE    : NO
--- D3DMain_GetTextureMemory ---
  Ram free: -1082036224
--- D3DMain_RememberOldMode ---
--- D3DMain_EnumDisplayModes ---
--- D3DMain_CreateD3D ---
--- D3DMain_EnumDevices ---
--- D3DMain_SetDisplayMode ---
  W: 778, H: 443, Bpp: 32, FullScreen: NO
--- D3DMain_PickDevice ---
--- D3DMain_CreateBuffers ---
--- D3DMain_CreateZBuffer ---
--- D3DMain_CreateDevice ---
D3DDrv : Max Texture Dimensions = 16384 x 16384
--- D3DMain_GetSurfaceFormats ---
--- D3DMain_SetRenderState --- 
--- D3DMain_GetTextureMemory ---
  Ram free: -1075875284

 ** Initialization was successful **


--- D3DMain_Reset ---
D3DCache_FreeAllSlots starting
D3DCache_FreeAllSlots done

--- D3DMain_ShutdownD3D ---
D3DCache_FreeAllSlots starting
D3DCache_FreeAllSlots done
  Shutdown was successful...

=================================================================
 D3DInfo v200.4
19:07:51=================================================================

Current Time:  0:21:54
Current Date: 11-22-2025

 ** D3D Driver Initializing **

--- D3DMain_CreateDDFromName ---
  Name: (D3D)Primary Display Driver
   DDCAPS2_CANRENDERWINDOWED    : YES
   DDCAPS2_NO2DDURING3DSCENE    : NO
--- D3DMain_GetTextureMemory ---
  Ram free: -1082036224
--- D3DMain_RememberOldMode ---
--- D3DMain_EnumDisplayModes ---
--- D3DMain_CreateD3D ---
--- D3DMain_EnumDevices ---
--- D3DMain_SetDisplayMode ---
  W: 1600, H: 1024, Bpp: 32, FullScreen: YES
		SetCooperativeLevel: DDSCL_EXCLUSIVE | DDSCL_FULLSCREEN succesfull...
		SetDisplayMode: succesfull...
--- D3DMain_PickDevice ---
--- D3DMain_CreateBuffers ---
--- D3DMain_CreateZBuffer ---
--- D3DMain_CreateDevice ---
D3DDrv : Max Texture Dimensions = 16384 x 16384
--- D3DMain_GetSurfaceFormats ---
--- D3DMain_SetRenderState --- 
--- D3DMain_GetTextureMemory ---
  Ram free: -1090191360

 ** Initialization was successful **


--- D3DMain_Reset ---
D3DCache_FreeAllSlots starting
D3DCache_FreeAllSlots done

--- D3DMain_ShutdownD3D ---
D3DCache_FreeAllSlots starting
D3DCache_FreeAllSlots done
  Shutdown was successful...

=================================================================
 D3DInfo v200.4
19:07:51=================================================================

Current Time:  0:21:56
Current Date: 11-22-2025

 ** D3D Driver Initializing **

--- D3DMain_CreateDDFromName ---
  Name: (D3D)Primary Display Driver
   DDCAPS2_CANRENDERWINDOWED    : YES
   DDCAPS2_NO2DDURING3DSCENE    : NO
--- D3DMain_GetTextureMemory ---
  Ram free: -1082036224
--- D3DMain_RememberOldMode ---
--- D3DMain_EnumDisplayModes ---
--- D3DMain_CreateD3D ---
--- D3DMain_EnumDevices ---
--- D3DMain_SetDisplayMode ---
  W: 1600, H: 1024, Bpp: 32, FullScreen: YES
		SetCooperativeLevel: DDSCL_EXCLUSIVE | DDSCL_FULLSCREEN succesfull...
		SetDisplayMode: succesfull...
--- D3DMain_PickDevice ---
--- D3DMain_CreateBuffers ---
--- D3DMain_CreateZBuffer ---
--- D3DMain_CreateDevice ---
D3DDrv : Max Texture Dimensions = 16384 x 16384
--- D3DMain_GetSurfaceFormats ---
--- D3DMain_SetRenderState --- 
--- D3DMain_GetTextureMemory ---
  Ram free: -1090191360

 ** Initialization was successful **


--- D3DMain_Reset ---
D3DCache_FreeAllSlots starting
D3DCache_FreeAllSlots done

--- D3DMain_ShutdownD3D ---
D3DCache_FreeAllSlots starting
D3DCache_FreeAllSlots done
  Shutdown was successful...

=================================================================
 D3DInfo v200.4
19:07:51=================================================================

Current Time:  0:21:58
Current Date: 11-22-2025

 ** D3D Driver Initializing **

--- D3DMain_CreateDDFromName ---
  Name: (D3D)Primary Display Driver
   DDCAPS2_CANRENDERWINDOWED    : YES
   DDCAPS2_NO2DDURING3DSCENE    : NO
--- D3DMain_GetTextureMemory ---
  Ram free: -1082036224
--- D3DMain_RememberOldMode ---
--- D3DMain_EnumDisplayModes ---
--- D3DMain_CreateD3D ---
--- D3DMain_EnumDevices ---
--- D3DMain_SetDisplayMode ---
  W: 1600, H: 1024, Bpp: 32, FullScreen: YES
		SetCooperativeLevel: DDSCL_EXCLUSIVE | DDSCL_FULLSCREEN succesfull...
		SetDisplayMode: succesfull...
--- D3DMain_PickDevice ---
--- D3DMain_CreateBuffers ---
--- D3DMain_CreateZBuffer ---
--- D3DMain_CreateDevice ---
D3DDrv : Max Texture Dimensions = 16384 x 16384
--- D3DMain_GetSurfaceFormats ---
--- D3DMain_SetRenderState --- 
--- D3DMain_GetTextureMemory ---
  Ram free: -1090191360

 ** Initialization was successful **


--- D3DMain_Reset ---
D3DCache_FreeAllSlots starting
D3DCache_FreeAllSlots done

--- D3DMain_ShutdownD3D ---
D3DCache_FreeAllSlots starting
D3DCache_FreeAllSlots done
  Shutdown was successful...

=================================================================
 D3DInfo v200.4
19:07:51=================================================================

Current Time:  0:22: 0
Current Date: 11-22-2025

 ** D3D Driver Initializing **

--- D3DMain_CreateDDFromName ---
  Name: (D3D)Primary Display Driver
   DDCAPS2_CANRENDERWINDOWED    : YES
   DDCAPS2_NO2DDURING3DSCENE    : NO
--- D3DMain_GetTextureMemory ---
  Ram free: -1082036224
--- D3DMain_RememberOldMode ---
--- D3DMain_EnumDisplayModes ---
--- D3DMain_CreateD3D ---
--- D3DMain_EnumDevices ---
--- D3DMain_SetDisplayMode ---
  W: 1600, H: 1024, Bpp: 32, FullScreen: YES
		SetCooperativeLevel: DDSCL_EXCLUSIVE | DDSCL_FULLSCREEN succesfull...
		SetDisplayMode: succesfull...
--- D3DMain_PickDevice ---
--- D3DMain_CreateBuffers ---
--- D3DMain_CreateZBuffer ---
--- D3DMain_CreateDevice ---
D3DDrv : Max Texture Dimensions = 16384 x 16384
--- D3DMain_GetSurfaceFormats ---
--- D3DMain_SetRenderState --- 
--- D3DMain_GetTextureMemory ---
  Ram free: -1090191360

 ** Initialization was successful **


--- D3DMain_Reset ---
D3DCache_FreeAllSlots starting
D3DCache_FreeAllSlots done

--- D3DMain_ShutdownD3D ---
D3DCache_FreeAllSlots starting
D3DCache_FreeAllSlots done
  Shutdown was successful...

=================================================================
 D3DInfo v200.4
19:07:51=================================================================

Current Time:  0:22: 1
Current Date: 11-22-2025

 ** D3D Driver Initializing **

--- D3DMain_CreateDDFromName ---
  Name: (D3D)Primary Display Driver
   DDCAPS2_CANRENDERWINDOWED    : YES
   DDCAPS2_NO2DDURING3DSCENE    : NO
--- D3DMain_GetTextureMemory ---
  Ram free: -1082036224
--- D3DMain_RememberOldMode ---
--- D3DMain_EnumDisplayModes ---
--- D3DMain_CreateD3D ---
--- D3DMain_EnumDevices ---
--- D3DMain_SetDisplayMode ---
  W: 1600, H: 1024, Bpp: 32, FullScreen: YES
		SetCooperativeLevel: DDSCL_EXCLUSIVE | DDSCL_FULLSCREEN succesfull...
		SetDisplayMode: succesfull...
--- D3DMain_PickDevice ---
--- D3DMain_CreateBuffers ---
--- D3DMain_CreateZBuffer ---
--- D3DMain_CreateDevice ---
D3DDrv : Max Texture Dimensions = 16384 x 16384
--- D3DMain_GetSurfaceFormats ---
--- D3DMain_SetRenderState --- 
--- D3DMain_GetTextureMemory ---
  Ram free: -1090191360

 ** Initialization was successful **


--- D3DMain_Reset ---
D3DCache_FreeAllSlots starting
D3DCache_FreeAllSlots done

--- D3DMain_ShutdownD3D ---
D3DCache_FreeAllSlots starting
D3DCache_FreeAllSlots done
  Shutdown was successful...

=================================================================
 D3DInfo v200.4
19:07:51=================================================================

Current Time:  0:22:22
Current Date: 11-22-2025

 ** D3D Driver Initializing **

--- D3DMain_CreateDDFromName ---
  Name: (D3D)Primary Display Driver
   DDCAPS2_CANRENDERWINDOWED    : YES
   DDCAPS2_NO2DDURING3DSCENE    : NO
--- D3DMain_GetTextureMemory ---
  Ram free: -1082036224
--- D3DMain_RememberOldMode ---
--- D3DMain_EnumDisplayModes ---
--- D3DMain_CreateD3D ---
--- D3DMain_EnumDevices ---
--- D3DMain_SetDisplayMode ---
  W: 778, H: 443, Bpp: 32, FullScreen: NO
--- D3DMain_PickDevice ---
--- D3DMain_CreateBuffers ---
--- D3DMain_CreateZBuffer ---
--- D3DMain_CreateDevice ---
D3DDrv : Max Texture Dimensions = 16384 x 16384
--- D3DMain_GetSurfaceFormats ---
--- D3DMain_SetRenderState --- 
--- D3DMain_GetTextureMemory ---
  Ram free: -1075875284

 ** Initialization was successful **


--- D3DMain_Reset ---
D3DCache_FreeAllSlots starting
D3DCache_FreeAllSlots done

--- D3DMain_ShutdownD3D ---
D3DCache_FreeAllSlots starting
D3DCache_FreeAllSlots done
  Shutdown was successful...

=================================================================
 D3DInfo v200.4
19:07:51=================================================================

Current Time:  0:22:24
Current Date: 11-22-2025

 ** D3D Driver Initializing **

--- D3DMain_CreateDDFromName ---
  Name: (D3D)Primary Display Driver
   DDCAPS2_CANRENDERWINDOWED    : YES
   DDCAPS2_NO2DDURING3DSCENE    : NO
--- D3DMain_GetTextureMemory ---
  Ram free: -1082036224
--- D3DMain_RememberOldMode ---
--- D3DMain_EnumDisplayModes ---
--- D3DMain_CreateD3D ---
--- D3DMain_EnumDevices ---
--- D3DMain_SetDisplayMode ---
  W: 778, H: 443, Bpp: 32, FullScreen: NO
--- D3DMain_PickDevice ---
--- D3DMain_CreateBuffers ---
--- D3DMain_CreateZBuffer ---
--- D3DMain_CreateDevice ---
D3DDrv : Max Texture Dimensions = 16384 x 16384
--- D3DMain_GetSurfaceFormats ---
--- D3DMain_SetRenderState --- 
--- D3DMain_GetTextureMemory ---
  Ram free: -1075875284

 ** Initialization was successful **


--- D3DMain_Reset ---
D3DCache_FreeAllSlots starting
D3DCache_FreeAllSlots done

--- D3DMain_ShutdownD3D ---
D3DCache_FreeAllSlots starting
D3DCache_FreeAllSlots done
  Shutdown was successful...

=================================================================
 D3DInfo v200.4
19:07:51=================================================================

Current Time:  0:22:24
Current Date: 11-22-2025

 ** D3D Driver Initializing **

--- D3DMain_CreateDDFromName ---
  Name: (D3D)Primary Display Driver
   DDCAPS2_CANRENDERWINDOWED    : YES
   DDCAPS2_NO2DDURING3DSCENE    : NO
--- D3DMain_GetTextureMemory ---
  Ram free: -1082036224
--- D3DMain_RememberOldMode ---
--- D3DMain_EnumDisplayModes ---
--- D3DMain_CreateD3D ---
--- D3DMain_EnumDevices ---
--- D3DMain_SetDisplayMode ---
  W: 778, H: 467, Bpp: 32, FullScreen: NO
--- D3DMain_PickDevice ---
--- D3DMain_CreateBuffers ---
--- D3DMain_CreateZBuffer ---
--- D3DMain_CreateDevice ---
D3DDrv : Max Texture Dimensions = 16384 x 16384
--- D3DMain_GetSurfaceFormats ---
--- D3DMain_SetRenderState --- 
--- D3DMain_GetTextureMemory ---
  Ram free: -1075987316

 ** Initialization was successful **


--- D3DMain_Reset ---
D3DCache_FreeAllSlots starting
D3DCache_FreeAllSlots done

--- D3DMain_ShutdownD3D ---
D3DCache_FreeAllSlots starting
D3DCache_FreeAllSlots done
  Shutdown was successful...

=================================================================
 D3DInfo v200.4
19:07:51=================================================================

Current Time:  0:22:25
Current Date: 11-22-2025

 ** D3D Driver Initializing **

--- D3DMain_CreateDDFromName ---
  Name: (D3D)Primary Display Driver
   DDCAPS2_CANRENDERWINDOWED    : YES
   DDCAPS2_NO2DDURING3DSCENE    : NO
--- D3DMain_GetTextureMemory ---
  Ram free: -1082036224
--- D3DMain_RememberOldMode ---
--- D3DMain_EnumDisplayModes ---
--- D3DMain_CreateD3D ---
--- D3DMain_EnumDevices ---
--- D3DMain_SetDisplayMode ---
  W: 778, H: 882, Bpp: 32, FullScreen: NO
--- D3DMain_PickDevice ---
--- D3DMain_CreateBuffers ---
--- D3DMain_CreateZBuffer ---
--- D3DMain_CreateDevice ---
D3DDrv : Max Texture Dimensions = 16384 x 16384
--- D3DMain_GetSurfaceFormats ---
--- D3DMain_SetRenderState --- 
--- D3DMain_GetTextureMemory ---
  Ram free: -1077924536

 ** Initialization was successful **


--- D3DMain_Reset ---
D3DCache_FreeAllSlots starting
D3DCache_FreeAllSlots done

--- D3DMain_ShutdownD3D ---
D3DCache_FreeAllSlots starting
D3DCache_FreeAllSlots done
  Shutdown was successful...

=================================================================
 D3DInfo v200.4
19:07:51=================================================================

Current Time:  0:22:25
Current Date: 11-22-2025

 ** D3D Driver Initializing **

--- D3DMain_CreateDDFromName ---
  Name: (D3D)Primary Display Driver
   DDCAPS2_CANRENDERWINDOWED    : YES
   DDCAPS2_NO2DDURING3DSCENE    : NO
--- D3DMain_GetTextureMemory ---
  Ram free: -1082036224
--- D3DMain_RememberOldMode ---
--- D3DMain_EnumDisplayModes ---
--- D3DMain_CreateD3D ---
--- D3DMain_EnumDevices ---
--- D3DMain_SetDisplayMode ---
  W: 778, H: 443, Bpp: 32, FullScreen: NO
--- D3DMain_PickDevice ---
--- D3DMain_CreateBuffers ---
--- D3DMain_CreateZBuffer ---
--- D3DMain_CreateDevice ---
D3DDrv : Max Texture Dimensions = 16384 x 16384
--- D3DMain_GetSurfaceFormats ---
--- D3DMain_SetRenderState --- 
--- D3DMain_GetTextureMemory ---
  Ram free: -1075875284

 ** Initialization was successful **


--- D3DMain_Reset ---
D3DCache_FreeAllSlots starting
D3DCache_FreeAllSlots done

--- D3DMain_ShutdownD3D ---
D3DCache_FreeAllSlots starting
D3DCache_FreeAllSlots done
  Shutdown was successful...

=================================================================
 D3DInfo v200.4
19:07:51=================================================================

Current Time:  0:23:35
Current Date: 11-22-2025

 ** D3D Driver Initializing **

--- D3DMain_CreateDDFromName ---
  Name: (D3D)Primary Display Driver
   DDCAPS2_CANRENDERWINDOWED    : YES
   DDCAPS2_NO2DDURING3DSCENE    : NO
--- D3DMain_GetTextureMemory ---
  Ram free: -1082036224
--- D3DMain_RememberOldMode ---
--- D3DMain_EnumDisplayModes ---
--- D3DMain_CreateD3D ---
--- D3DMain_EnumDevices ---
--- D3DMain_SetDisplayMode ---
  W: 777, H: 443, Bpp: 32, FullScreen: NO
--- D3DMain_PickDevice ---
--- D3DMain_CreateBuffers ---
--- D3DMain_CreateZBuffer ---
--- D3DMain_CreateDevice ---
D3DDrv : Max Texture Dimensions = 16384 x 16384
--- D3DMain_GetSurfaceFormats ---
--- D3DMain_SetRenderState --- 
--- D3DMain_GetTextureMemory ---
  Ram free: -1075873512

 ** Initialization was successful **


--- D3DMain_Reset ---
D3DCache_FreeAllSlots starting
D3DCache_FreeAllSlots done

--- D3DMain_ShutdownD3D ---
D3DCache_FreeAllSlots starting
D3DCache_FreeAllSlots done
  Shutdown was successful...

=================================================================
 D3DInfo v200.4
19:07:51=================================================================

Current Time:  0:23:35
Current Date: 11-22-2025

 ** D3D Driver Initializing **

--- D3DMain_CreateDDFromName ---
  Name: (D3D)Primary Display Driver
   DDCAPS2_CANRENDERWINDOWED    : YES
   DDCAPS2_NO2DDURING3DSCENE    : NO
--- D3DMain_GetTextureMemory ---
  Ram free: -1082036224
--- D3DMain_RememberOldMode ---
--- D3DMain_EnumDisplayModes ---
--- D3DMain_CreateD3D ---
--- D3DMain_EnumDevices ---
--- D3DMain_SetDisplayMode ---
  W: 778, H: 443, Bpp: 32, FullScreen: NO
--- D3DMain_PickDevice ---
--- D3DMain_CreateBuffers ---
--- D3DMain_CreateZBuffer ---
--- D3DMain_CreateDevice ---
D3DDrv : Max Texture Dimensions = 16384 x 16384
--- D3DMain_GetSurfaceFormats ---
--- D3DMain_SetRenderState --- 
--- D3DMain_GetTextureMemory ---
  Ram free: -1075875284

 ** Initialization was successful **


--- D3DMain_Reset ---
D3DCache_FreeAllSlots starting
D3DCache_FreeAllSlots done

--- D3DMain_ShutdownD3D ---
D3DCache_FreeAllSlots starting
D3DCache_FreeAllSlots done
  Shutdown was successful...

=================================================================
 D3DInfo v200.4
19:07:51=================================================================

Current Time:  0:23:36
Current Date: 11-22-2025

 ** D3D Driver Initializing **

--- D3DMain_CreateDDFromName ---
  Name: (D3D)Primary Display Driver
   DDCAPS2_CANRENDERWINDOWED    : YES
   DDCAPS2_NO2DDURING3DSCENE    : NO
--- D3DMain_GetTextureMemory ---
  Ram free: -1082036224
--- D3DMain_RememberOldMode ---
--- D3DMain_EnumDisplayModes ---
--- D3DMain_CreateD3D ---
--- D3DMain_EnumDevices ---
--- D3DMain_SetDisplayMode ---
  W: 712, H: 443, Bpp: 32, FullScreen: NO
--- D3DMain_PickDevice ---
--- D3DMain_CreateBuffers ---
--- D3DMain_CreateZBuffer ---
--- D3DMain_CreateDevice ---
D3DDrv : Max Texture Dimensions = 16384 x 16384
--- D3DMain_GetSurfaceFormats ---
--- D3DMain_SetRenderState --- 
--- D3DMain_GetTextureMemory ---
  Ram free: -1075699856

 ** Initialization was successful **


--- D3DMain_Reset ---
D3DCache_FreeAllSlots starting
D3DCache_FreeAllSlots done

--- D3DMain_ShutdownD3D ---
D3DCache_FreeAllSlots starting
D3DCache_FreeAllSlots done
  Shutdown was successful...

=================================================================
 D3DInfo v200.4
19:07:51=================================================================

Current Time:  0:23:36
Current Date: 11-22-2025

 ** D3D Driver Initializing **

--- D3DMain_CreateDDFromName ---
  Name: (D3D)Primary Display Driver
   DDCAPS2_CANRENDERWINDOWED    : YES
   DDCAPS2_NO2DDURING3DSCENE    : NO
--- D3DMain_GetTextureMemory ---
  Ram free: -1082036224
--- D3DMain_RememberOldMode ---
--- D3DMain_EnumDisplayModes ---
--- D3DMain_CreateD3D ---
--- D3DMain_EnumDevices ---
--- D3DMain_SetDisplayMode ---
  W: 678, H: 443, Bpp: 32, FullScreen: NO
--- D3DMain_PickDevice ---
--- D3DMain_CreateBuffers ---
--- D3DMain_CreateZBuffer ---
--- D3DMain_CreateDevice ---
D3DDrv : Max Texture Dimensions = 16384 x 16384
--- D3DMain_GetSurfaceFormats ---
--- D3DMain_SetRenderState --- 
--- D3DMain_GetTextureMemory ---
  Ram free: -1075609484

 ** Initialization was successful **


--- D3DMain_Reset ---
D3DCache_FreeAllSlots starting
D3DCache_FreeAllSlots done

--- D3DMain_ShutdownD3D ---
D3DCache_FreeAllSlots starting
D3DCache_FreeAllSlots done
  Shutdown was successful...

=================================================================
 D3DInfo v200.4
19:07:51=================================================================

Current Time:  0:23:36
Current Date: 11-22-2025

 ** D3D Driver Initializing **

--- D3DMain_CreateDDFromName ---
  Name: (D3D)Primary Display Driver
   DDCAPS2_CANRENDERWINDOWED    : YES
   DDCAPS2_NO2DDURING3DSCENE    : NO
--- D3DMain_GetTextureMemory ---
  Ram free: -1082036224
--- D3DMain_RememberOldMode ---
--- D3DMain_EnumDisplayModes ---
--- D3DMain_CreateD3D ---
--- D3DMain_EnumDevices ---
--- D3DMain_SetDisplayMode ---
  W: 695, H: 443, Bpp: 32, FullScreen: NO
--- D3DMain_PickDevice ---
--- D3DMain_CreateBuffers ---
--- D3DMain_CreateZBuffer ---
--- D3DMain_CreateDevice ---
D3DDrv : Max Texture Dimensions = 16384 x 16384
--- D3DMain_GetSurfaceFormats ---
--- D3DMain_SetRenderState --- 
--- D3DMain_GetTextureMemory ---
  Ram free: -1075655556

 ** Initialization was successful **


--- D3DMain_Reset ---
D3DCache_FreeAllSlots starting
D3DCache_FreeAllSlots done

--- D3DMain_ShutdownD3D ---
D3DCache_FreeAllSlots starting
D3DCache_FreeAllSlots done
  Shutdown was successful...

=================================================================
 D3DInfo v200.4
19:07:51=================================================================

Current Time:  0:23:36
Current Date: 11-22-2025

 ** D3D Driver Initializing **

--- D3DMain_CreateDDFromName ---
  Name: (D3D)Primary Display Driver
   DDCAPS2_CANRENDERWINDOWED    : YES
   DDCAPS2_NO2DDURING3DSCENE    : NO
--- D3DMain_GetTextureMemory ---
  Ram free: -1082036224
--- D3DMain_RememberOldMode ---
--- D3DMain_EnumDisplayModes ---
--- D3DMain_CreateD3D ---
--- D3DMain_EnumDevices ---
--- D3DMain_SetDisplayMode ---
  W: 694, H: 443, Bpp: 32, FullScreen: NO
--- D3DMain_PickDevice ---
--- D3DMain_CreateBuffers ---
--- D3DMain_CreateZBuffer ---
--- D3DMain_CreateDevice ---
D3DDrv : Max Texture Dimensions = 16384 x 16384
--- D3DMain_GetSurfaceFormats ---
--- D3DMain_SetRenderState --- 
--- D3DMain_GetTextureMemory ---
  Ram free: -1075652012

 ** Initialization was successful **


--- D3DMain_Reset ---
D3DCache_FreeAllSlots starting
D3DCache_FreeAllSlots done

--- D3DMain_ShutdownD3D ---
D3DCache_FreeAllSlots starting
D3DCache_FreeAllSlots done
  Shutdown was successful...

=================================================================
 D3DInfo v200.4
19:07:51=================================================================

Current Time:  0:23:37
Current Date: 11-22-2025

 ** D3D Driver Initializing **

--- D3DMain_CreateDDFromName ---
  Name: (D3D)Primary Display Driver
   DDCAPS2_CANRENDERWINDOWED    : YES
   DDCAPS2_NO2DDURING3DSCENE    : NO
--- D3DMain_GetTextureMemory ---
  Ram free: -1082036224
--- D3DMain_RememberOldMode ---
--- D3DMain_EnumDisplayModes ---
--- D3DMain_CreateD3D ---
--- D3DMain_EnumDevices ---
--- D3DMain_SetDisplayMode ---
  W: 695, H: 443, Bpp: 32, FullScreen: NO
--- D3DMain_PickDevice ---
--- D3DMain_CreateBuffers ---
--- D3DMain_CreateZBuffer ---
--- D3DMain_CreateDevice ---
D3DDrv : Max Texture Dimensions = 16384 x 16384
--- D3DMain_GetSurfaceFormats ---
--- D3DMain_SetRenderState --- 
--- D3DMain_GetTextureMemory ---
  Ram free: -1075655556

 ** Initialization was successful **


--- D3DMain_Reset ---
D3DCache_FreeAllSlots starting
D3DCache_FreeAllSlots done

--- D3DMain_ShutdownD3D ---
D3DCache_FreeAllSlots starting
D3DCache_FreeAllSlots done
  Shutdown was successful...

=================================================================
 D3DInfo v200.4
19:07:51=================================================================

Current Time:  0:23:37
Current Date: 11-22-2025

 ** D3D Driver Initializing **

--- D3DMain_CreateDDFromName ---
  Name: (D3D)Primary Display Driver
   DDCAPS2_CANRENDERWINDOWED    : YES
   DDCAPS2_NO2DDURING3DSCENE    : NO
--- D3DMain_GetTextureMemory ---
  Ram free: -1082036224
--- D3DMain_RememberOldMode ---
--- D3DMain_EnumDisplayModes ---
--- D3DMain_CreateD3D ---
--- D3DMain_EnumDevices ---
--- D3DMain_SetDisplayMode ---
  W: 701, H: 443, Bpp: 32, FullScreen: NO
--- D3DMain_PickDevice ---
--- D3DMain_CreateBuffers ---
--- D3DMain_CreateZBuffer ---
--- D3DMain_CreateDevice ---
D3DDrv : Max Texture Dimensions = 16384 x 16384
--- D3DMain_GetSurfaceFormats ---
--- D3DMain_SetRenderState --- 
--- D3DMain_GetTextureMemory ---
  Ram free: -1075671504

 ** Initialization was successful **


--- D3DMain_Reset ---
D3DCache_FreeAllSlots starting
D3DCache_FreeAllSlots done

--- D3DMain_ShutdownD3D ---
D3DCache_FreeAllSlots starting
D3DCache_FreeAllSlots done
  Shutdown was successful...

=================================================================
 D3DInfo v200.4
19:07:51=================================================================

Current Time:  0:23:37
Current Date: 11-22-2025

 ** D3D Driver Initializing **

--- D3DMain_CreateDDFromName ---
  Name: (D3D)Primary Display Driver
   DDCAPS2_CANRENDERWINDOWED    : YES
   DDCAPS2_NO2DDURING3DSCENE    : NO
--- D3DMain_GetTextureMemory ---
  Ram free: -1082036224
--- D3DMain_RememberOldMode ---
--- D3DMain_EnumDisplayModes ---
--- D3DMain_CreateD3D ---
--- D3DMain_EnumDevices ---
--- D3DMain_SetDisplayMode ---
  W: 698, H: 443, Bpp: 32, FullScreen: NO
--- D3DMain_PickDevice ---
--- D3DMain_CreateBuffers ---
--- D3DMain_CreateZBuffer ---
--- D3DMain_CreateDevice ---
D3DDrv : Max Texture Dimensions = 16384 x 16384
--- D3DMain_GetSurfaceFormats ---
--- D3DMain_SetRenderState --- 
--- D3DMain_GetTextureMemory ---
  Ram free: -1075662644

 ** Initialization was successful **


--- D3DMain_Reset ---
D3DCache_FreeAllSlots starting
D3DCache_FreeAllSlots done

--- D3DMain_ShutdownD3D ---
D3DCache_FreeAllSlots starting
D3DCache_FreeAllSlots done
  Shutdown was successful...

=================================================================
 D3DInfo v200.4
19:07:51=================================================================

Current Time:  0:23:37
Current Date: 11-22-2025

 ** D3D Driver Initializing **

--- D3DMain_CreateDDFromName ---
  Name: (D3D)Primary Display Driver
   DDCAPS2_CANRENDERWINDOWED    : YES
   DDCAPS2_NO2DDURING3DSCENE    : NO
--- D3DMain_GetTextureMemory ---
  Ram free: -1082036224
--- D3DMain_RememberOldMode ---
--- D3DMain_EnumDisplayModes ---
--- D3DMain_CreateD3D ---
--- D3DMain_EnumDevices ---
--- D3DMain_SetDisplayMode ---
  W: 699, H: 443, Bpp: 32, FullScreen: NO
--- D3DMain_PickDevice ---
--- D3DMain_CreateBuffers ---
--- D3DMain_CreateZBuffer ---
--- D3DMain_CreateDevice ---
D3DDrv : Max Texture Dimensions = 16384 x 16384
--- D3DMain_GetSurfaceFormats ---
--- D3DMain_SetRenderState --- 
--- D3DMain_GetTextureMemory ---
  Ram free: -1075666188

 ** Initialization was successful **


--- D3DMain_Reset ---
D3DCache_FreeAllSlots starting
D3DCache_FreeAllSlots done

--- D3DMain_ShutdownD3D ---
D3DCache_FreeAllSlots starting
D3DCache_FreeAllSlots done
  Shutdown was successful...

=================================================================
 D3DInfo v200.4
19:07:51=================================================================

Current Time:  0:23:37
Current Date: 11-22-2025

 ** D3D Driver Initializing **

--- D3DMain_CreateDDFromName ---
  Name: (D3D)Primary Display Driver
   DDCAPS2_CANRENDERWINDOWED    : YES
   DDCAPS2_NO2DDURING3DSCENE    : NO
--- D3DMain_GetTextureMemory ---
  Ram free: -1082036224
--- D3DMain_RememberOldMode ---
--- D3DMain_EnumDisplayModes ---
--- D3DMain_CreateD3D ---
--- D3DMain_EnumDevices ---
--- D3DMain_SetDisplayMode ---
  W: 698, H: 443, Bpp: 32, FullScreen: NO
--- D3DMain_PickDevice ---
--- D3DMain_CreateBuffers ---
--- D3DMain_CreateZBuffer ---
--- D3DMain_CreateDevice ---
D3DDrv : Max Texture Dimensions = 16384 x 16384
--- D3DMain_GetSurfaceFormats ---
--- D3DMain_SetRenderState --- 
--- D3DMain_GetTextureMemory ---
  Ram free: -1075662644

 ** Initialization was successful **


--- D3DMain_Reset ---
D3DCache_FreeAllSlots starting
D3DCache_FreeAllSlots done

--- D3DMain_ShutdownD3D ---
D3DCache_FreeAllSlots starting
D3DCache_FreeAllSlots done
  Shutdown was successful...

