c:\users\james\downloads\jstudio_classic_11_2023_source\jstudio_classic11_2023\source\tools\editor\debug\vc145.pdb
c:\users\james\downloads\jstudio_classic_11_2023_source\jstudio_classic11_2023\source\tools\editor\debug\vc145.idb
c:\users\james\downloads\jstudio_classic_11_2023_source\jstudio_classic11_2023\source\tools\editor\debug\matridx.obj
c:\users\james\downloads\jstudio_classic_11_2023_source\jstudio_classic11_2023\source\tools\editor\debug\matrarray.obj
c:\users\james\downloads\jstudio_classic_11_2023_source\jstudio_classic11_2023\source\tools\editor\debug\materials.obj
c:\users\james\downloads\jstudio_classic_11_2023_source\jstudio_classic11_2023\source\tools\editor\debug\materiallist2.obj
c:\users\james\downloads\jstudio_classic_11_2023_source\jstudio_classic11_2023\source\tools\editor\debug\materiallist.obj
c:\users\james\downloads\jstudio_classic_11_2023_source\jstudio_classic11_2023\source\tools\editor\debug\materialidentlist.obj
c:\users\james\downloads\jstudio_classic_11_2023_source\jstudio_classic11_2023\source\tools\editor\debug\lightlist.obj
c:\users\james\downloads\jstudio_classic_11_2023_source\jstudio_classic11_2023\source\tools\editor\debug\light.obj
c:\users\james\downloads\jstudio_classic_11_2023_source\jstudio_classic11_2023\source\tools\editor\debug\grouplist.obj
c:\users\james\downloads\jstudio_classic_11_2023_source\jstudio_classic11_2023\source\tools\editor\debug\group.obj
c:\users\james\downloads\jstudio_classic_11_2023_source\jstudio_classic11_2023\source\tools\editor\debug\facelist.obj
c:\users\james\downloads\jstudio_classic_11_2023_source\jstudio_classic11_2023\source\tools\editor\debug\draw3d.obj
c:\users\james\downloads\jstudio_classic_11_2023_source\jstudio_classic11_2023\source\tools\editor\debug\draw.obj
c:\users\james\downloads\jstudio_classic_11_2023_source\jstudio_classic11_2023\source\tools\editor\debug\descriptor.obj
c:\users\james\downloads\jstudio_classic_11_2023_source\jstudio_classic11_2023\source\tools\editor\debug\class.obj
c:\users\james\downloads\jstudio_classic_11_2023_source\jstudio_classic11_2023\source\tools\editor\debug\camobj.obj
c:\users\james\downloads\jstudio_classic_11_2023_source\jstudio_classic11_2023\source\tools\editor\debug\cameralist.obj
c:\users\james\downloads\jstudio_classic_11_2023_source\jstudio_classic11_2023\source\tools\editor\debug\brushtemplate.obj
c:\users\james\downloads\jstudio_classic_11_2023_source\jstudio_classic11_2023\source\tools\editor\debug\brushlist.obj
c:\users\james\downloads\jstudio_classic_11_2023_source\jstudio_classic11_2023\source\tools\editor\debug\brush.obj
c:\users\james\downloads\jstudio_classic_11_2023_source\jstudio_classic11_2023\source\tools\editor\debug\util.obj
c:\users\james\downloads\jstudio_classic_11_2023_source\jstudio_classic11_2023\source\tools\editor\debug\spawn.obj
c:\users\james\downloads\jstudio_classic_11_2023_source\jstudio_classic11_2023\source\tools\editor\debug\rect.obj
c:\users\james\downloads\jstudio_classic_11_2023_source\jstudio_classic11_2023\source\tools\editor\debug\jelist.obj
c:\users\james\downloads\jstudio_classic_11_2023_source\jstudio_classic11_2023\source\tools\editor\debug\drvlist.obj
c:\users\james\downloads\jstudio_classic_11_2023_source\jstudio_classic11_2023\source\tools\editor\debug\drawtool.obj
c:\users\james\downloads\jstudio_classic_11_2023_source\jstudio_classic11_2023\source\tools\editor\debug\dlist.obj
c:\users\james\downloads\jstudio_classic_11_2023_source\jstudio_classic11_2023\source\tools\editor\debug\bmp.obj
c:\users\james\downloads\jstudio_classic_11_2023_source\jstudio_classic11_2023\source\tools\editor\debug\vertlist.obj
c:\users\james\downloads\jstudio_classic_11_2023_source\jstudio_classic11_2023\source\tools\editor\debug\userobj.obj
c:\users\james\downloads\jstudio_classic_11_2023_source\jstudio_classic11_2023\source\tools\editor\debug\undo.obj
c:\users\james\downloads\jstudio_classic_11_2023_source\jstudio_classic11_2023\source\tools\editor\debug\transform.obj
c:\users\james\downloads\jstudio_classic_11_2023_source\jstudio_classic11_2023\source\tools\editor\debug\terrnobj.obj
c:\users\james\downloads\jstudio_classic_11_2023_source\jstudio_classic11_2023\source\tools\editor\debug\ternlist.obj
c:\users\james\downloads\jstudio_classic_11_2023_source\jstudio_classic11_2023\source\tools\editor\debug\select.obj
c:\users\james\downloads\jstudio_classic_11_2023_source\jstudio_classic11_2023\source\tools\editor\debug\ortho.obj
c:\users\james\downloads\jstudio_classic_11_2023_source\jstudio_classic11_2023\source\tools\editor\debug\objectlist.obj
c:\users\james\downloads\jstudio_classic_11_2023_source\jstudio_classic11_2023\source\tools\editor\debug\object.obj
c:\users\james\downloads\jstudio_classic_11_2023_source\jstudio_classic11_2023\source\tools\editor\debug\modellist.obj
c:\users\james\downloads\jstudio_classic_11_2023_source\jstudio_classic11_2023\source\tools\editor\debug\model.obj
c:\users\james\downloads\jstudio_classic_11_2023_source\jstudio_classic11_2023\source\tools\editor\debug\models.obj
c:\users\james\downloads\jstudio_classic_11_2023_source\jstudio_classic11_2023\source\tools\editor\debug\materialstatic.obj
c:\users\james\downloads\jstudio_classic_11_2023_source\jstudio_classic11_2023\source\tools\editor\debug\lists.obj
c:\users\james\downloads\jstudio_classic_11_2023_source\jstudio_classic11_2023\source\tools\editor\debug\jeterr.obj
c:\users\james\downloads\jstudio_classic_11_2023_source\jstudio_classic11_2023\source\tools\editor\debug\groups.obj
c:\users\james\downloads\jstudio_classic_11_2023_source\jstudio_classic11_2023\source\tools\editor\debug\globalmaterials.obj
c:\users\james\downloads\jstudio_classic_11_2023_source\jstudio_classic11_2023\source\tools\editor\debug\empty.obj
c:\users\james\downloads\jstudio_classic_11_2023_source\jstudio_classic11_2023\source\tools\editor\debug\dlgautorecover.obj
c:\users\james\downloads\jstudio_classic_11_2023_source\jstudio_classic11_2023\source\tools\editor\debug\disclaimer.obj
c:\users\james\downloads\jstudio_classic_11_2023_source\jstudio_classic11_2023\source\tools\editor\debug\dialogbuilderdlg.obj
c:\users\james\downloads\jstudio_classic_11_2023_source\jstudio_classic11_2023\source\tools\editor\debug\buildspin.obj
c:\users\james\downloads\jstudio_classic_11_2023_source\jstudio_classic11_2023\source\tools\editor\debug\builderedit.obj
c:\users\james\downloads\jstudio_classic_11_2023_source\jstudio_classic11_2023\source\tools\editor\debug\buildercombo.obj
c:\users\james\downloads\jstudio_classic_11_2023_source\jstudio_classic11_2023\source\tools\editor\debug\builderbutton.obj
c:\users\james\downloads\jstudio_classic_11_2023_source\jstudio_classic11_2023\source\tools\editor\debug\addmodel.obj
c:\users\james\downloads\jstudio_classic_11_2023_source\jstudio_classic11_2023\source\tools\editor\debug\j3dview.obj
c:\users\james\downloads\jstudio_classic_11_2023_source\jstudio_classic11_2023\source\tools\editor\debug\j3dmainfrm.obj
c:\users\james\downloads\jstudio_classic_11_2023_source\jstudio_classic11_2023\source\tools\editor\debug\j3ddoc.obj
c:\users\james\downloads\jstudio_classic_11_2023_source\jstudio_classic11_2023\source\tools\editor\debug\j3dapp.obj
c:\users\james\downloads\jstudio_classic_11_2023_source\jstudio_classic11_2023\source\tools\editor\debug\level.obj
c:\users\james\downloads\jstudio_classic_11_2023_source\jstudio_classic11_2023\source\tools\editor\debug\texturetreecontrol.obj
c:\users\james\downloads\jstudio_classic_11_2023_source\jstudio_classic11_2023\source\tools\editor\debug\texturelistcontrol.obj
c:\users\james\downloads\jstudio_classic_11_2023_source\jstudio_classic11_2023\source\tools\editor\debug\sizecbar.obj
c:\users\james\downloads\jstudio_classic_11_2023_source\jstudio_classic11_2023\source\tools\editor\debug\scbarg.obj
c:\users\james\downloads\jstudio_classic_11_2023_source\jstudio_classic11_2023\source\tools\editor\debug\scbarcf.obj
c:\users\james\downloads\jstudio_classic_11_2023_source\jstudio_classic11_2023\source\tools\editor\debug\mydroptarget.obj
c:\users\james\downloads\jstudio_classic_11_2023_source\jstudio_classic11_2023\source\tools\editor\debug\mybar.obj
c:\users\james\downloads\jstudio_classic_11_2023_source\jstudio_classic11_2023\source\tools\editor\debug\dropfilearray.obj
c:\users\james\downloads\jstudio_classic_11_2023_source\jstudio_classic11_2023\source\tools\editor\debug\colorpopup.obj
c:\users\james\downloads\jstudio_classic_11_2023_source\jstudio_classic11_2023\source\tools\editor\debug\colorbutton.obj
c:\users\james\downloads\jstudio_classic_11_2023_source\jstudio_classic11_2023\source\tools\editor\debug\bitmapresize.obj
c:\users\james\downloads\jstudio_classic_11_2023_source\jstudio_classic11_2023\source\tools\editor\debug\timeline.obj
c:\users\james\downloads\jstudio_classic_11_2023_source\jstudio_classic11_2023\source\tools\editor\debug\texturesdlg.obj
c:\users\james\downloads\jstudio_classic_11_2023_source\jstudio_classic11_2023\source\tools\editor\debug\stats.obj
c:\users\james\downloads\jstudio_classic_11_2023_source\jstudio_classic11_2023\source\tools\editor\debug\render.obj
c:\users\james\downloads\jstudio_classic_11_2023_source\jstudio_classic11_2023\source\tools\editor\debug\rebuild.obj
c:\users\james\downloads\jstudio_classic_11_2023_source\jstudio_classic11_2023\source\tools\editor\debug\properties.obj
c:\users\james\downloads\jstudio_classic_11_2023_source\jstudio_classic11_2023\source\tools\editor\debug\presskey.obj
c:\users\james\downloads\jstudio_classic_11_2023_source\jstudio_classic11_2023\source\tools\editor\debug\preferences.obj
c:\users\james\downloads\jstudio_classic_11_2023_source\jstudio_classic11_2023\source\tools\editor\debug\paredit.obj
c:\users\james\downloads\jstudio_classic_11_2023_source\jstudio_classic11_2023\source\tools\editor\debug\noise.obj
c:\users\james\downloads\jstudio_classic_11_2023_source\jstudio_classic11_2023\source\tools\editor\debug\mtl9937.obj
c:\users\james\downloads\jstudio_classic_11_2023_source\jstudio_classic11_2023\source\tools\editor\debug\thin3dsplitterwnd.obj
c:\users\james\downloads\jstudio_classic_11_2023_source\jstudio_classic11_2023\source\tools\editor\debug\appdata1.obj
c:\users\james\downloads\jstudio_classic_11_2023_source\jstudio_classic11_2023\source\tools\editor\debug\btnst1.obj
c:\users\james\downloads\jstudio_classic_11_2023_source\jstudio_classic11_2023\source\tools\editor\debug\childfrm1.obj
c:\users\james\downloads\jstudio_classic_11_2023_source\jstudio_classic11_2023\source\tools\editor\debug\cicontabctrl1.obj
c:\users\james\downloads\jstudio_classic_11_2023_source\jstudio_classic11_2023\source\tools\editor\debug\cmaterial1.obj
c:\users\james\downloads\jstudio_classic_11_2023_source\jstudio_classic11_2023\source\tools\editor\debug\ctexttoolbar1.obj
c:\users\james\downloads\jstudio_classic_11_2023_source\jstudio_classic11_2023\source\tools\editor\debug\doc1.obj
c:\users\james\downloads\jstudio_classic_11_2023_source\jstudio_classic11_2023\source\tools\editor\debug\docbars1.obj
c:\users\james\downloads\jstudio_classic_11_2023_source\jstudio_classic11_2023\source\tools\editor\debug\docmanagerex1.obj
c:\users\james\downloads\jstudio_classic_11_2023_source\jstudio_classic11_2023\source\tools\editor\debug\dragtree1.obj
c:\users\james\downloads\jstudio_classic_11_2023_source\jstudio_classic11_2023\source\tools\editor\debug\extfiledialog1.obj
c:\users\james\downloads\jstudio_classic_11_2023_source\jstudio_classic11_2023\source\tools\editor\debug\groupbar1.obj
c:\users\james\downloads\jstudio_classic_11_2023_source\jstudio_classic11_2023\source\tools\editor\debug\grouptreectrl1.obj
c:\users\james\downloads\jstudio_classic_11_2023_source\jstudio_classic11_2023\source\tools\editor\debug\jetdialog1.obj
c:\users\james\downloads\jstudio_classic_11_2023_source\jstudio_classic11_2023\source\tools\editor\debug\jetview1.obj
c:\users\james\downloads\jstudio_classic_11_2023_source\jstudio_classic11_2023\source\tools\editor\debug\jwe1.obj
c:\users\james\downloads\jstudio_classic_11_2023_source\jstudio_classic11_2023\source\tools\editor\debug\label1.obj
c:\users\james\downloads\jstudio_classic_11_2023_source\jstudio_classic11_2023\source\tools\editor\debug\mainfrm1.obj
c:\users\james\downloads\jstudio_classic_11_2023_source\jstudio_classic11_2023\source\tools\editor\debug\mfcutil1.obj
c:\users\james\downloads\jstudio_classic_11_2023_source\jstudio_classic11_2023\source\tools\editor\debug\msglog1.obj
c:\users\james\downloads\jstudio_classic_11_2023_source\jstudio_classic11_2023\source\tools\editor\debug\settings1.obj
c:\users\james\downloads\jstudio_classic_11_2023_source\jstudio_classic11_2023\source\tools\editor\debug\stdafx1.obj
c:\users\james\downloads\jstudio_classic_11_2023_source\jstudio_classic11_2023\source\tools\editor\debug\treectrlex1.obj
c:\users\james\downloads\jstudio_classic_11_2023_source\jstudio_classic11_2023\source\tools\editor\debug\view1.obj
c:\users\james\downloads\jstudio_classic_11_2023_source\jstudio_classic11_2023\source\tools\editor\debug\wndreg1.obj
c:\users\james\downloads\jstudio_classic_11_2023_source\jstudio_classic11_2023\bin\jwe.cnt
c:\users\james\downloads\jstudio_classic_11_2023_source\jstudio_classic11_2023\bin\jdesignerclassic11d.exe
c:\users\james\downloads\jstudio_classic_11_2023_source\jstudio_classic11_2023\bin\jdesignerclassic11.map
c:\users\james\downloads\jstudio_classic_11_2023_source\jstudio_classic11_2023\bin\jdesignerclassic11d.pdb
c:\users\james\downloads\jstudio_classic_11_2023_source\jstudio_classic11_2023\source\tools\editor\debug\jwe.res
c:\users\james\downloads\jstudio_classic_11_2023_source\jstudio_classic11_2023\bin\jdesignerclassic11d.ilk
c:\users\james\downloads\jstudio_classic_11_2023_source\jstudio_classic11_2023\source\tools\editor\debug\jdesigne.c9d22404.tlog\cl.command.1.tlog
c:\users\james\downloads\jstudio_classic_11_2023_source\jstudio_classic11_2023\source\tools\editor\debug\jdesigne.c9d22404.tlog\cl.items.tlog
c:\users\james\downloads\jstudio_classic_11_2023_source\jstudio_classic11_2023\source\tools\editor\debug\jdesigne.c9d22404.tlog\cl.read.1.tlog
c:\users\james\downloads\jstudio_classic_11_2023_source\jstudio_classic11_2023\source\tools\editor\debug\jdesigne.c9d22404.tlog\cl.write.1.tlog
c:\users\james\downloads\jstudio_classic_11_2023_source\jstudio_classic11_2023\source\tools\editor\debug\jdesigne.c9d22404.tlog\custombuild.command.1.tlog
c:\users\james\downloads\jstudio_classic_11_2023_source\jstudio_classic11_2023\source\tools\editor\debug\jdesigne.c9d22404.tlog\custombuild.read.1.tlog
c:\users\james\downloads\jstudio_classic_11_2023_source\jstudio_classic11_2023\source\tools\editor\debug\jdesigne.c9d22404.tlog\custombuild.write.1.tlog
c:\users\james\downloads\jstudio_classic_11_2023_source\jstudio_classic11_2023\source\tools\editor\debug\jdesigne.c9d22404.tlog\link.command.1.tlog
c:\users\james\downloads\jstudio_classic_11_2023_source\jstudio_classic11_2023\source\tools\editor\debug\jdesigne.c9d22404.tlog\link.read.1.tlog
c:\users\james\downloads\jstudio_classic_11_2023_source\jstudio_classic11_2023\source\tools\editor\debug\jdesigne.c9d22404.tlog\link.secondary.1.tlog
c:\users\james\downloads\jstudio_classic_11_2023_source\jstudio_classic11_2023\source\tools\editor\debug\jdesigne.c9d22404.tlog\link.write.1.tlog
c:\users\james\downloads\jstudio_classic_11_2023_source\jstudio_classic11_2023\source\tools\editor\debug\jdesigne.c9d22404.tlog\rc.command.1.tlog
c:\users\james\downloads\jstudio_classic_11_2023_source\jstudio_classic11_2023\source\tools\editor\debug\jdesigne.c9d22404.tlog\rc.read.1.tlog
c:\users\james\downloads\jstudio_classic_11_2023_source\jstudio_classic11_2023\source\tools\editor\debug\jdesigne.c9d22404.tlog\rc.write.1.tlog
