  ObjectDef.c
  Spout.c
C:\Users\James\Downloads\JStudio_Classic_11_2023_Source\JSTUDIO_CLASSIC11_2023\source\Objects\Spout\Source\Spout.c(240,3): warning C4996: 'strcpy': This function or variable may be unsafe. Consider using strcpy_s instead. To disable deprecation, use _CRT_SECURE_NO_WARNINGS. See online help for details.
C:\Users\James\Downloads\JStudio_Classic_11_2023_Source\JSTUDIO_CLASSIC11_2023\source\Objects\Spout\Source\Spout.c(918,4): warning C4996: 'itoa': The POSIX name for this item is deprecated. Instead, use the ISO C and C++ conformant name: _itoa. See online help for details.
C:\Users\James\Downloads\JStudio_Classic_11_2023_Source\JSTUDIO_CLASSIC11_2023\source\Objects\Spout\Source\Spout.c(992,2): warning C4996: 'strcpy': This function or variable may be unsafe. Consider using strcpy_s instead. To disable deprecation, use _CRT_SECURE_NO_WARNINGS. See online help for details.
C:\Users\James\Downloads\JStudio_Classic_11_2023_Source\JSTUDIO_CLASSIC11_2023\source\Objects\Spout\Source\Spout.c(1081,9): warning C4996: 'stricmp': The POSIX name for this item is deprecated. Instead, use the ISO C and C++ conformant name: _stricmp. See online help for details.
C:\Users\James\Downloads\JStudio_Classic_11_2023_Source\JSTUDIO_CLASSIC11_2023\source\Objects\Spout\Source\Spout.c(1090,9): warning C4996: 'stricmp': The POSIX name for this item is deprecated. Instead, use the ISO C and C++ conformant name: _stricmp. See online help for details.
  Krouer: change NULL to something better next time
C:\Users\James\Downloads\JStudio_Classic_11_2023_Source\JSTUDIO_CLASSIC11_2023\source\Objects\Spout\Source\Spout.c(2894,10): warning C4996: 'stricmp': The POSIX name for this item is deprecated. Instead, use the ISO C and C++ conformant name: _stricmp. See online help for details.
C:\Users\James\Downloads\JStudio_Classic_11_2023_Source\JSTUDIO_CLASSIC11_2023\source\Objects\Spout\Source\Spout.c(2980,9): warning C4996: 'stricmp': The POSIX name for this item is deprecated. Instead, use the ISO C and C++ conformant name: _stricmp. See online help for details.
C:\Users\James\Downloads\JStudio_Classic_11_2023_Source\JSTUDIO_CLASSIC11_2023\source\Objects\Spout\Source\Spout.c(2987,9): warning C4996: 'stricmp': The POSIX name for this item is deprecated. Instead, use the ISO C and C++ conformant name: _stricmp. See online help for details.
C:\Users\James\Downloads\JStudio_Classic_11_2023_Source\JSTUDIO_CLASSIC11_2023\source\Objects\Spout\Source\Spout.c(2997,4): warning C4996: 'strcpy': This function or variable may be unsafe. Consider using strcpy_s instead. To disable deprecation, use _CRT_SECURE_NO_WARNINGS. See online help for details.
C:\Users\James\Downloads\JStudio_Classic_11_2023_Source\JSTUDIO_CLASSIC11_2023\source\Objects\Spout\Source\Spout.c(2998,9): warning C4996: 'stricmp': The POSIX name for this item is deprecated. Instead, use the ISO C and C++ conformant name: _stricmp. See online help for details.
C:\Users\James\Downloads\JStudio_Classic_11_2023_Source\JSTUDIO_CLASSIC11_2023\source\Objects\Spout\Source\Spout.c(3000,5): warning C4996: 'strcat': This function or variable may be unsafe. Consider using strcat_s instead. To disable deprecation, use _CRT_SECURE_NO_WARNINGS. See online help for details.
C:\Users\James\Downloads\JStudio_Classic_11_2023_Source\JSTUDIO_CLASSIC11_2023\source\Objects\Spout\Source\Spout.c(3022,10): warning C4996: 'stricmp': The POSIX name for this item is deprecated. Instead, use the ISO C and C++ conformant name: _stricmp. See online help for details.
  Generating Code...
C:\Program Files\Microsoft Visual Studio\18\Community\MSBuild\Microsoft\VC\v180\Microsoft.CppBuild.targets(1412,5): warning MSB8012: TargetPath(C:\Users\James\Downloads\JStudio_Classic_11_2023_Source\JSTUDIO_CLASSIC11_2023\source\Objects\Spout\Debug\SpoutObj.ddl) does not match the Linker's OutputFile property value (C:\Users\James\Downloads\JStudio_Classic_11_2023_Source\JSTUDIO_CLASSIC11_2023\bin\objects\SpoutObj.ddl). This may cause your project to build incorrectly. To correct this, please make sure that $(OutDir), $(TargetName) and $(TargetExt) property values match the value specified in %(Link.OutputFile).
ObjectDef.obj : warning LNK4075: ignoring '/EDITANDCONTINUE' due to '/SAFESEH' specification
     Creating library Debug\SpoutObj.lib and object Debug\SpoutObj.exp
  Spout.vcxproj -> C:\Users\James\Downloads\JStudio_Classic_11_2023_Source\JSTUDIO_CLASSIC11_2023\source\Objects\Spout\Debug\SpoutObj.ddl
