 SpoutObj

 Timestamp is 6920fefa (Fri Nov 21 19:08:26 2025)

 Preferred load address is 10000000

 Start         Length     Name                   Class
 0001:00000000 0000cff4H .text$mn                CODE
 0002:00000000 00000104H .CRT$XCA                DATA
 0002:00000104 00000104H .CRT$XCZ                DATA
 0002:00000208 00000104H .CRT$XIA                DATA
 0002:0000030c 00000104H .CRT$XIZ                DATA
 0002:00000410 00000104H .CRT$XPA                DATA
 0002:00000514 00000104H .CRT$XPZ                DATA
 0002:00000618 00000104H .CRT$XTA                DATA
 0002:0000071c 00000104H .CRT$XTZ                DATA
 0002:00000820 00001a60H .rdata                  DATA
 0002:00002280 00000180H .rdata$CastGuardVftablesA DATA
 0002:00002400 0000014cH .rdata$CastGuardVftablesC DATA
 0002:0000254c 0000010cH .rdata$sxdata           DATA
 0002:00002658 000001c4H .rdata$zzzdbg           DATA
 0002:0000281c 00000104H .rtc$IAA                DATA
 0002:00002920 0000010cH .rtc$IMZ                DATA
 0002:00002a2c 00000104H .rtc$IZZ                DATA
 0002:00002b30 00000104H .rtc$TAA                DATA
 0002:00002c34 0000010cH .rtc$TMZ                DATA
 0002:00002d40 00000108H .rtc$TZZ                DATA
 0002:00002e48 000001c8H .xdata$x                DATA
 0002:00003010 00000162H .edata                  DATA
 0003:00000000 000002e8H .data                   DATA
 0003:000002e8 0000099cH .bss                    DATA
 0004:00000000 000002f8H .idata$5                DATA
 0004:000002f8 00000064H .idata$2                DATA
 0004:0000035c 00000014H .idata$3                DATA
 0004:00000370 000002f8H .idata$4                DATA
 0004:00000668 00000c86H .idata$6                DATA
 0005:00000000 0000010eH .00cfg                  DATA
 0006:00000000 00000240H .rsrc$01                DATA
 0006:00000240 00000533H .rsrc$02                DATA

  Address         Publics by Value              Rva+Base       Lib:Object

 0000:00000000       ___AbsoluteZero            00000000     <absolute>
 0000:00000000       ___arm64x_extra_rfe_table  00000000     <absolute>
 0000:00000000       ___arm64x_extra_rfe_table_size 00000000     <absolute>
 0000:00000000       ___arm64x_native_entrypoint 00000000     <absolute>
 0000:00000000       ___arm64x_redirection_metadata 00000000     <absolute>
 0000:00000000       ___arm64x_redirection_metadata_count 00000000     <absolute>
 0000:00000000       ___dynamic_value_reloc_table 00000000     <absolute>
 0000:00000000       ___enclave_config          00000000     <absolute>
 0000:00000000       ___guard_check_icall_a64n_fptr 00000000     <absolute>
 0000:00000000       ___guard_eh_cont_count     00000000     <absolute>
 0000:00000000       ___guard_eh_cont_table     00000000     <absolute>
 0000:00000000       ___guard_fids_count        00000000     <absolute>
 0000:00000000       ___guard_fids_table        00000000     <absolute>
 0000:00000000       ___guard_iat_count         00000000     <absolute>
 0000:00000000       ___guard_iat_table         00000000     <absolute>
 0000:00000000       ___guard_longjmp_count     00000000     <absolute>
 0000:00000000       ___guard_longjmp_table     00000000     <absolute>
 0000:00000000       ___hybrid_auxiliary_delayload_iat 00000000     <absolute>
 0000:00000000       ___hybrid_auxiliary_delayload_iat_copy 00000000     <absolute>
 0000:00000000       ___hybrid_auxiliary_iat    00000000     <absolute>
 0000:00000000       ___hybrid_auxiliary_iat_copy 00000000     <absolute>
 0000:00000000       ___hybrid_code_map         00000000     <absolute>
 0000:00000000       ___hybrid_code_map_count   00000000     <absolute>
 0000:00000000       ___hybrid_image_info_bitfield 00000000     <absolute>
 0000:00000000       ___volatile_metadata       00000000     <absolute>
 0000:00000000       ___x64_code_ranges_to_entry_points 00000000     <absolute>
 0000:00000000       ___x64_code_ranges_to_entry_points_count 00000000     <absolute>
 0000:00000002       ___safe_se_handler_count   00000002     <absolute>
 0000:00000100       ___guard_flags             00000100     <absolute>
 0000:00000000       ___ImageBase               10000000     <linker-defined>
 0001:00000560       _DllMain@12                10001560 f   ObjectDef.obj
 0001:000005f0       _Object_RegisterDef        100015f0 f   ObjectDef.obj
 0001:00000670       _AddChild@8                10001670 f   Spout.obj
 0001:00000690       _AttachEngine@8            10001690 f   Spout.obj
 0001:000008c0       _AttachSoundSystem@8       100018c0 f   Spout.obj
 0001:00000970       _AttachWorld@8             10001970 f   Spout.obj
 0001:00000b40       _ChangeBoxCollision@24     10001b40 f   Spout.obj
 0001:00000b60       _Collision@24              10001b60 f   Spout.obj
 0001:00000c40       _CreateFromFile@8          10001c40 f   Spout.obj
 0001:00001470       _CreateInstance@0          10002470 f   Spout.obj
 0001:00001910       _CreateRef@4               10002910 f   Spout.obj
 0001:000019a0       _DeInit_Class              100029a0 f   Spout.obj
 0001:00001ab0       _Destroy@4                 10002ab0 f   Spout.obj
 0001:00001da0       _DettachEngine@8           10002da0 f   Spout.obj
 0001:00001f80       _DettachSoundSystem@8      10002f80 f   Spout.obj
 0001:00002030       _DettachWorld@8            10003030 f   Spout.obj
 0001:00002180       _EditDialog@8              10003180 f   Spout.obj
 0001:000021a0       _Frame@8                   100031a0 f   Spout.obj
 0001:00002770       _GetChildren@12            10003770 f   Spout.obj
 0001:00002790       _GetExtBox@8               10003790 f   Spout.obj
 0001:000028b0       _GetPropertyList@8         100038b0 f   Spout.obj
 0001:00002e90       _GetXForm@8                10003e90 f   Spout.obj
 0001:00002f60       _GetXFormModFlags@4        10003f60 f   Spout.obj
 0001:00002f80       _Init_Class                10003f80 f   Spout.obj
 0001:00003e80       _RemoveChild@8             10004e80 f   Spout.obj
 0001:00003ea0       _Render@24                 10004ea0 f   Spout.obj
 0001:00004050       _SendAMessage@12           10005050 f   Spout.obj
 0001:00004070       _SetProperty@16            10005070 f   Spout.obj
 0001:00005310       _SetXForm@8                10006310 f   Spout.obj
 0001:00007b80       _Util_SetArtSize           10008b80 f   Spout.obj
 0001:00008010       _WriteToFile@12            10009010 f   Spout.obj
 0001:00008480       _jeObject_RegisterGlobalObjectDef@4 10009480 f   jet3DClassic11d:Jet3DClassic11d.dll
 0001:00008486       _jeVFile_CreateFinder@8    10009486 f   jet3DClassic11d:Jet3DClassic11d.dll
 0001:0000848c       _jeVFile_DestroyFinder@4   1000948c f   jet3DClassic11d:Jet3DClassic11d.dll
 0001:00008492       _jeVFile_FinderGetNextFile@4 10009492 f   jet3DClassic11d:Jet3DClassic11d.dll
 0001:00008498       _jeVFile_FinderGetProperties@8 10009498 f   jet3DClassic11d:Jet3DClassic11d.dll
 0001:0000849e       _jeVFile_OpenNewSystem@20  1000949e f   jet3DClassic11d:Jet3DClassic11d.dll
 0001:000084a4       _jeVFile_Open@12           100094a4 f   jet3DClassic11d:Jet3DClassic11d.dll
 0001:000084aa       _jeVFile_Close@4           100094aa f   jet3DClassic11d:Jet3DClassic11d.dll
 0001:000084b0       _jeVFile_Read@12           100094b0 f   jet3DClassic11d:Jet3DClassic11d.dll
 0001:000084b6       _jeVFile_Write@12          100094b6 f   jet3DClassic11d:Jet3DClassic11d.dll
 0001:000084bc       _jeVFile_Seek@12           100094bc f   jet3DClassic11d:Jet3DClassic11d.dll
 0001:000084c2       _jeVec3d_Set@16            100094c2 f   jet3DClassic11d:Jet3DClassic11d.dll
 0001:000084c8       _jeVec3d_Normalize@4       100094c8 f   jet3DClassic11d:Jet3DClassic11d.dll
 0001:000084ce       _jeVec3d_Scale@12          100094ce f   jet3DClassic11d:Jet3DClassic11d.dll
 0001:000084d4       _jeProperty_ListCopy@4     100094d4 f   jet3DClassic11d:Jet3DClassic11d.dll
 0001:000084da       _jeProperty_FillGroup@12   100094da f   jet3DClassic11d:Jet3DClassic11d.dll
 0001:000084e0       _jeProperty_FillCheck@16   100094e0 f   jet3DClassic11d:Jet3DClassic11d.dll
 0001:000084e6       _jeProperty_FillColorGroup@16 100094e6 f   jet3DClassic11d:Jet3DClassic11d.dll
 0001:000084ec       _jeProperty_FillFloat@28   100094ec f   jet3DClassic11d:Jet3DClassic11d.dll
 0001:000084f2       _jeProperty_FillGroupEnd@8 100094f2 f   jet3DClassic11d:Jet3DClassic11d.dll
 0001:000084f8       _jeProperty_FillColorPicker@16 100094f8 f   jet3DClassic11d:Jet3DClassic11d.dll
 0001:000084fe       _jeProperty_FillCombo@24   100094fe f   jet3DClassic11d:Jet3DClassic11d.dll
 0001:00008504       __jeRam_DebugAllocate@12   10009504 f   jet3DClassic11d:Jet3DClassic11d.dll
 0001:0000850a       _jeRam_AllocateClear@4     1000950a f   jet3DClassic11d:Jet3DClassic11d.dll
 0001:00008510       _jeRam_Free_@4             10009510 f   jet3DClassic11d:Jet3DClassic11d.dll
 0001:00008516       _jeResource_MgrDestroy@4   10009516 f   jet3DClassic11d:Jet3DClassic11d.dll
 0001:0000851c       _jeResource_GetVFile@8     1000951c f   jet3DClassic11d:Jet3DClassic11d.dll
 0001:00008522       _jeResource_DeleteVFile@8  10009522 f   jet3DClassic11d:Jet3DClassic11d.dll
 0001:00008528       _jeBitmap_CreateFromFile@4 10009528 f   jet3DClassic11d:Jet3DClassic11d.dll
 0001:0000852e       _jeBitmap_Destroy@4        1000952e f   jet3DClassic11d:Jet3DClassic11d.dll
 0001:00008534       _jeBitmap_SetColorKey@16   10009534 f   jet3DClassic11d:Jet3DClassic11d.dll
 0001:0000853a       _jeBitmap_SetAlpha@8       1000953a f   jet3DClassic11d:Jet3DClassic11d.dll
 0001:00008540       _jeBitmap_Width@4          10009540 f   jet3DClassic11d:Jet3DClassic11d.dll
 0001:00008546       _jeBitmap_Height@4         10009546 f   jet3DClassic11d:Jet3DClassic11d.dll
 0001:0000854c       _jeXForm3d_Copy@8          1000954c f   jet3DClassic11d:Jet3DClassic11d.dll
 0001:00008552       _jeXForm3d_SetIdentity@4   10009552 f   jet3DClassic11d:Jet3DClassic11d.dll
 0001:00008558       _jeXForm3d_RotateX@8       10009558 f   jet3DClassic11d:Jet3DClassic11d.dll
 0001:0000855e       _jeXForm3d_RotateZ@8       1000955e f   jet3DClassic11d:Jet3DClassic11d.dll
 0001:00008564       _jeXForm3d_GetUp@8         10009564 f   jet3DClassic11d:Jet3DClassic11d.dll
 0001:0000856a       _jeEngine_AddBitmap@12     1000956a f   jet3DClassic11d:Jet3DClassic11d.dll
 0001:00008570       _jeEngine_RemoveBitmap@8   10009570 f   jet3DClassic11d:Jet3DClassic11d.dll
 0001:00008576       _jeMaterialSpec_Create@8   10009576 f   jet3DClassic11d:Jet3DClassic11d.dll
 0001:0000857c       _jeMaterialSpec_Destroy@4  1000957c f   jet3DClassic11d:Jet3DClassic11d.dll
 0001:00008582       _jeMaterialSpec_AddLayerFromBitmap@16 10009582 f   jet3DClassic11d:Jet3DClassic11d.dll
 0001:00008588       _jeMaterialSpec_GetLayerBitmap@8 10009588 f   jet3DClassic11d:Jet3DClassic11d.dll
 0001:0000858e       _jeExtBox_IsValid@4        1000958e f   jet3DClassic11d:Jet3DClassic11d.dll
 0001:00008594       _jeExtBox_Translate@16     10009594 f   jet3DClassic11d:Jet3DClassic11d.dll
 0001:0000859a       _jeUserPoly_CreateQuad@24  1000959a f   jet3DClassic11d:Jet3DClassic11d.dll
 0001:000085a0       _jeUserPoly_Destroy@4      100095a0 f   jet3DClassic11d:Jet3DClassic11d.dll
 0001:000085a6       _jeWorld_AddUserPoly@12    100095a6 f   jet3DClassic11d:Jet3DClassic11d.dll
 0001:000085ac       _jeWorld_GetResourceMgr@4  100095ac f   jet3DClassic11d:Jet3DClassic11d.dll
 0001:000085b2       _jeParticle_SystemAddParticle@36 100095b2 f   jet3DClassic11d:Jet3DClassic11d.dll
 0001:000085b8       _jeParticle_SystemFrame@8  100095b8 f   jet3DClassic11d:Jet3DClassic11d.dll
 0001:000085be       _jeParticle_SystemCreate@8 100095be f   jet3DClassic11d:Jet3DClassic11d.dll
 0001:000085c4       _jeParticle_SystemDestroy@4 100095c4 f   jet3DClassic11d:Jet3DClassic11d.dll
 0001:000085ca       _jeParticle_SystemRemoveAll@4 100095ca f   jet3DClassic11d:Jet3DClassic11d.dll
 0001:000085d0       _jeErrorLog_AddExplicit@24 100095d0 f   jet3DClassic11d:Jet3DClassic11d.dll
 0001:000085d6       _OutputDebugStringA@4      100095d6 f   kernel32:KERNEL32.dll
 0001:000085dc       _LoadStringA@16            100095dc f   user32:USER32.dll
 0001:000085f0       @_RTC_AllocaHelper@12      100095f0 f   MSVCRTD:stack.obj
 0001:00008630       @_RTC_CheckStackVars2@12   10009630 f   MSVCRTD:stack.obj
 0001:00008730       @_RTC_CheckStackVars@8     10009730 f   MSVCRTD:stack.obj
 0001:00008790       __RTC_CheckEsp             10009790 f   MSVCRTD:stack.obj
 0001:000087c0       __CRT_RTC_INIT             100097c0 f   MSVCRTD:init.obj
 0001:000087d0       __CRT_RTC_INITW            100097d0 f   MSVCRTD:init.obj
 0001:000087e0       __RTC_InitBase             100097e0 f   MSVCRTD:init.obj
 0001:00008820       __RTC_Shutdown             10009820 f   MSVCRTD:init.obj
 0001:00008840       @__security_check_cookie@4 10009840 f   MSVCRTD:secchk.obj
 0001:00008e60       __CRT_INIT@12              10009e60 f   MSVCRTD:dll_dllmain.obj
 0001:00008e80       __DllMainCRTStartup@12     10009e80 f   MSVCRTD:dll_dllmain.obj
 0001:00008f60       ?_RTC_AllocaFailure@@YAXPAXPAU_RTC_ALLOCA_NODE@@H@Z 10009f60 f   MSVCRTD:error.obj
 0001:00009080       ?_RTC_Failure@@YAXPAXH@Z   1000a080 f   MSVCRTD:error.obj
 0001:000090f0       ?_RTC_StackFailure@@YAXPAXPBD@Z 1000a0f0 f   MSVCRTD:error.obj
 0001:000095e0       __RTC_UninitUse            1000a5e0 f   MSVCRTD:error.obj
 0001:000096c0       ___local_stdio_printf_options 1000a6c0 f i MSVCRTD:error.obj
 0001:000096d0       __vsprintf_s_l             1000a6d0 f i MSVCRTD:error.obj
 0001:00009710       _sprintf_s                 1000a710 f i MSVCRTD:error.obj
 0001:00009740       ?_RTC_GetErrorFunc@@YAP6AHHPBDH00ZZPBX@Z 1000a740 f   MSVCRTD:userapi.obj
 0001:00009750       ?_RTC_GetErrorFuncW@@YAP6AHHPB_WH00ZZPBX@Z 1000a750 f   MSVCRTD:userapi.obj
 0001:00009760       __RTC_GetErrDesc           1000a760 f   MSVCRTD:userapi.obj
 0001:00009780       __RTC_NumErrors            1000a780 f   MSVCRTD:userapi.obj
 0001:00009790       __RTC_SetErrorFunc         1000a790 f   MSVCRTD:userapi.obj
 0001:000097c0       __RTC_SetErrorFuncW        1000a7c0 f   MSVCRTD:userapi.obj
 0001:000097f0       __RTC_SetErrorType         1000a7f0 f   MSVCRTD:userapi.obj
 0001:00009820       ___report_gsfailure        1000a820 f   MSVCRTD:gs_report.obj
 0001:00009830       ___report_rangecheckfailure 1000a830 f   MSVCRTD:gs_report.obj
 0001:00009840       ___report_securityfailure  1000a840 f   MSVCRTD:gs_report.obj
 0001:00009850       ___report_securityfailureEx 1000a850 f   MSVCRTD:gs_report.obj
 0001:000098f0       ___security_init_cookie    1000a8f0 f   MSVCRTD:gs_support.obj
 0001:00009990       ?__scrt_initialize_type_info@@YAXXZ 1000a990 f   MSVCRTD:tncleanup.obj
 0001:000099b0       ?__scrt_uninitialize_type_info@@YAXXZ 1000a9b0 f   MSVCRTD:tncleanup.obj
 0001:000099d0       ___local_stdio_scanf_options 1000a9d0 f i MSVCRTD:default_local_stdio_options.obj
 0001:000099e0       ___scrt_initialize_default_local_stdio_options 1000a9e0 f   MSVCRTD:default_local_stdio_options.obj
 0001:00009a30       ?configure_argv@__scrt_narrow_argv_policy@@SAHXZ 1000aa30 f i MSVCRTD:utility.obj
 0001:00009b00       ?initialize_environment@__scrt_narrow_environment_policy@@SAHXZ 1000ab00 f i MSVCRTD:utility.obj
 0001:00009ba0       _NtCurrentTeb              1000aba0 f i MSVCRTD:utility.obj
 0001:00009bb0       ___scrt_acquire_startup_lock 1000abb0 f   MSVCRTD:utility.obj
 0001:00009c10       ___scrt_dllmain_after_initialize_c 1000ac10 f   MSVCRTD:utility.obj
 0001:00009c50       ___scrt_dllmain_before_initialize_c 1000ac50 f   MSVCRTD:utility.obj
 0001:00009c80       ___scrt_dllmain_crt_thread_attach 1000ac80 f   MSVCRTD:utility.obj
 0001:00009cc0       ___scrt_dllmain_crt_thread_detach 1000acc0 f   MSVCRTD:utility.obj
 0001:00009ce0       ___scrt_dllmain_exception_filter 1000ace0 f   MSVCRTD:utility.obj
 0001:00009d40       ___scrt_dllmain_uninitialize_c 1000ad40 f   MSVCRTD:utility.obj
 0001:00009d80       ___scrt_dllmain_uninitialize_critical 1000ad80 f   MSVCRTD:utility.obj
 0001:00009da0       ___scrt_initialize_crt     1000ada0 f   MSVCRTD:utility.obj
 0001:00009e00       ___scrt_initialize_onexit_tables 1000ae00 f   MSVCRTD:utility.obj
 0001:00009f10       ___scrt_is_nonwritable_in_current_image 1000af10 f   MSVCRTD:utility.obj
 0001:0000a090       ___scrt_release_startup_lock 1000b090 f   MSVCRTD:utility.obj
 0001:0000a0c0       ___scrt_uninitialize_crt   1000b0c0 f   MSVCRTD:utility.obj
 0001:0000a110       __onexit                   1000b110 f   MSVCRTD:utility.obj
 0001:0000a190       _at_quick_exit             1000b190 f   MSVCRTD:utility.obj
 0001:0000a1e0       _atexit                    1000b1e0 f   MSVCRTD:utility.obj
 0001:0000a220       ___scrt_get_dyn_tls_init_callback 1000b220 f   MSVCRTD:dyn_tls_init.obj
 0001:0000a230       ___scrt_fastfail           1000b230 f   MSVCRTD:utility_desktop.obj
 0001:0000a240       ___scrt_get_show_window_mode 1000b240 f   MSVCRTD:utility_desktop.obj
 0001:0000a290       ___scrt_initialize_mta     1000b290 f   MSVCRTD:utility_desktop.obj
 0001:0000a2a0       ___scrt_initialize_winrt   1000b2a0 f   MSVCRTD:utility_desktop.obj
 0001:0000a2b0       ___scrt_is_managed_app     1000b2b0 f   MSVCRTD:utility_desktop.obj
 0001:0000a360       ___scrt_set_unhandled_exception_filter 1000b360 f   MSVCRTD:utility_desktop.obj
 0001:0000a380       ___scrt_exe_initialize_mta 1000b380 f   MSVCRTD:utility_desktop.obj
 0001:0000a380       ___scrt_stub_for_initialize_mta 1000b380 f   MSVCRTD:utility_desktop.obj
 0001:0000a390       ___scrt_unhandled_exception_filter@4 1000b390 f   MSVCRTD:utility_desktop.obj
 0001:0000a430       __crt_debugger_hook        1000b430 f   MSVCRTD:utility_desktop.obj
 0001:0000a450       __RTC_Initialize           1000b450 f   MSVCRTD:initsect.obj
 0001:0000a490       __RTC_Terminate            1000b490 f   MSVCRTD:initsect.obj
 0001:0000a4d0       __except_handler4          1000b4d0 f   MSVCRTD:chandler4gs.obj
 0001:0000a520       @_guard_check_icall_nop@4  1000b520 f i MSVCRTD:guard_support.obj
 0001:0000a530       _ReadNoFence               1000b530 f i MSVCRTD:guard_support.obj
 0001:0000a550       _ReadPointerNoFence        1000b550 f i MSVCRTD:guard_support.obj
 0001:0000a570       __InlineInterlockedExchangePointer 1000b570 f i MSVCRTD:guard_support.obj
 0001:0000a580       ___castguard_check_failure_debugbreak 1000b580 f i MSVCRTD:guard_support.obj
 0001:0000a5a0       ___castguard_check_failure_fastfail 1000b5a0 f i MSVCRTD:guard_support.obj
 0001:0000a5d0       ___castguard_check_failure_nop 1000b5d0 f i MSVCRTD:guard_support.obj
 0001:0000a5e0       ___castguard_check_failure_os_handled 1000b5e0 f i MSVCRTD:guard_support.obj
 0001:0000a650       ___castguard_check_failure_user_handled 1000b650 f i MSVCRTD:guard_support.obj
 0001:0000a720       ___castguard_set_user_handler 1000b720 f i MSVCRTD:guard_support.obj
 0001:0000a750       ___castguard_slow_path_check_debugbreak 1000b750 f i MSVCRTD:guard_support.obj
 0001:0000a790       ___castguard_slow_path_check_fastfail 1000b790 f i MSVCRTD:guard_support.obj
 0001:0000a7e0       ___castguard_slow_path_check_nop 1000b7e0 f i MSVCRTD:guard_support.obj
 0001:0000a7f0       ___castguard_slow_path_check_os_handled 1000b7f0 f i MSVCRTD:guard_support.obj
 0001:0000a840       ___castguard_slow_path_check_user_handled 1000b840 f i MSVCRTD:guard_support.obj
 0001:0000a8e0       __guard_icall_checks_enforced 1000b8e0 f i MSVCRTD:guard_support.obj
 0001:0000ae70       ?_RTC_GetSrcLine@@YAHPAEPA_WKPAH1K@Z 1000be70 f   MSVCRTD:pdblkup.obj
 0001:0000b2e0       __except_handler4_noexcept 1000c2e0 f   MSVCRTD:chandler4_noexcept.obj
 0001:0000b360       ___isa_available_init      1000c360 f   MSVCRTD:cpu_disp.obj
 0001:0000b920       __get_startup_argv_mode    1000c920 f   MSVCRTD:argv_mode.obj
 0001:0000b930       ___scrt_is_ucrt_dll_in_use 1000c930 f   MSVCRTD:ucrt_detection.obj
 0001:0000b95d       ___std_type_info_destroy_list 1000c95d f   vcruntimed:VCRUNTIME140D.dll
 0001:0000b963       ___current_exception       1000c963 f   vcruntimed:VCRUNTIME140D.dll
 0001:0000b969       ___current_exception_context 1000c969 f   vcruntimed:VCRUNTIME140D.dll
 0001:0000b96f       _memset                    1000c96f f   vcruntimed:VCRUNTIME140D.dll
 0001:0000b975       __except_handler4_common   1000c975 f   vcruntimed:VCRUNTIME140D.dll
 0001:0000b97b       ___vcrt_GetModuleFileNameW 1000c97b f   vcruntimed:VCRUNTIME140D.dll
 0001:0000b981       ___vcrt_GetModuleHandleW   1000c981 f   vcruntimed:VCRUNTIME140D.dll
 0001:0000b987       ___vcrt_LoadLibraryExW     1000c987 f   vcruntimed:VCRUNTIME140D.dll
 0001:0000b98d       _strcat                    1000c98d f   ucrtd:ucrtbased.dll
 0001:0000b993       _strcpy                    1000c993 f   ucrtd:ucrtbased.dll
 0001:0000b999       _strlen                    1000c999 f   ucrtd:ucrtbased.dll
 0001:0000b99f       _rand                      1000c99f f   ucrtd:ucrtbased.dll
 0001:0000b9a5       __wassert                  1000c9a5 f   ucrtd:ucrtbased.dll
 0001:0000b9ab       __CrtDbgReport             1000c9ab f   ucrtd:ucrtbased.dll
 0001:0000b9b1       __CrtDbgReportW            1000c9b1 f   ucrtd:ucrtbased.dll
 0001:0000b9b7       __initterm                 1000c9b7 f   ucrtd:ucrtbased.dll
 0001:0000b9bd       __initterm_e               1000c9bd f   ucrtd:ucrtbased.dll
 0001:0000b9c3       _strcpy_s                  1000c9c3 f   ucrtd:ucrtbased.dll
 0001:0000b9c9       _strcat_s                  1000c9c9 f   ucrtd:ucrtbased.dll
 0001:0000b9cf       ___stdio_common_vsprintf_s 1000c9cf f   ucrtd:ucrtbased.dll
 0001:0000b9d5       __seh_filter_dll           1000c9d5 f   ucrtd:ucrtbased.dll
 0001:0000b9db       __configure_narrow_argv    1000c9db f   ucrtd:ucrtbased.dll
 0001:0000b9e1       __initialize_narrow_environment 1000c9e1 f   ucrtd:ucrtbased.dll
 0001:0000b9e7       __initialize_onexit_table  1000c9e7 f   ucrtd:ucrtbased.dll
 0001:0000b9ed       __register_onexit_function 1000c9ed f   ucrtd:ucrtbased.dll
 0001:0000b9f3       __execute_onexit_table     1000c9f3 f   ucrtd:ucrtbased.dll
 0001:0000b9f9       __crt_atexit               1000c9f9 f   ucrtd:ucrtbased.dll
 0001:0000b9ff       __crt_at_quick_exit        1000c9ff f   ucrtd:ucrtbased.dll
 0001:0000ba05       __cexit                    1000ca05 f   ucrtd:ucrtbased.dll
 0001:0000ba0b       _terminate                 1000ca0b f   ucrtd:ucrtbased.dll
 0001:0000ba11       __wmakepath_s              1000ca11 f   ucrtd:ucrtbased.dll
 0001:0000ba17       __wsplitpath_s             1000ca17 f   ucrtd:ucrtbased.dll
 0001:0000ba1d       _wcscpy_s                  1000ca1d f   ucrtd:ucrtbased.dll
 0001:0000ba23       __stricmp                  1000ca23 f   ucrtd:ucrtbased.dll
 0001:0000ba29       __itoa                     1000ca29 f   ucrtd:ucrtbased.dll
 0001:0000ba2f       _IsDebuggerPresent@0       1000ca2f f   kernel32:KERNEL32.dll
 0001:0000ba35       _RaiseException@16         1000ca35 f   kernel32:KERNEL32.dll
 0001:0000ba3b       _MultiByteToWideChar@24    1000ca3b f   kernel32:KERNEL32.dll
 0001:0000ba41       _WideCharToMultiByte@32    1000ca41 f   kernel32:KERNEL32.dll
 0001:0000ba47       _QueryPerformanceCounter@4 1000ca47 f   kernel32:KERNEL32.dll
 0001:0000ba4d       _GetCurrentProcessId@0     1000ca4d f   kernel32:KERNEL32.dll
 0001:0000ba53       _GetCurrentThreadId@0      1000ca53 f   kernel32:KERNEL32.dll
 0001:0000ba59       _GetSystemTimeAsFileTime@4 1000ca59 f   kernel32:KERNEL32.dll
 0001:0000ba5f       _InitializeSListHead@4     1000ca5f f   kernel32:KERNEL32.dll
 0001:0000ba65       _SetUnhandledExceptionFilter@4 1000ca65 f   kernel32:KERNEL32.dll
 0001:0000ba6b       _GetStartupInfoW@4         1000ca6b f   kernel32:KERNEL32.dll
 0001:0000ba71       _GetModuleHandleW@4        1000ca71 f   kernel32:KERNEL32.dll
 0001:0000ba77       _GetLastError@0            1000ca77 f   kernel32:KERNEL32.dll
 0001:0000ba7d       _HeapAlloc@12              1000ca7d f   kernel32:KERNEL32.dll
 0001:0000ba83       _HeapFree@12               1000ca83 f   kernel32:KERNEL32.dll
 0001:0000ba89       _GetProcessHeap@0          1000ca89 f   kernel32:KERNEL32.dll
 0001:0000ba8f       _VirtualQuery@12           1000ca8f f   kernel32:KERNEL32.dll
 0001:0000ba95       _FreeLibrary@4             1000ca95 f   kernel32:KERNEL32.dll
 0001:0000ba9b       _GetProcAddress@8          1000ca9b f   kernel32:KERNEL32.dll
 0001:0000baa1       _IsProcessorFeaturePresent@4 1000caa1 f   kernel32:KERNEL32.dll
 0001:0000bab0       ___acrt_initialize         1000cab0 f   MSVCRTD:ucrt_stubs.obj
 0001:0000bab0       ___scrt_stub_for_acrt_initialize 1000cab0 f   MSVCRTD:ucrt_stubs.obj
 0001:0000bab0       ___vcrt_initialize         1000cab0 f   MSVCRTD:ucrt_stubs.obj
 0001:0000bac0       ___acrt_thread_attach      1000cac0 f   MSVCRTD:ucrt_stubs.obj
 0001:0000bac0       ___scrt_stub_for_acrt_thread_attach 1000cac0 f   MSVCRTD:ucrt_stubs.obj
 0001:0000bac0       ___vcrt_thread_attach      1000cac0 f   MSVCRTD:ucrt_stubs.obj
 0001:0000bad0       ___acrt_thread_detach      1000cad0 f   MSVCRTD:ucrt_stubs.obj
 0001:0000bad0       ___scrt_stub_for_acrt_thread_detach 1000cad0 f   MSVCRTD:ucrt_stubs.obj
 0001:0000bad0       ___vcrt_thread_detach      1000cad0 f   MSVCRTD:ucrt_stubs.obj
 0001:0000bae0       ___acrt_uninitialize       1000cae0 f   MSVCRTD:ucrt_stubs.obj
 0001:0000bae0       ___scrt_stub_for_acrt_uninitialize 1000cae0 f   MSVCRTD:ucrt_stubs.obj
 0001:0000bae0       ___vcrt_uninitialize       1000cae0 f   MSVCRTD:ucrt_stubs.obj
 0001:0000baf0       ___acrt_uninitialize_critical 1000caf0 f   MSVCRTD:ucrt_stubs.obj
 0001:0000baf0       ___scrt_stub_for_acrt_uninitialize_critical 1000caf0 f   MSVCRTD:ucrt_stubs.obj
 0001:0000baf0       ___vcrt_uninitialize_critical 1000caf0 f   MSVCRTD:ucrt_stubs.obj
 0001:0000bb00       ___scrt_stub_for_is_c_termination_complete 1000cb00 f   MSVCRTD:ucrt_stubs.obj
 0001:0000bb00       __is_c_termination_complete 1000cb00 f   MSVCRTD:ucrt_stubs.obj
 0001:0000bb10       __filter_x86_sse2_floating_point_exception 1000cb10 f   MSVCRTD:x86_exception_filter.obj
 0001:0000bb10       __filter_x86_sse2_floating_point_exception_default 1000cb10 f   MSVCRTD:x86_exception_filter.obj
 0002:00000000       ___xc_a                    1000e000     MSVCRTD:initializers.obj
 0002:00000104       ___xc_z                    1000e104     MSVCRTD:initializers.obj
 0002:00000208       ___xi_a                    1000e208     MSVCRTD:initializers.obj
 0002:0000030c       ___xi_z                    1000e30c     MSVCRTD:initializers.obj
 0002:00000410       ___xp_a                    1000e410     MSVCRTD:initializers.obj
 0002:00000514       ___xp_z                    1000e514     MSVCRTD:initializers.obj
 0002:00000618       ___xt_a                    1000e618     MSVCRTD:initializers.obj
 0002:0000071c       ___xt_z                    1000e71c     MSVCRTD:initializers.obj
 0002:00000820       ??_C@_05EHNJDFNG@Spout@    1000e820     ObjectDef.obj
 0002:00000828       __real@3f051eb8            1000e828     ObjectDef.obj
 0002:0000082c       __real@3f800000            1000e82c     ObjectDef.obj
 0002:00000830       ??_C@_08FJNMKDHG@?$DM?5none?5?$DO@ 1000e830     Spout.obj
 0002:00000840       ??_C@_0HD@CEJNDIJM@C?3?2Users?2James?2Downloads?2JStudi@ 1000e840     Spout.obj
 0002:000008ca       ??_C@_00CNPNBAHC@@         1000e8ca     Spout.obj
 0002:000008cc       ??_C@_0BH@KIBLNGDK@JE_ERR_MEMORY_RESOURCE@ 1000e8cc     Spout.obj
 0002:000008e8       ??_C@_1OG@FDOCHEDP@?$AAC?$AA?3?$AA?2?$AAU?$AAs?$AAe?$AAr?$AAs?$AA?2?$AAJ?$AAa?$AAm?$AAe?$AAs?$AA?2@ 1000e8e8     Spout.obj
 0002:000009fc       ??_C@_1BO@CHOHCGNL@?$AAO?$AAb?$AAj?$AAe?$AAc?$AAt?$AA?5?$AA?$CB?$AA?$DN?$AA?5?$AAN?$AAU?$AAL?$AAL@ 1000e9fc     Spout.obj
 0002:00000a20       ??_C@_1BM@KHCCJOII@?$AAW?$AAo?$AAr?$AAl?$AAd?$AA?5?$AA?$CB?$AA?$DN?$AA?5?$AAN?$AAU?$AAL?$AAL@ 1000ea20     Spout.obj
 0002:00000a44       ??_C@_1BG@NCCOHJJ@?$AAV?$AA1?$AA?5?$AA?$CB?$AA?$DN?$AA?5?$AAN?$AAU?$AAL?$AAL@ 1000ea44     Spout.obj
 0002:00000a60       ??_C@_1BG@KCILKKFD@?$AAV?$AA2?$AA?5?$AA?$CB?$AA?$DN?$AA?5?$AAN?$AAU?$AAL?$AAL@ 1000ea60     Spout.obj
 0002:00000a7c       ??_C@_1BG@MHOMJBBF@?$AAV?$AA3?$AA?5?$AA?$CB?$AA?$DN?$AA?5?$AAN?$AAU?$AAL?$AAL@ 1000ea7c     Spout.obj
 0002:00000a98       ??_C@_1BG@CGKIDHIG@?$AAV?$AA4?$AA?5?$AA?$CB?$AA?$DN?$AA?5?$AAN?$AAU?$AAL?$AAL@ 1000ea98     Spout.obj
 0002:00000ab4       ??_C@_1BM@PKGMDBEP@?$AAC?$AAo?$AAl?$AAo?$AAr?$AA?5?$AA?$CB?$AA?$DN?$AA?5?$AAN?$AAU?$AAL?$AAL@ 1000eab4     Spout.obj
 0002:00000ad8       ??_C@_1BO@ELHENHFL@?$AAE?$AAx?$AAt?$AAB?$AAo?$AAx?$AA?5?$AA?$CB?$AA?$DN?$AA?5?$AAN?$AAU?$AAL?$AAL@ 1000ead8     Spout.obj
 0002:00000afc       ??_C@_1CO@IMMIBIBA@?$AAO?$AAb?$AAj?$AAe?$AAc?$AAt?$AA?9?$AA?$DO?$AAE?$AAn?$AAg?$AAi?$AAn?$AAe?$AA?5@ 1000eafc     Spout.obj
 0002:00000b34       ??_C@_1DI@DEKAOJCJ@?$AAO?$AAb?$AAj?$AAe?$AAc?$AAt?$AA?9?$AA?$DO?$AAR?$AAe?$AAs?$AAo?$AAu?$AAr?$AAc@ 1000eb34     Spout.obj
 0002:00000b78       ??_C@_1BK@FHGJNIOH@?$AAF?$AAi?$AAl?$AAe?$AA?5?$AA?$CB?$AA?$DN?$AA?5?$AAN?$AAU?$AAL?$AAL@ 1000eb78     Spout.obj
 0002:00000b98       ??_C@_1BO@HJMILEGM@?$AAS?$AAt?$AAr?$AAi?$AAn?$AAg?$AA?5?$AA?$CB?$AA?$DN?$AA?5?$AAN?$AAU?$AAL?$AAL@ 1000eb98     Spout.obj
 0002:00000bbc       ??_C@_1BC@KCECIPDP@?$AAS?$AAi?$AAz?$AAe?$AA?5?$AA?$DO?$AA?5?$AA0@ 1000ebbc     Spout.obj
 0002:00000bd4       ??_C@_1BK@MHGFKNCF@?$AAN?$AAa?$AAm?$AAe?$AA?5?$AA?$CB?$AA?$DN?$AA?5?$AAN?$AAU?$AAL?$AAL@ 1000ebd4     Spout.obj
 0002:00000bf4       ??_C@_0BD@EPDLJDNO@JE_ERR_FILEIO_OPEN@ 1000ebf4     Spout.obj
 0002:00000c0c       ??_C@_0BJ@EGNAMMON@JE_ERR_SUBSYSTEM_FAILURE@ 1000ec0c     Spout.obj
 0002:00000c2c       ??_C@_0BF@NJDEBKOM@JE_ERR_BAD_PARAMETER@ 1000ec2c     Spout.obj
 0002:00000c48       ??_C@_1O@DKHFMLJF@?$AAR?$AAe?$AAs?$AAu?$AAl?$AAt@ 1000ec48     Spout.obj
 0002:00000c58       ??_C@_1CC@FKGDIIDN@?$AAD?$AAe?$AAa?$AAd?$AAL?$AAi?$AAs?$AAt?$AA?5?$AA?$CB?$AA?$DN?$AA?5?$AAN?$AAU?$AAL@ 1000ec58     Spout.obj
 0002:00000c80       ??_C@_1CE@OJGHIKHO@?$AA?$CK?$AAD?$AAe?$AAa?$AAd?$AAL?$AAi?$AAs?$AAt?$AA?5?$AA?$CB?$AA?$DN?$AA?5?$AAN?$AAU@ 1000ec80     Spout.obj
 0002:00000cac       ??_C@_1CA@MOIMHKED@?$AAL?$AAi?$AAs?$AAt?$AA?9?$AA?$DO?$AAT?$AAo?$AAt?$AAa?$AAl?$AA?5?$AA?$DO?$AA?5?$AA0@ 1000ecac     Spout.obj
 0002:00000cd4       ??_C@_1DK@JKLENKLG@?$AAL?$AAi?$AAs?$AAt?$AA?9?$AA?$DO?$AAS?$AAt?$AAr?$AAi?$AAn?$AAg?$AAS?$AAi?$AAz@ 1000ecd4     Spout.obj
 0002:00000d1c       ??_C@_1CI@LLIOFGGH@?$AAR?$AAe?$AAs?$AAo?$AAu?$AAr?$AAc?$AAe?$AAM?$AAg?$AAr?$AA?5?$AA?$CB?$AA?$DN?$AA?5@ 1000ed1c     Spout.obj
 0002:00000d4c       ??_C@_1CK@FCMFDAID@?$AAR?$AAe?$AAs?$AAo?$AAu?$AAr?$AAc?$AAe?$AAN?$AAa?$AAm?$AAe?$AA?5?$AA?$CB?$AA?$DN@ 1000ed4c     Spout.obj
 0002:00000d80       ??_C@_1CG@BDCKJDPJ@?$AAF?$AAi?$AAl?$AAe?$AAF?$AAi?$AAl?$AAt?$AAe?$AAr?$AA?5?$AA?$CB?$AA?$DN?$AA?5?$AAN@ 1000ed80     Spout.obj
 0002:00000db0       ??_C@_1CM@BPKJLDLL@?$AAC?$AAu?$AAr?$AAF?$AAi?$AAl?$AAe?$AA?5?$AA?$DM?$AA?5?$AAB?$AAm?$AAp?$AAs?$AA?9@ 1000edb0     Spout.obj
 0002:00000de4       ??_C@_1CE@JOMNIOGM@?$AAA?$AAd?$AAd?$AAI?$AAt?$AA?5?$AA?$DN?$AA?$DN?$AA?5?$AAJ?$AAE?$AA_?$AAF?$AAA?$AAL@ 1000ede4     Spout.obj
 0002:00000e10       ??_C@_1BK@DMALBJNH@?$AAB?$AAm?$AAp?$AAs?$AA?5?$AA?$CB?$AA?$DN?$AA?5?$AAN?$AAU?$AAL?$AAL@ 1000ee10     Spout.obj
 0002:00000e30       ??_C@_1CE@FBLKGNMA@?$AAh?$AAI?$AAn?$AAs?$AAt?$AAa?$AAn?$AAc?$AAe?$AA?5?$AA?$CB?$AA?$DN?$AA?5?$AAN?$AAU@ 1000ee30     Spout.obj
 0002:00000e5c       ??_C@_1BA@DPBAOGCM@?$AAI?$AAD?$AA?5?$AA?$DO?$AA?$DN?$AA?5?$AA0@ 1000ee5c     Spout.obj
 0002:00000e70       ??_C@_0BJ@MPKGEGGM@JE_ERR_INTERNAL_RESOURCE@ 1000ee70     Spout.obj
 0002:00000e90       ??_C@_1HA@JHMMBGNH@?$AAB?$AAi?$AAt?$AAm?$AAa?$AAp?$AAs?$AA?9?$AA?$DO?$AAW?$AAi?$AAd?$AAt?$AAh?$AA?$FL@ 1000ee90     Spout.obj
 0002:00000f18       ??_C@_1BI@LJFOJMLJ@?$AAH?$AAi?$AAg?$AAh?$AA?5?$AA?$DO?$AA?$DN?$AA?5?$AAL?$AAo?$AAw@ 1000ef18     Spout.obj
 0002:00000f34       ??_C@_1CC@CAMJEFBK@?$AAI?$AAn?$AAs?$AAt?$AAa?$AAn?$AAc?$AAe?$AA?5?$AA?$CB?$AA?$DN?$AA?5?$AAN?$AAU?$AAL@ 1000ef34     Spout.obj
 0002:00000f5c       ??_C@_1CK@BJNCGFOF@?$AAO?$AAb?$AAj?$AAe?$AAc?$AAt?$AA?9?$AA?$DO?$AAR?$AAe?$AAf?$AAC?$AAo?$AAu?$AAn@ 1000ef5c     Spout.obj
 0002:00000f90       ??_C@_1CM@OILLBNGE@?$AAO?$AAb?$AAj?$AAe?$AAc?$AAt?$AA?9?$AA?$DO?$AAW?$AAo?$AAr?$AAl?$AAd?$AA?5?$AA?$DN@ 1000ef90     Spout.obj
 0002:00000fc4       ??_C@_1CO@MNMNPFEG@?$AAO?$AAb?$AAj?$AAe?$AAc?$AAt?$AA?9?$AA?$DO?$AAE?$AAn?$AAg?$AAi?$AAn?$AAe?$AA?5@ 1000efc4     Spout.obj
 0002:00000ffc       ??_C@_1DI@HFKFAEHP@?$AAO?$AAb?$AAj?$AAe?$AAc?$AAt?$AA?9?$AA?$DO?$AAR?$AAe?$AAs?$AAo?$AAu?$AAr?$AAc@ 1000effc     Spout.obj
 0002:00001040       ??_C@_1CG@JLIJKNHG@?$AAO?$AAb?$AAj?$AAe?$AAc?$AAt?$AA?9?$AA?$DO?$AAP?$AAs?$AA?5?$AA?$DN?$AA?$DN?$AA?5?$AAN@ 1000f040     Spout.obj
 0002:00001070       ??_C@_1CI@DOMNDFE@?$AAO?$AAb?$AAj?$AAe?$AAc?$AAt?$AA?9?$AA?$DO?$AAA?$AAr?$AAt?$AA?5?$AA?$DN?$AA?$DN?$AA?5@ 1000f070     Spout.obj
 0002:000010a0       ??_C@_1DA@JIPAADM@?$AAO?$AAb?$AAj?$AAe?$AAc?$AAt?$AA?9?$AA?$DO?$AAA?$AAr?$AAt?$AAN?$AAa?$AAm?$AAe@ 1000f0a0     Spout.obj
 0002:000010dc       ??_C@_1DG@ODJCPLPD@?$AAO?$AAb?$AAj?$AAe?$AAc?$AAt?$AA?9?$AA?$DO?$AAB?$AAi?$AAt?$AAm?$AAa?$AAp?$AAN@ 1000f0dc     Spout.obj
 0002:0000111c       ??_C@_1DE@NFMMJHLA@?$AAO?$AAb?$AAj?$AAe?$AAc?$AAt?$AA?9?$AA?$DO?$AAA?$AAl?$AAp?$AAh?$AAa?$AAN?$AAa@ 1000f11c     Spout.obj
 0002:0000115c       ??_C@_05GIOEPHGE@?$CK?4bmp@ 1000f15c     Spout.obj
 0002:00001164       ??_C@_0BA@FPJCPCEO@GlobalMaterials@ 1000f164     Spout.obj
 0002:00001178       ??_C@_1CO@KPFIMLHA@?$AAO?$AAb?$AAj?$AAe?$AAc?$AAt?$AA?9?$AA?$DO?$AAW?$AAo?$AAr?$AAl?$AAd?$AA?5?$AA?$DN@ 1000f178     Spout.obj
 0002:000011b0       ??_C@_1BO@DIOIBMOB@?$AAE?$AAn?$AAg?$AAi?$AAn?$AAe?$AA?5?$AA?$CB?$AA?$DN?$AA?5?$AAN?$AAU?$AAL?$AAL@ 1000f1b0     Spout.obj
 0002:000011d4       ??_C@_1DC@IEFPPFDN@?$AAO?$AAb?$AAj?$AAe?$AAc?$AAt?$AA?9?$AA?$DO?$AAE?$AAn?$AAg?$AAi?$AAn?$AAe?$AA?5@ 1000f1d4     Spout.obj
 0002:00001210       ??_C@_1CI@FPDJBKCH@?$AAS?$AAo?$AAu?$AAn?$AAd?$AAS?$AAy?$AAs?$AAt?$AAe?$AAm?$AA?5?$AA?$CB?$AA?$DN?$AA?5@ 1000f210     Spout.obj
 0002:00001240       ??_C@_1BM@EOJCOJG@?$AAF?$AAr?$AAo?$AAn?$AAt?$AA?5?$AA?$CB?$AA?$DN?$AA?5?$AAN?$AAU?$AAL?$AAL@ 1000f240     Spout.obj
 0002:00001264       ??_C@_1BK@GKJCCBKA@?$AAB?$AAa?$AAc?$AAk?$AA?5?$AA?$CB?$AA?$DN?$AA?5?$AAN?$AAU?$AAL?$AAL@ 1000f264     Spout.obj
 0002:00001284       ??_C@_1BK@GGNHCFBN@?$AAB?$AAB?$AAo?$AAx?$AA?5?$AA?$CB?$AA?$DN?$AA?5?$AAN?$AAU?$AAL?$AAL@ 1000f284     Spout.obj
 0002:000012a4       ??_C@_0N@IKCPPEKK@SpoutObject?6@ 1000f2a4     Spout.obj
 0002:000012b4       ??_C@_0BP@DMNHDOBK@SpoutObject_CreateFromFile?3Tag@ 1000f2b4     Spout.obj
 0002:000012dc       ??_C@_0BD@ENGKCHBG@JE_ERR_FILEIO_READ@ 1000f2dc     Spout.obj
 0002:000012f4       ??_C@_0CD@FFJPAINK@SpoutObject_CreateFromFile?3Vers@ 1000f2f4     Spout.obj
 0002:00001320       ??_C@_0BE@CCAIDFII@JE_ERR_FILEIO_WRITE@ 1000f320     Spout.obj
 0002:00001338       ??_C@_1BK@OHMGHMFG@?$AAL?$AAi?$AAs?$AAt?$AA?5?$AA?$CB?$AA?$DN?$AA?5?$AAN?$AAU?$AAL?$AAL@ 1000f338     Spout.obj
 0002:00001358       ??_C@_1BM@KBHENEMF@?$AAp?$AAD?$AAa?$AAt?$AAa?$AA?5?$AA?$CB?$AA?$DN?$AA?5?$AAN?$AAU?$AAL?$AAL@ 1000f358     Spout.obj
 0002:00001380       ??_C@_1EA@GNMOCPKM@?$AAD?$AAa?$AAt?$AAa?$AAT?$AAy?$AAp?$AAe?$AA?5?$AA?$DN?$AA?$DN?$AA?5?$AAP?$AAR?$AAO@ 1000f380     Spout.obj
 0002:000013d0       ??_C@_1EO@HPMEMKIA@?$AAD?$AAa?$AAt?$AAa?$AAT?$AAy?$AAp?$AAe?$AA?5?$AA?$DN?$AA?$DN?$AA?5?$AAP?$AAR?$AAO@ 1000f3d0     Spout.obj
 0002:00001430       ??_C@_1EA@MNKJFLED@?$AAD?$AAa?$AAt?$AAa?$AAT?$AAy?$AAp?$AAe?$AA?5?$AA?$DN?$AA?$DN?$AA?5?$AAP?$AAR?$AAO@ 1000f430     Spout.obj
 0002:00001480       ??_C@_1EA@IMHIENFG@?$AAD?$AAa?$AAt?$AAa?$AAT?$AAy?$AAp?$AAe?$AA?5?$AA?$DN?$AA?$DN?$AA?5?$AAP?$AAR?$AAO@ 1000f480     Spout.obj
 0002:000014cc       ??_C@_1CO@BABBOLHC@?$AAO?$AAb?$AAj?$AAe?$AAc?$AAt?$AA?9?$AA?$DO?$AAC?$AAu?$AAr?$AAW?$AAi?$AAd?$AAt@ 1000f4cc     Spout.obj
 0002:00001504       ??_C@_1CM@HCDPOPLB@?$AAp?$AAD?$AAa?$AAt?$AAa?$AA?9?$AA?$DO?$AAS?$AAt?$AAr?$AAi?$AAn?$AAg?$AA?5?$AA?$CB@ 1000f504     Spout.obj
 0002:00001538       ??_C@_13COJANIEC@?$AA0@    1000f538     Spout.obj
 0002:0000153c       ??_C@_1BG@PCOKDGLJ@?$AAX?$AAf?$AA?5?$AA?$CB?$AA?$DN?$AA?5?$AAN?$AAU?$AAL?$AAL@ 1000f53c     Spout.obj
 0002:00001558       ??_C@_1CM@KJLOPADC@?$AAO?$AAb?$AAj?$AAe?$AAc?$AAt?$AA?9?$AA?$DO?$AAW?$AAo?$AAr?$AAl?$AAd?$AA?5?$AA?$CB@ 1000f558     Spout.obj
 0002:0000158c       ??_C@_1CG@NKIMEACA@?$AAO?$AAb?$AAj?$AAe?$AAc?$AAt?$AA?9?$AA?$DO?$AAP?$AAs?$AA?5?$AA?$CB?$AA?$DN?$AA?5?$AAN@ 1000f58c     Spout.obj
 0002:000015bc       __real@00000000            1000f5bc     Spout.obj
 0002:000015c0       __real@3c23d70a            1000f5c0     Spout.obj
 0002:000015c4       __real@3dcccccd            1000f5c4     Spout.obj
 0002:000015c8       __real@3e800000            1000f5c8     Spout.obj
 0002:000015cc       __real@3f000000            1000f5cc     Spout.obj
 0002:000015d0       __real@40000000            1000f5d0     Spout.obj
 0002:000015d4       __real@4048f5c3            1000f5d4     Spout.obj
 0002:000015d8       __real@40800000            1000f5d8     Spout.obj
 0002:000015dc       __real@41000000            1000f5dc     Spout.obj
 0002:000015e0       __real@41200000            1000f5e0     Spout.obj
 0002:000015e4       __real@41800000            1000f5e4     Spout.obj
 0002:000015e8       __real@41a00000            1000f5e8     Spout.obj
 0002:000015ec       __real@42800000            1000f5ec     Spout.obj
 0002:000015f0       __real@437f0000            1000f5f0     Spout.obj
 0002:000015f4       __real@447a0000            1000f5f4     Spout.obj
 0002:000015f8       __real@7f7fffff            1000f5f8     Spout.obj
 0002:000015fc       __real@c1800000            1000f5fc     Spout.obj
 0002:00001600       __real@ff7fffff            1000f600     Spout.obj
 0002:00001610       __xmm@80000000800000008000000080000000 1000f610     Spout.obj
 0002:00001624       __pDefaultRawDllMain       1000f624     MSVCRTD:dll_dllmain.obj
 0002:00001624       __pRawDllMain              1000f624     MSVCRTD:dll_dllmain.obj
 0002:000016e8       ??_C@_0NN@JMPELKLB@The?5value?5of?5ESP?5was?5not?5proper@ 1000f6e8     MSVCRTD:error.obj
 0002:000017f8       ??_C@_0BBN@ELNNILBE@A?5cast?5to?5a?5smaller?5data?5type?5h@ 1000f7f8     MSVCRTD:error.obj
 0002:00001950       ??_C@_0BN@BPOGFMJL@Stack?5memory?5was?5corrupted?$AN?6@ 1000f950     MSVCRTD:error.obj
 0002:00001974       ??_C@_0DG@DAJCDLPN@A?5local?5variable?5was?5used?5befor@ 1000f974     MSVCRTD:error.obj
 0002:000019b4       ??_C@_0CM@JMIDGKLA@Stack?5memory?5around?5_alloca?5was@ 1000f9b4     MSVCRTD:error.obj
 0002:000019e8       ??_C@_0BO@CHIONIOI@Unknown?5Runtime?5Check?5Error?$AN?6@ 1000f9e8     MSVCRTD:error.obj
 0002:00001a10       ??_C@_1GM@CNOOJIHC@?$AAR?$AAu?$AAn?$AAt?$AAi?$AAm?$AAe?$AA?5?$AAC?$AAh?$AAe?$AAc?$AAk?$AA?5?$AAE@ 1000fa10     MSVCRTD:error.obj
 0002:00001a98       ??_C@_1EA@NFKNIFJP@?$AAR?$AAu?$AAn?$AA?9?$AAT?$AAi?$AAm?$AAe?$AA?5?$AAC?$AAh?$AAe?$AAc?$AAk?$AA?5@ 1000fa98     MSVCRTD:error.obj
 0002:00001ae4       ??_C@_0BB@PFFGGCJP@Unknown?5Filename@ 1000fae4     MSVCRTD:error.obj
 0002:00001af8       ??_C@_0BE@GNBOBNCK@Unknown?5Module?5Name@ 1000faf8     MSVCRTD:error.obj
 0002:00001b10       ??_C@_0CA@IODNCDPG@Run?9Time?5Check?5Failure?5?$CD?$CFd?5?9?5?$CFs@ 1000fb10     MSVCRTD:error.obj
 0002:00001b38       ??_C@_0CG@IAFNJNEE@Stack?5corrupted?5near?5unknown?5va@ 1000fb38     MSVCRTD:error.obj
 0002:00001b68       ??_C@_05MKKEDADM@?$CF?42X?5@ 1000fb68     MSVCRTD:error.obj
 0002:00001b70       ??_C@_0EJ@LJKNEOLN@Stack?5area?5around?5_alloca?5memor@ 1000fb70     MSVCRTD:error.obj
 0002:00001bc8       ??_C@_01EEMJAFIK@?6@       1000fbc8     MSVCRTD:error.obj
 0002:00001bcc       ??_C@_02LLMPMKNF@?$DO?5@   1000fbcc     MSVCRTD:error.obj
 0002:00001bd0       ??_C@_08OMAHNMHJ@?6Data?3?5?$DM@ 1000fbd0     MSVCRTD:error.obj
 0002:00001bdc       ??_C@_0CK@DKGBICFE@?6Allocation?5number?5within?5this?5@ 1000fbdc     MSVCRTD:error.obj
 0002:00001c10       ??_C@_07DFDJCKFN@?6Size?3?5@ 1000fc10     MSVCRTD:error.obj
 0002:00001c1c       ??_C@_0N@MHFFIMFG@?6Address?3?50x@ 1000fc1c     MSVCRTD:error.obj
 0002:00001c30       ??_C@_0EI@CLEPFNGI@Stack?5area?5around?5_alloca?5memor@ 1000fc30     MSVCRTD:error.obj
 0002:00001c88       ??_C@_0BK@ODNDAGKB@?$CFs?$CFs?$CFp?$CFs?$CFzd?$CFs?$CFd?$CFs?$CFs?$CFs?$CFs?$CFs@ 1000fc88     MSVCRTD:error.obj
 0002:00001ca8       ??_C@_0DE@OHJBPMBP@A?5variable?5is?5being?5used?5withou@ 1000fca8     MSVCRTD:error.obj
 0002:00001d00       ??_C@_0BJ@HEGAHDFO@Stack?5pointer?5corruption@ 1000fd00     MSVCRTD:userapi.obj
 0002:00001d20       ??_C@_0CK@FEGOIOPB@Cast?5to?5smaller?5type?5causing?5lo@ 1000fd20     MSVCRTD:userapi.obj
 0002:00001d54       ??_C@_0BI@CIGMDCBH@Stack?5memory?5corruption@ 1000fd54     MSVCRTD:userapi.obj
 0002:00001d70       ??_C@_0CK@CNLNOEPB@Local?5variable?5used?5before?5init@ 1000fd70     MSVCRTD:userapi.obj
 0002:00001da4       ??_C@_0BP@OGBCLIBO@Stack?5around?5_alloca?5corrupted@ 1000fda4     MSVCRTD:userapi.obj
 0002:00001e28       ??_C@_1EI@MLPKHBGE@?$AAa?$AAp?$AAi?$AA?9?$AAm?$AAs?$AA?9?$AAw?$AAi?$AAn?$AA?9?$AAc?$AAo?$AAr?$AAe@ 1000fe28     MSVCRTD:pdblkup.obj
 0002:00001e80       ??_C@_1BK@JHLNAEJL@?$AAa?$AAd?$AAv?$AAa?$AAp?$AAi?$AA3?$AA2?$AA?4?$AAd?$AAl?$AAl@ 1000fe80     MSVCRTD:pdblkup.obj
 0002:00001ea0       ??_C@_0O@COHOBMLB@RegOpenKeyExW@ 1000fea0     MSVCRTD:pdblkup.obj
 0002:00001eb0       ??_C@_0BB@GLNAEDBD@RegQueryValueExW@ 1000feb0     MSVCRTD:pdblkup.obj
 0002:00001ec4       ??_C@_0M@HLOHPNFA@RegCloseKey@ 1000fec4     MSVCRTD:pdblkup.obj
 0002:00001ed8       ??_C@_1HE@EBEAGLFB@?$AAS?$AAO?$AAF?$AAT?$AAW?$AAA?$AAR?$AAE?$AA?2?$AAW?$AAo?$AAw?$AA6?$AA4?$AA3@ 1000fed8     MSVCRTD:pdblkup.obj
 0002:00001f64       ??_C@_1BG@EABPBLLF@?$AAP?$AAr?$AAo?$AAd?$AAu?$AAc?$AAt?$AAD?$AAi?$AAr@ 1000ff64     MSVCRTD:pdblkup.obj
 0002:00001fa4       ??_C@_1BC@JINFINNJ@?$AAM?$AAS?$AAP?$AAD?$AAB?$AA1?$AA4?$AA0@ 1000ffa4     MSVCRTD:pdblkup.obj
 0002:00001fbc       ??_C@_0BB@KCIACLNC@PDBOpenValidate5@ 1000ffbc     MSVCRTD:pdblkup.obj
 0002:00001fd0       ??_C@_01KDCPPGHE@r@        1000ffd0     MSVCRTD:pdblkup.obj
 0002:00001fd8       __load_config_used         1000ffd8     MSVCRTD:loadcfg.obj
 0002:00002280       ___CastGuardVftablesStart  10010280     MSVCRTD:guard_support.obj
 0002:00002400       ___CastGuardVftablesEnd    10010400     MSVCRTD:guard_support.obj
 0002:0000254c       ___safe_se_handler_table   1001054c     <linker-defined>
 0002:0000281c       ___rtc_iaa                 1001081c     MSVCRTD:initsect.obj
 0002:00002a2c       ___rtc_izz                 10010a2c     MSVCRTD:initsect.obj
 0002:00002b30       ___rtc_taa                 10010b30     MSVCRTD:initsect.obj
 0002:00002d40       ___rtc_tzz                 10010d40     MSVCRTD:initsect.obj
 0003:00000000       _ObjectDef                 10012000     ObjectDef.obj
 0003:000000b8       ?__LINE__Var@?0??Util_StrDup@@9@9 100120b8     Spout.obj
 0003:000000bc       ?__LINE__Var@?0??Util_RecreateCurBitmapsList@@9@9 100120bc     Spout.obj
 0003:000000c0       ?__LINE__Var@?0??Util_DrawPoly@@9@9 100120c0     Spout.obj
 0003:000000c4       ?__LINE__Var@?0??Util_DrawExtBox@@9@9 100120c4     Spout.obj
 0003:000000c8       ?__LINE__Var@?0??Spout_DestroyArt@@9@9 100120c8     Spout.obj
 0003:000000cc       ?__LINE__Var@?0??Util_WriteString@@9@9 100120cc     Spout.obj
 0003:000000d0       ?__LINE__Var@?0??Util_CreateBitmapFromFileName@@9@9 100120d0     Spout.obj
 0003:000000d4       ?__LINE__Var@?0??Util_DestroyBitmapList@@9@9 100120d4     Spout.obj
 0003:000000d8       ?__LINE__Var@?0??Util_CreateBitmapList@@9@9 100120d8     Spout.obj
 0003:000000dc       ?__LINE__Var@?0??Util_LoadLibraryString@@9@9 100120dc     Spout.obj
 0003:000000e0       ?__LINE__Var@?0??Util_SetArtSize@@9@9 100120e0     Spout.obj
 0003:000000e4       ?__LINE__Var@?0??Util_Frand@@9@9 100120e4     Spout.obj
 0003:000000e8       ?__LINE__Var@?0??Init_Class@@9@9 100120e8     Spout.obj
 0003:000000ec       ?__LINE__Var@?0??CreateInstance@@9@9 100120ec     Spout.obj
 0003:000000f0       ?__LINE__Var@?0??CreateRef@@9@9 100120f0     Spout.obj
 0003:000000f4       ?__LINE__Var@?0??Destroy@@9@9 100120f4     Spout.obj
 0003:000000f8       ?__LINE__Var@?0??Render@@9@9 100120f8     Spout.obj
 0003:000000fc       ?__LINE__Var@?0??AttachWorld@@9@9 100120fc     Spout.obj
 0003:00000100       ?__LINE__Var@?0??DettachWorld@@9@9 10012100     Spout.obj
 0003:00000104       ?__LINE__Var@?0??AttachEngine@@9@9 10012104     Spout.obj
 0003:00000108       ?__LINE__Var@?0??DettachEngine@@9@9 10012108     Spout.obj
 0003:0000010c       ?__LINE__Var@?0??AttachSoundSystem@@9@9 1001210c     Spout.obj
 0003:00000110       ?__LINE__Var@?0??DettachSoundSystem@@9@9 10012110     Spout.obj
 0003:00000114       ?__LINE__Var@?0??Collision@@9@9 10012114     Spout.obj
 0003:00000118       ?__LINE__Var@?0??GetExtBox@@9@9 10012118     Spout.obj
 0003:0000011c       ?__LINE__Var@?0??CreateFromFile@@9@9 1001211c     Spout.obj
 0003:00000120       ?__LINE__Var@?0??WriteToFile@@9@9 10012120     Spout.obj
 0003:00000124       ?__LINE__Var@?0??GetPropertyList@@9@9 10012124     Spout.obj
 0003:00000128       ?__LINE__Var@?0??SetProperty@@9@9 10012128     Spout.obj
 0003:0000012c       ?__LINE__Var@?0??SetXForm@@9@9 1001212c     Spout.obj
 0003:00000130       ?__LINE__Var@?0??GetXForm@@9@9 10012130     Spout.obj
 0003:00000134       ?__LINE__Var@?0??Frame@@9@9 10012134     Spout.obj
 0003:00000138       __fltused                  10012138     MSVCRTD:fltused.obj
 0003:00000140       ___security_cookie         10012140     MSVCRTD:gs_cookie.obj
 0003:00000180       ___security_cookie_complement 10012180     MSVCRTD:gs_cookie.obj
 0003:00000194       ?_RTC_ErrorLevels@@3PAHA   10012194     MSVCRTD:error.obj
 0003:000001ac       ___scrt_native_dllmain_reason 100121ac     MSVCRTD:utility.obj
 0003:000001b0       ___isa_enabled             100121b0     MSVCRTD:cpu_disp.obj
 0003:000001b8       ___isa_inverted            100121b8     MSVCRTD:cpu_disp.obj
 0003:000001c4       ___scrt_ucrt_dll_is_in_use 100121c4     MSVCRTD:ucrt_stubs.obj
 0003:00000bf8       ?_OptionsStorage@?1??__local_stdio_printf_options@@9@4_KA 10012bf8     MSVCRTD:error.obj
 0003:00000c10       ?__type_info_root_node@@3U__type_info_node@@A 10012c10     MSVCRTD:tncleanup.obj
 0003:00000c20       ?_OptionsStorage@?1??__local_stdio_scanf_options@@9@4_KA 10012c20     MSVCRTD:default_local_stdio_options.obj
 0003:00000c2c       ___scrt_current_native_startup_state 10012c2c     MSVCRTD:utility.obj
 0003:00000c30       ___scrt_native_startup_lock 10012c30     MSVCRTD:utility.obj
 0003:00000c58       ___scrt_debugger_hook_flag 10012c58     MSVCRTD:utility_desktop.obj
 0003:00000c5c       ___castguard_check_failure_user_handled_fptr 10012c5c     MSVCRTD:guard_support.obj
 0003:00000c68       ___isa_available           10012c68     MSVCRTD:cpu_disp.obj
 0003:00000c6c       ___favor                   10012c6c     MSVCRTD:cpu_disp.obj
 0003:00000c70       ___avx10_version           10012c70     MSVCRTD:cpu_disp.obj
 0003:00000c78       ___dyn_tls_init_callback   10012c78     <common>
 0004:00000000       __imp__jeObject_RegisterGlobalObjectDef@4 10013000     jet3DClassic11d:Jet3DClassic11d.dll
 0004:00000004       __imp__jeVFile_CreateFinder@8 10013004     jet3DClassic11d:Jet3DClassic11d.dll
 0004:00000008       __imp__jeVFile_DestroyFinder@4 10013008     jet3DClassic11d:Jet3DClassic11d.dll
 0004:0000000c       __imp__jeVFile_FinderGetNextFile@4 1001300c     jet3DClassic11d:Jet3DClassic11d.dll
 0004:00000010       __imp__jeVFile_FinderGetProperties@8 10013010     jet3DClassic11d:Jet3DClassic11d.dll
 0004:00000014       __imp__jeVFile_OpenNewSystem@20 10013014     jet3DClassic11d:Jet3DClassic11d.dll
 0004:00000018       __imp__jeVFile_Open@12     10013018     jet3DClassic11d:Jet3DClassic11d.dll
 0004:0000001c       __imp__jeVFile_Close@4     1001301c     jet3DClassic11d:Jet3DClassic11d.dll
 0004:00000020       __imp__jeVFile_Read@12     10013020     jet3DClassic11d:Jet3DClassic11d.dll
 0004:00000024       __imp__jeVFile_Write@12    10013024     jet3DClassic11d:Jet3DClassic11d.dll
 0004:00000028       __imp__jeVFile_Seek@12     10013028     jet3DClassic11d:Jet3DClassic11d.dll
 0004:0000002c       __imp__jeVec3d_Set@16      1001302c     jet3DClassic11d:Jet3DClassic11d.dll
 0004:00000030       __imp__jeVec3d_Normalize@4 10013030     jet3DClassic11d:Jet3DClassic11d.dll
 0004:00000034       __imp__jeVec3d_Scale@12    10013034     jet3DClassic11d:Jet3DClassic11d.dll
 0004:00000038       __imp__jeProperty_ListCopy@4 10013038     jet3DClassic11d:Jet3DClassic11d.dll
 0004:0000003c       __imp__jeProperty_FillGroup@12 1001303c     jet3DClassic11d:Jet3DClassic11d.dll
 0004:00000040       __imp__jeProperty_FillCheck@16 10013040     jet3DClassic11d:Jet3DClassic11d.dll
 0004:00000044       __imp__jeProperty_FillColorGroup@16 10013044     jet3DClassic11d:Jet3DClassic11d.dll
 0004:00000048       __imp__jeProperty_FillFloat@28 10013048     jet3DClassic11d:Jet3DClassic11d.dll
 0004:0000004c       __imp__jeProperty_FillGroupEnd@8 1001304c     jet3DClassic11d:Jet3DClassic11d.dll
 0004:00000050       __imp__jeProperty_FillColorPicker@16 10013050     jet3DClassic11d:Jet3DClassic11d.dll
 0004:00000054       __imp__jeProperty_FillCombo@24 10013054     jet3DClassic11d:Jet3DClassic11d.dll
 0004:00000058       __imp___jeRam_DebugAllocate@12 10013058     jet3DClassic11d:Jet3DClassic11d.dll
 0004:0000005c       __imp__jeRam_AllocateClear@4 1001305c     jet3DClassic11d:Jet3DClassic11d.dll
 0004:00000060       __imp__jeRam_Free_@4       10013060     jet3DClassic11d:Jet3DClassic11d.dll
 0004:00000064       __imp__jeResource_MgrDestroy@4 10013064     jet3DClassic11d:Jet3DClassic11d.dll
 0004:00000068       __imp__jeResource_GetVFile@8 10013068     jet3DClassic11d:Jet3DClassic11d.dll
 0004:0000006c       __imp__jeResource_DeleteVFile@8 1001306c     jet3DClassic11d:Jet3DClassic11d.dll
 0004:00000070       __imp__jeBitmap_CreateFromFile@4 10013070     jet3DClassic11d:Jet3DClassic11d.dll
 0004:00000074       __imp__jeBitmap_Destroy@4  10013074     jet3DClassic11d:Jet3DClassic11d.dll
 0004:00000078       __imp__jeBitmap_SetColorKey@16 10013078     jet3DClassic11d:Jet3DClassic11d.dll
 0004:0000007c       __imp__jeBitmap_SetAlpha@8 1001307c     jet3DClassic11d:Jet3DClassic11d.dll
 0004:00000080       __imp__jeBitmap_Width@4    10013080     jet3DClassic11d:Jet3DClassic11d.dll
 0004:00000084       __imp__jeBitmap_Height@4   10013084     jet3DClassic11d:Jet3DClassic11d.dll
 0004:00000088       __imp__jeXForm3d_Copy@8    10013088     jet3DClassic11d:Jet3DClassic11d.dll
 0004:0000008c       __imp__jeXForm3d_SetIdentity@4 1001308c     jet3DClassic11d:Jet3DClassic11d.dll
 0004:00000090       __imp__jeXForm3d_RotateX@8 10013090     jet3DClassic11d:Jet3DClassic11d.dll
 0004:00000094       __imp__jeXForm3d_RotateZ@8 10013094     jet3DClassic11d:Jet3DClassic11d.dll
 0004:00000098       __imp__jeXForm3d_GetUp@8   10013098     jet3DClassic11d:Jet3DClassic11d.dll
 0004:0000009c       __imp__jeEngine_AddBitmap@12 1001309c     jet3DClassic11d:Jet3DClassic11d.dll
 0004:000000a0       __imp__jeEngine_RemoveBitmap@8 100130a0     jet3DClassic11d:Jet3DClassic11d.dll
 0004:000000a4       __imp__jeMaterialSpec_Create@8 100130a4     jet3DClassic11d:Jet3DClassic11d.dll
 0004:000000a8       __imp__jeMaterialSpec_Destroy@4 100130a8     jet3DClassic11d:Jet3DClassic11d.dll
 0004:000000ac       __imp__jeMaterialSpec_AddLayerFromBitmap@16 100130ac     jet3DClassic11d:Jet3DClassic11d.dll
 0004:000000b0       __imp__jeMaterialSpec_GetLayerBitmap@8 100130b0     jet3DClassic11d:Jet3DClassic11d.dll
 0004:000000b4       __imp__jeExtBox_IsValid@4  100130b4     jet3DClassic11d:Jet3DClassic11d.dll
 0004:000000b8       __imp__jeExtBox_Translate@16 100130b8     jet3DClassic11d:Jet3DClassic11d.dll
 0004:000000bc       __imp__jeUserPoly_CreateQuad@24 100130bc     jet3DClassic11d:Jet3DClassic11d.dll
 0004:000000c0       __imp__jeUserPoly_Destroy@4 100130c0     jet3DClassic11d:Jet3DClassic11d.dll
 0004:000000c4       __imp__jeWorld_AddUserPoly@12 100130c4     jet3DClassic11d:Jet3DClassic11d.dll
 0004:000000c8       __imp__jeWorld_GetResourceMgr@4 100130c8     jet3DClassic11d:Jet3DClassic11d.dll
 0004:000000cc       __imp__jeParticle_SystemAddParticle@36 100130cc     jet3DClassic11d:Jet3DClassic11d.dll
 0004:000000d0       __imp__jeParticle_SystemFrame@8 100130d0     jet3DClassic11d:Jet3DClassic11d.dll
 0004:000000d4       __imp__jeParticle_SystemCreate@8 100130d4     jet3DClassic11d:Jet3DClassic11d.dll
 0004:000000d8       __imp__jeParticle_SystemDestroy@4 100130d8     jet3DClassic11d:Jet3DClassic11d.dll
 0004:000000dc       __imp__jeParticle_SystemRemoveAll@4 100130dc     jet3DClassic11d:Jet3DClassic11d.dll
 0004:000000e0       __imp__jeErrorLog_AddExplicit@24 100130e0     jet3DClassic11d:Jet3DClassic11d.dll
 0004:000000e4       \177Jet3DClassic11d_NULL_THUNK_DATA 100130e4     jet3DClassic11d:Jet3DClassic11d.dll
 0004:0000013c       __imp__OutputDebugStringA@4 1001313c     kernel32:KERNEL32.dll
 0004:00000140       __imp__IsProcessorFeaturePresent@4 10013140     kernel32:KERNEL32.dll
 0004:00000144       __imp__GetProcAddress@8    10013144     kernel32:KERNEL32.dll
 0004:00000148       __imp__FreeLibrary@4       10013148     kernel32:KERNEL32.dll
 0004:0000014c       __imp__VirtualQuery@12     1001314c     kernel32:KERNEL32.dll
 0004:00000150       __imp__GetProcessHeap@0    10013150     kernel32:KERNEL32.dll
 0004:00000154       __imp__HeapFree@12         10013154     kernel32:KERNEL32.dll
 0004:00000158       __imp__HeapAlloc@12        10013158     kernel32:KERNEL32.dll
 0004:0000015c       __imp__GetLastError@0      1001315c     kernel32:KERNEL32.dll
 0004:00000160       __imp__GetModuleHandleW@4  10013160     kernel32:KERNEL32.dll
 0004:00000164       __imp__GetStartupInfoW@4   10013164     kernel32:KERNEL32.dll
 0004:00000168       __imp__SetUnhandledExceptionFilter@4 10013168     kernel32:KERNEL32.dll
 0004:0000016c       __imp__InitializeSListHead@4 1001316c     kernel32:KERNEL32.dll
 0004:00000170       __imp__GetSystemTimeAsFileTime@4 10013170     kernel32:KERNEL32.dll
 0004:00000174       __imp__GetCurrentThreadId@0 10013174     kernel32:KERNEL32.dll
 0004:00000178       __imp__GetCurrentProcessId@0 10013178     kernel32:KERNEL32.dll
 0004:0000017c       __imp__QueryPerformanceCounter@4 1001317c     kernel32:KERNEL32.dll
 0004:00000180       __imp__WideCharToMultiByte@32 10013180     kernel32:KERNEL32.dll
 0004:00000184       __imp__MultiByteToWideChar@24 10013184     kernel32:KERNEL32.dll
 0004:00000188       __imp__RaiseException@16   10013188     kernel32:KERNEL32.dll
 0004:0000018c       __imp__IsDebuggerPresent@0 1001318c     kernel32:KERNEL32.dll
 0004:00000190       \177KERNEL32_NULL_THUNK_DATA 10013190     kernel32:KERNEL32.dll
 0004:000001cc       __imp__LoadStringA@16      100131cc     user32:USER32.dll
 0004:000001d0       \177USER32_NULL_THUNK_DATA 100131d0     user32:USER32.dll
 0004:000001fc       __imp____current_exception 100131fc     vcruntimed:VCRUNTIME140D.dll
 0004:00000200       __imp____current_exception_context 10013200     vcruntimed:VCRUNTIME140D.dll
 0004:00000204       __imp__memset              10013204     vcruntimed:VCRUNTIME140D.dll
 0004:00000208       __imp___except_handler4_common 10013208     vcruntimed:VCRUNTIME140D.dll
 0004:0000020c       __imp____vcrt_GetModuleFileNameW 1001320c     vcruntimed:VCRUNTIME140D.dll
 0004:00000210       __imp____vcrt_GetModuleHandleW 10013210     vcruntimed:VCRUNTIME140D.dll
 0004:00000214       __imp____vcrt_LoadLibraryExW 10013214     vcruntimed:VCRUNTIME140D.dll
 0004:00000218       __imp____std_type_info_destroy_list 10013218     vcruntimed:VCRUNTIME140D.dll
 0004:0000021c       \177VCRUNTIME140D_NULL_THUNK_DATA 1001321c     vcruntimed:VCRUNTIME140D.dll
 0004:0000024c       __imp___cexit              1001324c     ucrtd:ucrtbased.dll
 0004:00000250       __imp__terminate           10013250     ucrtd:ucrtbased.dll
 0004:00000254       __imp___wmakepath_s        10013254     ucrtd:ucrtbased.dll
 0004:00000258       __imp___wsplitpath_s       10013258     ucrtd:ucrtbased.dll
 0004:0000025c       __imp__wcscpy_s            1001325c     ucrtd:ucrtbased.dll
 0004:00000260       __imp___stricmp            10013260     ucrtd:ucrtbased.dll
 0004:00000260       __imp__stricmp             10013260     ucrtd:ucrtbased.dll
 0004:00000264       __imp___itoa               10013264     ucrtd:ucrtbased.dll
 0004:00000264       __imp__itoa                10013264     ucrtd:ucrtbased.dll
 0004:00000268       __imp___crt_atexit         10013268     ucrtd:ucrtbased.dll
 0004:0000026c       __imp___initterm           1001326c     ucrtd:ucrtbased.dll
 0004:00000270       __imp___CrtDbgReportW      10013270     ucrtd:ucrtbased.dll
 0004:00000274       __imp___CrtDbgReport       10013274     ucrtd:ucrtbased.dll
 0004:00000278       __imp___wassert            10013278     ucrtd:ucrtbased.dll
 0004:0000027c       __imp__rand                1001327c     ucrtd:ucrtbased.dll
 0004:00000280       __imp__strlen              10013280     ucrtd:ucrtbased.dll
 0004:00000284       __imp__strcpy              10013284     ucrtd:ucrtbased.dll
 0004:00000288       __imp__strcat              10013288     ucrtd:ucrtbased.dll
 0004:0000028c       __imp___crt_at_quick_exit  1001328c     ucrtd:ucrtbased.dll
 0004:00000290       __imp___execute_onexit_table 10013290     ucrtd:ucrtbased.dll
 0004:00000294       __imp___register_onexit_function 10013294     ucrtd:ucrtbased.dll
 0004:00000298       __imp___initialize_onexit_table 10013298     ucrtd:ucrtbased.dll
 0004:0000029c       __imp___initialize_narrow_environment 1001329c     ucrtd:ucrtbased.dll
 0004:000002a0       __imp___configure_narrow_argv 100132a0     ucrtd:ucrtbased.dll
 0004:000002a4       __imp___seh_filter_dll     100132a4     ucrtd:ucrtbased.dll
 0004:000002a8       __imp____stdio_common_vsprintf_s 100132a8     ucrtd:ucrtbased.dll
 0004:000002ac       __imp__strcpy_s            100132ac     ucrtd:ucrtbased.dll
 0004:000002b0       __imp__strcat_s            100132b0     ucrtd:ucrtbased.dll
 0004:000002b4       __imp___initterm_e         100132b4     ucrtd:ucrtbased.dll
 0004:000002b8       \177ucrtbased_NULL_THUNK_DATA 100132b8     ucrtd:ucrtbased.dll
 0004:000002f8       __IMPORT_DESCRIPTOR_Jet3DClassic11d 100132f8     jet3DClassic11d:Jet3DClassic11d.dll
 0004:0000030c       __IMPORT_DESCRIPTOR_KERNEL32 1001330c     kernel32:KERNEL32.dll
 0004:00000320       __IMPORT_DESCRIPTOR_USER32 10013320     user32:USER32.dll
 0004:00000334       __IMPORT_DESCRIPTOR_VCRUNTIME140D 10013334     vcruntimed:VCRUNTIME140D.dll
 0004:00000348       __IMPORT_DESCRIPTOR_ucrtbased 10013348     ucrtd:ucrtbased.dll
 0004:0000035c       __NULL_IMPORT_DESCRIPTOR   1001335c     jet3DClassic11d:Jet3DClassic11d.dll
 0005:00000000       ___guard_check_icall_fptr  10015000     MSVCRTD:guard_support.obj
 0005:00000004       ___guard_xfg_check_icall_fptr 10015004     MSVCRTD:guard_support.obj
 0005:00000008       ___castguard_check_failure_os_handled_fptr 10015008     MSVCRTD:guard_support.obj

 entry point at        0001:000000dc

 Static symbols

 0000:00000000       _volmd                     10000000     Spout.obj
 0000:00000000       _volmd                     10000000     Spout.obj
 0000:00000000       _volmd                     10000000     Spout.obj
 0000:00000000       _volmd                     10000000     Spout.obj
 0000:00000000       _volmd                     10000000     Spout.obj
 0000:00000000       _volmd                     10000000     Spout.obj
 0000:fffe8000       .debug$S                   10000000     SpoutObj.exp
 0000:fffe8000       .debug$S                   10000000     jet3DClassic11d:Jet3DClassic11d.dll
 0000:fffe8000       .debug$S                   10000000     jet3DClassic11d:Jet3DClassic11d.dll
 0000:fffe8000       .debug$S                   10000000     jet3DClassic11d:Jet3DClassic11d.dll
 0000:fffe8000       .debug$S                   10000000     jet3DClassic11d:Jet3DClassic11d.dll
 0000:fffe8000       .debug$S                   10000000     jet3DClassic11d:Jet3DClassic11d.dll
 0000:fffe8000       .debug$S                   10000000     jet3DClassic11d:Jet3DClassic11d.dll
 0000:fffe8000       .debug$S                   10000000     jet3DClassic11d:Jet3DClassic11d.dll
 0000:fffe8000       .debug$S                   10000000     jet3DClassic11d:Jet3DClassic11d.dll
 0000:fffe8000       .debug$S                   10000000     jet3DClassic11d:Jet3DClassic11d.dll
 0000:fffe8000       .debug$S                   10000000     jet3DClassic11d:Jet3DClassic11d.dll
 0000:fffe8000       .debug$S                   10000000     jet3DClassic11d:Jet3DClassic11d.dll
 0000:fffe8000       .debug$S                   10000000     jet3DClassic11d:Jet3DClassic11d.dll
 0000:fffe8000       .debug$S                   10000000     jet3DClassic11d:Jet3DClassic11d.dll
 0000:fffe8000       .debug$S                   10000000     jet3DClassic11d:Jet3DClassic11d.dll
 0000:fffe8000       .debug$S                   10000000     jet3DClassic11d:Jet3DClassic11d.dll
 0000:fffe8000       .debug$S                   10000000     jet3DClassic11d:Jet3DClassic11d.dll
 0000:fffe8000       .debug$S                   10000000     jet3DClassic11d:Jet3DClassic11d.dll
 0000:fffe8000       .debug$S                   10000000     jet3DClassic11d:Jet3DClassic11d.dll
 0000:fffe8000       .debug$S                   10000000     jet3DClassic11d:Jet3DClassic11d.dll
 0000:fffe8000       .debug$S                   10000000     jet3DClassic11d:Jet3DClassic11d.dll
 0000:fffe8000       .debug$S                   10000000     jet3DClassic11d:Jet3DClassic11d.dll
 0000:fffe8000       .debug$S                   10000000     jet3DClassic11d:Jet3DClassic11d.dll
 0000:fffe8000       .debug$S                   10000000     jet3DClassic11d:Jet3DClassic11d.dll
 0000:fffe8000       .debug$S                   10000000     jet3DClassic11d:Jet3DClassic11d.dll
 0000:fffe8000       .debug$S                   10000000     jet3DClassic11d:Jet3DClassic11d.dll
 0000:fffe8000       .debug$S                   10000000     jet3DClassic11d:Jet3DClassic11d.dll
 0000:fffe8000       .debug$S                   10000000     jet3DClassic11d:Jet3DClassic11d.dll
 0000:fffe8000       .debug$S                   10000000     jet3DClassic11d:Jet3DClassic11d.dll
 0000:fffe8000       .debug$S                   10000000     jet3DClassic11d:Jet3DClassic11d.dll
 0000:fffe8000       .debug$S                   10000000     jet3DClassic11d:Jet3DClassic11d.dll
 0000:fffe8000       .debug$S                   10000000     jet3DClassic11d:Jet3DClassic11d.dll
 0000:fffe8000       .debug$S                   10000000     jet3DClassic11d:Jet3DClassic11d.dll
 0000:fffe8000       .debug$S                   10000000     jet3DClassic11d:Jet3DClassic11d.dll
 0000:fffe8000       .debug$S                   10000000     jet3DClassic11d:Jet3DClassic11d.dll
 0000:fffe8000       .debug$S                   10000000     jet3DClassic11d:Jet3DClassic11d.dll
 0000:fffe8000       .debug$S                   10000000     jet3DClassic11d:Jet3DClassic11d.dll
 0000:fffe8000       .debug$S                   10000000     jet3DClassic11d:Jet3DClassic11d.dll
 0000:fffe8000       .debug$S                   10000000     jet3DClassic11d:Jet3DClassic11d.dll
 0000:fffe8000       .debug$S                   10000000     jet3DClassic11d:Jet3DClassic11d.dll
 0000:fffe8000       .debug$S                   10000000     jet3DClassic11d:Jet3DClassic11d.dll
 0000:fffe8000       .debug$S                   10000000     jet3DClassic11d:Jet3DClassic11d.dll
 0000:fffe8000       .debug$S                   10000000     jet3DClassic11d:Jet3DClassic11d.dll
 0000:fffe8000       .debug$S                   10000000     jet3DClassic11d:Jet3DClassic11d.dll
 0000:fffe8000       .debug$S                   10000000     jet3DClassic11d:Jet3DClassic11d.dll
 0000:fffe8000       .debug$S                   10000000     jet3DClassic11d:Jet3DClassic11d.dll
 0000:fffe8000       .debug$S                   10000000     jet3DClassic11d:Jet3DClassic11d.dll
 0000:fffe8000       .debug$S                   10000000     jet3DClassic11d:Jet3DClassic11d.dll
 0000:fffe8000       .debug$S                   10000000     jet3DClassic11d:Jet3DClassic11d.dll
 0000:fffe8000       .debug$S                   10000000     jet3DClassic11d:Jet3DClassic11d.dll
 0000:fffe8000       .debug$S                   10000000     jet3DClassic11d:Jet3DClassic11d.dll
 0000:fffe8000       .debug$S                   10000000     jet3DClassic11d:Jet3DClassic11d.dll
 0000:fffe8000       .debug$S                   10000000     jet3DClassic11d:Jet3DClassic11d.dll
 0000:fffe8000       .debug$S                   10000000     jet3DClassic11d:Jet3DClassic11d.dll
 0000:fffe8000       .debug$S                   10000000     jet3DClassic11d:Jet3DClassic11d.dll
 0000:fffe8000       .debug$S                   10000000     jet3DClassic11d:Jet3DClassic11d.dll
 0000:fffe8000       .debug$S                   10000000     jet3DClassic11d:Jet3DClassic11d.dll
 0000:fffe8000       .debug$S                   10000000     jet3DClassic11d:Jet3DClassic11d.dll
 0000:fffe8000       .debug$S                   10000000     ucrtd:ucrtbased.dll
 0000:fffe8000       .debug$S                   10000000     ucrtd:ucrtbased.dll
 0000:fffe8000       .debug$S                   10000000     ucrtd:ucrtbased.dll
 0000:fffe8000       .debug$S                   10000000     ucrtd:ucrtbased.dll
 0000:fffe8000       .debug$S                   10000000     ucrtd:ucrtbased.dll
 0000:fffe8000       .debug$S                   10000000     ucrtd:ucrtbased.dll
 0000:fffe8000       .debug$S                   10000000     ucrtd:ucrtbased.dll
 0000:fffe8000       .debug$S                   10000000     ucrtd:ucrtbased.dll
 0000:fffe8000       .debug$S                   10000000     ucrtd:ucrtbased.dll
 0000:fffe8000       .debug$S                   10000000     ucrtd:ucrtbased.dll
 0000:fffe8000       .debug$S                   10000000     ucrtd:ucrtbased.dll
 0000:fffe8000       .debug$S                   10000000     ucrtd:ucrtbased.dll
 0000:fffe8000       .debug$S                   10000000     ucrtd:ucrtbased.dll
 0000:fffe8000       .debug$S                   10000000     ucrtd:ucrtbased.dll
 0000:fffe8000       .debug$S                   10000000     ucrtd:ucrtbased.dll
 0000:fffe8000       .debug$S                   10000000     ucrtd:ucrtbased.dll
 0000:fffe8000       .debug$S                   10000000     ucrtd:ucrtbased.dll
 0000:fffe8000       .debug$S                   10000000     ucrtd:ucrtbased.dll
 0000:fffe8000       .debug$S                   10000000     ucrtd:ucrtbased.dll
 0000:fffe8000       .debug$S                   10000000     ucrtd:ucrtbased.dll
 0000:fffe8000       .debug$S                   10000000     ucrtd:ucrtbased.dll
 0000:fffe8000       .debug$S                   10000000     ucrtd:ucrtbased.dll
 0000:fffe8000       .debug$S                   10000000     ucrtd:ucrtbased.dll
 0000:fffe8000       .debug$S                   10000000     ucrtd:ucrtbased.dll
 0000:fffe8000       .debug$S                   10000000     ucrtd:ucrtbased.dll
 0000:fffe8000       .debug$S                   10000000     ucrtd:ucrtbased.dll
 0000:fffe8000       .debug$S                   10000000     ucrtd:ucrtbased.dll
 0000:fffe8000       .debug$S                   10000000     kernel32:KERNEL32.dll
 0000:fffe8000       .debug$S                   10000000     kernel32:KERNEL32.dll
 0000:fffe8000       .debug$S                   10000000     kernel32:KERNEL32.dll
 0000:fffe8000       .debug$S                   10000000     kernel32:KERNEL32.dll
 0000:fffe8000       .debug$S                   10000000     kernel32:KERNEL32.dll
 0000:fffe8000       .debug$S                   10000000     kernel32:KERNEL32.dll
 0000:fffe8000       .debug$S                   10000000     kernel32:KERNEL32.dll
 0000:fffe8000       .debug$S                   10000000     kernel32:KERNEL32.dll
 0000:fffe8000       .debug$S                   10000000     kernel32:KERNEL32.dll
 0000:fffe8000       .debug$S                   10000000     kernel32:KERNEL32.dll
 0000:fffe8000       .debug$S                   10000000     kernel32:KERNEL32.dll
 0000:fffe8000       .debug$S                   10000000     kernel32:KERNEL32.dll
 0000:fffe8000       .debug$S                   10000000     kernel32:KERNEL32.dll
 0000:fffe8000       .debug$S                   10000000     kernel32:KERNEL32.dll
 0000:fffe8000       .debug$S                   10000000     kernel32:KERNEL32.dll
 0000:fffe8000       .debug$S                   10000000     kernel32:KERNEL32.dll
 0000:fffe8000       .debug$S                   10000000     kernel32:KERNEL32.dll
 0000:fffe8000       .debug$S                   10000000     kernel32:KERNEL32.dll
 0000:fffe8000       .debug$S                   10000000     kernel32:KERNEL32.dll
 0000:fffe8000       .debug$S                   10000000     kernel32:KERNEL32.dll
 0000:fffe8000       .debug$S                   10000000     kernel32:KERNEL32.dll
 0000:fffe8000       .debug$S                   10000000     user32:USER32.dll
 0000:fffeb000       __guard_fids___except_handler4 10000000     MSVCRTD:chandler4gs.obj
 0000:00000000       _volmd                     10000000     MSVCRTD:cpu_disp.obj
 0000:fffeb000       __guard_fids_?dllmain_dispatch@@YAHQAUHINSTANCE__@@KQAX@Z 10000000     MSVCRTD:dll_dllmain.obj
 0000:fffeb000       __guard_fids__             10000000     MSVCRTD:guard_support.obj
 0000:fffeb000       __guard_fids__             10000000     MSVCRTD:guard_support.obj
 0000:fffeb000       __guard_fids___guard_icall_checks_enforced 10000000     MSVCRTD:guard_support.obj
 0000:00000000       _volmd                     10000000     MSVCRTD:guard_support.obj
 0000:fffeb000       __guard_fids___CRT_RTC_INIT 10000000     MSVCRTD:init.obj
 0000:fffeb000       __guard_fids___CRT_RTC_INITW 10000000     MSVCRTD:init.obj
 0000:fffeb000       __guard_fids____scrt_set_unhandled_exception_filter 10000000     MSVCRTD:utility_desktop.obj
 0000:fffe8000       .debug$S                   10000000     vcruntimed:VCRUNTIME140D.dll
 0000:fffe8000       .debug$S                   10000000     vcruntimed:VCRUNTIME140D.dll
 0000:fffe8000       .debug$S                   10000000     vcruntimed:VCRUNTIME140D.dll
 0000:fffe8000       .debug$S                   10000000     vcruntimed:VCRUNTIME140D.dll
 0000:fffe8000       .debug$S                   10000000     vcruntimed:VCRUNTIME140D.dll
 0000:fffe8000       .debug$S                   10000000     vcruntimed:VCRUNTIME140D.dll
 0000:fffe8000       .debug$S                   10000000     vcruntimed:VCRUNTIME140D.dll
 0000:fffe8000       .debug$S                   10000000     vcruntimed:VCRUNTIME140D.dll
 0001:00000820       $LN11                      10001820     Spout.obj
 0001:00000828       $LN10                      10001828     Spout.obj
 0001:00000840       $LN9                       10001840     Spout.obj
 0001:00000845       $LN8                       10001845     Spout.obj
 0001:00001290       $LN24                      10002290     Spout.obj
 0001:00001298       $LN23                      10002298     Spout.obj
 0001:000012bc       $LN22                      100022bc     Spout.obj
 0001:000012c0       $LN21                      100022c0     Spout.obj
 0001:000012c8       $LN20                      100022c8     Spout.obj
 0001:00002608       $LN16                      10003608     Spout.obj
 0001:00002610       $LN15                      10003610     Spout.obj
 0001:00002634       $LN14                      10003634     Spout.obj
 0001:00002637       $LN13                      10003637     Spout.obj
 0001:00002640       $LN12                      10003640     Spout.obj
 0001:00003b24       $LN9                       10004b24     Spout.obj
 0001:00003b2c       $LN8                       10004b2c     Spout.obj
 0001:00003b5c       $LN7                       10004b5c     Spout.obj
 0001:00003b62       $LN6                       10004b62     Spout.obj
 0001:00003b68       $LN5                       10004b68     Spout.obj
 0001:00003b6e       $LN4                       10004b6e     Spout.obj
 0001:00003fcc       $LN8                       10004fcc     Spout.obj
 0001:00003fd4       $LN7                       10004fd4     Spout.obj
 0001:00003fec       $LN6                       10004fec     Spout.obj
 0001:00003ff3       $LN5                       10004ff3     Spout.obj
 0001:00004ed0       $LN97                      10005ed0     Spout.obj
 0001:000053e0       _Spout_DestroyArt          100063e0 f   Spout.obj
 0001:00005540       _Util_CreateBitmapFromFileName 10006540 f   Spout.obj
 0001:00005928       $LN21                      10006928     Spout.obj
 0001:00005930       $LN20                      10006930     Spout.obj
 0001:00005948       $LN19                      10006948     Spout.obj
 0001:00005951       $LN18                      10006951     Spout.obj
 0001:00005a60       _Util_CreateBitmapList     10006a60 f   Spout.obj
 0001:0000635c       $LN51                      1000735c     Spout.obj
 0001:00006364       $LN50                      10007364     Spout.obj
 0001:00006394       $LN49                      10007394     Spout.obj
 0001:00006398       $LN48                      10007398     Spout.obj
 0001:0000639f       $LN47                      1000739f     Spout.obj
 0001:000063aa       $LN46                      100073aa     Spout.obj
 0001:00006610       _Util_DestroyBitmapList    10007610 f   Spout.obj
 0001:00006930       _Util_DrawExtBox           10007930 f   Spout.obj
 0001:000072c4       $LN11                      100082c4     Spout.obj
 0001:000072cc       $LN10                      100082cc     Spout.obj
 0001:000072d8       $LN9                       100082d8     Spout.obj
 0001:00007550       _Util_DrawPoly             10008550 f   Spout.obj
 0001:000076bc       $LN10                      100086bc     Spout.obj
 0001:000076c4       $LN9                       100086c4     Spout.obj
 0001:000076d0       $LN8                       100086d0     Spout.obj
 0001:00007740       _Util_Frand                10008740 f   Spout.obj
 0001:00007830       _Util_LoadLibraryString    10008830 f   Spout.obj
 0001:000079e0       _Util_RecreateCurBitmapsList 100089e0 f   Spout.obj
 0001:00007db0       _Util_StrDup               10008db0 f   Spout.obj
 0001:00007e80       _Util_WriteString          10008e80 f   Spout.obj
 0001:00007fa0       $LN8                       10008fa0     Spout.obj
 0001:00007fa8       $LN7                       10008fa8     Spout.obj
 0001:00007fb4       $LN6                       10008fb4     Spout.obj
 0001:00008384       $LN14                      10009384     Spout.obj
 0001:0000838c       $LN13                      1000938c     Spout.obj
 0001:00008398       $LN12                      10009398     Spout.obj
 0001:00008860       ?dllmain_crt_dispatch@@YGHQAUHINSTANCE__@@KQAX@Z 10009860 f   MSVCRTD:dll_dllmain.obj
 0001:000088cc       $LN11                      100098cc     MSVCRTD:dll_dllmain.obj
 0001:00008900       ?dllmain_crt_process_attach@@YAHQAUHINSTANCE__@@QAX@Z 10009900 f   MSVCRTD:dll_dllmain.obj
 0001:00008ad0       ?dllmain_crt_process_detach@@YAH_N@Z 10009ad0 f   MSVCRTD:dll_dllmain.obj
 0001:00008c10       ?dllmain_dispatch@@YAHQAUHINSTANCE__@@KQAX@Z 10009c10 f   MSVCRTD:dll_dllmain.obj
 0001:00008e00       ?dllmain_raw@@YGHQAUHINSTANCE__@@KQAX@Z 10009e00 f   MSVCRTD:dll_dllmain.obj
 0001:00008eb0       ?DebuggerProbe@@YA_NK@Z    10009eb0 f   MSVCRTD:error.obj
 0001:00008f00       ?DebuggerRuntime@@YA_NKHPAXPB_W@Z 10009f00 f   MSVCRTD:error.obj
 0001:000091d0       ?_getMemBlockDataString@@YAXPAD0PBDI@Z 1000a1d0 f   MSVCRTD:error.obj
 0001:00009270       ?_strlen_priv@@YAIPBD@Z    1000a270 f   MSVCRTD:error.obj
 0001:00009290       ?failwithmessage@@YAXPAXHHPBD@Z 1000a290 f   MSVCRTD:error.obj
 0001:00009540       ?notify_debugger@@YAXABUtagEXCEPTION_VISUALCPP_DEBUG_INFO@@@Z 1000a540 f   MSVCRTD:error.obj
 0001:00009860       ___get_entropy             1000a860 f   MSVCRTD:gs_support.obj
 0001:00009a50       ?find_pe_section@@YAPAU_IMAGE_SECTION_HEADER@@QAEI@Z 1000aa50 f   MSVCRTD:utility.obj
 0001:00009b10       ?is_potentially_valid_image_base@@YA_NQAX@Z 1000ab10 f   MSVCRTD:utility.obj
 0001:0000a610       ___castguard_check_failure_os_handled_wrapper 1000b610 f   MSVCRTD:guard_support.obj
 0001:0000a680       ___castguard_check_failure_user_handled_wrapper 1000b680 f   MSVCRTD:guard_support.obj
 0001:0000a6d0       ___castguard_compat_check  1000b6d0 f   MSVCRTD:guard_support.obj
 0001:0000a890       ___castguard_slow_path_compat_check 1000b890 f   MSVCRTD:guard_support.obj
 0001:0000a920       ?GetPdbDll@@YAPAUHINSTANCE__@@XZ 1000b920 f   MSVCRTD:pdblkup.obj
 0001:0000aac0       ?GetPdbDllFromInstallPath@@YAPAUHINSTANCE__@@XZ 1000bac0 f   MSVCRTD:pdblkup.obj
 0001:0000ad60       ?GetPdbDllPathFromFilePath@@YAHPB_WPA_WI@Z 1000bd60 f   MSVCRTD:pdblkup.obj
 0002:00001628       ?_RTC_ErrorMessages@@3QBQBDB 1000f628     MSVCRTD:error.obj
 0002:00001640       ?_RTC_NoFalsePositives@@3QBHB 1000f640     MSVCRTD:error.obj
 0002:00001658       ?stack_premsg@@3QBDB       1000f658     MSVCRTD:error.obj
 0002:00001674       ?stack_postmsg@@3QBDB      1000f674     MSVCRTD:error.obj
 0002:00001688       ?uninit_premsg@@3QBDB      1000f688     MSVCRTD:error.obj
 0002:00001698       ?uninit_postmsg@@3QBDB     1000f698     MSVCRTD:error.obj
 0002:00001ce8       ?_RTC_errlist@@3QBQBDB     1000fce8     MSVCRTD:userapi.obj
 0002:00001dcc       ?mspdbName@@3QB_WB         1000fdcc     MSVCRTD:pdblkup.obj
 0002:00001df0       ?debugCrtFileName@@3QB_WB  1000fdf0     MSVCRTD:pdblkup.obj
 0002:00001f80       ?dllExt@?1??GetPdbDllPathFromFilePath@@YAHPB_WPA_WI@Z@4QB_WB 1000ff80     MSVCRTD:pdblkup.obj
 0002:00001f8c       ?mspdbFilename@?1??GetPdbDllPathFromFilePath@@YAHPB_WPA_WI@Z@4QB_WB 1000ff8c     MSVCRTD:pdblkup.obj
 0002:00002920       __RTC_InitBase.rtc$IMZ     10010920     ObjectDef.obj
 0002:00002924       __RTC_InitBase.rtc$IMZ     10010924     Spout.obj
 0002:00002c34       __RTC_Shutdown.rtc$TMZ     10010c34     ObjectDef.obj
 0002:00002c38       __RTC_Shutdown.rtc$TMZ     10010c38     Spout.obj
 0002:00002e48       __sehtable$?dllmain_crt_process_attach@@YAHQAUHINSTANCE__@@QAX@Z 10010e48     MSVCRTD:dll_dllmain.obj
 0002:00002e68       __sehtable$?dllmain_crt_process_detach@@YAH_N@Z 10010e68     MSVCRTD:dll_dllmain.obj
 0002:00002e98       __sehtable$?dllmain_dispatch@@YAHQAUHINSTANCE__@@KQAX@Z 10010e98     MSVCRTD:dll_dllmain.obj
 0002:00002eb8       __sehtable$?notify_debugger@@YAXABUtagEXCEPTION_VISUALCPP_DEBUG_INFO@@@Z 10010eb8     MSVCRTD:error.obj
 0002:00002ed8       __sehtable$___scrt_is_nonwritable_in_current_image 10010ed8     MSVCRTD:utility.obj
 0002:00003010       .edata                     10011010     SpoutObj.exp
 0002:00003038       rgpv                       10011038     SpoutObj.exp
 0002:0000303c       rgszName                   1001103c     SpoutObj.exp
 0002:00003040       rgwOrd                     10011040     SpoutObj.exp
 0002:00003042       szName                     10011042     SpoutObj.exp
 0002:0000304f       $N00001                    1001104f     SpoutObj.exp
 0003:000000a4       _SpoutPropertyList         100120a4     Spout.obj
 0003:000000b0       _NoSelection               100120b0     Spout.obj
 0003:000002e8       _SpoutProperties           100122e8     Spout.obj
 0003:00000948       _hClassInstance            10012948     Spout.obj
 0003:0000094c       _Bitmaps                   1001294c     Spout.obj
 0003:00000950       _CurBitmaps                10012950     Spout.obj
 0003:00000970       ?StringBuf@?1??Util_LoadLibraryString@@9@9 10012970     Spout.obj
 0003:00000bf0       ?init@?1??_RTC_InitBase@@9@4_NA 10012bf0     MSVCRTD:init.obj
 0003:00000bf4       ?__proc_attached@@3HA      10012bf4     MSVCRTD:dll_dllmain.obj
 0003:00000c04       ?_RTC_ErrorReportFunc@@3P6AHHPBDH00ZZA 10012c04     MSVCRTD:userapi.obj
 0003:00000c08       ?_RTC_ErrorReportFuncW@@3P6AHHPB_WH00ZZA 10012c08     MSVCRTD:userapi.obj
 0003:00000c34       ?is_initialized_as_dll@@3_NA 10012c34     MSVCRTD:utility.obj
 0003:00000c35       ?module_local_atexit_table_initialized@@3_NA 10012c35     MSVCRTD:utility.obj
 0003:00000c38       ?module_local_atexit_table@@3U_onexit_table_t@@A 10012c38     MSVCRTD:utility.obj
 0003:00000c44       ?module_local_at_quick_exit_table@@3U_onexit_table_t@@A 10012c44     MSVCRTD:utility.obj
 0003:00000c60       ?mspdb@@3PAUHINSTANCE__@@A 10012c60     MSVCRTD:pdblkup.obj
 0003:00000c64       ?alreadyTried@?1??GetPdbDll@@YAPAUHINSTANCE__@@XZ@4_NA 10012c64     MSVCRTD:pdblkup.obj
 0003:00000c65       ?PDBOK@?1??_RTC_GetSrcLine@@YAHPAEPA_WKPAH1K@Z@4_NA 10012c65     MSVCRTD:pdblkup.obj
 0004:00000c5e       .idata$6                   10013c5e     jet3DClassic11d:Jet3DClassic11d.dll
 0004:00000c88       .idata$6                   10013c88     kernel32:KERNEL32.dll
 0004:00000ca4       .idata$6                   10013ca4     user32:USER32.dll
 0004:00000d76       .idata$6                   10013d76     vcruntimed:VCRUNTIME140D.dll
 0004:00000f42       .idata$6                   10013f42     ucrtd:ucrtbased.dll
 0006:00000240       $R000000                   10016240     Spout.res
 0006:00000330       $R0000F0                   10016330     Spout.res
 0006:00000410       $R0001D0                   10016410     Spout.res
 0006:00000440       $R000200                   10016440     Spout.res
