d:\genesis and jet3d\jet3d\source\drivers\opengldriver\debug\ogldrv.obj
d:\genesis and jet3d\jet3d\source\drivers\opengldriver\debug\ogltextures.obj
d:\genesis and jet3d\jet3d\source\drivers\opengldriver\debug\vc100.pdb
d:\genesis and jet3d\jet3d\bin\opengldriver.ilk
d:\genesis and jet3d\jet3d\bin\opengldriver.dll
d:\genesis and jet3d\jet3d\source\drivers\opengldriver\debug\opengldriver.dll.intermediate.manifest
d:\genesis and jet3d\jet3d\bin\opengldriver.pdb
d:\genesis and jet3d\jet3d\source\drivers\opengldriver\debug\opengldriver.dll.embed.manifest
d:\genesis and jet3d\jet3d\bin\opengldriver.lib
d:\genesis and jet3d\jet3d\bin\opengldriver.exp
d:\genesis and jet3d\jet3d\source\drivers\opengldriver\debug\opengldriver.dll.embed.manifest.res
d:\genesis and jet3d\jstudio_classic10_2019\source\drivers\opengldriver\debug\vc142.pdb
d:\genesis and jet3d\jstudio_classic10_2019\source\drivers\opengldriver\debug\vc142.idb
d:\genesis and jet3d\jstudio_classic10_2019\source\drivers\opengldriver\debug\ogldrv.obj
d:\genesis and jet3d\jstudio_classic10_2019\source\drivers\opengldriver\debug\ogltextures.obj
d:\genesis and jet3d\jstudio_classic10_2019\bin\opengldriver.ilk
d:\genesis and jet3d\jstudio_classic10_2019\bin\opengldriver.dll
d:\genesis and jet3d\jstudio_classic10_2019\bin\opengldriver.pdb
d:\genesis and jet3d\jstudio_classic10_2019\lib\opengldriver.lib
d:\genesis and jet3d\jstudio_classic10_2019\lib\opengldriver.exp
d:\genesis and jet3d\jstudio_classic10_2019\source\drivers\opengldriver\debug\cl.command.1.tlog
d:\genesis and jet3d\jstudio_classic10_2019\source\drivers\opengldriver\debug\cl.read.1.tlog
d:\genesis and jet3d\jstudio_classic10_2019\source\drivers\opengldriver\debug\cl.write.1.tlog
d:\genesis and jet3d\jstudio_classic10_2019\source\drivers\opengldriver\debug\link-cvtres.read.1.tlog
d:\genesis and jet3d\jstudio_classic10_2019\source\drivers\opengldriver\debug\link-cvtres.write.1.tlog
d:\genesis and jet3d\jstudio_classic10_2019\source\drivers\opengldriver\debug\link.6764-cvtres.read.1.tlog
d:\genesis and jet3d\jstudio_classic10_2019\source\drivers\opengldriver\debug\link.6764-cvtres.write.1.tlog
d:\genesis and jet3d\jstudio_classic10_2019\source\drivers\opengldriver\debug\link.6764.read.1.tlog
d:\genesis and jet3d\jstudio_classic10_2019\source\drivers\opengldriver\debug\link.6764.write.1.tlog
d:\genesis and jet3d\jstudio_classic10_2019\source\drivers\opengldriver\debug\link.command.1.tlog
d:\genesis and jet3d\jstudio_classic10_2019\source\drivers\opengldriver\debug\link.read.1.tlog
d:\genesis and jet3d\jstudio_classic10_2019\source\drivers\opengldriver\debug\link.write.1.tlog
d:\genesis and jet3d\jstudio_classic10_2019\source\drivers\opengldriver\debug\mt.command.1.tlog
d:\genesis and jet3d\jstudio_classic10_2019\source\drivers\opengldriver\debug\mt.read.1.tlog
d:\genesis and jet3d\jstudio_classic10_2019\source\drivers\opengldriver\debug\mt.write.1.tlog
d:\genesis and jet3d\jstudio_classic10_2019\source\drivers\opengldriver\debug\opengldriver.write.1.tlog
d:\genesis and jet3d\jstudio_classic10_2019\source\drivers\opengldriver\debug\rc.command.1.tlog
d:\genesis and jet3d\jstudio_classic10_2019\source\drivers\opengldriver\debug\rc.read.1.tlog
d:\genesis and jet3d\jstudio_classic10_2019\source\drivers\opengldriver\debug\rc.write.1.tlog
d:\genesis and jet3d\jstudio_classic10_2019\source\drivers\opengldriver\debug\opengldriver.dll.embed.manifest
d:\genesis and jet3d\jstudio_classic10_2019\source\drivers\opengldriver\debug\opengldriver.dll.intermediate.manifest
d:\genesis and jet3d\jstudio_classic10_2019\source\drivers\opengldriver\debug\opengldriver.dll.embed.manifest.res
d:\genesis and jet3d\jstudio_classic10_2019\source\drivers\opengldriver\debug\vc100.idb
d:\genesis and jet3d\jstudio_classic10_2019\source\drivers\opengldriver\debug\vc100.pdb
d:\genesis and jet3d\jstudio_classic10_2019\source\drivers\opengldriver\debug\opengldriver_manifest.rc
d:\genesis and jet3d\jstudio_classic10_2019\source\drivers\opengldriver\debug\opengldriver.tlog\cl.command.1.tlog
d:\genesis and jet3d\jstudio_classic10_2019\source\drivers\opengldriver\debug\opengldriver.tlog\cl.read.1.tlog
d:\genesis and jet3d\jstudio_classic10_2019\source\drivers\opengldriver\debug\opengldriver.tlog\cl.write.1.tlog
d:\genesis and jet3d\jstudio_classic10_2019\source\drivers\opengldriver\debug\opengldriver.tlog\link.command.1.tlog
d:\genesis and jet3d\jstudio_classic10_2019\source\drivers\opengldriver\debug\opengldriver.tlog\link.read.1.tlog
d:\genesis and jet3d\jstudio_classic10_2019\source\drivers\opengldriver\debug\opengldriver.tlog\link.write.1.tlog
d:\genesis and jet3d\jstudio_classic10_2019\source\drivers\opengldriver\debug\opengldriver.tlog\opengldriver.write.1u.tlog
