c:\users\james\downloads\jstudio_classic_11_2023_source\jstudio_classic11_2023\source\tools\actorworkbench\debug\jactorworkbenchclassic11d.pch
c:\users\james\downloads\jstudio_classic_11_2023_source\jstudio_classic11_2023\source\tools\actorworkbench\debug\vc145.pdb
c:\users\james\downloads\jstudio_classic_11_2023_source\jstudio_classic11_2023\source\tools\actorworkbench\debug\vc145.idb
c:\users\james\downloads\jstudio_classic_11_2023_source\jstudio_classic11_2023\source\tools\actorworkbench\debug\stdafx.obj
c:\users\james\downloads\jstudio_classic_11_2023_source\jstudio_classic11_2023\source\tools\actorworkbench\debug\actorworkbench.obj
c:\users\james\downloads\jstudio_classic_11_2023_source\jstudio_classic11_2023\source\tools\actorworkbench\debug\actorworkbenchdoc.obj
c:\users\james\downloads\jstudio_classic_11_2023_source\jstudio_classic11_2023\source\tools\actorworkbench\debug\actorworkbenchview.obj
c:\users\james\downloads\jstudio_classic_11_2023_source\jstudio_classic11_2023\source\tools\actorworkbench\debug\jet3dview.obj
c:\users\james\downloads\jstudio_classic_11_2023_source\jstudio_classic11_2023\source\tools\actorworkbench\debug\mainfrm.obj
c:\users\james\downloads\jstudio_classic_11_2023_source\jstudio_classic11_2023\source\tools\actorworkbench\debug\toolbrowser.obj
c:\users\james\downloads\jstudio_classic_11_2023_source\jstudio_classic11_2023\bin\jactorworkbenchclassic11d.exe
c:\users\james\downloads\jstudio_classic_11_2023_source\jstudio_classic11_2023\bin\jactorworkbenchclassic11d.pdb
c:\users\james\downloads\jstudio_classic_11_2023_source\jstudio_classic11_2023\source\tools\actorworkbench\debug\actorworkbench.res
c:\users\james\downloads\jstudio_classic_11_2023_source\jstudio_classic11_2023\source\tools\actorworkbench\debug\jactorworkbenchclassic11d.exe.embed.manifest.res
c:\users\james\downloads\jstudio_classic_11_2023_source\jstudio_classic11_2023\source\tools\actorworkbench\debug\jactorworkbenchclassic11d.ilk
c:\users\james\downloads\jstudio_classic_11_2023_source\jstudio_classic11_2023\source\tools\actorworkbench\debug\jactorworkbenchclassic11d.exe.embed.manifest
c:\users\james\downloads\jstudio_classic_11_2023_source\jstudio_classic11_2023\source\tools\actorworkbench\debug\jactorworkbenchclassic11d_manifest.rc
c:\users\james\downloads\jstudio_classic_11_2023_source\jstudio_classic11_2023\source\tools\actorworkbench\debug\jactorwo.69549287.tlog\cl.command.1.tlog
c:\users\james\downloads\jstudio_classic_11_2023_source\jstudio_classic11_2023\source\tools\actorworkbench\debug\jactorwo.69549287.tlog\cl.items.tlog
c:\users\james\downloads\jstudio_classic_11_2023_source\jstudio_classic11_2023\source\tools\actorworkbench\debug\jactorwo.69549287.tlog\cl.read.1.tlog
c:\users\james\downloads\jstudio_classic_11_2023_source\jstudio_classic11_2023\source\tools\actorworkbench\debug\jactorwo.69549287.tlog\cl.write.1.tlog
c:\users\james\downloads\jstudio_classic_11_2023_source\jstudio_classic11_2023\source\tools\actorworkbench\debug\jactorwo.69549287.tlog\link.command.1.tlog
c:\users\james\downloads\jstudio_classic_11_2023_source\jstudio_classic11_2023\source\tools\actorworkbench\debug\jactorwo.69549287.tlog\link.read.1.tlog
c:\users\james\downloads\jstudio_classic_11_2023_source\jstudio_classic11_2023\source\tools\actorworkbench\debug\jactorwo.69549287.tlog\link.secondary.1.tlog
c:\users\james\downloads\jstudio_classic_11_2023_source\jstudio_classic11_2023\source\tools\actorworkbench\debug\jactorwo.69549287.tlog\link.write.1.tlog
c:\users\james\downloads\jstudio_classic_11_2023_source\jstudio_classic11_2023\source\tools\actorworkbench\debug\jactorwo.69549287.tlog\rc.command.1.tlog
c:\users\james\downloads\jstudio_classic_11_2023_source\jstudio_classic11_2023\source\tools\actorworkbench\debug\jactorwo.69549287.tlog\rc.read.1.tlog
c:\users\james\downloads\jstudio_classic_11_2023_source\jstudio_classic11_2023\source\tools\actorworkbench\debug\jactorwo.69549287.tlog\rc.write.1.tlog
