c:\users\james\downloads\jstudio_classic_11_2023_source\jstudio_classic11_2023\source\objects\ambobject\debug\ambientobj.bsc
c:\users\james\downloads\jstudio_classic_11_2023_source\jstudio_classic11_2023\source\objects\ambobject\debug\vc145.pdb
c:\users\james\downloads\jstudio_classic_11_2023_source\jstudio_classic11_2023\source\objects\ambobject\debug\vc145.idb
c:\users\james\downloads\jstudio_classic_11_2023_source\jstudio_classic11_2023\source\objects\ambobject\debug\ambobject.sbr
c:\users\james\downloads\jstudio_classic_11_2023_source\jstudio_classic11_2023\source\objects\ambobject\debug\objectdef.sbr
c:\users\james\downloads\jstudio_classic_11_2023_source\jstudio_classic11_2023\source\objects\ambobject\debug\snd.sbr
c:\users\james\downloads\jstudio_classic_11_2023_source\jstudio_classic11_2023\source\objects\ambobject\debug\snd.obj
c:\users\james\downloads\jstudio_classic_11_2023_source\jstudio_classic11_2023\source\objects\ambobject\debug\objectdef.obj
c:\users\james\downloads\jstudio_classic_11_2023_source\jstudio_classic11_2023\source\objects\ambobject\debug\ambobject.obj
c:\users\james\downloads\jstudio_classic_11_2023_source\jstudio_classic11_2023\bin\objects\ambientobj.ddl
c:\users\james\downloads\jstudio_classic_11_2023_source\jstudio_classic11_2023\source\objects\ambobject\debug\ambientobj.map
c:\users\james\downloads\jstudio_classic_11_2023_source\jstudio_classic11_2023\source\objects\ambobject\debug\ambientobj.pdb
c:\users\james\downloads\jstudio_classic_11_2023_source\jstudio_classic11_2023\source\objects\ambobject\debug\ambobject.res
c:\users\james\downloads\jstudio_classic_11_2023_source\jstudio_classic11_2023\source\objects\ambobject\debug\ambientobj.lib
c:\users\james\downloads\jstudio_classic_11_2023_source\jstudio_classic11_2023\source\objects\ambobject\debug\ambientobj.exp
c:\users\james\downloads\jstudio_classic_11_2023_source\jstudio_classic11_2023\source\objects\ambobject\debug\ambientobj.ilk
c:\users\james\downloads\jstudio_classic_11_2023_source\jstudio_classic11_2023\source\objects\ambobject\debug\ambientobj.tlog\bscmake.command.1.tlog
c:\users\james\downloads\jstudio_classic_11_2023_source\jstudio_classic11_2023\source\objects\ambobject\debug\ambientobj.tlog\bscmake.read.1.tlog
c:\users\james\downloads\jstudio_classic_11_2023_source\jstudio_classic11_2023\source\objects\ambobject\debug\ambientobj.tlog\bscmake.write.1.tlog
c:\users\james\downloads\jstudio_classic_11_2023_source\jstudio_classic11_2023\source\objects\ambobject\debug\ambientobj.tlog\cl.command.1.tlog
c:\users\james\downloads\jstudio_classic_11_2023_source\jstudio_classic11_2023\source\objects\ambobject\debug\ambientobj.tlog\cl.items.tlog
c:\users\james\downloads\jstudio_classic_11_2023_source\jstudio_classic11_2023\source\objects\ambobject\debug\ambientobj.tlog\cl.read.1.tlog
c:\users\james\downloads\jstudio_classic_11_2023_source\jstudio_classic11_2023\source\objects\ambobject\debug\ambientobj.tlog\cl.write.1.tlog
c:\users\james\downloads\jstudio_classic_11_2023_source\jstudio_classic11_2023\source\objects\ambobject\debug\ambientobj.tlog\link.command.1.tlog
c:\users\james\downloads\jstudio_classic_11_2023_source\jstudio_classic11_2023\source\objects\ambobject\debug\ambientobj.tlog\link.read.1.tlog
c:\users\james\downloads\jstudio_classic_11_2023_source\jstudio_classic11_2023\source\objects\ambobject\debug\ambientobj.tlog\link.secondary.1.tlog
c:\users\james\downloads\jstudio_classic_11_2023_source\jstudio_classic11_2023\source\objects\ambobject\debug\ambientobj.tlog\link.write.1.tlog
c:\users\james\downloads\jstudio_classic_11_2023_source\jstudio_classic11_2023\source\objects\ambobject\debug\ambientobj.tlog\rc.command.1.tlog
c:\users\james\downloads\jstudio_classic_11_2023_source\jstudio_classic11_2023\source\objects\ambobject\debug\ambientobj.tlog\rc.read.1.tlog
c:\users\james\downloads\jstudio_classic_11_2023_source\jstudio_classic11_2023\source\objects\ambobject\debug\ambientobj.tlog\rc.write.1.tlog
