./Debug\AmbObject.bsc
D:\JSTUDIOCLASSIC7\BIN\OBJECTS\AMBIENTOBJ.DDL
D:\JSTUDIOCLASSIC7\BIN\OBJECTS\AMBIENTOBJ.ILK
D:\JSTUDIOCLASSIC7\source\Objects\AmbObject\./Debug\AmbObject.dll.intermediate.manifest
D:\JSTUDIOCLASSIC7\source\Objects\AmbObject\Debug\AmbientObj.exp
D:\JSTUDIOCLASSIC7\source\Objects\AmbObject\Debug\AmbientObj.lib
D:\JSTUDIOCLASSIC7\SOURCE\OBJECTS\AMBOBJECT\DEBUG\AMBIENTOBJ.MAP
D:\JSTUDIOCLASSIC7\SOURCE\OBJECTS\AMBOBJECT\DEBUG\AMBIENTOBJ.PDB
D:\JSTUDIOCLASSIC7\SOURCE\OBJECTS\AMBOBJECT\DEBUG\AMBOBJECT.BSC
D:\JSTUDIOCLASSIC7\SOURCE\OBJECTS\AMBOBJECT\DEBUG\AMBOBJECT.DLL.EMBED.MANIFEST
D:\JSTUDIOCLASSIC7\SOURCE\OBJECTS\AMBOBJECT\DEBUG\AMBOBJECT.DLL.EMBED.MANIFEST.RES
D:\JSTUDIOCLASSIC7\SOURCE\OBJECTS\AMBOBJECT\DEBUG\AMBOBJECT.DLL.INTERMEDIATE.MANIFEST
D:\JSTUDIOCLASSIC7\SOURCE\OBJECTS\AMBOBJECT\DEBUG\AMBOBJECT.OBJ
D:\JSTUDIOCLASSIC7\SOURCE\OBJECTS\AMBOBJECT\DEBUG\AMBOBJECT.RES
D:\JSTUDIOCLASSIC7\SOURCE\OBJECTS\AMBOBJECT\DEBUG\AMBOBJECT.SBR
D:\JSTUDIOCLASSIC7\source\Objects\AmbObject\Debug\AmbObject.write.1.tlog
D:\JSTUDIOCLASSIC7\source\Objects\AmbObject\Debug\AmbObject_manifest.rc
D:\JSTUDIOCLASSIC7\source\Objects\AmbObject\Debug\BscMake.command.1.tlog
D:\JSTUDIOCLASSIC7\source\Objects\AmbObject\Debug\bscmake.read.1.tlog
D:\JSTUDIOCLASSIC7\source\Objects\AmbObject\Debug\bscmake.write.1.tlog
D:\JSTUDIOCLASSIC7\source\Objects\AmbObject\Debug\cl.command.1.tlog
D:\JSTUDIOCLASSIC7\source\Objects\AmbObject\Debug\CL.read.1.tlog
D:\JSTUDIOCLASSIC7\source\Objects\AmbObject\Debug\CL.write.1.tlog
D:\JSTUDIOCLASSIC7\source\Objects\AmbObject\Debug\link.6856.read.1.tlog
D:\JSTUDIOCLASSIC7\source\Objects\AmbObject\Debug\link.6856.write.1.tlog
D:\JSTUDIOCLASSIC7\source\Objects\AmbObject\Debug\link.6856-cvtres.read.1.tlog
D:\JSTUDIOCLASSIC7\source\Objects\AmbObject\Debug\link.6856-cvtres.write.1.tlog
D:\JSTUDIOCLASSIC7\source\Objects\AmbObject\Debug\link.command.1.tlog
D:\JSTUDIOCLASSIC7\source\Objects\AmbObject\Debug\link.read.1.tlog
D:\JSTUDIOCLASSIC7\source\Objects\AmbObject\Debug\link.write.1.tlog
D:\JSTUDIOCLASSIC7\source\Objects\AmbObject\Debug\link-cvtres.read.1.tlog
D:\JSTUDIOCLASSIC7\source\Objects\AmbObject\Debug\link-cvtres.write.1.tlog
D:\JSTUDIOCLASSIC7\source\Objects\AmbObject\Debug\mt.command.1.tlog
D:\JSTUDIOCLASSIC7\source\Objects\AmbObject\Debug\mt.read.1.tlog
D:\JSTUDIOCLASSIC7\source\Objects\AmbObject\Debug\mt.write.1.tlog
D:\JSTUDIOCLASSIC7\SOURCE\OBJECTS\AMBOBJECT\DEBUG\OBJECTDEF.OBJ
D:\JSTUDIOCLASSIC7\SOURCE\OBJECTS\AMBOBJECT\DEBUG\OBJECTDEF.SBR
D:\JSTUDIOCLASSIC7\source\Objects\AmbObject\Debug\rc.command.1.tlog
D:\JSTUDIOCLASSIC7\source\Objects\AmbObject\Debug\rc.read.1.tlog
D:\JSTUDIOCLASSIC7\source\Objects\AmbObject\Debug\rc.write.1.tlog
D:\JSTUDIOCLASSIC7\SOURCE\OBJECTS\AMBOBJECT\DEBUG\SND.OBJ
D:\JSTUDIOCLASSIC7\SOURCE\OBJECTS\AMBOBJECT\DEBUG\SND.SBR
D:\JSTUDIOCLASSIC7\source\Objects\AmbObject\Debug\vc100.idb
D:\JSTUDIOCLASSIC7\SOURCE\OBJECTS\AMBOBJECT\DEBUG\VC100.PDB
