 PathObj

 Timestamp is 6920fefa (Fri Nov 21 19:08:26 2025)

 Preferred load address is 10000000

 Start         Length     Name                   Class
 0001:00000000 0000f5e9H .text$mn                CODE
 0002:00000000 00000104H .CRT$XCA                DATA
 0002:00000104 00000104H .CRT$XCZ                DATA
 0002:00000208 00000104H .CRT$XIA                DATA
 0002:0000030c 00000104H .CRT$XIZ                DATA
 0002:00000410 00000104H .CRT$XPA                DATA
 0002:00000514 00000104H .CRT$XPZ                DATA
 0002:00000618 00000104H .CRT$XTA                DATA
 0002:0000071c 00000104H .CRT$XTZ                DATA
 0002:00000820 00001860H .rdata                  DATA
 0002:00002080 00000180H .rdata$CastGuardVftablesA DATA
 0002:00002200 0000014cH .rdata$CastGuardVftablesC DATA
 0002:0000234c 0000010cH .rdata$sxdata           DATA
 0002:00002458 000001ccH .rdata$zzzdbg           DATA
 0002:00002624 00000104H .rtc$IAA                DATA
 0002:00002728 00000110H .rtc$IMZ                DATA
 0002:00002838 00000104H .rtc$IZZ                DATA
 0002:0000293c 00000104H .rtc$TAA                DATA
 0002:00002a40 00000110H .rtc$TMZ                DATA
 0002:00002b50 00000108H .rtc$TZZ                DATA
 0002:00002c58 000001c8H .xdata$x                DATA
 0002:00002e20 00000161H .edata                  DATA
 0003:00000000 00000328H .data                   DATA
 0003:00000328 000000c4H .bss                    DATA
 0004:00000000 000002c0H .idata$5                DATA
 0004:000002c0 00000050H .idata$2                DATA
 0004:00000310 00000014H .idata$3                DATA
 0004:00000324 000002c0H .idata$4                DATA
 0004:000005e4 00000bd8H .idata$6                DATA
 0005:00000000 0000010eH .00cfg                  DATA
 0006:00000000 00000220H .rsrc$01                DATA
 0006:00000220 00000460H .rsrc$02                DATA

  Address         Publics by Value              Rva+Base       Lib:Object

 0000:00000000       ___AbsoluteZero            00000000     <absolute>
 0000:00000000       ___arm64x_extra_rfe_table  00000000     <absolute>
 0000:00000000       ___arm64x_extra_rfe_table_size 00000000     <absolute>
 0000:00000000       ___arm64x_native_entrypoint 00000000     <absolute>
 0000:00000000       ___arm64x_redirection_metadata 00000000     <absolute>
 0000:00000000       ___arm64x_redirection_metadata_count 00000000     <absolute>
 0000:00000000       ___dynamic_value_reloc_table 00000000     <absolute>
 0000:00000000       ___enclave_config          00000000     <absolute>
 0000:00000000       ___guard_check_icall_a64n_fptr 00000000     <absolute>
 0000:00000000       ___guard_eh_cont_count     00000000     <absolute>
 0000:00000000       ___guard_eh_cont_table     00000000     <absolute>
 0000:00000000       ___guard_fids_count        00000000     <absolute>
 0000:00000000       ___guard_fids_table        00000000     <absolute>
 0000:00000000       ___guard_iat_count         00000000     <absolute>
 0000:00000000       ___guard_iat_table         00000000     <absolute>
 0000:00000000       ___guard_longjmp_count     00000000     <absolute>
 0000:00000000       ___guard_longjmp_table     00000000     <absolute>
 0000:00000000       ___hybrid_auxiliary_delayload_iat 00000000     <absolute>
 0000:00000000       ___hybrid_auxiliary_delayload_iat_copy 00000000     <absolute>
 0000:00000000       ___hybrid_auxiliary_iat    00000000     <absolute>
 0000:00000000       ___hybrid_auxiliary_iat_copy 00000000     <absolute>
 0000:00000000       ___hybrid_code_map         00000000     <absolute>
 0000:00000000       ___hybrid_code_map_count   00000000     <absolute>
 0000:00000000       ___hybrid_image_info_bitfield 00000000     <absolute>
 0000:00000000       ___volatile_metadata       00000000     <absolute>
 0000:00000000       ___x64_code_ranges_to_entry_points 00000000     <absolute>
 0000:00000000       ___x64_code_ranges_to_entry_points_count 00000000     <absolute>
 0000:00000002       ___safe_se_handler_count   00000002     <absolute>
 0000:00000100       ___guard_flags             00000100     <absolute>
 0000:00000000       ___ImageBase               10000000     <linker-defined>
 0001:00000640       _DllMain@12                10001640 f   ObjectDef.obj
 0001:000006b0       _Object_RegisterDef        100016b0 f   ObjectDef.obj
 0001:00000700       _AddChild@8                10001700 f   PathObj.obj
 0001:00000720       _AttachEngine@8            10001720 f   PathObj.obj
 0001:000007e0       _AttachSoundSystem@8       100017e0 f   PathObj.obj
 0001:00000860       _AttachWorld@8             10001860 f   PathObj.obj
 0001:000008f0       _ChangeBoxCollision@24     100018f0 f   PathObj.obj
 0001:00000910       _Collision@24              10001910 f   PathObj.obj
 0001:00000930       _CreateFromFile@8          10001930 f   PathObj.obj
 0001:000010e0       _CreateInstance@0          100020e0 f   PathObj.obj
 0001:000011b0       _CreateRef@4               100021b0 f   PathObj.obj
 0001:00001250       _Destroy@4                 10002250 f   PathObj.obj
 0001:000013a0       _Destroy_Class             100023a0 f   PathObj.obj
 0001:000013c0       _DettachEngine@8           100023c0 f   PathObj.obj
 0001:00001440       _DettachSoundSystem@8      10002440 f   PathObj.obj
 0001:000014c0       _DettachWorld@8            100024c0 f   PathObj.obj
 0001:00001560       _EditDialog@8              10002560 f   PathObj.obj
 0001:00001580       _GetChildren@12            10002580 f   PathObj.obj
 0001:000015a0       _GetExtBox@8               100025a0 f   PathObj.obj
 0001:000015c0       _GetMaterial@12            100025c0 f   PathObj.obj
 0001:000015e0       _GetPropertyList@8         100025e0 f   PathObj.obj
 0001:000017b0       _GetXForm@8                100027b0 f   PathObj.obj
 0001:00001860       _GetXFormModFlags@4        10002860 f   PathObj.obj
 0001:00001880       _Init_Class                10002880 f   PathObj.obj
 0001:000018b0       _MessageFunction@12        100028b0 f   PathObj.obj
 0001:00001f10       _ObjUtil_ReadString        10002f10 f   PathObj.obj
 0001:000020a0       _ObjUtil_WriteString       100030a0 f   PathObj.obj
 0001:000022b0       _PathObject_BuildMotion    100032b0 f   PathObj.obj
 0001:00004d30       _PathObject_EnableTimeLine 10005d30 f   PathObj.obj
 0001:00004f80       _PathObject_FreeTimeLine@8 10005f80 f   PathObj.obj
 0001:00005820       _PathObject_InitAddTimeLine 10006820 f   PathObj.obj
 0001:00005ad0       _PathObject_IsLooped       10006ad0 f   PathObj.obj
 0001:000072f0       _RemoveChild@8             100082f0 f   PathObj.obj
 0001:00007310       _Render@24                 10008310 f   PathObj.obj
 0001:00007440       _SetMaterial@12            10008440 f   PathObj.obj
 0001:00007460       _SetProperty@16            10008460 f   PathObj.obj
 0001:00008c40       _SetXForm@8                10009c40 f   PathObj.obj
 0001:00008cf0       _TimeEdit_FillDetails      10009cf0 f   PathObj.obj
 0001:00009340       _TimeEdit_FillTimeLineProperties 1000a340 f   PathObj.obj
 0001:000097c0       _UpdateTimeDelta@8         1000a7c0 f   PathObj.obj
 0001:00009960       _Util_StrDupManagePtr      1000a960 f   PathObj.obj
 0001:00009b40       _Util_StripChar            1000ab40 f   PathObj.obj
 0001:00009c40       _WriteToFile@12            1000ac40 f   PathObj.obj
 0001:0000a150       ___local_stdio_printf_options 1000b150 f i PathObj.obj
 0001:0000a170       ___local_stdio_scanf_options 1000b170 f i PathObj.obj
 0001:0000a190       __vfprintf_l               1000b190 f i PathObj.obj
 0001:0000a200       __vsnprintf_l              1000b200 f i PathObj.obj
 0001:0000a2b0       __vsprintf_l               1000b2b0 f i PathObj.obj
 0001:0000a310       __vsscanf_l                1000b310 f i PathObj.obj
 0001:0000a390       _printf                    1000b390 f i PathObj.obj
 0001:0000a420       _sprintf                   1000b420 f i PathObj.obj
 0001:0000a490       _sscanf                    1000b490 f i PathObj.obj
 0001:0000a500       _Trigger_ParseEvent        1000b500 f   Trigger.obj
 0001:0000a860       _Trigger_ProcessEvents     1000b860 f   Trigger.obj
 0001:0000aa20       _Trigger_Set               1000ba20 f   Trigger.obj
 0001:0000aa3e       _jeObject_RegisterGlobalObjectDef@4 1000ba3e f   jet3DClassic11d:Jet3DClassic11d.dll
 0001:0000aa44       _jeErrorLog_AddExplicit@24 1000ba44 f   jet3DClassic11d:Jet3DClassic11d.dll
 0001:0000aa4a       _jeVFile_Read@12           1000ba4a f   jet3DClassic11d:Jet3DClassic11d.dll
 0001:0000aa50       _jeVFile_Write@12          1000ba50 f   jet3DClassic11d:Jet3DClassic11d.dll
 0001:0000aa56       _jeVFile_Seek@12           1000ba56 f   jet3DClassic11d:Jet3DClassic11d.dll
 0001:0000aa5c       _jeXForm3d_SetIdentity@4   1000ba5c f   jet3DClassic11d:Jet3DClassic11d.dll
 0001:0000aa62       _jeProperty_ListCreate@4   1000ba62 f   jet3DClassic11d:Jet3DClassic11d.dll
 0001:0000aa68       _jeProperty_ListDestroy@4  1000ba68 f   jet3DClassic11d:Jet3DClassic11d.dll
 0001:0000aa6e       _jeProperty_FillGroup@12   1000ba6e f   jet3DClassic11d:Jet3DClassic11d.dll
 0001:0000aa74       _jeProperty_FillButton@12  1000ba74 f   jet3DClassic11d:Jet3DClassic11d.dll
 0001:0000aa7a       _jeProperty_FillCheck@16   1000ba7a f   jet3DClassic11d:Jet3DClassic11d.dll
 0001:0000aa80       _jeProperty_FillRadio@16   1000ba80 f   jet3DClassic11d:Jet3DClassic11d.dll
 0001:0000aa86       _jeProperty_FillVec3dGroup@16 1000ba86 f   jet3DClassic11d:Jet3DClassic11d.dll
 0001:0000aa8c       _jeProperty_FillTimeGroup@12 1000ba8c f   jet3DClassic11d:Jet3DClassic11d.dll
 0001:0000aa92       _jeProperty_FillFloat@28   1000ba92 f   jet3DClassic11d:Jet3DClassic11d.dll
 0001:0000aa98       _jeProperty_FillInt@28     1000ba98 f   jet3DClassic11d:Jet3DClassic11d.dll
 0001:0000aa9e       _jeProperty_FillGroupEnd@8 1000ba9e f   jet3DClassic11d:Jet3DClassic11d.dll
 0001:0000aaa4       _jeProperty_FillCombo@24   1000baa4 f   jet3DClassic11d:Jet3DClassic11d.dll
 0001:0000aaaa       _jeObject_Destroy@4        1000baaa f   jet3DClassic11d:Jet3DClassic11d.dll
 0001:0000aab0       _jeObject_GetName@4        1000bab0 f   jet3DClassic11d:Jet3DClassic11d.dll
 0001:0000aab6       _jeObject_WriteToFile@12   1000bab6 f   jet3DClassic11d:Jet3DClassic11d.dll
 0001:0000aabc       _jeObject_CreateFromFile@8 1000babc f   jet3DClassic11d:Jet3DClassic11d.dll
 0001:0000aac2       _jeObject_GetTypeName@4    1000bac2 f   jet3DClassic11d:Jet3DClassic11d.dll
 0001:0000aac8       _jeObject_GetPropertyList@8 1000bac8 f   jet3DClassic11d:Jet3DClassic11d.dll
 0001:0000aace       _jeObject_SetProperty@16   1000bace f   jet3DClassic11d:Jet3DClassic11d.dll
 0001:0000aad4       _jeObject_CreateRef@4      1000bad4 f   jet3DClassic11d:Jet3DClassic11d.dll
 0001:0000aada       _jeObject_SetXForm@8       1000bada f   jet3DClassic11d:Jet3DClassic11d.dll
 0001:0000aae0       _jeObject_GetXForm@8       1000bae0 f   jet3DClassic11d:Jet3DClassic11d.dll
 0001:0000aae6       _jeObject_GetXFormModFlags@4 1000bae6 f   jet3DClassic11d:Jet3DClassic11d.dll
 0001:0000aaec       _jeObject_SendMessage@12   1000baec f   jet3DClassic11d:Jet3DClassic11d.dll
 0001:0000aaf2       _jeWorld_GetNextObject@8   1000baf2 f   jet3DClassic11d:Jet3DClassic11d.dll
 0001:0000aaf8       __jeRam_DebugAllocate@12   1000baf8 f   jet3DClassic11d:Jet3DClassic11d.dll
 0001:0000aafe       _jeRam_Free_@4             1000bafe f   jet3DClassic11d:Jet3DClassic11d.dll
 0001:0000ab04       __jeRam_DebugRealloc@16    1000bb04 f   jet3DClassic11d:Jet3DClassic11d.dll
 0001:0000ab0a       _jePath_Create@12          1000bb0a f   jet3DClassic11d:Jet3DClassic11d.dll
 0001:0000ab10       _jePath_Destroy@4          1000bb10 f   jet3DClassic11d:Jet3DClassic11d.dll
 0001:0000ab16       _jePath_SetCutMode@8       1000bb16 f   jet3DClassic11d:Jet3DClassic11d.dll
 0001:0000ab1c       _jePath_InsertKeyframe@16  1000bb1c f   jet3DClassic11d:Jet3DClassic11d.dll
 0001:0000ab22       _jePath_GetKeyframe@20     1000bb22 f   jet3DClassic11d:Jet3DClassic11d.dll
 0001:0000ab28       _jePath_GetKeyframeCount@8 1000bb28 f   jet3DClassic11d:Jet3DClassic11d.dll
 0001:0000ab2e       _jePath_Sample@12          1000bb2e f   jet3DClassic11d:Jet3DClassic11d.dll
 0001:0000ab34       _jeMotion_Create@4         1000bb34 f   jet3DClassic11d:Jet3DClassic11d.dll
 0001:0000ab3a       _jeMotion_Destroy@4        1000bb3a f   jet3DClassic11d:Jet3DClassic11d.dll
 0001:0000ab40       _jeMotion_AddPath@16       1000bb40 f   jet3DClassic11d:Jet3DClassic11d.dll
 0001:0000ab46       _jeMotion_GetPath@8        1000bb46 f   jet3DClassic11d:Jet3DClassic11d.dll
 0001:0000ab4c       _jeMotion_InsertEvent@12   1000bb4c f   jet3DClassic11d:Jet3DClassic11d.dll
 0001:0000ab52       _jeMotion_SetupEventIterator@12 1000bb52 f   jet3DClassic11d:Jet3DClassic11d.dll
 0001:0000ab58       _jeMotion_GetNextEvent@12  1000bb58 f   jet3DClassic11d:Jet3DClassic11d.dll
 0001:0000ab5e       _OutputDebugStringA@4      1000bb5e f   kernel32:KERNEL32.dll
 0001:0000ab70       @_RTC_AllocaHelper@12      1000bb70 f   MSVCRTD:stack.obj
 0001:0000abb0       @_RTC_CheckStackVars2@12   1000bbb0 f   MSVCRTD:stack.obj
 0001:0000acb0       @_RTC_CheckStackVars@8     1000bcb0 f   MSVCRTD:stack.obj
 0001:0000ad10       __RTC_CheckEsp             1000bd10 f   MSVCRTD:stack.obj
 0001:0000ad40       __CRT_RTC_INIT             1000bd40 f   MSVCRTD:init.obj
 0001:0000ad50       __CRT_RTC_INITW            1000bd50 f   MSVCRTD:init.obj
 0001:0000ad60       __RTC_InitBase             1000bd60 f   MSVCRTD:init.obj
 0001:0000ada0       __RTC_Shutdown             1000bda0 f   MSVCRTD:init.obj
 0001:0000adc0       @__security_check_cookie@4 1000bdc0 f   MSVCRTD:secchk.obj
 0001:0000ae90       ?_RTC_AllocaFailure@@YAXPAXPAU_RTC_ALLOCA_NODE@@H@Z 1000be90 f   MSVCRTD:error.obj
 0001:0000afb0       ?_RTC_Failure@@YAXPAXH@Z   1000bfb0 f   MSVCRTD:error.obj
 0001:0000b020       ?_RTC_StackFailure@@YAXPAXPBD@Z 1000c020 f   MSVCRTD:error.obj
 0001:0000b510       __RTC_UninitUse            1000c510 f   MSVCRTD:error.obj
 0001:0000b5f0       __vsprintf_s_l             1000c5f0 f i MSVCRTD:error.obj
 0001:0000b630       _sprintf_s                 1000c630 f i MSVCRTD:error.obj
 0001:0000bc60       __CRT_INIT@12              1000cc60 f   MSVCRTD:dll_dllmain.obj
 0001:0000bc80       __DllMainCRTStartup@12     1000cc80 f   MSVCRTD:dll_dllmain.obj
 0001:0000bcb0       ?_RTC_GetErrorFunc@@YAP6AHHPBDH00ZZPBX@Z 1000ccb0 f   MSVCRTD:userapi.obj
 0001:0000bcc0       ?_RTC_GetErrorFuncW@@YAP6AHHPB_WH00ZZPBX@Z 1000ccc0 f   MSVCRTD:userapi.obj
 0001:0000bcd0       __RTC_GetErrDesc           1000ccd0 f   MSVCRTD:userapi.obj
 0001:0000bcf0       __RTC_NumErrors            1000ccf0 f   MSVCRTD:userapi.obj
 0001:0000bd00       __RTC_SetErrorFunc         1000cd00 f   MSVCRTD:userapi.obj
 0001:0000bd30       __RTC_SetErrorFuncW        1000cd30 f   MSVCRTD:userapi.obj
 0001:0000bd60       __RTC_SetErrorType         1000cd60 f   MSVCRTD:userapi.obj
 0001:0000bd90       ___report_gsfailure        1000cd90 f   MSVCRTD:gs_report.obj
 0001:0000bda0       ___report_rangecheckfailure 1000cda0 f   MSVCRTD:gs_report.obj
 0001:0000bdb0       ___report_securityfailure  1000cdb0 f   MSVCRTD:gs_report.obj
 0001:0000bdc0       ___report_securityfailureEx 1000cdc0 f   MSVCRTD:gs_report.obj
 0001:0000c320       ?_RTC_GetSrcLine@@YAHPAEPA_WKPAH1K@Z 1000d320 f   MSVCRTD:pdblkup.obj
 0001:0000c790       __except_handler4_noexcept 1000d790 f   MSVCRTD:chandler4_noexcept.obj
 0001:0000c810       @_guard_check_icall_nop@4  1000d810 f i MSVCRTD:guard_support.obj
 0001:0000c820       _ReadNoFence               1000d820 f i MSVCRTD:guard_support.obj
 0001:0000c840       _ReadPointerNoFence        1000d840 f i MSVCRTD:guard_support.obj
 0001:0000c860       __InlineInterlockedExchangePointer 1000d860 f i MSVCRTD:guard_support.obj
 0001:0000c870       ___castguard_check_failure_debugbreak 1000d870 f i MSVCRTD:guard_support.obj
 0001:0000c890       ___castguard_check_failure_fastfail 1000d890 f i MSVCRTD:guard_support.obj
 0001:0000c8c0       ___castguard_check_failure_nop 1000d8c0 f i MSVCRTD:guard_support.obj
 0001:0000c8d0       ___castguard_check_failure_os_handled 1000d8d0 f i MSVCRTD:guard_support.obj
 0001:0000c940       ___castguard_check_failure_user_handled 1000d940 f i MSVCRTD:guard_support.obj
 0001:0000ca10       ___castguard_set_user_handler 1000da10 f i MSVCRTD:guard_support.obj
 0001:0000ca40       ___castguard_slow_path_check_debugbreak 1000da40 f i MSVCRTD:guard_support.obj
 0001:0000ca80       ___castguard_slow_path_check_fastfail 1000da80 f i MSVCRTD:guard_support.obj
 0001:0000cad0       ___castguard_slow_path_check_nop 1000dad0 f i MSVCRTD:guard_support.obj
 0001:0000cae0       ___castguard_slow_path_check_os_handled 1000dae0 f i MSVCRTD:guard_support.obj
 0001:0000cb30       ___castguard_slow_path_check_user_handled 1000db30 f i MSVCRTD:guard_support.obj
 0001:0000cbd0       __guard_icall_checks_enforced 1000dbd0 f i MSVCRTD:guard_support.obj
 0001:0000cca0       ___security_init_cookie    1000dca0 f   MSVCRTD:gs_support.obj
 0001:0000cd40       ?__scrt_initialize_type_info@@YAXXZ 1000dd40 f   MSVCRTD:tncleanup.obj
 0001:0000cd60       ?__scrt_uninitialize_type_info@@YAXXZ 1000dd60 f   MSVCRTD:tncleanup.obj
 0001:0000cd80       ___scrt_initialize_default_local_stdio_options 1000dd80 f   MSVCRTD:default_local_stdio_options.obj
 0001:0000cdd0       ?configure_argv@__scrt_narrow_argv_policy@@SAHXZ 1000ddd0 f i MSVCRTD:utility.obj
 0001:0000cea0       ?initialize_environment@__scrt_narrow_environment_policy@@SAHXZ 1000dea0 f i MSVCRTD:utility.obj
 0001:0000cf40       _NtCurrentTeb              1000df40 f i MSVCRTD:utility.obj
 0001:0000cf50       ___scrt_acquire_startup_lock 1000df50 f   MSVCRTD:utility.obj
 0001:0000cfb0       ___scrt_dllmain_after_initialize_c 1000dfb0 f   MSVCRTD:utility.obj
 0001:0000cff0       ___scrt_dllmain_before_initialize_c 1000dff0 f   MSVCRTD:utility.obj
 0001:0000d020       ___scrt_dllmain_crt_thread_attach 1000e020 f   MSVCRTD:utility.obj
 0001:0000d060       ___scrt_dllmain_crt_thread_detach 1000e060 f   MSVCRTD:utility.obj
 0001:0000d080       ___scrt_dllmain_exception_filter 1000e080 f   MSVCRTD:utility.obj
 0001:0000d0e0       ___scrt_dllmain_uninitialize_c 1000e0e0 f   MSVCRTD:utility.obj
 0001:0000d120       ___scrt_dllmain_uninitialize_critical 1000e120 f   MSVCRTD:utility.obj
 0001:0000d140       ___scrt_initialize_crt     1000e140 f   MSVCRTD:utility.obj
 0001:0000d1a0       ___scrt_initialize_onexit_tables 1000e1a0 f   MSVCRTD:utility.obj
 0001:0000d2b0       ___scrt_is_nonwritable_in_current_image 1000e2b0 f   MSVCRTD:utility.obj
 0001:0000d430       ___scrt_release_startup_lock 1000e430 f   MSVCRTD:utility.obj
 0001:0000d460       ___scrt_uninitialize_crt   1000e460 f   MSVCRTD:utility.obj
 0001:0000d4b0       __onexit                   1000e4b0 f   MSVCRTD:utility.obj
 0001:0000d530       _at_quick_exit             1000e530 f   MSVCRTD:utility.obj
 0001:0000d580       _atexit                    1000e580 f   MSVCRTD:utility.obj
 0001:0000d5c0       ___scrt_get_dyn_tls_init_callback 1000e5c0 f   MSVCRTD:dyn_tls_init.obj
 0001:0000d5d0       ___scrt_fastfail           1000e5d0 f   MSVCRTD:utility_desktop.obj
 0001:0000d5e0       ___scrt_get_show_window_mode 1000e5e0 f   MSVCRTD:utility_desktop.obj
 0001:0000d630       ___scrt_initialize_mta     1000e630 f   MSVCRTD:utility_desktop.obj
 0001:0000d640       ___scrt_initialize_winrt   1000e640 f   MSVCRTD:utility_desktop.obj
 0001:0000d650       ___scrt_is_managed_app     1000e650 f   MSVCRTD:utility_desktop.obj
 0001:0000d700       ___scrt_set_unhandled_exception_filter 1000e700 f   MSVCRTD:utility_desktop.obj
 0001:0000d720       ___scrt_exe_initialize_mta 1000e720 f   MSVCRTD:utility_desktop.obj
 0001:0000d720       ___scrt_stub_for_initialize_mta 1000e720 f   MSVCRTD:utility_desktop.obj
 0001:0000d730       ___scrt_unhandled_exception_filter@4 1000e730 f   MSVCRTD:utility_desktop.obj
 0001:0000d7d0       __crt_debugger_hook        1000e7d0 f   MSVCRTD:utility_desktop.obj
 0001:0000d7f0       __RTC_Initialize           1000e7f0 f   MSVCRTD:initsect.obj
 0001:0000d830       __RTC_Terminate            1000e830 f   MSVCRTD:initsect.obj
 0001:0000d870       __except_handler4          1000e870 f   MSVCRTD:chandler4gs.obj
 0001:0000d8c0       ___isa_available_init      1000e8c0 f   MSVCRTD:cpu_disp.obj
 0001:0000de80       __get_startup_argv_mode    1000ee80 f   MSVCRTD:argv_mode.obj
 0001:0000de90       ___scrt_is_ucrt_dll_in_use 1000ee90 f   MSVCRTD:ucrt_detection.obj
 0001:0000debd       _memcmp                    1000eebd f   vcruntimed:VCRUNTIME140D.dll
 0001:0000dec3       _memcpy                    1000eec3 f   vcruntimed:VCRUNTIME140D.dll
 0001:0000dec9       _memmove                   1000eec9 f   vcruntimed:VCRUNTIME140D.dll
 0001:0000decf       _memset                    1000eecf f   vcruntimed:VCRUNTIME140D.dll
 0001:0000ded5       _strstr                    1000eed5 f   vcruntimed:VCRUNTIME140D.dll
 0001:0000dedb       ___vcrt_GetModuleFileNameW 1000eedb f   vcruntimed:VCRUNTIME140D.dll
 0001:0000dee1       ___vcrt_GetModuleHandleW   1000eee1 f   vcruntimed:VCRUNTIME140D.dll
 0001:0000dee7       ___vcrt_LoadLibraryExW     1000eee7 f   vcruntimed:VCRUNTIME140D.dll
 0001:0000deed       ___current_exception       1000eeed f   vcruntimed:VCRUNTIME140D.dll
 0001:0000def3       ___current_exception_context 1000eef3 f   vcruntimed:VCRUNTIME140D.dll
 0001:0000def9       ___std_type_info_destroy_list 1000eef9 f   vcruntimed:VCRUNTIME140D.dll
 0001:0000deff       __except_handler4_common   1000eeff f   vcruntimed:VCRUNTIME140D.dll
 0001:0000df05       _strcmp                    1000ef05 f   ucrtd:ucrtbased.dll
 0001:0000df0b       _strcpy                    1000ef0b f   ucrtd:ucrtbased.dll
 0001:0000df11       _strlen                    1000ef11 f   ucrtd:ucrtbased.dll
 0001:0000df17       __wassert                  1000ef17 f   ucrtd:ucrtbased.dll
 0001:0000df1d       _fmod                      1000ef1d f   ucrtd:ucrtbased.dll
 0001:0000df23       ___acrt_iob_func           1000ef23 f   ucrtd:ucrtbased.dll
 0001:0000df29       ___stdio_common_vfprintf   1000ef29 f   ucrtd:ucrtbased.dll
 0001:0000df2f       ___stdio_common_vsprintf   1000ef2f f   ucrtd:ucrtbased.dll
 0001:0000df35       ___stdio_common_vsscanf    1000ef35 f   ucrtd:ucrtbased.dll
 0001:0000df3b       __CrtDbgReport             1000ef3b f   ucrtd:ucrtbased.dll
 0001:0000df41       __CrtDbgReportW            1000ef41 f   ucrtd:ucrtbased.dll
 0001:0000df47       _strcpy_s                  1000ef47 f   ucrtd:ucrtbased.dll
 0001:0000df4d       _strcat_s                  1000ef4d f   ucrtd:ucrtbased.dll
 0001:0000df53       ___stdio_common_vsprintf_s 1000ef53 f   ucrtd:ucrtbased.dll
 0001:0000df59       __initterm                 1000ef59 f   ucrtd:ucrtbased.dll
 0001:0000df5f       __initterm_e               1000ef5f f   ucrtd:ucrtbased.dll
 0001:0000df65       __wmakepath_s              1000ef65 f   ucrtd:ucrtbased.dll
 0001:0000df6b       __wsplitpath_s             1000ef6b f   ucrtd:ucrtbased.dll
 0001:0000df71       _wcscpy_s                  1000ef71 f   ucrtd:ucrtbased.dll
 0001:0000df77       _terminate                 1000ef77 f   ucrtd:ucrtbased.dll
 0001:0000df7d       __seh_filter_dll           1000ef7d f   ucrtd:ucrtbased.dll
 0001:0000df83       __configure_narrow_argv    1000ef83 f   ucrtd:ucrtbased.dll
 0001:0000df89       __initialize_narrow_environment 1000ef89 f   ucrtd:ucrtbased.dll
 0001:0000df8f       __initialize_onexit_table  1000ef8f f   ucrtd:ucrtbased.dll
 0001:0000df95       __register_onexit_function 1000ef95 f   ucrtd:ucrtbased.dll
 0001:0000df9b       __execute_onexit_table     1000ef9b f   ucrtd:ucrtbased.dll
 0001:0000dfa1       __crt_atexit               1000efa1 f   ucrtd:ucrtbased.dll
 0001:0000dfa7       __crt_at_quick_exit        1000efa7 f   ucrtd:ucrtbased.dll
 0001:0000dfad       __cexit                    1000efad f   ucrtd:ucrtbased.dll
 0001:0000dfb3       __stricmp                  1000efb3 f   ucrtd:ucrtbased.dll
 0001:0000dfb9       _IsDebuggerPresent@0       1000efb9 f   kernel32:KERNEL32.dll
 0001:0000dfbf       _RaiseException@16         1000efbf f   kernel32:KERNEL32.dll
 0001:0000dfc5       _MultiByteToWideChar@24    1000efc5 f   kernel32:KERNEL32.dll
 0001:0000dfcb       _WideCharToMultiByte@32    1000efcb f   kernel32:KERNEL32.dll
 0001:0000dfd1       _GetLastError@0            1000efd1 f   kernel32:KERNEL32.dll
 0001:0000dfd7       _HeapAlloc@12              1000efd7 f   kernel32:KERNEL32.dll
 0001:0000dfdd       _HeapFree@12               1000efdd f   kernel32:KERNEL32.dll
 0001:0000dfe3       _GetProcessHeap@0          1000efe3 f   kernel32:KERNEL32.dll
 0001:0000dfe9       _VirtualQuery@12           1000efe9 f   kernel32:KERNEL32.dll
 0001:0000dfef       _FreeLibrary@4             1000efef f   kernel32:KERNEL32.dll
 0001:0000dff5       _GetProcAddress@8          1000eff5 f   kernel32:KERNEL32.dll
 0001:0000dffb       _QueryPerformanceCounter@4 1000effb f   kernel32:KERNEL32.dll
 0001:0000e001       _GetCurrentProcessId@0     1000f001 f   kernel32:KERNEL32.dll
 0001:0000e007       _GetCurrentThreadId@0      1000f007 f   kernel32:KERNEL32.dll
 0001:0000e00d       _GetSystemTimeAsFileTime@4 1000f00d f   kernel32:KERNEL32.dll
 0001:0000e013       _InitializeSListHead@4     1000f013 f   kernel32:KERNEL32.dll
 0001:0000e019       _SetUnhandledExceptionFilter@4 1000f019 f   kernel32:KERNEL32.dll
 0001:0000e01f       _GetStartupInfoW@4         1000f01f f   kernel32:KERNEL32.dll
 0001:0000e025       _GetModuleHandleW@4        1000f025 f   kernel32:KERNEL32.dll
 0001:0000e02b       _IsProcessorFeaturePresent@4 1000f02b f   kernel32:KERNEL32.dll
 0001:0000e040       ___acrt_initialize         1000f040 f   MSVCRTD:ucrt_stubs.obj
 0001:0000e040       ___scrt_stub_for_acrt_initialize 1000f040 f   MSVCRTD:ucrt_stubs.obj
 0001:0000e040       ___vcrt_initialize         1000f040 f   MSVCRTD:ucrt_stubs.obj
 0001:0000e050       ___acrt_thread_attach      1000f050 f   MSVCRTD:ucrt_stubs.obj
 0001:0000e050       ___scrt_stub_for_acrt_thread_attach 1000f050 f   MSVCRTD:ucrt_stubs.obj
 0001:0000e050       ___vcrt_thread_attach      1000f050 f   MSVCRTD:ucrt_stubs.obj
 0001:0000e060       ___acrt_thread_detach      1000f060 f   MSVCRTD:ucrt_stubs.obj
 0001:0000e060       ___scrt_stub_for_acrt_thread_detach 1000f060 f   MSVCRTD:ucrt_stubs.obj
 0001:0000e060       ___vcrt_thread_detach      1000f060 f   MSVCRTD:ucrt_stubs.obj
 0001:0000e070       ___acrt_uninitialize       1000f070 f   MSVCRTD:ucrt_stubs.obj
 0001:0000e070       ___scrt_stub_for_acrt_uninitialize 1000f070 f   MSVCRTD:ucrt_stubs.obj
 0001:0000e070       ___vcrt_uninitialize       1000f070 f   MSVCRTD:ucrt_stubs.obj
 0001:0000e080       ___acrt_uninitialize_critical 1000f080 f   MSVCRTD:ucrt_stubs.obj
 0001:0000e080       ___scrt_stub_for_acrt_uninitialize_critical 1000f080 f   MSVCRTD:ucrt_stubs.obj
 0001:0000e080       ___vcrt_uninitialize_critical 1000f080 f   MSVCRTD:ucrt_stubs.obj
 0001:0000e090       ___scrt_stub_for_is_c_termination_complete 1000f090 f   MSVCRTD:ucrt_stubs.obj
 0001:0000e090       __is_c_termination_complete 1000f090 f   MSVCRTD:ucrt_stubs.obj
 0001:0000e0a0       __filter_x86_sse2_floating_point_exception 1000f0a0 f   MSVCRTD:x86_exception_filter.obj
 0001:0000e0a0       __filter_x86_sse2_floating_point_exception_default 1000f0a0 f   MSVCRTD:x86_exception_filter.obj
 0002:00000000       ___xc_a                    10011000     MSVCRTD:initializers.obj
 0002:00000104       ___xc_z                    10011104     MSVCRTD:initializers.obj
 0002:00000208       ___xi_a                    10011208     MSVCRTD:initializers.obj
 0002:0000030c       ___xi_z                    1001130c     MSVCRTD:initializers.obj
 0002:00000410       ___xp_a                    10011410     MSVCRTD:initializers.obj
 0002:00000514       ___xp_z                    10011514     MSVCRTD:initializers.obj
 0002:00000618       ___xt_a                    10011618     MSVCRTD:initializers.obj
 0002:0000071c       ___xt_z                    1001171c     MSVCRTD:initializers.obj
 0002:00000820       ??_C@_0L@FFGFNPDJ@PathObject@ 10011820     ObjectDef.obj
 0002:00000830       ??_C@_08FJNMKDHG@?$DM?5none?5?$DO@ 10011830     PathObj.obj
 0002:00000840       ??_C@_1OG@CLALICFB@?$AAC?$AA?3?$AA?2?$AAU?$AAs?$AAe?$AAr?$AAs?$AA?2?$AAJ?$AAa?$AAm?$AAe?$AAs?$AA?2@ 10011840     PathObj.obj
 0002:00000954       ??_C@_17OJIHJBCF@?$AAs?$AAt?$AAr@ 10011954     PathObj.obj
 0002:00000960       ??_C@_1M@ICONCHJF@?$AAs?$AAt?$AAr?$AAi?$AAp@ 10011960     PathObj.obj
 0002:00000970       ??_C@_19DFJJNFPI@?$AAd?$AAe?$AAs?$AAt@ 10011970     PathObj.obj
 0002:0000097c       ??_C@_17NHHLECMC@?$AAs?$AAr?$AAc@ 1001197c     PathObj.obj
 0002:00000988       ??_C@_0HD@FIFOKDBD@C?3?2Users?2James?2Downloads?2JStudi@ 10011988     PathObj.obj
 0002:00000a12       ??_C@_00CNPNBAHC@@         10011a12     PathObj.obj
 0002:00000a14       ??_C@_0BH@KIBLNGDK@JE_ERR_MEMORY_RESOURCE@ 10011a14     PathObj.obj
 0002:00000a30       ??_C@_1BC@IMGBJFLJ@?$AAp?$AAP?$AAa?$AAt?$AAh?$AAO?$AAb?$AAj@ 10011a30     PathObj.obj
 0002:00000a48       ??_C@_19DOLMIDJD@?$AAL?$AAi?$AAs?$AAt@ 10011a48     PathObj.obj
 0002:00000a54       ??_C@_1BA@BFBMICPH@?$AAL?$AAi?$AAs?$AAt?$AAN?$AAd?$AAx@ 10011a54     PathObj.obj
 0002:00000a68       ??_C@_0P@NMGPAEGM@Controlling?5?$CFs@ 10011a68     PathObj.obj
 0002:00000a7c       ??_C@_07NJJEDOBB@Details@  10011a7c     PathObj.obj
 0002:00000a88       ??_C@_0L@CJDFNLAO@Loop?5Time?3@ 10011a88     PathObj.obj
 0002:00000a98       ??_C@_0BE@FKKCPMKK@Prop?5Interp?5Linear?3@ 10011a98     PathObj.obj
 0002:00000ab0       ??_C@_0BF@CHGFHLHH@Prop?5Interp?5Hermite?3@ 10011ab0     PathObj.obj
 0002:00000acc       ??_C@_0BO@FIOLBIHP@Prop?5Interp?5Hermite?5Zero?5Div?3@ 10011acc     PathObj.obj
 0002:00000af0       ??_C@_0BD@FLOLIOBK@Pos?5Interp?5Linear?3@ 10011af0     PathObj.obj
 0002:00000b08       ??_C@_0BE@OMAFIBIJ@Pos?5Interp?5Hermite?3@ 10011b08     PathObj.obj
 0002:00000b20       ??_C@_0BN@JIONKKGH@Pos?5Interp?5Hermite?5Zero?5Div?3@ 10011b20     PathObj.obj
 0002:00000b44       ??_C@_0BD@PMNPEKA@Rot?5Interp?5Linear?3@ 10011b44     PathObj.obj
 0002:00000b5c       ??_C@_0BC@FFAAGCBC@Rot?5Interp?5Slerp?3@ 10011b5c     PathObj.obj
 0002:00000b74       ??_C@_0BC@NDCLBHAI@Rot?5Interp?5Squad?3@ 10011b74     PathObj.obj
 0002:00000b8c       ??_C@_1M@FEOFBOBD@?$AA?$CK?$AAL?$AAi?$AAs?$AAt@ 10011b8c     PathObj.obj
 0002:00000b9c       ??_C@_1BM@PPNPLNPK@?$AAP?$AAr?$AAo?$AAp?$AAe?$AAr?$AAt?$AAy?$AAC?$AAo?$AAu?$AAn?$AAt@ 10011b9c     PathObj.obj
 0002:00000bc0       ??_C@_0BH@GOJKNNKA@Add?5Position?5Time?5Line@ 10011bc0     PathObj.obj
 0002:00000bdc       ??_C@_0BH@PFNKNBBD@Add?5Property?5Time?5Line@ 10011bdc     PathObj.obj
 0002:00000bf8       ??_C@_07NBDGDPAC@Object?3@ 10011bf8     PathObj.obj
 0002:00000c04       ??_C@_09BKHOEFBM@Position?3@ 10011c04     PathObj.obj
 0002:00000c10       ??_C@_02EHLIIHJM@X?3@      10011c10     PathObj.obj
 0002:00000c14       ??_C@_02EGHKONKL@Y?3@      10011c14     PathObj.obj
 0002:00000c18       ??_C@_02EEDMFDPC@Z?3@      10011c18     PathObj.obj
 0002:00000c1c       ??_C@_0BG@GHOBOCOE@Delete?5This?5Time?5Line@ 10011c1c     PathObj.obj
 0002:00000c38       ??_C@_05DNIIFBMG@?$CFs?5?$CFs@ 10011c38     PathObj.obj
 0002:00000c40       ??_C@_07IFMLPBAP@?$CFs?5?$CI?$CFs?$CJ@ 10011c40     PathObj.obj
 0002:00000c4c       ??_C@_09NPGIAPIF@Property?3@ 10011c4c     PathObj.obj
 0002:00000c58       ??_C@_06IKKIDNKD@Value?3@  10011c58     PathObj.obj
 0002:00000c60       ??_C@_04ONEOJOLI@Vec?3@    10011c60     PathObj.obj
 0002:00000c68       ??_C@_06KDIJONLE@Color?3@  10011c68     PathObj.obj
 0002:00000c70       ??_C@_04BNIBCOPN@Red?3@    10011c70     PathObj.obj
 0002:00000c78       ??_C@_06JPBPAAOD@Green?3@  10011c78     PathObj.obj
 0002:00000c80       ??_C@_05GHDLOIGL@Blue?3@   10011c80     PathObj.obj
 0002:00000c88       ??_C@_1M@MJCCOMHG@?$AAW?$AAo?$AAr?$AAl?$AAd@ 10011c88     PathObj.obj
 0002:00000c98       ??_C@_1BG@PFOKPINP@?$AAN?$AAa?$AAm?$AAe?$AAT?$AAo?$AAF?$AAi?$AAn?$AAd@ 10011c98     PathObj.obj
 0002:00000cb4       ??_C@_17HLMHEJOB@?$AAO?$AAb?$AAj@ 10011cb4     PathObj.obj
 0002:00000cc0       ??_C@_1BG@GLKDDDLG@?$AAP?$AAr?$AAo?$AAp?$AAD?$AAa?$AAt?$AAa?$AAI?$AAd@ 10011cc0     PathObj.obj
 0002:00000cdc       ??_C@_06GBJBIDMM@?$CFs?9?$DO?$CFs@ 10011cdc     PathObj.obj
 0002:00000ce4       ??_C@_1BE@LJMECDMA@?$AAN?$AAa?$AAm?$AAe?$AAC?$AAo?$AAu?$AAn?$AAt@ 10011ce4     PathObj.obj
 0002:00000d00       ??_C@_1EC@DFMPBIJO@?$AAt?$AAd?$AA?9?$AA?$DO?$AAP?$AAr?$AAo?$AAp?$AAe?$AAr?$AAt?$AAy?$AAN?$AAa?$AAm@ 10011d00     PathObj.obj
 0002:00000d50       ??_C@_1BM@DFOPOOLE@?$AAH?$AAa?$AAs?$AAP?$AAr?$AAo?$AAp?$AAe?$AAr?$AAt?$AAi?$AAe?$AAs@ 10011d50     PathObj.obj
 0002:00000d74       ??_C@_1DO@PJBGPHBO@?$AAt?$AAd?$AA?9?$AA?$DO?$AAO?$AAb?$AAj?$AAe?$AAc?$AAt?$AAN?$AAa?$AAm?$AAe?$AAL@ 10011d74     PathObj.obj
 0002:00000dc0       ??_C@_1BC@LDHKIAE@?$AAI?$AAn?$AAs?$AAt?$AAa?$AAn?$AAc?$AAe@ 10011dc0     PathObj.obj
 0002:00000dd8       ??_C@_01ICJEACDI@?$DL@     10011dd8     PathObj.obj
 0002:00000ddc       ??_C@_05DIALNFFA@?$CFs?5?$CFd@ 10011ddc     PathObj.obj
 0002:00000de4       ??_C@_1CC@DPNEFNAE@?$AAT?$AAi?$AAm?$AAe?$AAL?$AAi?$AAn?$AAe?$AAN?$AAd?$AAx?$AA?5?$AA?$DO?$AA?$DN?$AA?5@ 10011de4     PathObj.obj
 0002:00000e0c       ??_C@_1BE@KMDLKHPM@?$AAp?$AAI?$AAn?$AAs?$AAt?$AAa?$AAn?$AAc?$AAe@ 10011e0c     PathObj.obj
 0002:00000e24       ??_C@_1CK@EFKNLMGL@?$AAp?$AAP?$AAa?$AAt?$AAh?$AAO?$AAb?$AAj?$AA?9?$AA?$DO?$AAR?$AAe?$AAf?$AAC?$AAn@ 10011e24     PathObj.obj
 0002:00000e58       ??_C@_1O@IJCDOAJL@?$AAp?$AAW?$AAo?$AAr?$AAl?$AAd@ 10011e58     PathObj.obj
 0002:00000e68       ??_C@_1O@OIKEGNDA@?$AAE?$AAn?$AAg?$AAi?$AAn?$AAe@ 10011e68     PathObj.obj
 0002:00000e78       ??_C@_1O@NJAJGJMG@?$AAC?$AAa?$AAm?$AAe?$AAr?$AAa@ 10011e78     PathObj.obj
 0002:00000e88       ??_C@_1BK@FHGJNIOH@?$AAF?$AAi?$AAl?$AAe?$AA?5?$AA?$CB?$AA?$DN?$AA?5?$AAN?$AAU?$AAL?$AAL@ 10011e88     PathObj.obj
 0002:00000ea8       ??_C@_1BO@HJMILEGM@?$AAS?$AAt?$AAr?$AAi?$AAn?$AAg?$AA?5?$AA?$CB?$AA?$DN?$AA?5?$AAN?$AAU?$AAL?$AAL@ 10011ea8     PathObj.obj
 0002:00000ecc       ??_C@_1BC@KCECIPDP@?$AAS?$AAi?$AAz?$AAe?$AA?5?$AA?$DO?$AA?5?$AA0@ 10011ecc     PathObj.obj
 0002:00000ee4       ??_C@_0M@KFLPAFFN@PathObject?6@ 10011ee4     PathObj.obj
 0002:00000ef4       ??_C@_1BO@MPJOMIKL@?$AAP?$AAt?$AAr?$AAM?$AAg?$AAr?$AA?5?$AA?$CB?$AA?$DN?$AA?5?$AAN?$AAU?$AAL?$AAL@ 10011ef4     PathObj.obj
 0002:00000f18       ??_C@_0BO@IFPDKGAG@PathObject_CreateFromFile?3Tag@ 10011f18     PathObj.obj
 0002:00000f3c       ??_C@_0BD@ENGKCHBG@JE_ERR_FILEIO_READ@ 10011f3c     PathObj.obj
 0002:00000f54       ??_C@_0CC@PPAFODDL@PathObject_CreateFromFile?3Versi@ 10011f54     PathObj.obj
 0002:00000f7c       ??_C@_0CO@INFKDDEG@Error?5occured?5in?5CreateFromFile@ 10011f7c     PathObj.obj
 0002:00000fb4       ??_C@_1CC@CAMJEFBK@?$AAI?$AAn?$AAs?$AAt?$AAa?$AAn?$AAc?$AAe?$AA?5?$AA?$CB?$AA?$DN?$AA?5?$AAN?$AAU?$AAL@ 10011fb4     PathObj.obj
 0002:00000fdc       ??_C@_0BH@PHGBOLAL@JE_ERR_SYSTEM_RESOURCE@ 10011fdc     PathObj.obj
 0002:00000ff8       ??_C@_1JK@NHNMOCPD@?$AAC?$AAh?$AAa?$AAn?$AAn?$AAe?$AAl?$AAT?$AAy?$AAp?$AAe?$AA?5?$AA?$DN?$AA?$DN?$AA?5@ 10011ff8     PathObj.obj
 0002:000010b0       ??_C@_1EM@EBIFIBKF@?$AAT?$AAi?$AAm?$AAe?$AAL?$AAi?$AAn?$AAe?$AAN?$AAd?$AAx?$AA?5?$AA?$DO?$AA?$DN?$AA?5@ 100120b0     PathObj.obj
 0002:0000110c       ??_C@_19NHABCBNP@?$AAP?$AAa?$AAt?$AAh@ 1001210c     PathObj.obj
 0002:00001118       ??_C@_1BE@DENADGKH@?$AAS?$AAt?$AAa?$AAr?$AAt?$AAT?$AAi?$AAm?$AAe@ 10012118     PathObj.obj
 0002:00001130       ??_C@_1BA@OMLIJEIP@?$AAE?$AAn?$AAd?$AAT?$AAi?$AAm?$AAe@ 10012130     PathObj.obj
 0002:00001148       ??_C@_1EK@GGMBJINE@?$AAT?$AAi?$AAm?$AAe?$AAL?$AAi?$AAn?$AAe?$AAN?$AAd?$AAx?$AA?5?$AA?$DO?$AA?$DN?$AA?5@ 10012148     PathObj.obj
 0002:000011a0       ??_C@_1FE@DFCAKIFA@?$AAD?$AAa?$AAt?$AAa?$AAT?$AAy?$AAp?$AAe?$AA?5?$AA?$DO?$AA?$DN?$AA?5?$AA0?$AA?5?$AA?$CG@ 100121a0     PathObj.obj
 0002:00001204       ??_C@_1M@DIFJGACK@?$AAp?$AAD?$AAa?$AAt?$AAa@ 10012204     PathObj.obj
 0002:00001214       ??_C@_15BAJPNDCH@?$AAX?$AAF@ 10012214     PathObj.obj
 0002:0000121c       ??_C@_19IEEMEPMH@?$AAD?$AAa?$AAt?$AAa@ 1001221c     PathObj.obj
 0002:00001228       ??_C@_1CC@LGBPNPON@?$AAp?$AAP?$AAa?$AAt?$AAh?$AAO?$AAb?$AAj?$AA?5?$AA?$CB?$AA?$DN?$AA?5?$AAN?$AAU?$AAL@ 10012228     PathObj.obj
 0002:00001250       __real@00000000            10012250     PathObj.obj
 0002:00001254       __real@3f800000            10012254     PathObj.obj
 0002:00001258       __real@4b18967f            10012258     PathObj.obj
 0002:0000125c       __real@4b189680            1001225c     PathObj.obj
 0002:00001260       __real@4f000000            10012260     PathObj.obj
 0002:00001264       __real@7f7fffff            10012264     PathObj.obj
 0002:00001268       __real@bf800000            10012268     PathObj.obj
 0002:0000126c       __real@cf000000            1001226c     PathObj.obj
 0002:00001270       __real@ff7fffff            10012270     PathObj.obj
 0002:00001278       ??_C@_1OG@ELIFLMKC@?$AAC?$AA?3?$AA?2?$AAU?$AAs?$AAe?$AAr?$AAs?$AA?2?$AAJ?$AAa?$AAm?$AAe?$AAs?$AA?2@ 10012278     Trigger.obj
 0002:0000138c       ??_C@_1BI@CPBIILPK@?$AAE?$AAv?$AAe?$AAn?$AAt?$AAS?$AAt?$AAr?$AAi?$AAn?$AAg@ 1001238c     Trigger.obj
 0002:000013a8       ??_C@_0BC@GBMFKGMC@?$CFs?5?$CFs?5?$CFs?5?$CFs?5?$CFs?5?$CFs@ 100123a8     Trigger.obj
 0002:000013c0       ??_C@_07LIABELBC@ambient@  100123c0     Trigger.obj
 0002:000013cc       ??_C@_06GGBHJAPK@spout1@   100123cc     Trigger.obj
 0002:000013d4       ??_C@_05NJNGEDKM@morph@    100123d4     Trigger.obj
 0002:000013dc       ??_C@_03FMNFMMCM@ink@      100123dc     Trigger.obj
 0002:000013e0       ??_C@_1O@JAJMFBCG@?$AAM?$AAo?$AAt?$AAi?$AAo?$AAn@ 100123e0     Trigger.obj
 0002:000013f0       ??_C@_1CK@DOFGCCDD@?$AAS?$AAt?$AAa?$AAr?$AAt?$AAT?$AAi?$AAm?$AAe?$AA?5?$AA?$DM?$AA?$DN?$AA?5?$AAE?$AAn@ 100123f0     Trigger.obj
 0002:000014e0       ??_C@_0NN@JMPELKLB@The?5value?5of?5ESP?5was?5not?5proper@ 100124e0     MSVCRTD:error.obj
 0002:000015f0       ??_C@_0BBN@ELNNILBE@A?5cast?5to?5a?5smaller?5data?5type?5h@ 100125f0     MSVCRTD:error.obj
 0002:00001748       ??_C@_0BN@BPOGFMJL@Stack?5memory?5was?5corrupted?$AN?6@ 10012748     MSVCRTD:error.obj
 0002:0000176c       ??_C@_0DG@DAJCDLPN@A?5local?5variable?5was?5used?5befor@ 1001276c     MSVCRTD:error.obj
 0002:000017ac       ??_C@_0CM@JMIDGKLA@Stack?5memory?5around?5_alloca?5was@ 100127ac     MSVCRTD:error.obj
 0002:000017e0       ??_C@_0BO@CHIONIOI@Unknown?5Runtime?5Check?5Error?$AN?6@ 100127e0     MSVCRTD:error.obj
 0002:00001808       ??_C@_1GM@CNOOJIHC@?$AAR?$AAu?$AAn?$AAt?$AAi?$AAm?$AAe?$AA?5?$AAC?$AAh?$AAe?$AAc?$AAk?$AA?5?$AAE@ 10012808     MSVCRTD:error.obj
 0002:00001890       ??_C@_1EA@NFKNIFJP@?$AAR?$AAu?$AAn?$AA?9?$AAT?$AAi?$AAm?$AAe?$AA?5?$AAC?$AAh?$AAe?$AAc?$AAk?$AA?5@ 10012890     MSVCRTD:error.obj
 0002:000018dc       ??_C@_0BB@PFFGGCJP@Unknown?5Filename@ 100128dc     MSVCRTD:error.obj
 0002:000018f0       ??_C@_0BE@GNBOBNCK@Unknown?5Module?5Name@ 100128f0     MSVCRTD:error.obj
 0002:00001908       ??_C@_0CA@IODNCDPG@Run?9Time?5Check?5Failure?5?$CD?$CFd?5?9?5?$CFs@ 10012908     MSVCRTD:error.obj
 0002:00001930       ??_C@_0CG@IAFNJNEE@Stack?5corrupted?5near?5unknown?5va@ 10012930     MSVCRTD:error.obj
 0002:00001960       ??_C@_05MKKEDADM@?$CF?42X?5@ 10012960     MSVCRTD:error.obj
 0002:00001968       ??_C@_0EJ@LJKNEOLN@Stack?5area?5around?5_alloca?5memor@ 10012968     MSVCRTD:error.obj
 0002:000019c0       ??_C@_01EEMJAFIK@?6@       100129c0     MSVCRTD:error.obj
 0002:000019c4       ??_C@_02LLMPMKNF@?$DO?5@   100129c4     MSVCRTD:error.obj
 0002:000019c8       ??_C@_08OMAHNMHJ@?6Data?3?5?$DM@ 100129c8     MSVCRTD:error.obj
 0002:000019d4       ??_C@_0CK@DKGBICFE@?6Allocation?5number?5within?5this?5@ 100129d4     MSVCRTD:error.obj
 0002:00001a08       ??_C@_07DFDJCKFN@?6Size?3?5@ 10012a08     MSVCRTD:error.obj
 0002:00001a14       ??_C@_0N@MHFFIMFG@?6Address?3?50x@ 10012a14     MSVCRTD:error.obj
 0002:00001a28       ??_C@_0EI@CLEPFNGI@Stack?5area?5around?5_alloca?5memor@ 10012a28     MSVCRTD:error.obj
 0002:00001a80       ??_C@_0BK@ODNDAGKB@?$CFs?$CFs?$CFp?$CFs?$CFzd?$CFs?$CFd?$CFs?$CFs?$CFs?$CFs?$CFs@ 10012a80     MSVCRTD:error.obj
 0002:00001aa0       ??_C@_0DE@OHJBPMBP@A?5variable?5is?5being?5used?5withou@ 10012aa0     MSVCRTD:error.obj
 0002:00001ae0       __pDefaultRawDllMain       10012ae0     MSVCRTD:dll_dllmain.obj
 0002:00001ae0       __pRawDllMain              10012ae0     MSVCRTD:dll_dllmain.obj
 0002:00001afc       ??_C@_0BJ@HEGAHDFO@Stack?5pointer?5corruption@ 10012afc     MSVCRTD:userapi.obj
 0002:00001b1c       ??_C@_0CK@FEGOIOPB@Cast?5to?5smaller?5type?5causing?5lo@ 10012b1c     MSVCRTD:userapi.obj
 0002:00001b50       ??_C@_0BI@CIGMDCBH@Stack?5memory?5corruption@ 10012b50     MSVCRTD:userapi.obj
 0002:00001b6c       ??_C@_0CK@CNLNOEPB@Local?5variable?5used?5before?5init@ 10012b6c     MSVCRTD:userapi.obj
 0002:00001ba0       ??_C@_0BP@OGBCLIBO@Stack?5around?5_alloca?5corrupted@ 10012ba0     MSVCRTD:userapi.obj
 0002:00001c20       ??_C@_1EI@MLPKHBGE@?$AAa?$AAp?$AAi?$AA?9?$AAm?$AAs?$AA?9?$AAw?$AAi?$AAn?$AA?9?$AAc?$AAo?$AAr?$AAe@ 10012c20     MSVCRTD:pdblkup.obj
 0002:00001c78       ??_C@_1BK@JHLNAEJL@?$AAa?$AAd?$AAv?$AAa?$AAp?$AAi?$AA3?$AA2?$AA?4?$AAd?$AAl?$AAl@ 10012c78     MSVCRTD:pdblkup.obj
 0002:00001c98       ??_C@_0O@COHOBMLB@RegOpenKeyExW@ 10012c98     MSVCRTD:pdblkup.obj
 0002:00001ca8       ??_C@_0BB@GLNAEDBD@RegQueryValueExW@ 10012ca8     MSVCRTD:pdblkup.obj
 0002:00001cbc       ??_C@_0M@HLOHPNFA@RegCloseKey@ 10012cbc     MSVCRTD:pdblkup.obj
 0002:00001cd0       ??_C@_1HE@EBEAGLFB@?$AAS?$AAO?$AAF?$AAT?$AAW?$AAA?$AAR?$AAE?$AA?2?$AAW?$AAo?$AAw?$AA6?$AA4?$AA3@ 10012cd0     MSVCRTD:pdblkup.obj
 0002:00001d5c       ??_C@_1BG@EABPBLLF@?$AAP?$AAr?$AAo?$AAd?$AAu?$AAc?$AAt?$AAD?$AAi?$AAr@ 10012d5c     MSVCRTD:pdblkup.obj
 0002:00001d9c       ??_C@_1BC@JINFINNJ@?$AAM?$AAS?$AAP?$AAD?$AAB?$AA1?$AA4?$AA0@ 10012d9c     MSVCRTD:pdblkup.obj
 0002:00001db4       ??_C@_0BB@KCIACLNC@PDBOpenValidate5@ 10012db4     MSVCRTD:pdblkup.obj
 0002:00001dc8       ??_C@_01KDCPPGHE@r@        10012dc8     MSVCRTD:pdblkup.obj
 0002:00001dd0       __load_config_used         10012dd0     MSVCRTD:loadcfg.obj
 0002:00002080       ___CastGuardVftablesStart  10013080     MSVCRTD:guard_support.obj
 0002:00002200       ___CastGuardVftablesEnd    10013200     MSVCRTD:guard_support.obj
 0002:0000234c       ___safe_se_handler_table   1001334c     <linker-defined>
 0002:00002624       ___rtc_iaa                 10013624     MSVCRTD:initsect.obj
 0002:00002838       ___rtc_izz                 10013838     MSVCRTD:initsect.obj
 0002:0000293c       ___rtc_taa                 1001393c     MSVCRTD:initsect.obj
 0002:00002b50       ___rtc_tzz                 10013b50     MSVCRTD:initsect.obj
 0003:00000000       _ObjectDef                 10014000     ObjectDef.obj
 0003:000000a8       ?__LINE__Var@?0??Util_StripChar@@9@9 100140a8     PathObj.obj
 0003:000000ac       ?__LINE__Var@?0??Util_StrDupManagePtr@@9@9 100140ac     PathObj.obj
 0003:000000b0       ?__LINE__Var@?0??TimeEdit_FillTimeLineProperties@@9@9 100140b0     PathObj.obj
 0003:000000b4       ?__LINE__Var@?0??TimeEdit_FillDetails@@9@9 100140b4     PathObj.obj
 0003:000000b8       ?__LINE__Var@?0??PathObject_BuildPropertyList@@9@9 100140b8     PathObj.obj
 0003:000000bc       ?__LINE__Var@?0??PathObject_FindObjectFromName@@9@9 100140bc     PathObj.obj
 0003:000000c0       ?__LINE__Var@?0??PathObject_GetPropertyDataIdFromName@@9@9 100140c0     PathObj.obj
 0003:000000c4       ?__LINE__Var@?0??PathObject_BuildPropertyNameList@@9@9 100140c4     PathObj.obj
 0003:000000c8       ?__LINE__Var@?0??PathObject_ObjectHasProperties@@9@9 100140c8     PathObj.obj
 0003:000000cc       ?__LINE__Var@?0??PathObject_GetPropertyInfoFromDataId@@9@9 100140cc     PathObj.obj
 0003:000000d0       ?__LINE__Var@?0??PathObject_ValidateObject@@9@9 100140d0     PathObj.obj
 0003:000000d4       ?__LINE__Var@?0??PathObject_BuildObjectNameList@@9@9 100140d4     PathObj.obj
 0003:000000d8       ?__LINE__Var@?0??CreateInstance@@9@9 100140d8     PathObj.obj
 0003:000000dc       ?__LINE__Var@?0??CreateRef@@9@9 100140dc     PathObj.obj
 0003:000000e0       ?__LINE__Var@?0??PathObject_FreeTimeLine@@9@9 100140e0     PathObj.obj
 0003:000000e4       ?__LINE__Var@?0??Destroy@@9@9 100140e4     PathObj.obj
 0003:000000e8       ?__LINE__Var@?0??Render@@9@9 100140e8     PathObj.obj
 0003:000000ec       ?__LINE__Var@?0??AttachWorld@@9@9 100140ec     PathObj.obj
 0003:000000f0       ?__LINE__Var@?0??DettachWorld@@9@9 100140f0     PathObj.obj
 0003:000000f4       ?__LINE__Var@?0??AttachEngine@@9@9 100140f4     PathObj.obj
 0003:000000f8       ?__LINE__Var@?0??DettachEngine@@9@9 100140f8     PathObj.obj
 0003:000000fc       ?__LINE__Var@?0??AttachSoundSystem@@9@9 100140fc     PathObj.obj
 0003:00000100       ?__LINE__Var@?0??DettachSoundSystem@@9@9 10014100     PathObj.obj
 0003:00000104       ?__LINE__Var@?0??ObjUtil_ReadString@@9@9 10014104     PathObj.obj
 0003:00000108       ?__LINE__Var@?0??ObjUtil_WriteString@@9@9 10014108     PathObj.obj
 0003:0000010c       ?__LINE__Var@?0??CreateFromFile@@9@9 1001410c     PathObj.obj
 0003:00000110       ?__LINE__Var@?0??WriteToFile@@9@9 10014110     PathObj.obj
 0003:00000114       ?__LINE__Var@?0??PathObject_InitAddTimeLine@@9@9 10014114     PathObj.obj
 0003:00000118       ?__LINE__Var@?0??PathObject_EnableTimeLine@@9@9 10014118     PathObj.obj
 0003:0000011c       ?__LINE__Var@?0??GetPropertyList@@9@9 1001411c     PathObj.obj
 0003:00000120       ?__LINE__Var@?0??PathObject_BuildMotion@@9@9 10014120     PathObj.obj
 0003:00000124       ?__LINE__Var@?0??PathObject_SafeGetTimeExtents@@9@9 10014124     PathObj.obj
 0003:00000128       ?__LINE__Var@?0??PathObject_SampleMotion@@9@9 10014128     PathObj.obj
 0003:0000012c       ?__LINE__Var@?0??PathObject_SampleXFormAtTime@@9@9 1001412c     PathObj.obj
 0003:00000130       ?__LINE__Var@?0??PathObject_DeleteTimeLine@@9@9 10014130     PathObj.obj
 0003:00000134       ?__LINE__Var@?0??SetProperty@@9@9 10014134     PathObj.obj
 0003:00000138       ?__LINE__Var@?0??SetXForm@@9@9 10014138     PathObj.obj
 0003:0000013c       ?__LINE__Var@?0??GetXForm@@9@9 1001413c     PathObj.obj
 0003:00000140       ?__LINE__Var@?0??PathObject_PutDataIntoChannelObject@@9@9 10014140     PathObj.obj
 0003:00000144       ?__LINE__Var@?0??MessageFunction@@9@9 10014144     PathObj.obj
 0003:00000148       ?__LINE__Var@?0??UpdateTimeDelta@@9@9 10014148     PathObj.obj
 0003:0000014c       ?__LINE__Var@?0??Trigger_ParseEvent@@9@9 1001414c     Trigger.obj
 0003:00000150       ?__LINE__Var@?0??Trigger_ProcessEvents@@9@9 10014150     Trigger.obj
 0003:00000154       ?_RTC_ErrorLevels@@3PAHA   10014154     MSVCRTD:error.obj
 0003:00000180       ___security_cookie         10014180     MSVCRTD:gs_cookie.obj
 0003:000001c0       ___security_cookie_complement 100141c0     MSVCRTD:gs_cookie.obj
 0003:000001d4       __fltused                  100141d4     MSVCRTD:fltused.obj
 0003:000001d8       ___scrt_native_dllmain_reason 100141d8     MSVCRTD:utility.obj
 0003:000001e0       ___isa_enabled             100141e0     MSVCRTD:cpu_disp.obj
 0003:000001e8       ___isa_inverted            100141e8     MSVCRTD:cpu_disp.obj
 0003:000001f4       ___scrt_ucrt_dll_is_in_use 100141f4     MSVCRTD:ucrt_stubs.obj
 0003:00000330       ?_OptionsStorage@?1??__local_stdio_printf_options@@9@4_KA 10014330     MSVCRTD:error.obj
 0003:00000354       ___castguard_check_failure_user_handled_fptr 10014354     MSVCRTD:guard_support.obj
 0003:00000358       ?__type_info_root_node@@3U__type_info_node@@A 10014358     MSVCRTD:tncleanup.obj
 0003:00000368       ?_OptionsStorage@?1??__local_stdio_scanf_options@@9@4_KA 10014368     MSVCRTD:default_local_stdio_options.obj
 0003:00000374       ___scrt_current_native_startup_state 10014374     MSVCRTD:utility.obj
 0003:00000378       ___scrt_native_startup_lock 10014378     MSVCRTD:utility.obj
 0003:000003a0       ___scrt_debugger_hook_flag 100143a0     MSVCRTD:utility_desktop.obj
 0003:000003a4       ___isa_available           100143a4     MSVCRTD:cpu_disp.obj
 0003:000003a8       ___favor                   100143a8     MSVCRTD:cpu_disp.obj
 0003:000003ac       ___avx10_version           100143ac     MSVCRTD:cpu_disp.obj
 0003:000003b4       _TriggerData               100143b4     <common>
 0003:000003c0       ?_OptionsStorage@?1??__local_stdio_scanf_options@@9@9 100143c0     <common>
 0003:000003d8       ?_OptionsStorage@?1??__local_stdio_printf_options@@9@9 100143d8     <common>
 0003:000003e0       ___dyn_tls_init_callback   100143e0     <common>
 0004:00000000       __imp__jeObject_RegisterGlobalObjectDef@4 10015000     jet3DClassic11d:Jet3DClassic11d.dll
 0004:00000004       __imp__jeErrorLog_AddExplicit@24 10015004     jet3DClassic11d:Jet3DClassic11d.dll
 0004:00000008       __imp__jeVFile_Read@12     10015008     jet3DClassic11d:Jet3DClassic11d.dll
 0004:0000000c       __imp__jeVFile_Write@12    1001500c     jet3DClassic11d:Jet3DClassic11d.dll
 0004:00000010       __imp__jeVFile_Seek@12     10015010     jet3DClassic11d:Jet3DClassic11d.dll
 0004:00000014       __imp__jeXForm3d_SetIdentity@4 10015014     jet3DClassic11d:Jet3DClassic11d.dll
 0004:00000018       __imp__jeProperty_ListCreate@4 10015018     jet3DClassic11d:Jet3DClassic11d.dll
 0004:0000001c       __imp__jeProperty_ListDestroy@4 1001501c     jet3DClassic11d:Jet3DClassic11d.dll
 0004:00000020       __imp__jeProperty_FillGroup@12 10015020     jet3DClassic11d:Jet3DClassic11d.dll
 0004:00000024       __imp__jeProperty_FillButton@12 10015024     jet3DClassic11d:Jet3DClassic11d.dll
 0004:00000028       __imp__jeProperty_FillCheck@16 10015028     jet3DClassic11d:Jet3DClassic11d.dll
 0004:0000002c       __imp__jeProperty_FillRadio@16 1001502c     jet3DClassic11d:Jet3DClassic11d.dll
 0004:00000030       __imp__jeProperty_FillVec3dGroup@16 10015030     jet3DClassic11d:Jet3DClassic11d.dll
 0004:00000034       __imp__jeProperty_FillTimeGroup@12 10015034     jet3DClassic11d:Jet3DClassic11d.dll
 0004:00000038       __imp__jeProperty_FillFloat@28 10015038     jet3DClassic11d:Jet3DClassic11d.dll
 0004:0000003c       __imp__jeProperty_FillInt@28 1001503c     jet3DClassic11d:Jet3DClassic11d.dll
 0004:00000040       __imp__jeProperty_FillGroupEnd@8 10015040     jet3DClassic11d:Jet3DClassic11d.dll
 0004:00000044       __imp__jeProperty_FillCombo@24 10015044     jet3DClassic11d:Jet3DClassic11d.dll
 0004:00000048       __imp__jeObject_Destroy@4  10015048     jet3DClassic11d:Jet3DClassic11d.dll
 0004:0000004c       __imp__jeObject_GetName@4  1001504c     jet3DClassic11d:Jet3DClassic11d.dll
 0004:00000050       __imp__jeObject_WriteToFile@12 10015050     jet3DClassic11d:Jet3DClassic11d.dll
 0004:00000054       __imp__jeObject_CreateFromFile@8 10015054     jet3DClassic11d:Jet3DClassic11d.dll
 0004:00000058       __imp__jeObject_GetTypeName@4 10015058     jet3DClassic11d:Jet3DClassic11d.dll
 0004:0000005c       __imp__jeObject_GetPropertyList@8 1001505c     jet3DClassic11d:Jet3DClassic11d.dll
 0004:00000060       __imp__jeObject_SetProperty@16 10015060     jet3DClassic11d:Jet3DClassic11d.dll
 0004:00000064       __imp__jeObject_CreateRef@4 10015064     jet3DClassic11d:Jet3DClassic11d.dll
 0004:00000068       __imp__jeObject_SetXForm@8 10015068     jet3DClassic11d:Jet3DClassic11d.dll
 0004:0000006c       __imp__jeObject_GetXForm@8 1001506c     jet3DClassic11d:Jet3DClassic11d.dll
 0004:00000070       __imp__jeObject_GetXFormModFlags@4 10015070     jet3DClassic11d:Jet3DClassic11d.dll
 0004:00000074       __imp__jeObject_SendMessage@12 10015074     jet3DClassic11d:Jet3DClassic11d.dll
 0004:00000078       __imp__jeWorld_GetNextObject@8 10015078     jet3DClassic11d:Jet3DClassic11d.dll
 0004:0000007c       __imp___jeRam_DebugAllocate@12 1001507c     jet3DClassic11d:Jet3DClassic11d.dll
 0004:00000080       __imp__jeRam_Free_@4       10015080     jet3DClassic11d:Jet3DClassic11d.dll
 0004:00000084       __imp___jeRam_DebugRealloc@16 10015084     jet3DClassic11d:Jet3DClassic11d.dll
 0004:00000088       __imp__jePath_Create@12    10015088     jet3DClassic11d:Jet3DClassic11d.dll
 0004:0000008c       __imp__jePath_Destroy@4    1001508c     jet3DClassic11d:Jet3DClassic11d.dll
 0004:00000090       __imp__jePath_SetCutMode@8 10015090     jet3DClassic11d:Jet3DClassic11d.dll
 0004:00000094       __imp__jePath_InsertKeyframe@16 10015094     jet3DClassic11d:Jet3DClassic11d.dll
 0004:00000098       __imp__jePath_GetKeyframe@20 10015098     jet3DClassic11d:Jet3DClassic11d.dll
 0004:0000009c       __imp__jePath_GetKeyframeCount@8 1001509c     jet3DClassic11d:Jet3DClassic11d.dll
 0004:000000a0       __imp__jePath_Sample@12    100150a0     jet3DClassic11d:Jet3DClassic11d.dll
 0004:000000a4       __imp__jeMotion_Create@4   100150a4     jet3DClassic11d:Jet3DClassic11d.dll
 0004:000000a8       __imp__jeMotion_Destroy@4  100150a8     jet3DClassic11d:Jet3DClassic11d.dll
 0004:000000ac       __imp__jeMotion_AddPath@16 100150ac     jet3DClassic11d:Jet3DClassic11d.dll
 0004:000000b0       __imp__jeMotion_GetPath@8  100150b0     jet3DClassic11d:Jet3DClassic11d.dll
 0004:000000b4       __imp__jeMotion_InsertEvent@12 100150b4     jet3DClassic11d:Jet3DClassic11d.dll
 0004:000000b8       __imp__jeMotion_SetupEventIterator@12 100150b8     jet3DClassic11d:Jet3DClassic11d.dll
 0004:000000bc       __imp__jeMotion_GetNextEvent@12 100150bc     jet3DClassic11d:Jet3DClassic11d.dll
 0004:000000c0       \177Jet3DClassic11d_NULL_THUNK_DATA 100150c0     jet3DClassic11d:Jet3DClassic11d.dll
 0004:00000110       __imp__OutputDebugStringA@4 10015110     kernel32:KERNEL32.dll
 0004:00000114       __imp__GetModuleHandleW@4  10015114     kernel32:KERNEL32.dll
 0004:00000118       __imp__GetStartupInfoW@4   10015118     kernel32:KERNEL32.dll
 0004:0000011c       __imp__SetUnhandledExceptionFilter@4 1001511c     kernel32:KERNEL32.dll
 0004:00000120       __imp__InitializeSListHead@4 10015120     kernel32:KERNEL32.dll
 0004:00000124       __imp__GetSystemTimeAsFileTime@4 10015124     kernel32:KERNEL32.dll
 0004:00000128       __imp__GetCurrentThreadId@0 10015128     kernel32:KERNEL32.dll
 0004:0000012c       __imp__GetCurrentProcessId@0 1001512c     kernel32:KERNEL32.dll
 0004:00000130       __imp__IsProcessorFeaturePresent@4 10015130     kernel32:KERNEL32.dll
 0004:00000134       __imp__QueryPerformanceCounter@4 10015134     kernel32:KERNEL32.dll
 0004:00000138       __imp__GetProcAddress@8    10015138     kernel32:KERNEL32.dll
 0004:0000013c       __imp__FreeLibrary@4       1001513c     kernel32:KERNEL32.dll
 0004:00000140       __imp__VirtualQuery@12     10015140     kernel32:KERNEL32.dll
 0004:00000144       __imp__GetProcessHeap@0    10015144     kernel32:KERNEL32.dll
 0004:00000148       __imp__HeapFree@12         10015148     kernel32:KERNEL32.dll
 0004:0000014c       __imp__HeapAlloc@12        1001514c     kernel32:KERNEL32.dll
 0004:00000150       __imp__GetLastError@0      10015150     kernel32:KERNEL32.dll
 0004:00000154       __imp__WideCharToMultiByte@32 10015154     kernel32:KERNEL32.dll
 0004:00000158       __imp__MultiByteToWideChar@24 10015158     kernel32:KERNEL32.dll
 0004:0000015c       __imp__RaiseException@16   1001515c     kernel32:KERNEL32.dll
 0004:00000160       __imp__IsDebuggerPresent@0 10015160     kernel32:KERNEL32.dll
 0004:00000164       \177KERNEL32_NULL_THUNK_DATA 10015164     kernel32:KERNEL32.dll
 0004:000001a0       __imp__memcpy              100151a0     vcruntimed:VCRUNTIME140D.dll
 0004:000001a4       __imp__memmove             100151a4     vcruntimed:VCRUNTIME140D.dll
 0004:000001a8       __imp__memset              100151a8     vcruntimed:VCRUNTIME140D.dll
 0004:000001ac       __imp__strstr              100151ac     vcruntimed:VCRUNTIME140D.dll
 0004:000001b0       __imp____vcrt_GetModuleFileNameW 100151b0     vcruntimed:VCRUNTIME140D.dll
 0004:000001b4       __imp____vcrt_LoadLibraryExW 100151b4     vcruntimed:VCRUNTIME140D.dll
 0004:000001b8       __imp____current_exception 100151b8     vcruntimed:VCRUNTIME140D.dll
 0004:000001bc       __imp____current_exception_context 100151bc     vcruntimed:VCRUNTIME140D.dll
 0004:000001c0       __imp____std_type_info_destroy_list 100151c0     vcruntimed:VCRUNTIME140D.dll
 0004:000001c4       __imp___except_handler4_common 100151c4     vcruntimed:VCRUNTIME140D.dll
 0004:000001c8       __imp____vcrt_GetModuleHandleW 100151c8     vcruntimed:VCRUNTIME140D.dll
 0004:000001cc       __imp__memcmp              100151cc     vcruntimed:VCRUNTIME140D.dll
 0004:000001d0       \177VCRUNTIME140D_NULL_THUNK_DATA 100151d0     vcruntimed:VCRUNTIME140D.dll
 0004:00000204       __imp___seh_filter_dll     10015204     ucrtd:ucrtbased.dll
 0004:00000208       __imp___configure_narrow_argv 10015208     ucrtd:ucrtbased.dll
 0004:0000020c       __imp___initialize_narrow_environment 1001520c     ucrtd:ucrtbased.dll
 0004:00000210       __imp___initialize_onexit_table 10015210     ucrtd:ucrtbased.dll
 0004:00000214       __imp___register_onexit_function 10015214     ucrtd:ucrtbased.dll
 0004:00000218       __imp___execute_onexit_table 10015218     ucrtd:ucrtbased.dll
 0004:0000021c       __imp___crt_atexit         1001521c     ucrtd:ucrtbased.dll
 0004:00000220       __imp__wcscpy_s            10015220     ucrtd:ucrtbased.dll
 0004:00000224       __imp___cexit              10015224     ucrtd:ucrtbased.dll
 0004:00000228       __imp___stricmp            10015228     ucrtd:ucrtbased.dll
 0004:00000228       __imp__stricmp             10015228     ucrtd:ucrtbased.dll
 0004:0000022c       __imp___wsplitpath_s       1001522c     ucrtd:ucrtbased.dll
 0004:00000230       __imp____acrt_iob_func     10015230     ucrtd:ucrtbased.dll
 0004:00000234       __imp__fmod                10015234     ucrtd:ucrtbased.dll
 0004:00000238       __imp___wassert            10015238     ucrtd:ucrtbased.dll
 0004:0000023c       __imp__strlen              1001523c     ucrtd:ucrtbased.dll
 0004:00000240       __imp__strcpy              10015240     ucrtd:ucrtbased.dll
 0004:00000244       __imp__strcmp              10015244     ucrtd:ucrtbased.dll
 0004:00000248       __imp__terminate           10015248     ucrtd:ucrtbased.dll
 0004:0000024c       __imp___wmakepath_s        1001524c     ucrtd:ucrtbased.dll
 0004:00000250       __imp___initterm_e         10015250     ucrtd:ucrtbased.dll
 0004:00000254       __imp___initterm           10015254     ucrtd:ucrtbased.dll
 0004:00000258       __imp____stdio_common_vsprintf_s 10015258     ucrtd:ucrtbased.dll
 0004:0000025c       __imp__strcat_s            1001525c     ucrtd:ucrtbased.dll
 0004:00000260       __imp__strcpy_s            10015260     ucrtd:ucrtbased.dll
 0004:00000264       __imp___CrtDbgReportW      10015264     ucrtd:ucrtbased.dll
 0004:00000268       __imp___CrtDbgReport       10015268     ucrtd:ucrtbased.dll
 0004:0000026c       __imp____stdio_common_vsscanf 1001526c     ucrtd:ucrtbased.dll
 0004:00000270       __imp____stdio_common_vsprintf 10015270     ucrtd:ucrtbased.dll
 0004:00000274       __imp___crt_at_quick_exit  10015274     ucrtd:ucrtbased.dll
 0004:00000278       __imp____stdio_common_vfprintf 10015278     ucrtd:ucrtbased.dll
 0004:0000027c       \177ucrtbased_NULL_THUNK_DATA 1001527c     ucrtd:ucrtbased.dll
 0004:000002c0       __IMPORT_DESCRIPTOR_Jet3DClassic11d 100152c0     jet3DClassic11d:Jet3DClassic11d.dll
 0004:000002d4       __IMPORT_DESCRIPTOR_KERNEL32 100152d4     kernel32:KERNEL32.dll
 0004:000002e8       __IMPORT_DESCRIPTOR_VCRUNTIME140D 100152e8     vcruntimed:VCRUNTIME140D.dll
 0004:000002fc       __IMPORT_DESCRIPTOR_ucrtbased 100152fc     ucrtd:ucrtbased.dll
 0004:00000310       __NULL_IMPORT_DESCRIPTOR   10015310     jet3DClassic11d:Jet3DClassic11d.dll
 0005:00000000       ___guard_check_icall_fptr  10017000     MSVCRTD:guard_support.obj
 0005:00000004       ___guard_xfg_check_icall_fptr 10017004     MSVCRTD:guard_support.obj
 0005:00000008       ___castguard_check_failure_os_handled_fptr 10017008     MSVCRTD:guard_support.obj

 entry point at        0001:00000122

 Static symbols

 0000:fffe6000       .debug$S                   10000000     PathObj.exp
 0000:00000000       _volmd                     10000000     PathObj.obj
 0000:00000000       _volmd                     10000000     PathObj.obj
 0000:00000000       _volmd                     10000000     PathObj.obj
 0000:00000000       _volmd                     10000000     PathObj.obj
 0000:00000000       _volmd                     10000000     PathObj.obj
 0000:00000000       _volmd                     10000000     PathObj.obj
 0000:00000000       _volmd                     10000000     PathObj.obj
 0000:00000000       _volmd                     10000000     PathObj.obj
 0000:00000000       _volmd                     10000000     PathObj.obj
 0000:00000000       _volmd                     10000000     PathObj.obj
 0000:00000000       _volmd                     10000000     PathObj.obj
 0000:00000000       _volmd                     10000000     Trigger.obj
 0000:fffe6000       .debug$S                   10000000     jet3DClassic11d:Jet3DClassic11d.dll
 0000:fffe6000       .debug$S                   10000000     jet3DClassic11d:Jet3DClassic11d.dll
 0000:fffe6000       .debug$S                   10000000     jet3DClassic11d:Jet3DClassic11d.dll
 0000:fffe6000       .debug$S                   10000000     jet3DClassic11d:Jet3DClassic11d.dll
 0000:fffe6000       .debug$S                   10000000     jet3DClassic11d:Jet3DClassic11d.dll
 0000:fffe6000       .debug$S                   10000000     jet3DClassic11d:Jet3DClassic11d.dll
 0000:fffe6000       .debug$S                   10000000     jet3DClassic11d:Jet3DClassic11d.dll
 0000:fffe6000       .debug$S                   10000000     jet3DClassic11d:Jet3DClassic11d.dll
 0000:fffe6000       .debug$S                   10000000     jet3DClassic11d:Jet3DClassic11d.dll
 0000:fffe6000       .debug$S                   10000000     jet3DClassic11d:Jet3DClassic11d.dll
 0000:fffe6000       .debug$S                   10000000     jet3DClassic11d:Jet3DClassic11d.dll
 0000:fffe6000       .debug$S                   10000000     jet3DClassic11d:Jet3DClassic11d.dll
 0000:fffe6000       .debug$S                   10000000     jet3DClassic11d:Jet3DClassic11d.dll
 0000:fffe6000       .debug$S                   10000000     jet3DClassic11d:Jet3DClassic11d.dll
 0000:fffe6000       .debug$S                   10000000     jet3DClassic11d:Jet3DClassic11d.dll
 0000:fffe6000       .debug$S                   10000000     jet3DClassic11d:Jet3DClassic11d.dll
 0000:fffe6000       .debug$S                   10000000     jet3DClassic11d:Jet3DClassic11d.dll
 0000:fffe6000       .debug$S                   10000000     jet3DClassic11d:Jet3DClassic11d.dll
 0000:fffe6000       .debug$S                   10000000     jet3DClassic11d:Jet3DClassic11d.dll
 0000:fffe6000       .debug$S                   10000000     jet3DClassic11d:Jet3DClassic11d.dll
 0000:fffe6000       .debug$S                   10000000     jet3DClassic11d:Jet3DClassic11d.dll
 0000:fffe6000       .debug$S                   10000000     jet3DClassic11d:Jet3DClassic11d.dll
 0000:fffe6000       .debug$S                   10000000     jet3DClassic11d:Jet3DClassic11d.dll
 0000:fffe6000       .debug$S                   10000000     jet3DClassic11d:Jet3DClassic11d.dll
 0000:fffe6000       .debug$S                   10000000     jet3DClassic11d:Jet3DClassic11d.dll
 0000:fffe6000       .debug$S                   10000000     jet3DClassic11d:Jet3DClassic11d.dll
 0000:fffe6000       .debug$S                   10000000     jet3DClassic11d:Jet3DClassic11d.dll
 0000:fffe6000       .debug$S                   10000000     jet3DClassic11d:Jet3DClassic11d.dll
 0000:fffe6000       .debug$S                   10000000     jet3DClassic11d:Jet3DClassic11d.dll
 0000:fffe6000       .debug$S                   10000000     jet3DClassic11d:Jet3DClassic11d.dll
 0000:fffe6000       .debug$S                   10000000     jet3DClassic11d:Jet3DClassic11d.dll
 0000:fffe6000       .debug$S                   10000000     jet3DClassic11d:Jet3DClassic11d.dll
 0000:fffe6000       .debug$S                   10000000     jet3DClassic11d:Jet3DClassic11d.dll
 0000:fffe6000       .debug$S                   10000000     jet3DClassic11d:Jet3DClassic11d.dll
 0000:fffe6000       .debug$S                   10000000     jet3DClassic11d:Jet3DClassic11d.dll
 0000:fffe6000       .debug$S                   10000000     jet3DClassic11d:Jet3DClassic11d.dll
 0000:fffe6000       .debug$S                   10000000     jet3DClassic11d:Jet3DClassic11d.dll
 0000:fffe6000       .debug$S                   10000000     jet3DClassic11d:Jet3DClassic11d.dll
 0000:fffe6000       .debug$S                   10000000     jet3DClassic11d:Jet3DClassic11d.dll
 0000:fffe6000       .debug$S                   10000000     jet3DClassic11d:Jet3DClassic11d.dll
 0000:fffe6000       .debug$S                   10000000     jet3DClassic11d:Jet3DClassic11d.dll
 0000:fffe6000       .debug$S                   10000000     jet3DClassic11d:Jet3DClassic11d.dll
 0000:fffe6000       .debug$S                   10000000     jet3DClassic11d:Jet3DClassic11d.dll
 0000:fffe6000       .debug$S                   10000000     jet3DClassic11d:Jet3DClassic11d.dll
 0000:fffe6000       .debug$S                   10000000     jet3DClassic11d:Jet3DClassic11d.dll
 0000:fffe6000       .debug$S                   10000000     jet3DClassic11d:Jet3DClassic11d.dll
 0000:fffe6000       .debug$S                   10000000     jet3DClassic11d:Jet3DClassic11d.dll
 0000:fffe6000       .debug$S                   10000000     jet3DClassic11d:Jet3DClassic11d.dll
 0000:fffe6000       .debug$S                   10000000     ucrtd:ucrtbased.dll
 0000:fffe6000       .debug$S                   10000000     ucrtd:ucrtbased.dll
 0000:fffe6000       .debug$S                   10000000     ucrtd:ucrtbased.dll
 0000:fffe6000       .debug$S                   10000000     ucrtd:ucrtbased.dll
 0000:fffe6000       .debug$S                   10000000     ucrtd:ucrtbased.dll
 0000:fffe6000       .debug$S                   10000000     ucrtd:ucrtbased.dll
 0000:fffe6000       .debug$S                   10000000     ucrtd:ucrtbased.dll
 0000:fffe6000       .debug$S                   10000000     ucrtd:ucrtbased.dll
 0000:fffe6000       .debug$S                   10000000     ucrtd:ucrtbased.dll
 0000:fffe6000       .debug$S                   10000000     ucrtd:ucrtbased.dll
 0000:fffe6000       .debug$S                   10000000     ucrtd:ucrtbased.dll
 0000:fffe6000       .debug$S                   10000000     ucrtd:ucrtbased.dll
 0000:fffe6000       .debug$S                   10000000     ucrtd:ucrtbased.dll
 0000:fffe6000       .debug$S                   10000000     ucrtd:ucrtbased.dll
 0000:fffe6000       .debug$S                   10000000     ucrtd:ucrtbased.dll
 0000:fffe6000       .debug$S                   10000000     ucrtd:ucrtbased.dll
 0000:fffe6000       .debug$S                   10000000     ucrtd:ucrtbased.dll
 0000:fffe6000       .debug$S                   10000000     ucrtd:ucrtbased.dll
 0000:fffe6000       .debug$S                   10000000     ucrtd:ucrtbased.dll
 0000:fffe6000       .debug$S                   10000000     ucrtd:ucrtbased.dll
 0000:fffe6000       .debug$S                   10000000     ucrtd:ucrtbased.dll
 0000:fffe6000       .debug$S                   10000000     ucrtd:ucrtbased.dll
 0000:fffe6000       .debug$S                   10000000     ucrtd:ucrtbased.dll
 0000:fffe6000       .debug$S                   10000000     ucrtd:ucrtbased.dll
 0000:fffe6000       .debug$S                   10000000     ucrtd:ucrtbased.dll
 0000:fffe6000       .debug$S                   10000000     ucrtd:ucrtbased.dll
 0000:fffe6000       .debug$S                   10000000     ucrtd:ucrtbased.dll
 0000:fffe6000       .debug$S                   10000000     ucrtd:ucrtbased.dll
 0000:fffe6000       .debug$S                   10000000     ucrtd:ucrtbased.dll
 0000:fffe6000       .debug$S                   10000000     ucrtd:ucrtbased.dll
 0000:fffe6000       .debug$S                   10000000     kernel32:KERNEL32.dll
 0000:fffe6000       .debug$S                   10000000     kernel32:KERNEL32.dll
 0000:fffe6000       .debug$S                   10000000     kernel32:KERNEL32.dll
 0000:fffe6000       .debug$S                   10000000     kernel32:KERNEL32.dll
 0000:fffe6000       .debug$S                   10000000     kernel32:KERNEL32.dll
 0000:fffe6000       .debug$S                   10000000     kernel32:KERNEL32.dll
 0000:fffe6000       .debug$S                   10000000     kernel32:KERNEL32.dll
 0000:fffe6000       .debug$S                   10000000     kernel32:KERNEL32.dll
 0000:fffe6000       .debug$S                   10000000     kernel32:KERNEL32.dll
 0000:fffe6000       .debug$S                   10000000     kernel32:KERNEL32.dll
 0000:fffe6000       .debug$S                   10000000     kernel32:KERNEL32.dll
 0000:fffe6000       .debug$S                   10000000     kernel32:KERNEL32.dll
 0000:fffe6000       .debug$S                   10000000     kernel32:KERNEL32.dll
 0000:fffe6000       .debug$S                   10000000     kernel32:KERNEL32.dll
 0000:fffe6000       .debug$S                   10000000     kernel32:KERNEL32.dll
 0000:fffe6000       .debug$S                   10000000     kernel32:KERNEL32.dll
 0000:fffe6000       .debug$S                   10000000     kernel32:KERNEL32.dll
 0000:fffe6000       .debug$S                   10000000     kernel32:KERNEL32.dll
 0000:fffe6000       .debug$S                   10000000     kernel32:KERNEL32.dll
 0000:fffe6000       .debug$S                   10000000     kernel32:KERNEL32.dll
 0000:fffe6000       .debug$S                   10000000     kernel32:KERNEL32.dll
 0000:fffe9000       __guard_fids___except_handler4 10000000     MSVCRTD:chandler4gs.obj
 0000:00000000       _volmd                     10000000     MSVCRTD:cpu_disp.obj
 0000:fffe9000       __guard_fids_?dllmain_dispatch@@YAHQAUHINSTANCE__@@KQAX@Z 10000000     MSVCRTD:dll_dllmain.obj
 0000:fffe9000       __guard_fids__             10000000     MSVCRTD:guard_support.obj
 0000:fffe9000       __guard_fids__             10000000     MSVCRTD:guard_support.obj
 0000:fffe9000       __guard_fids___guard_icall_checks_enforced 10000000     MSVCRTD:guard_support.obj
 0000:00000000       _volmd                     10000000     MSVCRTD:guard_support.obj
 0000:fffe9000       __guard_fids___CRT_RTC_INIT 10000000     MSVCRTD:init.obj
 0000:fffe9000       __guard_fids___CRT_RTC_INITW 10000000     MSVCRTD:init.obj
 0000:fffe9000       __guard_fids____scrt_set_unhandled_exception_filter 10000000     MSVCRTD:utility_desktop.obj
 0000:fffe6000       .debug$S                   10000000     vcruntimed:VCRUNTIME140D.dll
 0000:fffe6000       .debug$S                   10000000     vcruntimed:VCRUNTIME140D.dll
 0000:fffe6000       .debug$S                   10000000     vcruntimed:VCRUNTIME140D.dll
 0000:fffe6000       .debug$S                   10000000     vcruntimed:VCRUNTIME140D.dll
 0000:fffe6000       .debug$S                   10000000     vcruntimed:VCRUNTIME140D.dll
 0000:fffe6000       .debug$S                   10000000     vcruntimed:VCRUNTIME140D.dll
 0000:fffe6000       .debug$S                   10000000     vcruntimed:VCRUNTIME140D.dll
 0000:fffe6000       .debug$S                   10000000     vcruntimed:VCRUNTIME140D.dll
 0000:fffe6000       .debug$S                   10000000     vcruntimed:VCRUNTIME140D.dll
 0000:fffe6000       .debug$S                   10000000     vcruntimed:VCRUNTIME140D.dll
 0000:fffe6000       .debug$S                   10000000     vcruntimed:VCRUNTIME140D.dll
 0000:fffe6000       .debug$S                   10000000     vcruntimed:VCRUNTIME140D.dll
 0001:00000ee8       $LN43                      10001ee8     PathObj.obj
 0001:00000ef0       $LN42                      10001ef0     PathObj.obj
 0001:00000f2c       $LN41                      10001f2c     PathObj.obj
 0001:00000f31       $LN40                      10001f31     PathObj.obj
 0001:00000f35       $LN39                      10001f35     PathObj.obj
 0001:00000f3d       $LN38                      10001f3d     PathObj.obj
 0001:00000f41       $LN37                      10001f41     PathObj.obj
 0001:00000f48       $LN36                      10001f48     PathObj.obj
 0001:00001718       $LN9                       10002718     PathObj.obj
 0001:00001720       $LN8                       10002720     PathObj.obj
 0001:00001738       $LN7                       10002738     PathObj.obj
 0001:00001742       $LN6                       10002742     PathObj.obj
 0001:00001d58       $LN49                      10002d58     PathObj.obj
 0001:00001d60       $LN48                      10002d60     PathObj.obj
 0001:00001d6c       $LN47                      10002d6c     PathObj.obj
 0001:00001d78       $LN45                      10002d78     PathObj.obj
 0001:00001d98       $LN44                      10002d98     PathObj.obj
 0001:00001da8       $LN46                      10002da8     PathObj.obj
 0001:00002030       $LN9                       10003030     PathObj.obj
 0001:00002038       $LN8                       10003038     PathObj.obj
 0001:00002044       $LN7                       10003044     PathObj.obj
 0001:000021c0       $LN8                       100031c0     PathObj.obj
 0001:000021c8       $LN7                       100031c8     PathObj.obj
 0001:000021d4       $LN6                       100031d4     PathObj.obj
 0001:00002230       _PathObject_BuildAllMotions 10003230 f   PathObj.obj
 0001:000026a8       $LN26                      100036a8     PathObj.obj
 0001:000026b0       $LN25                      100036b0     PathObj.obj
 0001:000026ec       $LN24                      100036ec     PathObj.obj
 0001:000026f8       $LN23                      100036f8     PathObj.obj
 0001:000026fd       $LN22                      100036fd     PathObj.obj
 0001:00002709       $LN21                      10003709     PathObj.obj
 0001:0000270f       $LN20                      1000370f     PathObj.obj
 0001:00002830       _PathObject_BuildObjectNameList 10003830 f   PathObj.obj
 0001:00002a9c       $LN26                      10003a9c     PathObj.obj
 0001:00002aa4       $LN25                      10003aa4     PathObj.obj
 0001:00002ab0       $LN24                      10003ab0     PathObj.obj
 0001:00002b70       _PathObject_BuildPropertyList 10003b70 f   PathObj.obj
 0001:00004090       $LN62                      10005090     PathObj.obj
 0001:00004098       $LN61                      10005098     PathObj.obj
 0001:00004158       $LN60                      10005158     PathObj.obj
 0001:00004168       $LN59                      10005168     PathObj.obj
 0001:0000417a       $LN58                      1000517a     PathObj.obj
 0001:00004184       $LN57                      10005184     PathObj.obj
 0001:00004188       $LN56                      10005188     PathObj.obj
 0001:0000418e       $LN55                      1000518e     PathObj.obj
 0001:00004191       $LN54                      10005191     PathObj.obj
 0001:00004195       $LN53                      10005195     PathObj.obj
 0001:00004199       $LN52                      10005199     PathObj.obj
 0001:0000419f       $LN51                      1000519f     PathObj.obj
 0001:000041a2       $LN50                      100051a2     PathObj.obj
 0001:000041a5       $LN49                      100051a5     PathObj.obj
 0001:000041a8       $LN48                      100051a8     PathObj.obj
 0001:000041ad       $LN47                      100051ad     PathObj.obj
 0001:000041b1       $LN46                      100051b1     PathObj.obj
 0001:000041c3       $LN45                      100051c3     PathObj.obj
 0001:000041d0       $LN44                      100051d0     PathObj.obj
 0001:00004790       _PathObject_BuildPropertyNameList 10005790 f   PathObj.obj
 0001:00004a84       $LN27                      10005a84     PathObj.obj
 0001:00004a8c       $LN26                      10005a8c     PathObj.obj
 0001:00004aa4       $LN25                      10005aa4     PathObj.obj
 0001:00004aa8       $LN24                      10005aa8     PathObj.obj
 0001:00004ab0       $LN23                      10005ab0     PathObj.obj
 0001:00004ba0       _PathObject_DeleteTimeLine 10005ba0 f   PathObj.obj
 0001:00004e40       _PathObject_FindObjectFromName 10005e40 f   PathObj.obj
 0001:00005290       _PathObject_GetPropertyDataIdFromName 10006290 f   PathObj.obj
 0001:00005530       $LN26                      10006530     PathObj.obj
 0001:00005538       $LN25                      10006538     PathObj.obj
 0001:00005550       $LN24                      10006550     PathObj.obj
 0001:00005554       $LN23                      10006554     PathObj.obj
 0001:0000555c       $LN22                      1000655c     PathObj.obj
 0001:00005640       _PathObject_GetPropertyInfoFromDataId 10006640 f   PathObj.obj
 0001:000057a4       $LN14                      100067a4     PathObj.obj
 0001:000057ac       $LN13                      100067ac     PathObj.obj
 0001:000057b8       $LN12                      100067b8     PathObj.obj
 0001:00005e90       _PathObject_ObjectHasProperties 10006e90 f   PathObj.obj
 0001:00005fd4       $LN19                      10006fd4     PathObj.obj
 0001:00005fdc       $LN18                      10006fdc     PathObj.obj
 0001:00005fe8       $LN17                      10006fe8     PathObj.obj
 0001:00005ff0       $LN16                      10006ff0     PathObj.obj
 0001:00006070       _PathObject_ProcessEvents  10007070 f   PathObj.obj
 0001:00006204       $LN15                      10007204     PathObj.obj
 0001:0000620c       $LN14                      1000720c     PathObj.obj
 0001:00006248       $LN13                      10007248     PathObj.obj
 0001:00006250       $LN12                      10007250     PathObj.obj
 0001:00006253       $LN11                      10007253     PathObj.obj
 0001:0000625d       $LN10                      1000725d     PathObj.obj
 0001:00006269       $LN9                       10007269     PathObj.obj
 0001:000062f0       _PathObject_PutDataIntoChannelObject 100072f0 f   PathObj.obj
 0001:00006514       $LN20                      10007514     PathObj.obj
 0001:0000651c       $LN19                      1000751c     PathObj.obj
 0001:00006528       $LN18                      10007528     PathObj.obj
 0001:00006530       $LN17                      10007530     PathObj.obj
 0001:000065f0       _PathObject_SafeGetTimeExtents 100075f0 f   PathObj.obj
 0001:00006890       $LN23                      10007890     PathObj.obj
 0001:00006898       $LN22                      10007898     PathObj.obj
 0001:000068e0       $LN21                      100078e0     PathObj.obj
 0001:000068ea       $LN20                      100078ea     PathObj.obj
 0001:000068f5       $LN19                      100078f5     PathObj.obj
 0001:00006901       $LN18                      10007901     PathObj.obj
 0001:0000690d       $LN17                      1000790d     PathObj.obj
 0001:0000691a       $LN16                      1000791a     PathObj.obj
 0001:00006a00       _PathObject_SampleMotion   10007a00 f   PathObj.obj
 0001:00006de4       $LN22                      10007de4     PathObj.obj
 0001:00006dec       $LN21                      10007dec     PathObj.obj
 0001:00006e10       $LN20                      10007e10     PathObj.obj
 0001:00006e14       $LN19                      10007e14     PathObj.obj
 0001:00006e1a       $LN18                      10007e1a     PathObj.obj
 0001:00006f30       _PathObject_SampleXFormAtTime 10007f30 f   PathObj.obj
 0001:000070c4       $LN14                      100080c4     PathObj.obj
 0001:000070cc       $LN13                      100080cc     PathObj.obj
 0001:000070e4       $LN12                      100080e4     PathObj.obj
 0001:000070e8       $LN11                      100080e8     PathObj.obj
 0001:00007160       _PathObject_ValidateObject 10008160 f   PathObj.obj
 0001:0000868c       $LN122                     1000968c     PathObj.obj
 0001:00008694       $LN121                     10009694     PathObj.obj
 0001:000086dc       $LN120                     100096dc     PathObj.obj
 0001:000086df       $LN119                     100096df     PathObj.obj
 0001:000086e2       $LN118                     100096e2     PathObj.obj
 0001:000086e5       $LN117                     100096e5     PathObj.obj
 0001:000086e8       $LN116                     100096e8     PathObj.obj
 0001:000086ec       $LN115                     100096ec     PathObj.obj
 0001:000086f0       $LN111                     100096f0     PathObj.obj
 0001:00008730       $LN113                     10009730     PathObj.obj
 0001:0000874c       $LN112                     1000974c     PathObj.obj
 0001:0000875c       $LN114                     1000975c     PathObj.obj
 0001:000096bc       $LN8                       1000a6bc     PathObj.obj
 0001:000096c4       $LN7                       1000a6c4     PathObj.obj
 0001:000096d0       $LN6                       1000a6d0     PathObj.obj
 0001:0000a000       $LN34                      1000b000     PathObj.obj
 0001:0000a008       $LN33                      1000b008     PathObj.obj
 0001:0000a02c       $LN32                      1000b02c     PathObj.obj
 0001:0000a035       $LN31                      1000b035     PathObj.obj
 0001:0000a039       $LN30                      1000b039     PathObj.obj
 0001:0000a794       $LN28                      1000b794     Trigger.obj
 0001:0000a79c       $LN27                      1000b79c     Trigger.obj
 0001:0000a7a8       $LN26                      1000b7a8     Trigger.obj
 0001:0000a98c       $LN11                      1000b98c     Trigger.obj
 0001:0000a994       $LN10                      1000b994     Trigger.obj
 0001:0000a9ac       $LN9                       1000b9ac     Trigger.obj
 0001:0000a9b8       $LN8                       1000b9b8     Trigger.obj
 0001:0000ade0       ?DebuggerProbe@@YA_NK@Z    1000bde0 f   MSVCRTD:error.obj
 0001:0000ae30       ?DebuggerRuntime@@YA_NKHPAXPB_W@Z 1000be30 f   MSVCRTD:error.obj
 0001:0000b100       ?_getMemBlockDataString@@YAXPAD0PBDI@Z 1000c100 f   MSVCRTD:error.obj
 0001:0000b1a0       ?_strlen_priv@@YAIPBD@Z    1000c1a0 f   MSVCRTD:error.obj
 0001:0000b1c0       ?failwithmessage@@YAXPAXHHPBD@Z 1000c1c0 f   MSVCRTD:error.obj
 0001:0000b470       ?notify_debugger@@YAXABUtagEXCEPTION_VISUALCPP_DEBUG_INFO@@@Z 1000c470 f   MSVCRTD:error.obj
 0001:0000b660       ?dllmain_crt_dispatch@@YGHQAUHINSTANCE__@@KQAX@Z 1000c660 f   MSVCRTD:dll_dllmain.obj
 0001:0000b6cc       $LN11                      1000c6cc     MSVCRTD:dll_dllmain.obj
 0001:0000b700       ?dllmain_crt_process_attach@@YAHQAUHINSTANCE__@@QAX@Z 1000c700 f   MSVCRTD:dll_dllmain.obj
 0001:0000b8d0       ?dllmain_crt_process_detach@@YAH_N@Z 1000c8d0 f   MSVCRTD:dll_dllmain.obj
 0001:0000ba10       ?dllmain_dispatch@@YAHQAUHINSTANCE__@@KQAX@Z 1000ca10 f   MSVCRTD:dll_dllmain.obj
 0001:0000bc00       ?dllmain_raw@@YGHQAUHINSTANCE__@@KQAX@Z 1000cc00 f   MSVCRTD:dll_dllmain.obj
 0001:0000bdd0       ?GetPdbDll@@YAPAUHINSTANCE__@@XZ 1000cdd0 f   MSVCRTD:pdblkup.obj
 0001:0000bf70       ?GetPdbDllFromInstallPath@@YAPAUHINSTANCE__@@XZ 1000cf70 f   MSVCRTD:pdblkup.obj
 0001:0000c210       ?GetPdbDllPathFromFilePath@@YAHPB_WPA_WI@Z 1000d210 f   MSVCRTD:pdblkup.obj
 0001:0000c900       ___castguard_check_failure_os_handled_wrapper 1000d900 f   MSVCRTD:guard_support.obj
 0001:0000c970       ___castguard_check_failure_user_handled_wrapper 1000d970 f   MSVCRTD:guard_support.obj
 0001:0000c9c0       ___castguard_compat_check  1000d9c0 f   MSVCRTD:guard_support.obj
 0001:0000cb80       ___castguard_slow_path_compat_check 1000db80 f   MSVCRTD:guard_support.obj
 0001:0000cc10       ___get_entropy             1000dc10 f   MSVCRTD:gs_support.obj
 0001:0000cdf0       ?find_pe_section@@YAPAU_IMAGE_SECTION_HEADER@@QAEI@Z 1000ddf0 f   MSVCRTD:utility.obj
 0001:0000ceb0       ?is_potentially_valid_image_base@@YA_NQAX@Z 1000deb0 f   MSVCRTD:utility.obj
 0002:00001424       ?_RTC_ErrorMessages@@3QBQBDB 10012424     MSVCRTD:error.obj
 0002:0000143c       ?_RTC_NoFalsePositives@@3QBHB 1001243c     MSVCRTD:error.obj
 0002:00001454       ?stack_premsg@@3QBDB       10012454     MSVCRTD:error.obj
 0002:00001470       ?stack_postmsg@@3QBDB      10012470     MSVCRTD:error.obj
 0002:00001484       ?uninit_premsg@@3QBDB      10012484     MSVCRTD:error.obj
 0002:00001494       ?uninit_postmsg@@3QBDB     10012494     MSVCRTD:error.obj
 0002:00001ae4       ?_RTC_errlist@@3QBQBDB     10012ae4     MSVCRTD:userapi.obj
 0002:00001bc8       ?mspdbName@@3QB_WB         10012bc8     MSVCRTD:pdblkup.obj
 0002:00001bec       ?debugCrtFileName@@3QB_WB  10012bec     MSVCRTD:pdblkup.obj
 0002:00001d78       ?dllExt@?1??GetPdbDllPathFromFilePath@@YAHPB_WPA_WI@Z@4QB_WB 10012d78     MSVCRTD:pdblkup.obj
 0002:00001d84       ?mspdbFilename@?1??GetPdbDllPathFromFilePath@@YAHPB_WPA_WI@Z@4QB_WB 10012d84     MSVCRTD:pdblkup.obj
 0002:00002728       __RTC_InitBase.rtc$IMZ     10013728     ObjectDef.obj
 0002:0000272c       __RTC_InitBase.rtc$IMZ     1001372c     PathObj.obj
 0002:00002730       __RTC_InitBase.rtc$IMZ     10013730     Trigger.obj
 0002:00002a40       __RTC_Shutdown.rtc$TMZ     10013a40     ObjectDef.obj
 0002:00002a44       __RTC_Shutdown.rtc$TMZ     10013a44     PathObj.obj
 0002:00002a48       __RTC_Shutdown.rtc$TMZ     10013a48     Trigger.obj
 0002:00002c58       __sehtable$?notify_debugger@@YAXABUtagEXCEPTION_VISUALCPP_DEBUG_INFO@@@Z 10013c58     MSVCRTD:error.obj
 0002:00002c78       __sehtable$?dllmain_crt_process_attach@@YAHQAUHINSTANCE__@@QAX@Z 10013c78     MSVCRTD:dll_dllmain.obj
 0002:00002c98       __sehtable$?dllmain_crt_process_detach@@YAH_N@Z 10013c98     MSVCRTD:dll_dllmain.obj
 0002:00002cc8       __sehtable$?dllmain_dispatch@@YAHQAUHINSTANCE__@@KQAX@Z 10013cc8     MSVCRTD:dll_dllmain.obj
 0002:00002ce8       __sehtable$___scrt_is_nonwritable_in_current_image 10013ce8     MSVCRTD:utility.obj
 0002:00002e20       .edata                     10013e20     PathObj.exp
 0002:00002e48       rgpv                       10013e48     PathObj.exp
 0002:00002e4c       rgszName                   10013e4c     PathObj.exp
 0002:00002e50       rgwOrd                     10013e50     PathObj.exp
 0002:00002e52       szName                     10013e52     PathObj.exp
 0002:00002e5e       $N00001                    10013e5e     PathObj.exp
 0003:000000a4       _NoSelection               100140a4     PathObj.obj
 0003:00000328       _hInstance                 10014328     PathObj.obj
 0003:0000032c       ?init@?1??_RTC_InitBase@@9@4_NA 1001432c     MSVCRTD:init.obj
 0003:0000033c       ?__proc_attached@@3HA      1001433c     MSVCRTD:dll_dllmain.obj
 0003:00000340       ?_RTC_ErrorReportFunc@@3P6AHHPBDH00ZZA 10014340     MSVCRTD:userapi.obj
 0003:00000344       ?_RTC_ErrorReportFuncW@@3P6AHHPB_WH00ZZA 10014344     MSVCRTD:userapi.obj
 0003:0000034c       ?mspdb@@3PAUHINSTANCE__@@A 1001434c     MSVCRTD:pdblkup.obj
 0003:00000350       ?alreadyTried@?1??GetPdbDll@@YAPAUHINSTANCE__@@XZ@4_NA 10014350     MSVCRTD:pdblkup.obj
 0003:00000351       ?PDBOK@?1??_RTC_GetSrcLine@@YAHPAEPA_WKPAH1K@Z@4_NA 10014351     MSVCRTD:pdblkup.obj
 0003:0000037c       ?is_initialized_as_dll@@3_NA 1001437c     MSVCRTD:utility.obj
 0003:0000037d       ?module_local_atexit_table_initialized@@3_NA 1001437d     MSVCRTD:utility.obj
 0003:00000380       ?module_local_atexit_table@@3U_onexit_table_t@@A 10014380     MSVCRTD:utility.obj
 0003:0000038c       ?module_local_at_quick_exit_table@@3U_onexit_table_t@@A 1001438c     MSVCRTD:utility.obj
 0004:00000ad6       .idata$6                   10015ad6     jet3DClassic11d:Jet3DClassic11d.dll
 0004:00000b00       .idata$6                   10015b00     kernel32:KERNEL32.dll
 0004:00000bfc       .idata$6                   10015bfc     vcruntimed:VCRUNTIME140D.dll
 0004:00000e20       .idata$6                   10015e20     ucrtd:ucrtbased.dll
 0006:00000220       $R000000                   10018220     PathObj.res
 0006:00000358       $R000138                   10018358     PathObj.res
 0006:00000370       $R000150                   10018370     PathObj.res
