c:\users\james\downloads\jstudio_classic_11_2023_source\jstudio_classic11_2023\source\objects\actorobj\debug\actorobj.bsc
c:\users\james\downloads\jstudio_classic_11_2023_source\jstudio_classic11_2023\source\objects\actorobj\debug\vc145.pdb
c:\users\james\downloads\jstudio_classic_11_2023_source\jstudio_classic11_2023\source\objects\actorobj\debug\vc145.idb
c:\users\james\downloads\jstudio_classic_11_2023_source\jstudio_classic11_2023\source\objects\actorobj\debug\objectdef.sbr
c:\users\james\downloads\jstudio_classic_11_2023_source\jstudio_classic11_2023\source\objects\actorobj\debug\objectdef.obj
c:\users\james\downloads\jstudio_classic_11_2023_source\jstudio_classic11_2023\bin\objects\actorobj.ddl
c:\users\james\downloads\jstudio_classic_11_2023_source\jstudio_classic11_2023\source\objects\actorobj\debug\actorobj.map
c:\users\james\downloads\jstudio_classic_11_2023_source\jstudio_classic11_2023\source\objects\actorobj\debug\actorobj.pdb
c:\users\james\downloads\jstudio_classic_11_2023_source\jstudio_classic11_2023\source\objects\actorobj\debug\actorobj.lib
c:\users\james\downloads\jstudio_classic_11_2023_source\jstudio_classic11_2023\source\objects\actorobj\debug\actorobj.exp
c:\users\james\downloads\jstudio_classic_11_2023_source\jstudio_classic11_2023\source\objects\actorobj\debug\actorobj.ilk
c:\users\james\downloads\jstudio_classic_11_2023_source\jstudio_classic11_2023\source\objects\actorobj\debug\actorobj.tlog\bscmake.command.1.tlog
c:\users\james\downloads\jstudio_classic_11_2023_source\jstudio_classic11_2023\source\objects\actorobj\debug\actorobj.tlog\bscmake.read.1.tlog
c:\users\james\downloads\jstudio_classic_11_2023_source\jstudio_classic11_2023\source\objects\actorobj\debug\actorobj.tlog\bscmake.write.1.tlog
c:\users\james\downloads\jstudio_classic_11_2023_source\jstudio_classic11_2023\source\objects\actorobj\debug\actorobj.tlog\cl.command.1.tlog
c:\users\james\downloads\jstudio_classic_11_2023_source\jstudio_classic11_2023\source\objects\actorobj\debug\actorobj.tlog\cl.items.tlog
c:\users\james\downloads\jstudio_classic_11_2023_source\jstudio_classic11_2023\source\objects\actorobj\debug\actorobj.tlog\cl.read.1.tlog
c:\users\james\downloads\jstudio_classic_11_2023_source\jstudio_classic11_2023\source\objects\actorobj\debug\actorobj.tlog\cl.write.1.tlog
c:\users\james\downloads\jstudio_classic_11_2023_source\jstudio_classic11_2023\source\objects\actorobj\debug\actorobj.tlog\link.command.1.tlog
c:\users\james\downloads\jstudio_classic_11_2023_source\jstudio_classic11_2023\source\objects\actorobj\debug\actorobj.tlog\link.read.1.tlog
c:\users\james\downloads\jstudio_classic_11_2023_source\jstudio_classic11_2023\source\objects\actorobj\debug\actorobj.tlog\link.secondary.1.tlog
c:\users\james\downloads\jstudio_classic_11_2023_source\jstudio_classic11_2023\source\objects\actorobj\debug\actorobj.tlog\link.write.1.tlog
