c:\users\james\downloads\jstudio_classic_11_2023_source\jstudio_classic11_2023\source\objects\camobject\debug\vc145.pdb
c:\users\james\downloads\jstudio_classic_11_2023_source\jstudio_classic11_2023\source\objects\camobject\debug\vc145.idb
c:\users\james\downloads\jstudio_classic_11_2023_source\jstudio_classic11_2023\source\objects\camobject\debug\objectdef.obj
c:\users\james\downloads\jstudio_classic_11_2023_source\jstudio_classic11_2023\source\objects\camobject\debug\camobject.obj
c:\users\james\downloads\jstudio_classic_11_2023_source\jstudio_classic11_2023\bin\objects\cameraobj.ddl
c:\users\james\downloads\jstudio_classic_11_2023_source\jstudio_classic11_2023\source\objects\camobject\debug\cameraobj.map
c:\users\james\downloads\jstudio_classic_11_2023_source\jstudio_classic11_2023\source\objects\camobject\debug\cameraobj.pdb
c:\users\james\downloads\jstudio_classic_11_2023_source\jstudio_classic11_2023\source\objects\camobject\debug\camobject.res
c:\users\james\downloads\jstudio_classic_11_2023_source\jstudio_classic11_2023\source\objects\camobject\debug\cameraobj.lib
c:\users\james\downloads\jstudio_classic_11_2023_source\jstudio_classic11_2023\source\objects\camobject\debug\cameraobj.exp
c:\users\james\downloads\jstudio_classic_11_2023_source\jstudio_classic11_2023\source\objects\camobject\debug\cameraobj.ilk
c:\users\james\downloads\jstudio_classic_11_2023_source\jstudio_classic11_2023\source\objects\camobject\debug\cameraobj.tlog\cl.command.1.tlog
c:\users\james\downloads\jstudio_classic_11_2023_source\jstudio_classic11_2023\source\objects\camobject\debug\cameraobj.tlog\cl.items.tlog
c:\users\james\downloads\jstudio_classic_11_2023_source\jstudio_classic11_2023\source\objects\camobject\debug\cameraobj.tlog\cl.read.1.tlog
c:\users\james\downloads\jstudio_classic_11_2023_source\jstudio_classic11_2023\source\objects\camobject\debug\cameraobj.tlog\cl.write.1.tlog
c:\users\james\downloads\jstudio_classic_11_2023_source\jstudio_classic11_2023\source\objects\camobject\debug\cameraobj.tlog\link.command.1.tlog
c:\users\james\downloads\jstudio_classic_11_2023_source\jstudio_classic11_2023\source\objects\camobject\debug\cameraobj.tlog\link.read.1.tlog
c:\users\james\downloads\jstudio_classic_11_2023_source\jstudio_classic11_2023\source\objects\camobject\debug\cameraobj.tlog\link.secondary.1.tlog
c:\users\james\downloads\jstudio_classic_11_2023_source\jstudio_classic11_2023\source\objects\camobject\debug\cameraobj.tlog\link.write.1.tlog
c:\users\james\downloads\jstudio_classic_11_2023_source\jstudio_classic11_2023\source\objects\camobject\debug\cameraobj.tlog\rc.command.1.tlog
c:\users\james\downloads\jstudio_classic_11_2023_source\jstudio_classic11_2023\source\objects\camobject\debug\cameraobj.tlog\rc.read.1.tlog
c:\users\james\downloads\jstudio_classic_11_2023_source\jstudio_classic11_2023\source\objects\camobject\debug\cameraobj.tlog\rc.write.1.tlog
