 CameraObj

 Timestamp is 6920fefb (Fri Nov 21 19:08:27 2025)

 Preferred load address is 10000000

 Start         Length     Name                   Class
 0001:00000000 00008ae2H .text$mn                CODE
 0002:00000000 00000104H .CRT$XCA                DATA
 0002:00000104 00000104H .CRT$XCZ                DATA
 0002:00000208 00000104H .CRT$XIA                DATA
 0002:0000030c 00000104H .CRT$XIZ                DATA
 0002:00000410 00000104H .CRT$XPA                DATA
 0002:00000514 00000104H .CRT$XPZ                DATA
 0002:00000618 00000104H .CRT$XTA                DATA
 0002:0000071c 00000104H .CRT$XTZ                DATA
 0002:00000820 000012a0H .rdata                  DATA
 0002:00001ac0 00000180H .rdata$CastGuardVftablesA DATA
 0002:00001c40 0000014cH .rdata$CastGuardVftablesC DATA
 0002:00001d8c 0000010cH .rdata$sxdata           DATA
 0002:00001e98 000001ccH .rdata$zzzdbg           DATA
 0002:00002064 00000104H .rtc$IAA                DATA
 0002:00002168 0000010cH .rtc$IMZ                DATA
 0002:00002274 00000104H .rtc$IZZ                DATA
 0002:00002378 00000104H .rtc$TAA                DATA
 0002:0000247c 0000010cH .rtc$TMZ                DATA
 0002:00002588 00000108H .rtc$TZZ                DATA
 0002:00002690 000001d0H .xdata$x                DATA
 0002:00002860 00000163H .edata                  DATA
 0003:00000000 000002c0H .data                   DATA
 0003:000002c0 000002a0H .bss                    DATA
 0004:00000000 00000270H .idata$5                DATA
 0004:00000270 00000064H .idata$2                DATA
 0004:000002d4 00000014H .idata$3                DATA
 0004:000002e8 00000270H .idata$4                DATA
 0004:00000558 00000993H .idata$6                DATA
 0005:00000000 0000010eH .00cfg                  DATA
 0006:00000000 00000200H .rsrc$01                DATA
 0006:00000200 00000366H .rsrc$02                DATA

  Address         Publics by Value              Rva+Base       Lib:Object

 0000:00000000       ___AbsoluteZero            00000000     <absolute>
 0000:00000000       ___arm64x_extra_rfe_table  00000000     <absolute>
 0000:00000000       ___arm64x_extra_rfe_table_size 00000000     <absolute>
 0000:00000000       ___arm64x_native_entrypoint 00000000     <absolute>
 0000:00000000       ___arm64x_redirection_metadata 00000000     <absolute>
 0000:00000000       ___arm64x_redirection_metadata_count 00000000     <absolute>
 0000:00000000       ___dynamic_value_reloc_table 00000000     <absolute>
 0000:00000000       ___enclave_config          00000000     <absolute>
 0000:00000000       ___guard_check_icall_a64n_fptr 00000000     <absolute>
 0000:00000000       ___guard_eh_cont_count     00000000     <absolute>
 0000:00000000       ___guard_eh_cont_table     00000000     <absolute>
 0000:00000000       ___guard_fids_count        00000000     <absolute>
 0000:00000000       ___guard_fids_table        00000000     <absolute>
 0000:00000000       ___guard_iat_count         00000000     <absolute>
 0000:00000000       ___guard_iat_table         00000000     <absolute>
 0000:00000000       ___guard_longjmp_count     00000000     <absolute>
 0000:00000000       ___guard_longjmp_table     00000000     <absolute>
 0000:00000000       ___hybrid_auxiliary_delayload_iat 00000000     <absolute>
 0000:00000000       ___hybrid_auxiliary_delayload_iat_copy 00000000     <absolute>
 0000:00000000       ___hybrid_auxiliary_iat    00000000     <absolute>
 0000:00000000       ___hybrid_auxiliary_iat_copy 00000000     <absolute>
 0000:00000000       ___hybrid_code_map         00000000     <absolute>
 0000:00000000       ___hybrid_code_map_count   00000000     <absolute>
 0000:00000000       ___hybrid_image_info_bitfield 00000000     <absolute>
 0000:00000000       ___volatile_metadata       00000000     <absolute>
 0000:00000000       ___x64_code_ranges_to_entry_points 00000000     <absolute>
 0000:00000000       ___x64_code_ranges_to_entry_points_count 00000000     <absolute>
 0000:00000002       ___safe_se_handler_count   00000002     <absolute>
 0000:00000100       ___guard_flags             00000100     <absolute>
 0000:00000000       ___ImageBase               10000000     <linker-defined>
 0001:00000570       _AddChild@8                10001570 f   CamObject.obj
 0001:00000590       _AttachEngine@8            10001590 f   CamObject.obj
 0001:000005b0       _AttachSoundSystem@8       100015b0 f   CamObject.obj
 0001:000005d0       _AttachWorld@8             100015d0 f   CamObject.obj
 0001:00000ae0       _ChangeBoxCollision@24     10001ae0 f   CamObject.obj
 0001:00000b00       _Collision@24              10001b00 f   CamObject.obj
 0001:00000b20       _CreateFromFile@8          10001b20 f   CamObject.obj
 0001:00000f10       _CreateGlobalBrush         10001f10 f   CamObject.obj
 0001:00002a40       _CreateInstance@0          10003a40 f   CamObject.obj
 0001:00002b20       _CreateRef@4               10003b20 f   CamObject.obj
 0001:00002bb0       _Destroy@4                 10003bb0 f   CamObject.obj
 0001:00002cc0       _DettachEngine@8           10003cc0 f   CamObject.obj
 0001:00002ce0       _DettachSoundSystem@8      10003ce0 f   CamObject.obj
 0001:00002d00       _DettachWorld@8            10003d00 f   CamObject.obj
 0001:00002d80       _DuplicateInstance@4       10003d80 f   CamObject.obj
 0001:00002e60       _EditDialog@8              10003e60 f   CamObject.obj
 0001:00002e80       _GetChildren@12            10003e80 f   CamObject.obj
 0001:00002ea0       _GetExtBox@8               10003ea0 f   CamObject.obj
 0001:00002f60       _GetProperty@16            10003f60 f   CamObject.obj
 0001:00003100       _GetPropertyList@8         10004100 f   CamObject.obj
 0001:00003200       _GetXForm@8                10004200 f   CamObject.obj
 0001:000032b0       _GetXFormModFlags@4        100042b0 f   CamObject.obj
 0001:000032d0       _Init_Class                100042d0 f   CamObject.obj
 0001:000034f0       _PortalFrame@8             100044f0 f   CamObject.obj
 0001:00003510       _RemoveChild@8             10004510 f   CamObject.obj
 0001:00003530       _Render@24                 10004530 f   CamObject.obj
 0001:00003670       _SendMsg@12                10004670 f   CamObject.obj
 0001:00003740       _SetProperty@16            10004740 f   CamObject.obj
 0001:000038e0       _SetXForm@8                100048e0 f   CamObject.obj
 0001:000039b0       _Util_GetAppPath           100049b0 f   CamObject.obj
 0001:00003c10       _WriteToFile@12            10004c10 f   CamObject.obj
 0001:00003f60       _DllMain@12                10004f60 f   ObjectDef.obj
 0001:00003fd0       _Object_RegisterDef        10004fd0 f   ObjectDef.obj
 0001:00004055       _jeVec3d_Set@16            10005055 f   jet3DClassic11d:Jet3DClassic11d.dll
 0001:0000405b       _jeVFile_Read@12           1000505b f   jet3DClassic11d:Jet3DClassic11d.dll
 0001:00004061       _jeVFile_Write@12          10005061 f   jet3DClassic11d:Jet3DClassic11d.dll
 0001:00004067       _jeVFile_Seek@12           10005067 f   jet3DClassic11d:Jet3DClassic11d.dll
 0001:0000406d       _jeXForm3d_Copy@8          1000506d f   jet3DClassic11d:Jet3DClassic11d.dll
 0001:00004073       _jeXForm3d_Orthonormalize@4 10005073 f   jet3DClassic11d:Jet3DClassic11d.dll
 0001:00004079       _jeXForm3d_SetIdentity@4   10005079 f   jet3DClassic11d:Jet3DClassic11d.dll
 0001:0000407f       _jeXForm3d_Transform@12    1000507f f   jet3DClassic11d:Jet3DClassic11d.dll
 0001:00004085       _jeCamera_GetAttributes@12 10005085 f   jet3DClassic11d:Jet3DClassic11d.dll
 0001:0000408b       _jeCamera_SetAttributes@12 1000508b f   jet3DClassic11d:Jet3DClassic11d.dll
 0001:00004091       _jeCamera_SetFarClipPlane@12 10005091 f   jet3DClassic11d:Jet3DClassic11d.dll
 0001:00004097       _jeExtBox_IsValid@4        10005097 f   jet3DClassic11d:Jet3DClassic11d.dll
 0001:0000409d       _jeExtBox_SetToPoint@8     1000509d f   jet3DClassic11d:Jet3DClassic11d.dll
 0001:000040a3       _jeExtBox_ExtendToEnclose@8 100050a3 f   jet3DClassic11d:Jet3DClassic11d.dll
 0001:000040a9       _jeProperty_ListCopy@4     100050a9 f   jet3DClassic11d:Jet3DClassic11d.dll
 0001:000040af       _jeProperty_FillCheck@16   100050af f   jet3DClassic11d:Jet3DClassic11d.dll
 0001:000040b5       _jeProperty_FillFloat@28   100050b5 f   jet3DClassic11d:Jet3DClassic11d.dll
 0001:000040bb       _jeFaceInfo_SetDefaults@4  100050bb f   jet3DClassic11d:Jet3DClassic11d.dll
 0001:000040c1       _jeBrush_Create@4          100050c1 f   jet3DClassic11d:Jet3DClassic11d.dll
 0001:000040c7       _jeBrush_Destroy@4         100050c7 f   jet3DClassic11d:Jet3DClassic11d.dll
 0001:000040cd       _jeBrush_SetXForm@12       100050cd f   jet3DClassic11d:Jet3DClassic11d.dll
 0001:000040d3       _jeBrush_GetXForm@4        100050d3 f   jet3DClassic11d:Jet3DClassic11d.dll
 0001:000040d9       _jeBrush_CreateFace@8      100050d9 f   jet3DClassic11d:Jet3DClassic11d.dll
 0001:000040df       _jeBrush_GetNextFace@8     100050df f   jet3DClassic11d:Jet3DClassic11d.dll
 0001:000040e5       _jeBrush_FaceGetVertCount@4 100050e5 f   jet3DClassic11d:Jet3DClassic11d.dll
 0001:000040eb       _jeBrush_FaceSetVertByIndex@12 100050eb f   jet3DClassic11d:Jet3DClassic11d.dll
 0001:000040f1       _jeBrush_FaceGetVertByIndex@8 100050f1 f   jet3DClassic11d:Jet3DClassic11d.dll
 0001:000040f7       _jeBrush_FaceSetFaceInfo@8 100050f7 f   jet3DClassic11d:Jet3DClassic11d.dll
 0001:000040fd       __jeRam_DebugAllocate@12   100050fd f   jet3DClassic11d:Jet3DClassic11d.dll
 0001:00004103       _jeRam_AllocateClear@4     10005103 f   jet3DClassic11d:Jet3DClassic11d.dll
 0001:00004109       _jeRam_Free_@4             10005109 f   jet3DClassic11d:Jet3DClassic11d.dll
 0001:0000410f       _jeErrorLog_AddExplicit@24 1000510f f   jet3DClassic11d:Jet3DClassic11d.dll
 0001:00004115       _jeObject_RegisterGlobalObjectDef@4 10005115 f   jet3DClassic11d:Jet3DClassic11d.dll
 0001:0000411b       _OutputDebugStringA@4      1000511b f   kernel32:KERNEL32.dll
 0001:00004121       _GetModuleFileNameA@12     10005121 f   kernel32:KERNEL32.dll
 0001:00004127       _LoadStringA@16            10005127 f   user32:USER32.dll
 0001:00004130       @_RTC_AllocaHelper@12      10005130 f   MSVCRTD:stack.obj
 0001:00004170       @_RTC_CheckStackVars2@12   10005170 f   MSVCRTD:stack.obj
 0001:00004270       @_RTC_CheckStackVars@8     10005270 f   MSVCRTD:stack.obj
 0001:000042d0       __RTC_CheckEsp             100052d0 f   MSVCRTD:stack.obj
 0001:00004300       @__security_check_cookie@4 10005300 f   MSVCRTD:secchk.obj
 0001:00004320       __CRT_RTC_INIT             10005320 f   MSVCRTD:init.obj
 0001:00004330       __CRT_RTC_INITW            10005330 f   MSVCRTD:init.obj
 0001:00004340       __RTC_InitBase             10005340 f   MSVCRTD:init.obj
 0001:00004380       __RTC_Shutdown             10005380 f   MSVCRTD:init.obj
 0001:000049a0       __CRT_INIT@12              100059a0 f   MSVCRTD:dll_dllmain.obj
 0001:000049c0       __DllMainCRTStartup@12     100059c0 f   MSVCRTD:dll_dllmain.obj
 0001:00004aa0       ?_RTC_AllocaFailure@@YAXPAXPAU_RTC_ALLOCA_NODE@@H@Z 10005aa0 f   MSVCRTD:error.obj
 0001:00004bc0       ?_RTC_Failure@@YAXPAXH@Z   10005bc0 f   MSVCRTD:error.obj
 0001:00004c30       ?_RTC_StackFailure@@YAXPAXPBD@Z 10005c30 f   MSVCRTD:error.obj
 0001:00005120       __RTC_UninitUse            10006120 f   MSVCRTD:error.obj
 0001:00005200       ___local_stdio_printf_options 10006200 f i MSVCRTD:error.obj
 0001:00005210       __vsprintf_s_l             10006210 f i MSVCRTD:error.obj
 0001:00005250       _sprintf_s                 10006250 f i MSVCRTD:error.obj
 0001:00005280       ___report_gsfailure        10006280 f   MSVCRTD:gs_report.obj
 0001:00005290       ___report_rangecheckfailure 10006290 f   MSVCRTD:gs_report.obj
 0001:000052a0       ___report_securityfailure  100062a0 f   MSVCRTD:gs_report.obj
 0001:000052b0       ___report_securityfailureEx 100062b0 f   MSVCRTD:gs_report.obj
 0001:000052c0       ?_RTC_GetErrorFunc@@YAP6AHHPBDH00ZZPBX@Z 100062c0 f   MSVCRTD:userapi.obj
 0001:000052d0       ?_RTC_GetErrorFuncW@@YAP6AHHPB_WH00ZZPBX@Z 100062d0 f   MSVCRTD:userapi.obj
 0001:000052e0       __RTC_GetErrDesc           100062e0 f   MSVCRTD:userapi.obj
 0001:00005300       __RTC_NumErrors            10006300 f   MSVCRTD:userapi.obj
 0001:00005310       __RTC_SetErrorFunc         10006310 f   MSVCRTD:userapi.obj
 0001:00005340       __RTC_SetErrorFuncW        10006340 f   MSVCRTD:userapi.obj
 0001:00005370       __RTC_SetErrorType         10006370 f   MSVCRTD:userapi.obj
 0001:00005430       ___security_init_cookie    10006430 f   MSVCRTD:gs_support.obj
 0001:000054d0       ?__scrt_initialize_type_info@@YAXXZ 100064d0 f   MSVCRTD:tncleanup.obj
 0001:000054f0       ?__scrt_uninitialize_type_info@@YAXXZ 100064f0 f   MSVCRTD:tncleanup.obj
 0001:00005510       ___local_stdio_scanf_options 10006510 f i MSVCRTD:default_local_stdio_options.obj
 0001:00005520       ___scrt_initialize_default_local_stdio_options 10006520 f   MSVCRTD:default_local_stdio_options.obj
 0001:00005570       ?configure_argv@__scrt_narrow_argv_policy@@SAHXZ 10006570 f i MSVCRTD:utility.obj
 0001:00005640       ?initialize_environment@__scrt_narrow_environment_policy@@SAHXZ 10006640 f i MSVCRTD:utility.obj
 0001:000056e0       _NtCurrentTeb              100066e0 f i MSVCRTD:utility.obj
 0001:000056f0       ___scrt_acquire_startup_lock 100066f0 f   MSVCRTD:utility.obj
 0001:00005750       ___scrt_dllmain_after_initialize_c 10006750 f   MSVCRTD:utility.obj
 0001:00005790       ___scrt_dllmain_before_initialize_c 10006790 f   MSVCRTD:utility.obj
 0001:000057c0       ___scrt_dllmain_crt_thread_attach 100067c0 f   MSVCRTD:utility.obj
 0001:00005800       ___scrt_dllmain_crt_thread_detach 10006800 f   MSVCRTD:utility.obj
 0001:00005820       ___scrt_dllmain_exception_filter 10006820 f   MSVCRTD:utility.obj
 0001:00005880       ___scrt_dllmain_uninitialize_c 10006880 f   MSVCRTD:utility.obj
 0001:000058c0       ___scrt_dllmain_uninitialize_critical 100068c0 f   MSVCRTD:utility.obj
 0001:000058e0       ___scrt_initialize_crt     100068e0 f   MSVCRTD:utility.obj
 0001:00005940       ___scrt_initialize_onexit_tables 10006940 f   MSVCRTD:utility.obj
 0001:00005a50       ___scrt_is_nonwritable_in_current_image 10006a50 f   MSVCRTD:utility.obj
 0001:00005bd0       ___scrt_release_startup_lock 10006bd0 f   MSVCRTD:utility.obj
 0001:00005c00       ___scrt_uninitialize_crt   10006c00 f   MSVCRTD:utility.obj
 0001:00005c50       __onexit                   10006c50 f   MSVCRTD:utility.obj
 0001:00005cd0       _at_quick_exit             10006cd0 f   MSVCRTD:utility.obj
 0001:00005d20       _atexit                    10006d20 f   MSVCRTD:utility.obj
 0001:00005d60       ___scrt_get_dyn_tls_init_callback 10006d60 f   MSVCRTD:dyn_tls_init.obj
 0001:00005d70       ___scrt_fastfail           10006d70 f   MSVCRTD:utility_desktop.obj
 0001:00005d80       ___scrt_get_show_window_mode 10006d80 f   MSVCRTD:utility_desktop.obj
 0001:00005dd0       ___scrt_initialize_mta     10006dd0 f   MSVCRTD:utility_desktop.obj
 0001:00005de0       ___scrt_initialize_winrt   10006de0 f   MSVCRTD:utility_desktop.obj
 0001:00005df0       ___scrt_is_managed_app     10006df0 f   MSVCRTD:utility_desktop.obj
 0001:00005ea0       ___scrt_set_unhandled_exception_filter 10006ea0 f   MSVCRTD:utility_desktop.obj
 0001:00005ec0       ___scrt_exe_initialize_mta 10006ec0 f   MSVCRTD:utility_desktop.obj
 0001:00005ec0       ___scrt_stub_for_initialize_mta 10006ec0 f   MSVCRTD:utility_desktop.obj
 0001:00005ed0       ___scrt_unhandled_exception_filter@4 10006ed0 f   MSVCRTD:utility_desktop.obj
 0001:00005f70       __crt_debugger_hook        10006f70 f   MSVCRTD:utility_desktop.obj
 0001:00005f90       __RTC_Initialize           10006f90 f   MSVCRTD:initsect.obj
 0001:00005fd0       __RTC_Terminate            10006fd0 f   MSVCRTD:initsect.obj
 0001:00006010       __except_handler4          10007010 f   MSVCRTD:chandler4gs.obj
 0001:00006060       @_guard_check_icall_nop@4  10007060 f i MSVCRTD:guard_support.obj
 0001:00006070       _ReadNoFence               10007070 f i MSVCRTD:guard_support.obj
 0001:00006090       _ReadPointerNoFence        10007090 f i MSVCRTD:guard_support.obj
 0001:000060b0       __InlineInterlockedExchangePointer 100070b0 f i MSVCRTD:guard_support.obj
 0001:000060c0       ___castguard_check_failure_debugbreak 100070c0 f i MSVCRTD:guard_support.obj
 0001:000060e0       ___castguard_check_failure_fastfail 100070e0 f i MSVCRTD:guard_support.obj
 0001:00006110       ___castguard_check_failure_nop 10007110 f i MSVCRTD:guard_support.obj
 0001:00006120       ___castguard_check_failure_os_handled 10007120 f i MSVCRTD:guard_support.obj
 0001:00006190       ___castguard_check_failure_user_handled 10007190 f i MSVCRTD:guard_support.obj
 0001:00006260       ___castguard_set_user_handler 10007260 f i MSVCRTD:guard_support.obj
 0001:00006290       ___castguard_slow_path_check_debugbreak 10007290 f i MSVCRTD:guard_support.obj
 0001:000062d0       ___castguard_slow_path_check_fastfail 100072d0 f i MSVCRTD:guard_support.obj
 0001:00006320       ___castguard_slow_path_check_nop 10007320 f i MSVCRTD:guard_support.obj
 0001:00006330       ___castguard_slow_path_check_os_handled 10007330 f i MSVCRTD:guard_support.obj
 0001:00006380       ___castguard_slow_path_check_user_handled 10007380 f i MSVCRTD:guard_support.obj
 0001:00006420       __guard_icall_checks_enforced 10007420 f i MSVCRTD:guard_support.obj
 0001:000069b0       ?_RTC_GetSrcLine@@YAHPAEPA_WKPAH1K@Z 100079b0 f   MSVCRTD:pdblkup.obj
 0001:00006e20       __except_handler4_noexcept 10007e20 f   MSVCRTD:chandler4_noexcept.obj
 0001:00006ea0       ___isa_available_init      10007ea0 f   MSVCRTD:cpu_disp.obj
 0001:00007460       __get_startup_argv_mode    10008460 f   MSVCRTD:argv_mode.obj
 0001:00007470       ___scrt_is_ucrt_dll_in_use 10008470 f   MSVCRTD:ucrt_detection.obj
 0001:0000749d       ___std_type_info_destroy_list 1000849d f   vcruntimed:VCRUNTIME140D.dll
 0001:000074a3       ___current_exception       100084a3 f   vcruntimed:VCRUNTIME140D.dll
 0001:000074a9       ___current_exception_context 100084a9 f   vcruntimed:VCRUNTIME140D.dll
 0001:000074af       _memset                    100084af f   vcruntimed:VCRUNTIME140D.dll
 0001:000074b5       __except_handler4_common   100084b5 f   vcruntimed:VCRUNTIME140D.dll
 0001:000074bb       ___vcrt_GetModuleFileNameW 100084bb f   vcruntimed:VCRUNTIME140D.dll
 0001:000074c1       ___vcrt_GetModuleHandleW   100084c1 f   vcruntimed:VCRUNTIME140D.dll
 0001:000074c7       ___vcrt_LoadLibraryExW     100084c7 f   vcruntimed:VCRUNTIME140D.dll
 0001:000074cd       _strcpy                    100084cd f   ucrtd:ucrtbased.dll
 0001:000074d3       __wassert                  100084d3 f   ucrtd:ucrtbased.dll
 0001:000074d9       __CrtDbgReport             100084d9 f   ucrtd:ucrtbased.dll
 0001:000074df       __CrtDbgReportW            100084df f   ucrtd:ucrtbased.dll
 0001:000074e5       __initterm                 100084e5 f   ucrtd:ucrtbased.dll
 0001:000074eb       __initterm_e               100084eb f   ucrtd:ucrtbased.dll
 0001:000074f1       _strcpy_s                  100084f1 f   ucrtd:ucrtbased.dll
 0001:000074f7       _strcat_s                  100084f7 f   ucrtd:ucrtbased.dll
 0001:000074fd       ___stdio_common_vsprintf_s 100084fd f   ucrtd:ucrtbased.dll
 0001:00007503       __seh_filter_dll           10008503 f   ucrtd:ucrtbased.dll
 0001:00007509       __configure_narrow_argv    10008509 f   ucrtd:ucrtbased.dll
 0001:0000750f       __initialize_narrow_environment 1000850f f   ucrtd:ucrtbased.dll
 0001:00007515       __initialize_onexit_table  10008515 f   ucrtd:ucrtbased.dll
 0001:0000751b       __register_onexit_function 1000851b f   ucrtd:ucrtbased.dll
 0001:00007521       __execute_onexit_table     10008521 f   ucrtd:ucrtbased.dll
 0001:00007527       __crt_atexit               10008527 f   ucrtd:ucrtbased.dll
 0001:0000752d       __crt_at_quick_exit        1000852d f   ucrtd:ucrtbased.dll
 0001:00007533       __cexit                    10008533 f   ucrtd:ucrtbased.dll
 0001:00007539       _terminate                 10008539 f   ucrtd:ucrtbased.dll
 0001:0000753f       __wmakepath_s              1000853f f   ucrtd:ucrtbased.dll
 0001:00007545       __wsplitpath_s             10008545 f   ucrtd:ucrtbased.dll
 0001:0000754b       _wcscpy_s                  1000854b f   ucrtd:ucrtbased.dll
 0001:00007551       _IsDebuggerPresent@0       10008551 f   kernel32:KERNEL32.dll
 0001:00007557       _RaiseException@16         10008557 f   kernel32:KERNEL32.dll
 0001:0000755d       _MultiByteToWideChar@24    1000855d f   kernel32:KERNEL32.dll
 0001:00007563       _WideCharToMultiByte@32    10008563 f   kernel32:KERNEL32.dll
 0001:00007569       _QueryPerformanceCounter@4 10008569 f   kernel32:KERNEL32.dll
 0001:0000756f       _GetCurrentProcessId@0     1000856f f   kernel32:KERNEL32.dll
 0001:00007575       _GetCurrentThreadId@0      10008575 f   kernel32:KERNEL32.dll
 0001:0000757b       _GetSystemTimeAsFileTime@4 1000857b f   kernel32:KERNEL32.dll
 0001:00007581       _InitializeSListHead@4     10008581 f   kernel32:KERNEL32.dll
 0001:00007587       _SetUnhandledExceptionFilter@4 10008587 f   kernel32:KERNEL32.dll
 0001:0000758d       _GetStartupInfoW@4         1000858d f   kernel32:KERNEL32.dll
 0001:00007593       _GetModuleHandleW@4        10008593 f   kernel32:KERNEL32.dll
 0001:00007599       _GetLastError@0            10008599 f   kernel32:KERNEL32.dll
 0001:0000759f       _HeapAlloc@12              1000859f f   kernel32:KERNEL32.dll
 0001:000075a5       _HeapFree@12               100085a5 f   kernel32:KERNEL32.dll
 0001:000075ab       _GetProcessHeap@0          100085ab f   kernel32:KERNEL32.dll
 0001:000075b1       _VirtualQuery@12           100085b1 f   kernel32:KERNEL32.dll
 0001:000075b7       _FreeLibrary@4             100085b7 f   kernel32:KERNEL32.dll
 0001:000075bd       _GetProcAddress@8          100085bd f   kernel32:KERNEL32.dll
 0001:000075c3       _IsProcessorFeaturePresent@4 100085c3 f   kernel32:KERNEL32.dll
 0001:000075d0       ___acrt_initialize         100085d0 f   MSVCRTD:ucrt_stubs.obj
 0001:000075d0       ___scrt_stub_for_acrt_initialize 100085d0 f   MSVCRTD:ucrt_stubs.obj
 0001:000075d0       ___vcrt_initialize         100085d0 f   MSVCRTD:ucrt_stubs.obj
 0001:000075e0       ___acrt_thread_attach      100085e0 f   MSVCRTD:ucrt_stubs.obj
 0001:000075e0       ___scrt_stub_for_acrt_thread_attach 100085e0 f   MSVCRTD:ucrt_stubs.obj
 0001:000075e0       ___vcrt_thread_attach      100085e0 f   MSVCRTD:ucrt_stubs.obj
 0001:000075f0       ___acrt_thread_detach      100085f0 f   MSVCRTD:ucrt_stubs.obj
 0001:000075f0       ___scrt_stub_for_acrt_thread_detach 100085f0 f   MSVCRTD:ucrt_stubs.obj
 0001:000075f0       ___vcrt_thread_detach      100085f0 f   MSVCRTD:ucrt_stubs.obj
 0001:00007600       ___acrt_uninitialize       10008600 f   MSVCRTD:ucrt_stubs.obj
 0001:00007600       ___scrt_stub_for_acrt_uninitialize 10008600 f   MSVCRTD:ucrt_stubs.obj
 0001:00007600       ___vcrt_uninitialize       10008600 f   MSVCRTD:ucrt_stubs.obj
 0001:00007610       ___acrt_uninitialize_critical 10008610 f   MSVCRTD:ucrt_stubs.obj
 0001:00007610       ___scrt_stub_for_acrt_uninitialize_critical 10008610 f   MSVCRTD:ucrt_stubs.obj
 0001:00007610       ___vcrt_uninitialize_critical 10008610 f   MSVCRTD:ucrt_stubs.obj
 0001:00007620       ___scrt_stub_for_is_c_termination_complete 10008620 f   MSVCRTD:ucrt_stubs.obj
 0001:00007620       __is_c_termination_complete 10008620 f   MSVCRTD:ucrt_stubs.obj
 0001:00007630       __filter_x86_sse2_floating_point_exception 10008630 f   MSVCRTD:x86_exception_filter.obj
 0001:00007630       __filter_x86_sse2_floating_point_exception_default 10008630 f   MSVCRTD:x86_exception_filter.obj
 0002:00000000       ___xc_a                    1000a000     MSVCRTD:initializers.obj
 0002:00000104       ___xc_z                    1000a104     MSVCRTD:initializers.obj
 0002:00000208       ___xi_a                    1000a208     MSVCRTD:initializers.obj
 0002:0000030c       ___xi_z                    1000a30c     MSVCRTD:initializers.obj
 0002:00000410       ___xp_a                    1000a410     MSVCRTD:initializers.obj
 0002:00000514       ___xp_z                    1000a514     MSVCRTD:initializers.obj
 0002:00000618       ___xt_a                    1000a618     MSVCRTD:initializers.obj
 0002:0000071c       ___xt_z                    1000a71c     MSVCRTD:initializers.obj
 0002:00000820       ??_C@_1OI@CGOLGNGL@?$AAC?$AA?3?$AA?2?$AAU?$AAs?$AAe?$AAr?$AAs?$AA?2?$AAJ?$AAa?$AAm?$AAe?$AAs?$AA?2@ 1000a820     CamObject.obj
 0002:00000938       ??_C@_1BO@BHCPKDDC@?$AAp?$AAB?$AAr?$AAu?$AAs?$AAh?$AA?5?$AA?$CB?$AA?$DN?$AA?5?$AAN?$AAU?$AAL?$AAL@ 1000a938     CamObject.obj
 0002:0000095c       ??_C@_1CA@PELENM@?$AAp?$AAE?$AAx?$AAt?$AAB?$AAo?$AAx?$AA?5?$AA?$CB?$AA?$DN?$AA?5?$AAN?$AAU?$AAL?$AAL@ 1000a95c     CamObject.obj
 0002:00000984       ??_C@_1M@DNFKHKCN@?$AAB?$AAr?$AAu?$AAs?$AAh@ 1000a984     CamObject.obj
 0002:00000994       ??_C@_1M@GHOONPAA@?$AAV?$AAe?$AAr?$AAt?$AAs@ 1000a994     CamObject.obj
 0002:000009a4       ??_C@_0BN@GDFMPLEL@Unable?5to?5create?5brush?5face?4@ 1000a9a4     CamObject.obj
 0002:000009c6       ??_C@_00CNPNBAHC@@         1000a9c6     CamObject.obj
 0002:000009c8       ??_C@_0HE@MBAEAPJA@C?3?2Users?2James?2Downloads?2JStudi@ 1000a9c8     CamObject.obj
 0002:00000a54       ??_C@_0BJ@MPKGEGGM@JE_ERR_INTERNAL_RESOURCE@ 1000aa54     CamObject.obj
 0002:00000a74       ??_C@_0BJ@KJDMIJO@Unable?5to?5create?5jeBrush@ 1000aa74     CamObject.obj
 0002:00000a94       ??_C@_05ILLBNNOP@Trace@    1000aa94     CamObject.obj
 0002:00000a9c       ??_C@_1CE@FBLKGNMA@?$AAh?$AAI?$AAn?$AAs?$AAt?$AAa?$AAn?$AAc?$AAe?$AA?5?$AA?$CB?$AA?$DN?$AA?5?$AAN?$AAU@ 1000aa9c     CamObject.obj
 0002:00000ac8       ??_C@_1BA@DPBAOGCM@?$AAI?$AAD?$AA?5?$AA?$DO?$AA?$DN?$AA?5?$AA0@ 1000aac8     CamObject.obj
 0002:00000adc       ??_C@_0BH@KIBLNGDK@JE_ERR_MEMORY_RESOURCE@ 1000aadc     CamObject.obj
 0002:00000af8       ??_C@_0P@PGGGILHJ@CreateInstance@ 1000aaf8     CamObject.obj
 0002:00000b0c       ??_C@_0CB@MCEGMGLP@DuplicateInstance?3CreateInstanc@ 1000ab0c     CamObject.obj
 0002:00000b34       ??_C@_0BJ@EGNAMMON@JE_ERR_SUBSYSTEM_FAILURE@ 1000ab34     CamObject.obj
 0002:00000b54       ??_C@_1BC@LDHKIAE@?$AAI?$AAn?$AAs?$AAt?$AAa?$AAn?$AAc?$AAe@ 1000ab54     CamObject.obj
 0002:00000b6c       ??_C@_1BE@KMDLKHPM@?$AAp?$AAI?$AAn?$AAs?$AAt?$AAa?$AAn?$AAc?$AAe@ 1000ab6c     CamObject.obj
 0002:00000b84       ??_C@_1CI@IJIMFADI@?$AAp?$AAC?$AAa?$AAm?$AAO?$AAb?$AAj?$AA?9?$AA?$DO?$AAR?$AAe?$AAf?$AAC?$AAn?$AAt@ 1000ab84     CamObject.obj
 0002:00000bb4       ??_C@_0L@NMHGBBCH@CamObject?6@ 1000abb4     CamObject.obj
 0002:00000bc4       ??_C@_0BN@OFJBJBGA@CamObject_CreateFromFile?3Tag@ 1000abc4     CamObject.obj
 0002:00000be8       ??_C@_0BD@ENGKCHBG@JE_ERR_FILEIO_READ@ 1000abe8     CamObject.obj
 0002:00000c00       ??_C@_0CB@NKBFNAIM@CamObject_CreateFromFile?3Versio@ 1000ac00     CamObject.obj
 0002:00000c28       ??_C@_0BN@OLAPGCCM@CamObject_CreateFromFile?3FOV@ 1000ac28     CamObject.obj
 0002:00000c4c       ??_C@_0BP@KEEEJPLA@CamObject_CreateFromFile?3XForm@ 1000ac4c     CamObject.obj
 0002:00000c74       ??_C@_0CH@DNMKMIKH@CamObject_CreateFromFile?3FarCli@ 1000ac74     CamObject.obj
 0002:00000ca4       ??_C@_0CB@BENCMOGN@CamObject_CreateFromFile?3FarCli@ 1000aca4     CamObject.obj
 0002:00000ccc       ??_C@_0BK@DEPFONHL@CamObject_WriteToFile?3Tag@ 1000accc     CamObject.obj
 0002:00000cec       ??_C@_0BE@CCAIDFII@JE_ERR_FILEIO_WRITE@ 1000acec     CamObject.obj
 0002:00000d04       ??_C@_0BO@PAKDNNMH@CamObject_WriteToFile?3Version@ 1000ad04     CamObject.obj
 0002:00000d28       ??_C@_0BD@BFMPAIGK@CreateFromFile?3FOV@ 1000ad28     CamObject.obj
 0002:00000d40       ??_C@_0BF@KPAAABLF@CreateFromFile?3XForm@ 1000ad40     CamObject.obj
 0002:00000d5c       ??_C@_0BL@MFFMPKNK@WriteToFile?3FarClipEnabled@ 1000ad5c     CamObject.obj
 0002:00000d7c       ??_C@_0BE@KBCFOHOJ@WriteToFile?3FarClip@ 1000ad7c     CamObject.obj
 0002:00000d98       ??_C@_1EA@GNMOCPKM@?$AAD?$AAa?$AAt?$AAa?$AAT?$AAy?$AAp?$AAe?$AA?5?$AA?$DN?$AA?$DN?$AA?5?$AAP?$AAR?$AAO@ 1000ad98     CamObject.obj
 0002:00000de8       ??_C@_1EA@MNKJFLED@?$AAD?$AAa?$AAt?$AAa?$AAT?$AAy?$AAp?$AAe?$AA?5?$AA?$DN?$AA?$DN?$AA?5?$AAP?$AAR?$AAO@ 1000ade8     CamObject.obj
 0002:00000e34       __real@3dcccccd            1000ae34     CamObject.obj
 0002:00000e38       __real@3ec28f5c            1000ae38     CamObject.obj
 0002:00000e3c       __real@3f400000            1000ae3c     CamObject.obj
 0002:00000e40       __real@3f800000            1000ae40     CamObject.obj
 0002:00000e44       __real@40000000            1000ae44     CamObject.obj
 0002:00000e48       __real@40800000            1000ae48     CamObject.obj
 0002:00000e4c       __real@461c4000            1000ae4c     CamObject.obj
 0002:00000e50       __real@47c34f80            1000ae50     CamObject.obj
 0002:00000e54       __real@bf800000            1000ae54     CamObject.obj
 0002:00000e60       __xmm@80000000800000008000000080000000 1000ae60     CamObject.obj
 0002:00000e74       ??_C@_06JCBBMBIP@Camera@   1000ae74     ObjectDef.obj
 0002:00000e7c       __real@3f051eb8            1000ae7c     ObjectDef.obj
 0002:00000e80       __pDefaultRawDllMain       1000ae80     MSVCRTD:dll_dllmain.obj
 0002:00000e80       __pRawDllMain              1000ae80     MSVCRTD:dll_dllmain.obj
 0002:00000f40       ??_C@_0NN@JMPELKLB@The?5value?5of?5ESP?5was?5not?5proper@ 1000af40     MSVCRTD:error.obj
 0002:00001050       ??_C@_0BBN@ELNNILBE@A?5cast?5to?5a?5smaller?5data?5type?5h@ 1000b050     MSVCRTD:error.obj
 0002:000011a8       ??_C@_0BN@BPOGFMJL@Stack?5memory?5was?5corrupted?$AN?6@ 1000b1a8     MSVCRTD:error.obj
 0002:000011cc       ??_C@_0DG@DAJCDLPN@A?5local?5variable?5was?5used?5befor@ 1000b1cc     MSVCRTD:error.obj
 0002:0000120c       ??_C@_0CM@JMIDGKLA@Stack?5memory?5around?5_alloca?5was@ 1000b20c     MSVCRTD:error.obj
 0002:00001240       ??_C@_0BO@CHIONIOI@Unknown?5Runtime?5Check?5Error?$AN?6@ 1000b240     MSVCRTD:error.obj
 0002:00001268       ??_C@_1GM@CNOOJIHC@?$AAR?$AAu?$AAn?$AAt?$AAi?$AAm?$AAe?$AA?5?$AAC?$AAh?$AAe?$AAc?$AAk?$AA?5?$AAE@ 1000b268     MSVCRTD:error.obj
 0002:000012f0       ??_C@_1EA@NFKNIFJP@?$AAR?$AAu?$AAn?$AA?9?$AAT?$AAi?$AAm?$AAe?$AA?5?$AAC?$AAh?$AAe?$AAc?$AAk?$AA?5@ 1000b2f0     MSVCRTD:error.obj
 0002:0000133c       ??_C@_0BB@PFFGGCJP@Unknown?5Filename@ 1000b33c     MSVCRTD:error.obj
 0002:00001350       ??_C@_0BE@GNBOBNCK@Unknown?5Module?5Name@ 1000b350     MSVCRTD:error.obj
 0002:00001368       ??_C@_0CA@IODNCDPG@Run?9Time?5Check?5Failure?5?$CD?$CFd?5?9?5?$CFs@ 1000b368     MSVCRTD:error.obj
 0002:00001390       ??_C@_0CG@IAFNJNEE@Stack?5corrupted?5near?5unknown?5va@ 1000b390     MSVCRTD:error.obj
 0002:000013c0       ??_C@_05MKKEDADM@?$CF?42X?5@ 1000b3c0     MSVCRTD:error.obj
 0002:000013c8       ??_C@_0EJ@LJKNEOLN@Stack?5area?5around?5_alloca?5memor@ 1000b3c8     MSVCRTD:error.obj
 0002:00001420       ??_C@_01EEMJAFIK@?6@       1000b420     MSVCRTD:error.obj
 0002:00001424       ??_C@_02LLMPMKNF@?$DO?5@   1000b424     MSVCRTD:error.obj
 0002:00001428       ??_C@_08OMAHNMHJ@?6Data?3?5?$DM@ 1000b428     MSVCRTD:error.obj
 0002:00001434       ??_C@_0CK@DKGBICFE@?6Allocation?5number?5within?5this?5@ 1000b434     MSVCRTD:error.obj
 0002:00001468       ??_C@_07DFDJCKFN@?6Size?3?5@ 1000b468     MSVCRTD:error.obj
 0002:00001474       ??_C@_0N@MHFFIMFG@?6Address?3?50x@ 1000b474     MSVCRTD:error.obj
 0002:00001488       ??_C@_0EI@CLEPFNGI@Stack?5area?5around?5_alloca?5memor@ 1000b488     MSVCRTD:error.obj
 0002:000014e0       ??_C@_0BK@ODNDAGKB@?$CFs?$CFs?$CFp?$CFs?$CFzd?$CFs?$CFd?$CFs?$CFs?$CFs?$CFs?$CFs@ 1000b4e0     MSVCRTD:error.obj
 0002:00001500       ??_C@_0DE@OHJBPMBP@A?5variable?5is?5being?5used?5withou@ 1000b500     MSVCRTD:error.obj
 0002:00001558       ??_C@_0BJ@HEGAHDFO@Stack?5pointer?5corruption@ 1000b558     MSVCRTD:userapi.obj
 0002:00001578       ??_C@_0CK@FEGOIOPB@Cast?5to?5smaller?5type?5causing?5lo@ 1000b578     MSVCRTD:userapi.obj
 0002:000015ac       ??_C@_0BI@CIGMDCBH@Stack?5memory?5corruption@ 1000b5ac     MSVCRTD:userapi.obj
 0002:000015c8       ??_C@_0CK@CNLNOEPB@Local?5variable?5used?5before?5init@ 1000b5c8     MSVCRTD:userapi.obj
 0002:000015fc       ??_C@_0BP@OGBCLIBO@Stack?5around?5_alloca?5corrupted@ 1000b5fc     MSVCRTD:userapi.obj
 0002:00001680       ??_C@_1EI@MLPKHBGE@?$AAa?$AAp?$AAi?$AA?9?$AAm?$AAs?$AA?9?$AAw?$AAi?$AAn?$AA?9?$AAc?$AAo?$AAr?$AAe@ 1000b680     MSVCRTD:pdblkup.obj
 0002:000016d8       ??_C@_1BK@JHLNAEJL@?$AAa?$AAd?$AAv?$AAa?$AAp?$AAi?$AA3?$AA2?$AA?4?$AAd?$AAl?$AAl@ 1000b6d8     MSVCRTD:pdblkup.obj
 0002:000016f8       ??_C@_0O@COHOBMLB@RegOpenKeyExW@ 1000b6f8     MSVCRTD:pdblkup.obj
 0002:00001708       ??_C@_0BB@GLNAEDBD@RegQueryValueExW@ 1000b708     MSVCRTD:pdblkup.obj
 0002:0000171c       ??_C@_0M@HLOHPNFA@RegCloseKey@ 1000b71c     MSVCRTD:pdblkup.obj
 0002:00001730       ??_C@_1HE@EBEAGLFB@?$AAS?$AAO?$AAF?$AAT?$AAW?$AAA?$AAR?$AAE?$AA?2?$AAW?$AAo?$AAw?$AA6?$AA4?$AA3@ 1000b730     MSVCRTD:pdblkup.obj
 0002:000017bc       ??_C@_1BG@EABPBLLF@?$AAP?$AAr?$AAo?$AAd?$AAu?$AAc?$AAt?$AAD?$AAi?$AAr@ 1000b7bc     MSVCRTD:pdblkup.obj
 0002:000017fc       ??_C@_1BC@JINFINNJ@?$AAM?$AAS?$AAP?$AAD?$AAB?$AA1?$AA4?$AA0@ 1000b7fc     MSVCRTD:pdblkup.obj
 0002:00001814       ??_C@_0BB@KCIACLNC@PDBOpenValidate5@ 1000b814     MSVCRTD:pdblkup.obj
 0002:00001828       ??_C@_01KDCPPGHE@r@        1000b828     MSVCRTD:pdblkup.obj
 0002:00001830       __load_config_used         1000b830     MSVCRTD:loadcfg.obj
 0002:00001ac0       ___CastGuardVftablesStart  1000bac0     MSVCRTD:guard_support.obj
 0002:00001c40       ___CastGuardVftablesEnd    1000bc40     MSVCRTD:guard_support.obj
 0002:00001d8c       ___safe_se_handler_table   1000bd8c     <linker-defined>
 0002:00002064       ___rtc_iaa                 1000c064     MSVCRTD:initsect.obj
 0002:00002274       ___rtc_izz                 1000c274     MSVCRTD:initsect.obj
 0002:00002378       ___rtc_taa                 1000c378     MSVCRTD:initsect.obj
 0002:00002588       ___rtc_tzz                 1000c588     MSVCRTD:initsect.obj
 0003:00000000       _CamPropertyList           1000d000     CamObject.obj
 0003:00000010       ?__LINE__Var@?0??BrushExtBox@@9@9 1000d010     CamObject.obj
 0003:00000014       ?__LINE__Var@?0??CamObj_CreateFace@@9@9 1000d014     CamObject.obj
 0003:00000018       ?__LINE__Var@?0??CreateGlobalBrush@@9@9 1000d018     CamObject.obj
 0003:0000001c       ?__LINE__Var@?0??Util_LoadLibraryString@@9@9 1000d01c     CamObject.obj
 0003:00000020       ?__LINE__Var@?0??CreateInstance@@9@9 1000d020     CamObject.obj
 0003:00000024       ?__LINE__Var@?0??DuplicateInstance@@9@9 1000d024     CamObject.obj
 0003:00000028       ?__LINE__Var@?0??CreateRef@@9@9 1000d028     CamObject.obj
 0003:0000002c       ?__LINE__Var@?0??Destroy@@9@9 1000d02c     CamObject.obj
 0003:00000030       ?__LINE__Var@?0??AttachWorld@@9@9 1000d030     CamObject.obj
 0003:00000034       ?__LINE__Var@?0??DettachWorld@@9@9 1000d034     CamObject.obj
 0003:00000038       ?__LINE__Var@?0??GetExtBox@@9@9 1000d038     CamObject.obj
 0003:0000003c       ?__LINE__Var@?0??CreateFromFile@@9@9 1000d03c     CamObject.obj
 0003:00000040       ?__LINE__Var@?0??WriteToFile@@9@9 1000d040     CamObject.obj
 0003:00000044       ?__LINE__Var@?0??GetPropertyList@@9@9 1000d044     CamObject.obj
 0003:00000048       ?__LINE__Var@?0??SetProperty@@9@9 1000d048     CamObject.obj
 0003:0000004c       ?__LINE__Var@?0??GetProperty@@9@9 1000d04c     CamObject.obj
 0003:00000050       ?__LINE__Var@?0??SetXForm@@9@9 1000d050     CamObject.obj
 0003:00000054       ?__LINE__Var@?0??GetXForm@@9@9 1000d054     CamObject.obj
 0003:00000058       _ObjectDef                 1000d058     ObjectDef.obj
 0003:00000100       ___security_cookie         1000d100     MSVCRTD:gs_cookie.obj
 0003:00000140       ___security_cookie_complement 1000d140     MSVCRTD:gs_cookie.obj
 0003:00000154       __fltused                  1000d154     MSVCRTD:fltused.obj
 0003:00000158       ?_RTC_ErrorLevels@@3PAHA   1000d158     MSVCRTD:error.obj
 0003:00000170       ___scrt_native_dllmain_reason 1000d170     MSVCRTD:utility.obj
 0003:00000178       ___isa_enabled             1000d178     MSVCRTD:cpu_disp.obj
 0003:00000180       ___isa_inverted            1000d180     MSVCRTD:cpu_disp.obj
 0003:0000018c       ___scrt_ucrt_dll_is_in_use 1000d18c     MSVCRTD:ucrt_stubs.obj
 0003:000003f8       ?_OptionsStorage@?1??__local_stdio_printf_options@@9@4_KA 1000d3f8     MSVCRTD:error.obj
 0003:00000410       ?__type_info_root_node@@3U__type_info_node@@A 1000d410     MSVCRTD:tncleanup.obj
 0003:00000420       ?_OptionsStorage@?1??__local_stdio_scanf_options@@9@4_KA 1000d420     MSVCRTD:default_local_stdio_options.obj
 0003:0000042c       ___scrt_current_native_startup_state 1000d42c     MSVCRTD:utility.obj
 0003:00000430       ___scrt_native_startup_lock 1000d430     MSVCRTD:utility.obj
 0003:00000458       ___scrt_debugger_hook_flag 1000d458     MSVCRTD:utility_desktop.obj
 0003:0000045c       ___castguard_check_failure_user_handled_fptr 1000d45c     MSVCRTD:guard_support.obj
 0003:00000468       ___isa_available           1000d468     MSVCRTD:cpu_disp.obj
 0003:0000046c       ___favor                   1000d46c     MSVCRTD:cpu_disp.obj
 0003:00000470       ___avx10_version           1000d470     MSVCRTD:cpu_disp.obj
 0003:00000480       _NameList                  1000d480     <common>
 0003:000004c0       _CamProperties             1000d4c0     <common>
 0003:00000550       _Brush                     1000d550     <common>
 0003:00000554       ___dyn_tls_init_callback   1000d554     <common>
 0004:00000000       __imp__jeVec3d_Set@16      1000e000     jet3DClassic11d:Jet3DClassic11d.dll
 0004:00000004       __imp__jeVFile_Read@12     1000e004     jet3DClassic11d:Jet3DClassic11d.dll
 0004:00000008       __imp__jeVFile_Write@12    1000e008     jet3DClassic11d:Jet3DClassic11d.dll
 0004:0000000c       __imp__jeVFile_Seek@12     1000e00c     jet3DClassic11d:Jet3DClassic11d.dll
 0004:00000010       __imp__jeXForm3d_Copy@8    1000e010     jet3DClassic11d:Jet3DClassic11d.dll
 0004:00000014       __imp__jeXForm3d_Orthonormalize@4 1000e014     jet3DClassic11d:Jet3DClassic11d.dll
 0004:00000018       __imp__jeXForm3d_SetIdentity@4 1000e018     jet3DClassic11d:Jet3DClassic11d.dll
 0004:0000001c       __imp__jeXForm3d_Transform@12 1000e01c     jet3DClassic11d:Jet3DClassic11d.dll
 0004:00000020       __imp__jeCamera_GetAttributes@12 1000e020     jet3DClassic11d:Jet3DClassic11d.dll
 0004:00000024       __imp__jeCamera_SetAttributes@12 1000e024     jet3DClassic11d:Jet3DClassic11d.dll
 0004:00000028       __imp__jeCamera_SetFarClipPlane@12 1000e028     jet3DClassic11d:Jet3DClassic11d.dll
 0004:0000002c       __imp__jeExtBox_IsValid@4  1000e02c     jet3DClassic11d:Jet3DClassic11d.dll
 0004:00000030       __imp__jeExtBox_SetToPoint@8 1000e030     jet3DClassic11d:Jet3DClassic11d.dll
 0004:00000034       __imp__jeExtBox_ExtendToEnclose@8 1000e034     jet3DClassic11d:Jet3DClassic11d.dll
 0004:00000038       __imp__jeProperty_ListCopy@4 1000e038     jet3DClassic11d:Jet3DClassic11d.dll
 0004:0000003c       __imp__jeProperty_FillCheck@16 1000e03c     jet3DClassic11d:Jet3DClassic11d.dll
 0004:00000040       __imp__jeProperty_FillFloat@28 1000e040     jet3DClassic11d:Jet3DClassic11d.dll
 0004:00000044       __imp__jeFaceInfo_SetDefaults@4 1000e044     jet3DClassic11d:Jet3DClassic11d.dll
 0004:00000048       __imp__jeBrush_Create@4    1000e048     jet3DClassic11d:Jet3DClassic11d.dll
 0004:0000004c       __imp__jeBrush_Destroy@4   1000e04c     jet3DClassic11d:Jet3DClassic11d.dll
 0004:00000050       __imp__jeBrush_SetXForm@12 1000e050     jet3DClassic11d:Jet3DClassic11d.dll
 0004:00000054       __imp__jeBrush_GetXForm@4  1000e054     jet3DClassic11d:Jet3DClassic11d.dll
 0004:00000058       __imp__jeBrush_CreateFace@8 1000e058     jet3DClassic11d:Jet3DClassic11d.dll
 0004:0000005c       __imp__jeBrush_GetNextFace@8 1000e05c     jet3DClassic11d:Jet3DClassic11d.dll
 0004:00000060       __imp__jeBrush_FaceGetVertCount@4 1000e060     jet3DClassic11d:Jet3DClassic11d.dll
 0004:00000064       __imp__jeBrush_FaceSetVertByIndex@12 1000e064     jet3DClassic11d:Jet3DClassic11d.dll
 0004:00000068       __imp__jeBrush_FaceGetVertByIndex@8 1000e068     jet3DClassic11d:Jet3DClassic11d.dll
 0004:0000006c       __imp__jeBrush_FaceSetFaceInfo@8 1000e06c     jet3DClassic11d:Jet3DClassic11d.dll
 0004:00000070       __imp___jeRam_DebugAllocate@12 1000e070     jet3DClassic11d:Jet3DClassic11d.dll
 0004:00000074       __imp__jeRam_AllocateClear@4 1000e074     jet3DClassic11d:Jet3DClassic11d.dll
 0004:00000078       __imp__jeRam_Free_@4       1000e078     jet3DClassic11d:Jet3DClassic11d.dll
 0004:0000007c       __imp__jeErrorLog_AddExplicit@24 1000e07c     jet3DClassic11d:Jet3DClassic11d.dll
 0004:00000080       __imp__jeObject_RegisterGlobalObjectDef@4 1000e080     jet3DClassic11d:Jet3DClassic11d.dll
 0004:00000084       \177Jet3DClassic11d_NULL_THUNK_DATA 1000e084     jet3DClassic11d:Jet3DClassic11d.dll
 0004:000000c8       __imp__OutputDebugStringA@4 1000e0c8     kernel32:KERNEL32.dll
 0004:000000cc       __imp__GetModuleFileNameA@12 1000e0cc     kernel32:KERNEL32.dll
 0004:000000d0       __imp__GetProcAddress@8    1000e0d0     kernel32:KERNEL32.dll
 0004:000000d4       __imp__FreeLibrary@4       1000e0d4     kernel32:KERNEL32.dll
 0004:000000d8       __imp__VirtualQuery@12     1000e0d8     kernel32:KERNEL32.dll
 0004:000000dc       __imp__GetProcessHeap@0    1000e0dc     kernel32:KERNEL32.dll
 0004:000000e0       __imp__HeapFree@12         1000e0e0     kernel32:KERNEL32.dll
 0004:000000e4       __imp__HeapAlloc@12        1000e0e4     kernel32:KERNEL32.dll
 0004:000000e8       __imp__GetLastError@0      1000e0e8     kernel32:KERNEL32.dll
 0004:000000ec       __imp__GetModuleHandleW@4  1000e0ec     kernel32:KERNEL32.dll
 0004:000000f0       __imp__GetStartupInfoW@4   1000e0f0     kernel32:KERNEL32.dll
 0004:000000f4       __imp__IsProcessorFeaturePresent@4 1000e0f4     kernel32:KERNEL32.dll
 0004:000000f8       __imp__SetUnhandledExceptionFilter@4 1000e0f8     kernel32:KERNEL32.dll
 0004:000000fc       __imp__InitializeSListHead@4 1000e0fc     kernel32:KERNEL32.dll
 0004:00000100       __imp__GetSystemTimeAsFileTime@4 1000e100     kernel32:KERNEL32.dll
 0004:00000104       __imp__GetCurrentThreadId@0 1000e104     kernel32:KERNEL32.dll
 0004:00000108       __imp__GetCurrentProcessId@0 1000e108     kernel32:KERNEL32.dll
 0004:0000010c       __imp__QueryPerformanceCounter@4 1000e10c     kernel32:KERNEL32.dll
 0004:00000110       __imp__WideCharToMultiByte@32 1000e110     kernel32:KERNEL32.dll
 0004:00000114       __imp__MultiByteToWideChar@24 1000e114     kernel32:KERNEL32.dll
 0004:00000118       __imp__RaiseException@16   1000e118     kernel32:KERNEL32.dll
 0004:0000011c       __imp__IsDebuggerPresent@0 1000e11c     kernel32:KERNEL32.dll
 0004:00000120       \177KERNEL32_NULL_THUNK_DATA 1000e120     kernel32:KERNEL32.dll
 0004:0000015c       __imp__LoadStringA@16      1000e15c     user32:USER32.dll
 0004:00000160       \177USER32_NULL_THUNK_DATA 1000e160     user32:USER32.dll
 0004:0000018c       __imp____current_exception_context 1000e18c     vcruntimed:VCRUNTIME140D.dll
 0004:00000190       __imp____current_exception 1000e190     vcruntimed:VCRUNTIME140D.dll
 0004:00000194       __imp____std_type_info_destroy_list 1000e194     vcruntimed:VCRUNTIME140D.dll
 0004:00000198       __imp___except_handler4_common 1000e198     vcruntimed:VCRUNTIME140D.dll
 0004:0000019c       __imp____vcrt_GetModuleFileNameW 1000e19c     vcruntimed:VCRUNTIME140D.dll
 0004:000001a0       __imp____vcrt_LoadLibraryExW 1000e1a0     vcruntimed:VCRUNTIME140D.dll
 0004:000001a4       __imp____vcrt_GetModuleHandleW 1000e1a4     vcruntimed:VCRUNTIME140D.dll
 0004:000001a8       __imp__memset              1000e1a8     vcruntimed:VCRUNTIME140D.dll
 0004:000001ac       \177VCRUNTIME140D_NULL_THUNK_DATA 1000e1ac     vcruntimed:VCRUNTIME140D.dll
 0004:000001dc       __imp___wsplitpath_s       1000e1dc     ucrtd:ucrtbased.dll
 0004:000001e0       __imp__wcscpy_s            1000e1e0     ucrtd:ucrtbased.dll
 0004:000001e4       __imp__terminate           1000e1e4     ucrtd:ucrtbased.dll
 0004:000001e8       __imp__strcat_s            1000e1e8     ucrtd:ucrtbased.dll
 0004:000001ec       __imp___cexit              1000e1ec     ucrtd:ucrtbased.dll
 0004:000001f0       __imp___initterm_e         1000e1f0     ucrtd:ucrtbased.dll
 0004:000001f4       __imp___initterm           1000e1f4     ucrtd:ucrtbased.dll
 0004:000001f8       __imp___CrtDbgReportW      1000e1f8     ucrtd:ucrtbased.dll
 0004:000001fc       __imp___CrtDbgReport       1000e1fc     ucrtd:ucrtbased.dll
 0004:00000200       __imp___wassert            1000e200     ucrtd:ucrtbased.dll
 0004:00000204       __imp__strcpy              1000e204     ucrtd:ucrtbased.dll
 0004:00000208       __imp___wmakepath_s        1000e208     ucrtd:ucrtbased.dll
 0004:0000020c       __imp___crt_at_quick_exit  1000e20c     ucrtd:ucrtbased.dll
 0004:00000210       __imp___crt_atexit         1000e210     ucrtd:ucrtbased.dll
 0004:00000214       __imp___execute_onexit_table 1000e214     ucrtd:ucrtbased.dll
 0004:00000218       __imp___register_onexit_function 1000e218     ucrtd:ucrtbased.dll
 0004:0000021c       __imp___initialize_onexit_table 1000e21c     ucrtd:ucrtbased.dll
 0004:00000220       __imp___initialize_narrow_environment 1000e220     ucrtd:ucrtbased.dll
 0004:00000224       __imp___configure_narrow_argv 1000e224     ucrtd:ucrtbased.dll
 0004:00000228       __imp___seh_filter_dll     1000e228     ucrtd:ucrtbased.dll
 0004:0000022c       __imp__strcpy_s            1000e22c     ucrtd:ucrtbased.dll
 0004:00000230       __imp____stdio_common_vsprintf_s 1000e230     ucrtd:ucrtbased.dll
 0004:00000234       \177ucrtbased_NULL_THUNK_DATA 1000e234     ucrtd:ucrtbased.dll
 0004:00000270       __IMPORT_DESCRIPTOR_Jet3DClassic11d 1000e270     jet3DClassic11d:Jet3DClassic11d.dll
 0004:00000284       __IMPORT_DESCRIPTOR_KERNEL32 1000e284     kernel32:KERNEL32.dll
 0004:00000298       __IMPORT_DESCRIPTOR_USER32 1000e298     user32:USER32.dll
 0004:000002ac       __IMPORT_DESCRIPTOR_VCRUNTIME140D 1000e2ac     vcruntimed:VCRUNTIME140D.dll
 0004:000002c0       __IMPORT_DESCRIPTOR_ucrtbased 1000e2c0     ucrtd:ucrtbased.dll
 0004:000002d4       __NULL_IMPORT_DESCRIPTOR   1000e2d4     jet3DClassic11d:Jet3DClassic11d.dll
 0005:00000000       ___guard_check_icall_fptr  1000f000     MSVCRTD:guard_support.obj
 0005:00000004       ___guard_xfg_check_icall_fptr 1000f004     MSVCRTD:guard_support.obj
 0005:00000008       ___castguard_check_failure_os_handled_fptr 1000f008     MSVCRTD:guard_support.obj

 entry point at        0001:000000e1

 Static symbols

 0000:00000000       _volmd                     10000000     CamObject.obj
 0000:00000000       _volmd                     10000000     CamObject.obj
 0000:00000000       _volmd                     10000000     CamObject.obj
 0000:fffee000       .debug$S                   10000000     CameraObj.exp
 0000:fffee000       .debug$S                   10000000     jet3DClassic11d:Jet3DClassic11d.dll
 0000:fffee000       .debug$S                   10000000     jet3DClassic11d:Jet3DClassic11d.dll
 0000:fffee000       .debug$S                   10000000     jet3DClassic11d:Jet3DClassic11d.dll
 0000:fffee000       .debug$S                   10000000     jet3DClassic11d:Jet3DClassic11d.dll
 0000:fffee000       .debug$S                   10000000     jet3DClassic11d:Jet3DClassic11d.dll
 0000:fffee000       .debug$S                   10000000     jet3DClassic11d:Jet3DClassic11d.dll
 0000:fffee000       .debug$S                   10000000     jet3DClassic11d:Jet3DClassic11d.dll
 0000:fffee000       .debug$S                   10000000     jet3DClassic11d:Jet3DClassic11d.dll
 0000:fffee000       .debug$S                   10000000     jet3DClassic11d:Jet3DClassic11d.dll
 0000:fffee000       .debug$S                   10000000     jet3DClassic11d:Jet3DClassic11d.dll
 0000:fffee000       .debug$S                   10000000     jet3DClassic11d:Jet3DClassic11d.dll
 0000:fffee000       .debug$S                   10000000     jet3DClassic11d:Jet3DClassic11d.dll
 0000:fffee000       .debug$S                   10000000     jet3DClassic11d:Jet3DClassic11d.dll
 0000:fffee000       .debug$S                   10000000     jet3DClassic11d:Jet3DClassic11d.dll
 0000:fffee000       .debug$S                   10000000     jet3DClassic11d:Jet3DClassic11d.dll
 0000:fffee000       .debug$S                   10000000     jet3DClassic11d:Jet3DClassic11d.dll
 0000:fffee000       .debug$S                   10000000     jet3DClassic11d:Jet3DClassic11d.dll
 0000:fffee000       .debug$S                   10000000     jet3DClassic11d:Jet3DClassic11d.dll
 0000:fffee000       .debug$S                   10000000     jet3DClassic11d:Jet3DClassic11d.dll
 0000:fffee000       .debug$S                   10000000     jet3DClassic11d:Jet3DClassic11d.dll
 0000:fffee000       .debug$S                   10000000     jet3DClassic11d:Jet3DClassic11d.dll
 0000:fffee000       .debug$S                   10000000     jet3DClassic11d:Jet3DClassic11d.dll
 0000:fffee000       .debug$S                   10000000     jet3DClassic11d:Jet3DClassic11d.dll
 0000:fffee000       .debug$S                   10000000     jet3DClassic11d:Jet3DClassic11d.dll
 0000:fffee000       .debug$S                   10000000     jet3DClassic11d:Jet3DClassic11d.dll
 0000:fffee000       .debug$S                   10000000     jet3DClassic11d:Jet3DClassic11d.dll
 0000:fffee000       .debug$S                   10000000     jet3DClassic11d:Jet3DClassic11d.dll
 0000:fffee000       .debug$S                   10000000     jet3DClassic11d:Jet3DClassic11d.dll
 0000:fffee000       .debug$S                   10000000     jet3DClassic11d:Jet3DClassic11d.dll
 0000:fffee000       .debug$S                   10000000     jet3DClassic11d:Jet3DClassic11d.dll
 0000:fffee000       .debug$S                   10000000     jet3DClassic11d:Jet3DClassic11d.dll
 0000:fffee000       .debug$S                   10000000     jet3DClassic11d:Jet3DClassic11d.dll
 0000:fffee000       .debug$S                   10000000     jet3DClassic11d:Jet3DClassic11d.dll
 0000:fffee000       .debug$S                   10000000     ucrtd:ucrtbased.dll
 0000:fffee000       .debug$S                   10000000     ucrtd:ucrtbased.dll
 0000:fffee000       .debug$S                   10000000     ucrtd:ucrtbased.dll
 0000:fffee000       .debug$S                   10000000     ucrtd:ucrtbased.dll
 0000:fffee000       .debug$S                   10000000     ucrtd:ucrtbased.dll
 0000:fffee000       .debug$S                   10000000     ucrtd:ucrtbased.dll
 0000:fffee000       .debug$S                   10000000     ucrtd:ucrtbased.dll
 0000:fffee000       .debug$S                   10000000     ucrtd:ucrtbased.dll
 0000:fffee000       .debug$S                   10000000     ucrtd:ucrtbased.dll
 0000:fffee000       .debug$S                   10000000     ucrtd:ucrtbased.dll
 0000:fffee000       .debug$S                   10000000     ucrtd:ucrtbased.dll
 0000:fffee000       .debug$S                   10000000     ucrtd:ucrtbased.dll
 0000:fffee000       .debug$S                   10000000     ucrtd:ucrtbased.dll
 0000:fffee000       .debug$S                   10000000     ucrtd:ucrtbased.dll
 0000:fffee000       .debug$S                   10000000     ucrtd:ucrtbased.dll
 0000:fffee000       .debug$S                   10000000     ucrtd:ucrtbased.dll
 0000:fffee000       .debug$S                   10000000     ucrtd:ucrtbased.dll
 0000:fffee000       .debug$S                   10000000     ucrtd:ucrtbased.dll
 0000:fffee000       .debug$S                   10000000     ucrtd:ucrtbased.dll
 0000:fffee000       .debug$S                   10000000     ucrtd:ucrtbased.dll
 0000:fffee000       .debug$S                   10000000     ucrtd:ucrtbased.dll
 0000:fffee000       .debug$S                   10000000     ucrtd:ucrtbased.dll
 0000:fffee000       .debug$S                   10000000     kernel32:KERNEL32.dll
 0000:fffee000       .debug$S                   10000000     kernel32:KERNEL32.dll
 0000:fffee000       .debug$S                   10000000     kernel32:KERNEL32.dll
 0000:fffee000       .debug$S                   10000000     kernel32:KERNEL32.dll
 0000:fffee000       .debug$S                   10000000     kernel32:KERNEL32.dll
 0000:fffee000       .debug$S                   10000000     kernel32:KERNEL32.dll
 0000:fffee000       .debug$S                   10000000     kernel32:KERNEL32.dll
 0000:fffee000       .debug$S                   10000000     kernel32:KERNEL32.dll
 0000:fffee000       .debug$S                   10000000     kernel32:KERNEL32.dll
 0000:fffee000       .debug$S                   10000000     kernel32:KERNEL32.dll
 0000:fffee000       .debug$S                   10000000     kernel32:KERNEL32.dll
 0000:fffee000       .debug$S                   10000000     kernel32:KERNEL32.dll
 0000:fffee000       .debug$S                   10000000     kernel32:KERNEL32.dll
 0000:fffee000       .debug$S                   10000000     kernel32:KERNEL32.dll
 0000:fffee000       .debug$S                   10000000     kernel32:KERNEL32.dll
 0000:fffee000       .debug$S                   10000000     kernel32:KERNEL32.dll
 0000:fffee000       .debug$S                   10000000     kernel32:KERNEL32.dll
 0000:fffee000       .debug$S                   10000000     kernel32:KERNEL32.dll
 0000:fffee000       .debug$S                   10000000     kernel32:KERNEL32.dll
 0000:fffee000       .debug$S                   10000000     kernel32:KERNEL32.dll
 0000:fffee000       .debug$S                   10000000     kernel32:KERNEL32.dll
 0000:fffee000       .debug$S                   10000000     kernel32:KERNEL32.dll
 0000:fffee000       .debug$S                   10000000     user32:USER32.dll
 0000:ffff1000       __guard_fids___except_handler4 10000000     MSVCRTD:chandler4gs.obj
 0000:00000000       _volmd                     10000000     MSVCRTD:cpu_disp.obj
 0000:ffff1000       __guard_fids_?dllmain_dispatch@@YAHQAUHINSTANCE__@@KQAX@Z 10000000     MSVCRTD:dll_dllmain.obj
 0000:ffff1000       __guard_fids__             10000000     MSVCRTD:guard_support.obj
 0000:ffff1000       __guard_fids__             10000000     MSVCRTD:guard_support.obj
 0000:ffff1000       __guard_fids___guard_icall_checks_enforced 10000000     MSVCRTD:guard_support.obj
 0000:00000000       _volmd                     10000000     MSVCRTD:guard_support.obj
 0000:ffff1000       __guard_fids___CRT_RTC_INIT 10000000     MSVCRTD:init.obj
 0000:ffff1000       __guard_fids___CRT_RTC_INITW 10000000     MSVCRTD:init.obj
 0000:ffff1000       __guard_fids____scrt_set_unhandled_exception_filter 10000000     MSVCRTD:utility_desktop.obj
 0000:fffee000       .debug$S                   10000000     vcruntimed:VCRUNTIME140D.dll
 0000:fffee000       .debug$S                   10000000     vcruntimed:VCRUNTIME140D.dll
 0000:fffee000       .debug$S                   10000000     vcruntimed:VCRUNTIME140D.dll
 0000:fffee000       .debug$S                   10000000     vcruntimed:VCRUNTIME140D.dll
 0000:fffee000       .debug$S                   10000000     vcruntimed:VCRUNTIME140D.dll
 0000:fffee000       .debug$S                   10000000     vcruntimed:VCRUNTIME140D.dll
 0000:fffee000       .debug$S                   10000000     vcruntimed:VCRUNTIME140D.dll
 0000:fffee000       .debug$S                   10000000     vcruntimed:VCRUNTIME140D.dll
 0001:00000650       _BrushExtBox               10001650 f   CamObject.obj
 0001:00000894       $LN15                      10001894     CamObject.obj
 0001:0000089c       $LN14                      1000189c     CamObject.obj
 0001:000008b4       $LN13                      100018b4     CamObject.obj
 0001:000008b9       $LN12                      100018b9     CamObject.obj
 0001:00000960       _CamObj_CreateFace         10001960 f   CamObject.obj
 0001:00000e18       $LN18                      10001e18     CamObject.obj
 0001:00000e20       $LN17                      10001e20     CamObject.obj
 0001:00000e38       $LN16                      10001e38     CamObject.obj
 0001:00000e3c       $LN15                      10001e3c     CamObject.obj
 0001:00002480       $LN20                      10003480     CamObject.obj
 0001:00002488       $LN19                      10003488     CamObject.obj
 0001:000024ac       $LN18                      100034ac     CamObject.obj
 0001:000024b5       $LN17                      100034b5     CamObject.obj
 0001:000024bf       $LN16                      100034bf     CamObject.obj
 0001:000035fc       $LN6                       100045fc     CamObject.obj
 0001:00003604       $LN5                       10004604     CamObject.obj
 0001:0000361c       $LN4                       1000461c     CamObject.obj
 0001:00003620       $LN3                       10004620     CamObject.obj
 0001:00003a60       _Util_LoadLibraryString    10004a60 f   CamObject.obj
 0001:00003e88       $LN13                      10004e88     CamObject.obj
 0001:00003e90       $LN12                      10004e90     CamObject.obj
 0001:00003ea8       $LN11                      10004ea8     CamObject.obj
 0001:00003eac       $LN10                      10004eac     CamObject.obj
 0001:000043a0       ?dllmain_crt_dispatch@@YGHQAUHINSTANCE__@@KQAX@Z 100053a0 f   MSVCRTD:dll_dllmain.obj
 0001:0000440c       $LN11                      1000540c     MSVCRTD:dll_dllmain.obj
 0001:00004440       ?dllmain_crt_process_attach@@YAHQAUHINSTANCE__@@QAX@Z 10005440 f   MSVCRTD:dll_dllmain.obj
 0001:00004610       ?dllmain_crt_process_detach@@YAH_N@Z 10005610 f   MSVCRTD:dll_dllmain.obj
 0001:00004750       ?dllmain_dispatch@@YAHQAUHINSTANCE__@@KQAX@Z 10005750 f   MSVCRTD:dll_dllmain.obj
 0001:00004940       ?dllmain_raw@@YGHQAUHINSTANCE__@@KQAX@Z 10005940 f   MSVCRTD:dll_dllmain.obj
 0001:000049f0       ?DebuggerProbe@@YA_NK@Z    100059f0 f   MSVCRTD:error.obj
 0001:00004a40       ?DebuggerRuntime@@YA_NKHPAXPB_W@Z 10005a40 f   MSVCRTD:error.obj
 0001:00004d10       ?_getMemBlockDataString@@YAXPAD0PBDI@Z 10005d10 f   MSVCRTD:error.obj
 0001:00004db0       ?_strlen_priv@@YAIPBD@Z    10005db0 f   MSVCRTD:error.obj
 0001:00004dd0       ?failwithmessage@@YAXPAXHHPBD@Z 10005dd0 f   MSVCRTD:error.obj
 0001:00005080       ?notify_debugger@@YAXABUtagEXCEPTION_VISUALCPP_DEBUG_INFO@@@Z 10006080 f   MSVCRTD:error.obj
 0001:000053a0       ___get_entropy             100063a0 f   MSVCRTD:gs_support.obj
 0001:00005590       ?find_pe_section@@YAPAU_IMAGE_SECTION_HEADER@@QAEI@Z 10006590 f   MSVCRTD:utility.obj
 0001:00005650       ?is_potentially_valid_image_base@@YA_NQAX@Z 10006650 f   MSVCRTD:utility.obj
 0001:00006150       ___castguard_check_failure_os_handled_wrapper 10007150 f   MSVCRTD:guard_support.obj
 0001:000061c0       ___castguard_check_failure_user_handled_wrapper 100071c0 f   MSVCRTD:guard_support.obj
 0001:00006210       ___castguard_compat_check  10007210 f   MSVCRTD:guard_support.obj
 0001:000063d0       ___castguard_slow_path_compat_check 100073d0 f   MSVCRTD:guard_support.obj
 0001:00006460       ?GetPdbDll@@YAPAUHINSTANCE__@@XZ 10007460 f   MSVCRTD:pdblkup.obj
 0001:00006600       ?GetPdbDllFromInstallPath@@YAPAUHINSTANCE__@@XZ 10007600 f   MSVCRTD:pdblkup.obj
 0001:000068a0       ?GetPdbDllPathFromFilePath@@YAHPB_WPA_WI@Z 100078a0 f   MSVCRTD:pdblkup.obj
 0002:00000e84       ?_RTC_ErrorMessages@@3QBQBDB 1000ae84     MSVCRTD:error.obj
 0002:00000e9c       ?_RTC_NoFalsePositives@@3QBHB 1000ae9c     MSVCRTD:error.obj
 0002:00000eb4       ?stack_premsg@@3QBDB       1000aeb4     MSVCRTD:error.obj
 0002:00000ed0       ?stack_postmsg@@3QBDB      1000aed0     MSVCRTD:error.obj
 0002:00000ee4       ?uninit_premsg@@3QBDB      1000aee4     MSVCRTD:error.obj
 0002:00000ef4       ?uninit_postmsg@@3QBDB     1000aef4     MSVCRTD:error.obj
 0002:00001540       ?_RTC_errlist@@3QBQBDB     1000b540     MSVCRTD:userapi.obj
 0002:00001624       ?mspdbName@@3QB_WB         1000b624     MSVCRTD:pdblkup.obj
 0002:00001648       ?debugCrtFileName@@3QB_WB  1000b648     MSVCRTD:pdblkup.obj
 0002:000017d8       ?dllExt@?1??GetPdbDllPathFromFilePath@@YAHPB_WPA_WI@Z@4QB_WB 1000b7d8     MSVCRTD:pdblkup.obj
 0002:000017e4       ?mspdbFilename@?1??GetPdbDllPathFromFilePath@@YAHPB_WPA_WI@Z@4QB_WB 1000b7e4     MSVCRTD:pdblkup.obj
 0002:00002168       __RTC_InitBase.rtc$IMZ     1000c168     CamObject.obj
 0002:0000216c       __RTC_InitBase.rtc$IMZ     1000c16c     ObjectDef.obj
 0002:0000247c       __RTC_Shutdown.rtc$TMZ     1000c47c     CamObject.obj
 0002:00002480       __RTC_Shutdown.rtc$TMZ     1000c480     ObjectDef.obj
 0002:00002690       __sehtable$?dllmain_crt_process_attach@@YAHQAUHINSTANCE__@@QAX@Z 1000c690     MSVCRTD:dll_dllmain.obj
 0002:000026b0       __sehtable$?dllmain_crt_process_detach@@YAH_N@Z 1000c6b0     MSVCRTD:dll_dllmain.obj
 0002:000026e0       __sehtable$?dllmain_dispatch@@YAHQAUHINSTANCE__@@KQAX@Z 1000c6e0     MSVCRTD:dll_dllmain.obj
 0002:00002700       __sehtable$?notify_debugger@@YAXABUtagEXCEPTION_VISUALCPP_DEBUG_INFO@@@Z 1000c700     MSVCRTD:error.obj
 0002:00002720       __sehtable$___scrt_is_nonwritable_in_current_image 1000c720     MSVCRTD:utility.obj
 0002:00002860       .edata                     1000c860     CameraObj.exp
 0002:00002888       rgpv                       1000c888     CameraObj.exp
 0002:0000288c       rgszName                   1000c88c     CameraObj.exp
 0002:00002890       rgwOrd                     1000c890     CameraObj.exp
 0002:00002892       szName                     1000c892     CameraObj.exp
 0002:000028a0       $N00001                    1000c8a0     CameraObj.exp
 0003:000002c0       ?StringBuf@?1??Util_LoadLibraryString@@9@9 1000d2c0     CamObject.obj
 0003:000003f2       ?init@?1??_RTC_InitBase@@9@4_NA 1000d3f2     MSVCRTD:init.obj
 0003:000003f4       ?__proc_attached@@3HA      1000d3f4     MSVCRTD:dll_dllmain.obj
 0003:00000404       ?_RTC_ErrorReportFunc@@3P6AHHPBDH00ZZA 1000d404     MSVCRTD:userapi.obj
 0003:00000408       ?_RTC_ErrorReportFuncW@@3P6AHHPB_WH00ZZA 1000d408     MSVCRTD:userapi.obj
 0003:00000434       ?is_initialized_as_dll@@3_NA 1000d434     MSVCRTD:utility.obj
 0003:00000435       ?module_local_atexit_table_initialized@@3_NA 1000d435     MSVCRTD:utility.obj
 0003:00000438       ?module_local_atexit_table@@3U_onexit_table_t@@A 1000d438     MSVCRTD:utility.obj
 0003:00000444       ?module_local_at_quick_exit_table@@3U_onexit_table_t@@A 1000d444     MSVCRTD:utility.obj
 0003:00000460       ?mspdb@@3PAUHINSTANCE__@@A 1000d460     MSVCRTD:pdblkup.obj
 0003:00000464       ?alreadyTried@?1??GetPdbDll@@YAPAUHINSTANCE__@@XZ@4_NA 1000d464     MSVCRTD:pdblkup.obj
 0003:00000465       ?PDBOK@?1??_RTC_GetSrcLine@@YAHPAEPA_WKPAH1K@Z@4_NA 1000d465     MSVCRTD:pdblkup.obj
 0004:000008ba       .idata$6                   1000e8ba     jet3DClassic11d:Jet3DClassic11d.dll
 0004:000008fa       .idata$6                   1000e8fa     kernel32:KERNEL32.dll
 0004:00000916       .idata$6                   1000e916     user32:USER32.dll
 0004:000009e8       .idata$6                   1000e9e8     vcruntimed:VCRUNTIME140D.dll
 0004:00000b84       .idata$6                   1000eb84     ucrtd:ucrtbased.dll
 0006:00000200       $R000000                   10010200     CamObject.res
 0006:00000238       $R000038                   10010238     CamObject.res
 0006:00000280       $R000080                   10010280     CamObject.res
