..\..\..\bin\GameShell.pdb
D:\GENESIS AND JET3D\JET3D\SOURCE\TOOLS\GAMESHELL\DEBUG\CAMERA.OBJ
D:\Genesis and Jet3d\Jet3D\source\Tools\GameShell\Debug\cl.command.1.tlog
D:\Genesis and Jet3d\Jet3D\source\Tools\GameShell\Debug\CL.read.1.tlog
D:\Genesis and Jet3d\Jet3D\source\Tools\GameShell\Debug\CL.write.1.tlog
D:\GENESIS AND JET3D\JET3D\SOURCE\TOOLS\GAMESHELL\DEBUG\GAMELOG.OBJ
D:\GENESIS AND JET3D\JET3D\SOURCE\TOOLS\GAMESHELL\DEBUG\GAMEMGR.OBJ
D:\Genesis and Jet3d\Jet3D\source\Tools\GameShell\Debug\GameShell.exe.embed.manifest
D:\GENESIS AND JET3D\JET3D\SOURCE\TOOLS\GAMESHELL\DEBUG\GAMESHELL.EXE.EMBED.MANIFEST.RES
D:\Genesis and Jet3d\Jet3D\source\Tools\GameShell\Debug\GameShell.exe.intermediate.manifest
D:\Genesis and Jet3d\Jet3D\source\Tools\GameShell\Debug\GameShell_manifest.rc
D:\Genesis and Jet3d\Jet3D\source\Tools\GameShell\Debug\link.command.1.tlog
D:\Genesis and Jet3d\Jet3D\source\Tools\GameShell\Debug\link.read.1.tlog
D:\Genesis and Jet3d\Jet3D\source\Tools\GameShell\Debug\link.write.1.tlog
D:\Genesis and Jet3d\Jet3D\source\Tools\GameShell\Debug\link-cvtres.read.1.tlog
D:\Genesis and Jet3d\Jet3D\source\Tools\GameShell\Debug\link-cvtres.write.1.tlog
D:\GENESIS AND JET3D\JET3D\SOURCE\TOOLS\GAMESHELL\DEBUG\MAIN.OBJ
D:\Genesis and Jet3d\Jet3D\source\Tools\GameShell\Debug\rc.command.1.tlog
D:\Genesis and Jet3d\Jet3D\source\Tools\GameShell\Debug\rc.read.1.tlog
D:\Genesis and Jet3d\Jet3D\source\Tools\GameShell\Debug\rc.write.1.tlog
D:\GENESIS AND JET3D\JET3D\SOURCE\TOOLS\GAMESHELL\DEBUG\SCRIPTMGR.OBJ
D:\Genesis and Jet3d\Jet3D\source\Tools\GameShell\Debug\vc100.idb
D:\GENESIS AND JET3D\JET3D\SOURCE\TOOLS\GAMESHELL\DEBUG\VC100.PDB
