D:\JSTUDIO_CLASSIC7\BIN\JGAMESHELLCLASSIC7D.EXE
D:\JSTUDIO_CLASSIC7\BIN\JGAMESHELLCLASSIC7D.ILK
D:\JSTUDIO_CLASSIC7\SOURCE\TOOLS\GAMESHELL\DEBUG\CAMERA.OBJ
D:\JSTUDIO_CLASSIC7\source\Tools\GameShell\Debug\cl.command.1.tlog
D:\JSTUDIO_CLASSIC7\source\Tools\GameShell\Debug\CL.read.1.tlog
D:\JSTUDIO_CLASSIC7\source\Tools\GameShell\Debug\CL.write.1.tlog
D:\JSTUDIO_CLASSIC7\SOURCE\TOOLS\GAMESHELL\DEBUG\GAMELOG.OBJ
D:\JSTUDIO_CLASSIC7\SOURCE\TOOLS\GAMESHELL\DEBUG\GAMEMGR.OBJ
D:\JSTUDIO_CLASSIC7\source\Tools\GameShell\Debug\GameShell.pdb
D:\JSTUDIO_CLASSIC7\source\Tools\GameShell\Debug\jGameShellClassic7d.exe.embed.manifest
D:\JSTUDIO_CLASSIC7\SOURCE\TOOLS\GAMESHELL\DEBUG\JGAMESHELLCLASSIC7D.EXE.EMBED.MANIFEST.RES
D:\JSTUDIO_CLASSIC7\SOURCE\TOOLS\GAMESHELL\DEBUG\JGAMESHELLCLASSIC7D.EXE.INTERMEDIATE.MANIFEST
D:\JSTUDIO_CLASSIC7\SOURCE\TOOLS\GAMESHELL\DEBUG\JGAMESHELLCLASSIC7D.PDB
D:\JSTUDIO_CLASSIC7\source\Tools\GameShell\Debug\jGameShellClassic7d_manifest.rc
D:\JSTUDIO_CLASSIC7\source\Tools\GameShell\Debug\link.6564.read.1.tlog
D:\JSTUDIO_CLASSIC7\source\Tools\GameShell\Debug\link.6564.write.1.tlog
D:\JSTUDIO_CLASSIC7\source\Tools\GameShell\Debug\link.6564-cvtres.read.1.tlog
D:\JSTUDIO_CLASSIC7\source\Tools\GameShell\Debug\link.6564-cvtres.write.1.tlog
D:\JSTUDIO_CLASSIC7\source\Tools\GameShell\Debug\link.command.1.tlog
D:\JSTUDIO_CLASSIC7\source\Tools\GameShell\Debug\link.read.1.tlog
D:\JSTUDIO_CLASSIC7\source\Tools\GameShell\Debug\link.write.1.tlog
D:\JSTUDIO_CLASSIC7\source\Tools\GameShell\Debug\link-cvtres.read.1.tlog
D:\JSTUDIO_CLASSIC7\source\Tools\GameShell\Debug\link-cvtres.write.1.tlog
D:\JSTUDIO_CLASSIC7\SOURCE\TOOLS\GAMESHELL\DEBUG\MAIN.OBJ
D:\JSTUDIO_CLASSIC7\source\Tools\GameShell\Debug\mt.command.1.tlog
D:\JSTUDIO_CLASSIC7\source\Tools\GameShell\Debug\mt.read.1.tlog
D:\JSTUDIO_CLASSIC7\source\Tools\GameShell\Debug\mt.write.1.tlog
D:\JSTUDIO_CLASSIC7\source\Tools\GameShell\Debug\rc.command.1.tlog
D:\JSTUDIO_CLASSIC7\source\Tools\GameShell\Debug\rc.read.1.tlog
D:\JSTUDIO_CLASSIC7\source\Tools\GameShell\Debug\rc.write.1.tlog
D:\JSTUDIO_CLASSIC7\SOURCE\TOOLS\GAMESHELL\DEBUG\SCRIPTMGR.OBJ
D:\JSTUDIO_CLASSIC7\source\Tools\GameShell\Debug\vc100.idb
D:\JSTUDIO_CLASSIC7\SOURCE\TOOLS\GAMESHELL\DEBUG\VC100.PDB
D:\JSTUDIOCLASSIC7\BIN\JGAMESHELLCLASSIC7D.EXE
D:\JSTUDIOCLASSIC7\BIN\JGAMESHELLCLASSIC7D.ILK
D:\JSTUDIOCLASSIC7\SOURCE\TOOLS\GAMESHELL\DEBUG\CAMERA.OBJ
D:\JSTUDIOCLASSIC7\SOURCE\TOOLS\GAMESHELL\DEBUG\GAMELOG.OBJ
D:\JSTUDIOCLASSIC7\SOURCE\TOOLS\GAMESHELL\DEBUG\GAMEMGR.OBJ
D:\JSTUDIOCLASSIC7\SOURCE\TOOLS\GAMESHELL\DEBUG\JGAMESHELLCLASSIC7D.EXE.EMBED.MANIFEST
D:\JSTUDIOCLASSIC7\SOURCE\TOOLS\GAMESHELL\DEBUG\JGAMESHELLCLASSIC7D.EXE.EMBED.MANIFEST.RES
D:\JSTUDIOCLASSIC7\SOURCE\TOOLS\GAMESHELL\DEBUG\JGAMESHELLCLASSIC7D.EXE.INTERMEDIATE.MANIFEST
D:\JSTUDIOCLASSIC7\SOURCE\TOOLS\GAMESHELL\DEBUG\JGAMESHELLCLASSIC7D.PDB
D:\JSTUDIOCLASSIC7\SOURCE\TOOLS\GAMESHELL\DEBUG\MAIN.OBJ
D:\JSTUDIOCLASSIC7\SOURCE\TOOLS\GAMESHELL\DEBUG\SCRIPTMGR.OBJ
D:\JSTUDIOCLASSIC7\SOURCE\TOOLS\GAMESHELL\DEBUG\VC100.PDB
Debug\jGameShellClassic7d.pdb
