..\..\..\bin\jGameShellClassic7.pdb
D:\JSTUDIOCLASSIC7\BIN\GAMESHELL.PDB
D:\JSTUDIOCLASSIC7\BIN\JGAMESHELLCLASSIC7.EXE
D:\JSTUDIOCLASSIC7\BIN\JGAMESHELLCLASSIC7.ILK
D:\JSTUDIOCLASSIC7\source\Tools\GameShell\..\..\..\bin\jGameShellClassic7.exe
D:\JSTUDIOCLASSIC7\SOURCE\TOOLS\GAMESHELL\DEBUG\CAMERA.OBJ
D:\JSTUDIOCLASSIC7\source\Tools\GameShell\Debug\cl.command.1.tlog
D:\JSTUDIOCLASSIC7\source\Tools\GameShell\Debug\CL.read.1.tlog
D:\JSTUDIOCLASSIC7\source\Tools\GameShell\Debug\CL.write.1.tlog
D:\JSTUDIOCLASSIC7\SOURCE\TOOLS\GAMESHELL\DEBUG\GAMELOG.OBJ
D:\JSTUDIOCLASSIC7\SOURCE\TOOLS\GAMESHELL\DEBUG\GAMEMGR.OBJ
D:\JSTUDIOCLASSIC7\SOURCE\TOOLS\GAMESHELL\DEBUG\JGAMESHELLCLASSIC7.EXE.EMBED.MANIFEST
D:\JSTUDIOCLASSIC7\SOURCE\TOOLS\GAMESHELL\DEBUG\JGAMESHELLCLASSIC7.EXE.EMBED.MANIFEST.RES
D:\JSTUDIOCLASSIC7\SOURCE\TOOLS\GAMESHELL\DEBUG\JGAMESHELLCLASSIC7.EXE.INTERMEDIATE.MANIFEST
D:\JSTUDIOCLASSIC7\source\Tools\GameShell\Debug\jGameShellClassic7_manifest.rc
D:\JSTUDIOCLASSIC7\source\Tools\GameShell\Debug\link.3492.read.1.tlog
D:\JSTUDIOCLASSIC7\source\Tools\GameShell\Debug\link.3492.write.1.tlog
D:\JSTUDIOCLASSIC7\source\Tools\GameShell\Debug\link.3492-cvtres.read.1.tlog
D:\JSTUDIOCLASSIC7\source\Tools\GameShell\Debug\link.3492-cvtres.write.1.tlog
D:\JSTUDIOCLASSIC7\source\Tools\GameShell\Debug\link.command.1.tlog
D:\JSTUDIOCLASSIC7\source\Tools\GameShell\Debug\link.read.1.tlog
D:\JSTUDIOCLASSIC7\source\Tools\GameShell\Debug\link.write.1.tlog
D:\JSTUDIOCLASSIC7\source\Tools\GameShell\Debug\link-cvtres.read.1.tlog
D:\JSTUDIOCLASSIC7\source\Tools\GameShell\Debug\link-cvtres.write.1.tlog
D:\JSTUDIOCLASSIC7\SOURCE\TOOLS\GAMESHELL\DEBUG\MAIN.OBJ
D:\JSTUDIOCLASSIC7\source\Tools\GameShell\Debug\mt.command.1.tlog
D:\JSTUDIOCLASSIC7\source\Tools\GameShell\Debug\mt.read.1.tlog
D:\JSTUDIOCLASSIC7\source\Tools\GameShell\Debug\mt.write.1.tlog
D:\JSTUDIOCLASSIC7\source\Tools\GameShell\Debug\rc.command.1.tlog
D:\JSTUDIOCLASSIC7\source\Tools\GameShell\Debug\rc.read.1.tlog
D:\JSTUDIOCLASSIC7\source\Tools\GameShell\Debug\rc.write.1.tlog
D:\JSTUDIOCLASSIC7\SOURCE\TOOLS\GAMESHELL\DEBUG\SCRIPTMGR.OBJ
D:\JSTUDIOCLASSIC7\source\Tools\GameShell\Debug\vc100.idb
D:\JSTUDIOCLASSIC7\SOURCE\TOOLS\GAMESHELL\DEBUG\VC100.PDB
